layer at (0,0) size 800x600
  RenderView at (0,0) size 800x600
layer at (0,0) size 800x600
  RenderBlock {HTML} at (0,0) size 800x600
    RenderBody {BODY} at (8,8) size 784x584
      RenderBlock (anonymous) at (0,0) size 784x19
        RenderText {#text} at (0,0) size 212x19
          text run at (0,0) width 212: "These textfields should not overlap."
      RenderTable {TABLE} at (0,19) size 784x31
        RenderTableSection {TBODY} at (0,0) size 784x31
          RenderTableRow {TR} at (0,1) size 784x29
            RenderTableCell {TD} at (1,1) size 6x29 [r=0 c=0 rs=1 cs=1]
              RenderTextControl {INPUT} at (1,3) size 4x23
            RenderTableCell {TD} at (8,1) size 6x29 [r=0 c=1 rs=1 cs=1]
              RenderTextControl {INPUT} at (1,3) size 4x23
            RenderTableCell {TD} at (15,1) size 6x29 [r=0 c=2 rs=1 cs=1]
              RenderTextControl {INPUT} at (1,3) size 4x23
            RenderTableCell {TD} at (22,5) size 761x21 [r=0 c=3 rs=1 cs=1]
              RenderText {#text} at (1,1) size 4x19
                text run at (1,1) width 4: " "
      RenderBlock (anonymous) at (0,50) size 784x38
        RenderBR {BR} at (0,0) size 0x19
        RenderBR {BR} at (0,19) size 0x19
      RenderTable {TABLE} at (0,88) size 784x31
        RenderTableSection {TBODY} at (0,0) size 784x31
          RenderTableRow {TR} at (0,1) size 784x29
            RenderTableCell {TD} at (1,1) size 6x29 [r=0 c=0 rs=1 cs=1]
              RenderTextControl {INPUT} at (1,3) size 4x23
            RenderTableCell {TD} at (8,1) size 6x29 [r=0 c=1 rs=1 cs=1]
              RenderTextControl {INPUT} at (1,3) size 4x23
            RenderTableCell {TD} at (15,1) size 6x29 [r=0 c=2 rs=1 cs=1]
              RenderTextControl {INPUT} at (1,3) size 4x23
            RenderTableCell {TD} at (22,5) size 761x21 [r=0 c=3 rs=1 cs=1]
              RenderText {#text} at (1,1) size 4x19
                text run at (1,1) width 4: " "
