EDITING DELEGATE: shouldBeginEditingInDOMRange:range from 0 of DIV > B > BODY > HTML > #document to 3 of DIV > B > BODY > HTML > #document
EDITING DELEGATE: webViewDidBeginEditing:WebViewDidBeginEditingNotification
EDITING DELEGATE: webViewDidChangeSelection:WebViewDidChangeSelectionNotification
EDITING DELEGATE: webViewDidChangeSelection:WebViewDidChangeSelectionNotification
EDITING DELEGATE: webViewDidChangeSelection:WebViewDidChangeSelectionNotification
EDITING DELEGATE: webViewDidChangeSelection:WebViewDidChangeSelectionNotification
EDITING DELEGATE: webViewDidChangeSelection:WebViewDidChangeSelectionNotification
EDITING DELEGATE: webViewDidChangeSelection:WebViewDidChangeSelectionNotification
EDITING DELEGATE: webViewDidChangeSelection:WebViewDidChangeSelectionNotification
EDITING DELEGATE: webViewDidChangeSelection:WebViewDidChangeSelectionNotification
EDITING DELEGATE: webViewDidChangeSelection:WebViewDidChangeSelectionNotification
EDITING DELEGATE: webViewDidChangeSelection:WebViewDidChangeSelectionNotification
EDITING DELEGATE: webViewDidChangeSelection:WebViewDidChangeSelectionNotification
EDITING DELEGATE: shouldDeleteDOMRange:range from 1 of #text > DIV > DIV > B > BODY > HTML > #document to 1 of #text > TD > TR > TBODY > TABLE > DIV > DIV > B > BODY > HTML > #document
EDITING DELEGATE: shouldChangeSelectedDOMRange:range from 0 of DIV > DIV > B > BODY > HTML > #document to 0 of DIV > DIV > B > BODY > HTML > #document toDOMRange:range from 1 of DIV > DIV > B > BODY > HTML > #document to 1 of DIV > DIV > B > BODY > HTML > #document affinity:NSSelectionAffinityDownstream stillSelecting:FALSE
EDITING DELEGATE: webViewDidChangeSelection:WebViewDidChangeSelectionNotification
EDITING DELEGATE: webViewDidChange:WebViewDidChangeNotification
layer at (0,0) size 800x600
  RenderView at (0,0) size 800x600
layer at (0,0) size 800x600
  RenderBlock {HTML} at (0,0) size 800x600
    RenderBody {BODY} at (8,8) size 784x584
      RenderBlock {DIV} at (0,0) size 784x252 [border: (4px solid #0000FF)]
        RenderBlock {DIV} at (20,20) size 744x66
          RenderText {#text} at (0,0) size 67x26
            text run at (0,0) width 67: "Tests: "
          RenderBR {BR} at (0,0) size 0x0
          RenderText {#text} at (0,26) size 663x20
            text run at (0,26) width 663: "Our ability to \"edit around\" content the HTML editing code does not yet handle very well. "
          RenderBR {BR} at (663,42) size 0x0
          RenderInline {I} at (0,0) size 99x20
            RenderText {#text} at (0,46) size 99x20
              text run at (0,46) width 99: "For this test: "
          RenderText {#text} at (99,46) size 392x20
            text run at (99,46) width 392: "Select and delete a list and some surrounding content."
        RenderBlock (anonymous) at (20,86) size 744x20
          RenderBR {BR} at (0,0) size 0x20
        RenderBlock {DIV} at (20,106) size 744x126
          RenderText {#text} at (0,0) size 189x26
            text run at (0,0) width 189: "Expected Results: "
          RenderBR {BR} at (189,21) size 0x0
          RenderText {#text} at (0,26) size 709x40
            text run at (0,26) width 709: "The content in the red box must exactly match the content in the green box (except for the border"
            text run at (0,46) width 53: "color). "
          RenderBR {BR} at (53,62) size 0x0
          RenderInline {I} at (0,0) size 99x20
            RenderText {#text} at (0,66) size 99x20
              text run at (0,66) width 99: "For this test: "
          RenderText {#text} at (99,66) size 744x40
            text run at (99,66) width 304: "Only selected content should get deleted. "
            text run at (403,66) width 341: "Surrounding content that is not selected should"
            text run at (0,86) width 206: "(obviously) not be affected. "
          RenderBR {BR} at (206,102) size 0x0
          RenderInline {B} at (0,0) size 718x20
            RenderText {#text} at (0,106) size 718x20
              text run at (0,106) width 718: "There is a bug: the caret ends up in the wrong position, it should be in the empty paragraph."
        RenderBlock (anonymous) at (20,232) size 744x0
          RenderInline {B} at (0,0) size 0x0
            RenderText {#text} at (0,0) size 0x0
      RenderBlock (anonymous) at (0,262) size 784x0
        RenderInline {B} at (0,0) size 0x0
          RenderText {#text} at (0,0) size 0x0
      RenderBlock (anonymous) at (0,262) size 784x122
        RenderBlock {DIV} at (0,0) size 784x56 [border: (2px solid #008000)]
          RenderBR {BR} at (2,2) size 0x26
          RenderText {#text} at (2,28) size 50x26
            text run at (2,28) width 50: "after"
        RenderBlock {DIV} at (0,66) size 784x56
          RenderBlock {DIV} at (0,0) size 784x56 [border: (2px solid #FF0000)]
            RenderBR {BR} at (2,2) size 0x26
            RenderText {#text} at (2,28) size 50x26
              text run at (2,28) width 50: "after"
      RenderBlock (anonymous) at (0,384) size 784x0
        RenderInline {B} at (0,0) size 0x0
caret: position 0 of child 1 {#text} of child 1 {DIV} of child 3 {DIV} of child 2 {B} of body
