layer at (0,0) size 785x1081
  RenderView at (0,0) size 785x600
layer at (0,0) size 785x1081
  RenderBlock {HTML} at (0,0) size 785x1081
    RenderBody {BODY} at (8,8) size 769x584
      RenderBlock (floating) {DIV} at (0,0) size 352x933 [border: (1px solid #FF0000)]
        RenderBlock (anonymous) at (1,1) size 350x14
          RenderText {#text} at (0,-2) size 177x17
            text run at (0,-2) width 177: "Plain textarea with little content"
        RenderBlock {DIV} at (1,15) size 352x47 [border: (1px solid #FF0000)]
          RenderText {#text} at (1,30) size 13x17
            text run at (1,30) width 13: "A "
          RenderText {#text} at (197,30) size 12x17
            text run at (197,30) width 12: " B"
        RenderBlock (anonymous) at (1,62) size 350x14
          RenderText {#text} at (0,-2) size 75x17
            text run at (0,-2) width 75: "Plain textarea"
        RenderBlock {DIV} at (1,76) size 352x47 [border: (1px solid #FF0000)]
          RenderText {#text} at (1,30) size 13x17
            text run at (1,30) width 13: "A "
          RenderText {#text} at (197,30) size 12x17
            text run at (197,30) width 12: " B"
        RenderBlock (anonymous) at (1,123) size 350x14
          RenderText {#text} at (0,-2) size 96x17
            text run at (0,-2) width 96: "Disabled textarea"
        RenderBlock {DIV} at (1,137) size 352x47 [border: (1px solid #FF0000)]
          RenderText {#text} at (1,30) size 13x17
            text run at (1,30) width 13: "A "
          RenderText {#text} at (197,30) size 12x17
            text run at (197,30) width 12: " B"
        RenderBlock (anonymous) at (1,184) size 350x14
          RenderText {#text} at (0,-2) size 119x17
            text run at (0,-2) width 119: "style=\"padding:10px\""
        RenderBlock {DIV} at (1,198) size 352x47 [border: (1px solid #FF0000)]
          RenderText {#text} at (1,30) size 13x17
            text run at (1,30) width 13: "A "
          RenderText {#text} at (197,30) size 12x17
            text run at (197,30) width 12: " B"
        RenderBlock (anonymous) at (1,245) size 350x14
          RenderText {#text} at (0,-2) size 112x17
            text run at (0,-2) width 112: "style=\"padding:0px\""
        RenderBlock {DIV} at (1,259) size 352x47 [border: (1px solid #FF0000)]
          RenderText {#text} at (1,30) size 13x17
            text run at (1,30) width 13: "A "
          RenderText {#text} at (197,30) size 12x17
            text run at (197,30) width 12: " B"
        RenderBlock (anonymous) at (1,306) size 350x14
          RenderText {#text} at (0,-2) size 114x17
            text run at (0,-2) width 114: "style=\"margin:10px\""
        RenderBlock {DIV} at (1,320) size 352x63 [border: (1px solid #FF0000)]
          RenderText {#text} at (1,46) size 13x17
            text run at (1,46) width 13: "A "
          RenderText {#text} at (213,46) size 12x17
            text run at (213,46) width 12: " B"
        RenderBlock (anonymous) at (1,383) size 350x14
          RenderText {#text} at (0,-2) size 107x17
            text run at (0,-2) width 107: "style=\"margin:0px\""
        RenderBlock {DIV} at (1,397) size 352x43 [border: (1px solid #FF0000)]
          RenderText {#text} at (1,26) size 13x17
            text run at (1,26) width 13: "A "
          RenderText {#text} at (193,26) size 12x17
            text run at (193,26) width 12: " B"
        RenderBlock (anonymous) at (1,440) size 350x14
          RenderText {#text} at (0,-2) size 38x17
            text run at (0,-2) width 38: "cols=3"
        RenderBlock {DIV} at (1,454) size 352x47 [border: (1px solid #FF0000)]
          RenderText {#text} at (1,30) size 13x17
            text run at (1,30) width 13: "A "
          RenderText {#text} at (61,30) size 12x17
            text run at (61,30) width 12: " B"
        RenderBlock (anonymous) at (1,501) size 350x14
          RenderText {#text} at (0,-2) size 44x17
            text run at (0,-2) width 44: "rows=3"
        RenderBlock {DIV} at (1,515) size 352x64 [border: (1px solid #FF0000)]
          RenderText {#text} at (1,47) size 13x17
            text run at (1,47) width 13: "A "
          RenderText {#text} at (197,47) size 12x17
            text run at (197,47) width 12: " B"
        RenderBlock (anonymous) at (1,579) size 350x14
          RenderText {#text} at (0,-2) size 45x17
            text run at (0,-2) width 45: "cols=10"
        RenderBlock {DIV} at (1,593) size 352x47 [border: (1px solid #FF0000)]
          RenderText {#text} at (1,30) size 13x17
            text run at (1,30) width 13: "A "
          RenderText {#text} at (117,30) size 12x17
            text run at (117,30) width 12: " B"
        RenderBlock (anonymous) at (1,640) size 350x14
          RenderText {#text} at (0,-2) size 51x17
            text run at (0,-2) width 51: "rows=10"
        RenderBlock {DIV} at (1,654) size 352x183 [border: (1px solid #FF0000)]
          RenderText {#text} at (1,166) size 13x17
            text run at (1,166) width 13: "A "
          RenderText {#text} at (197,166) size 12x17
            text run at (197,166) width 12: " B"
        RenderBlock (anonymous) at (1,837) size 350x14
          RenderText {#text} at (0,-2) size 86x17
            text run at (0,-2) width 86: "cols=5 rows=4"
        RenderBlock {DIV} at (1,851) size 352x81 [border: (1px solid #FF0000)]
          RenderText {#text} at (1,64) size 13x17
            text run at (1,64) width 13: "A "
          RenderText {#text} at (77,64) size 12x17
            text run at (77,64) width 12: " B"
      RenderBlock (floating) {DIV} at (352,0) size 352x1073 [border: (1px solid #FF0000)]
        RenderBlock (anonymous) at (1,1) size 350x14
          RenderText {#text} at (0,-2) size 107x17
            text run at (0,-2) width 107: "style=\"width:60px\""
        RenderBlock {DIV} at (1,15) size 352x47 [border: (1px solid #FF0000)]
          RenderText {#text} at (1,30) size 13x17
            text run at (1,30) width 13: "A "
          RenderText {#text} at (74,30) size 12x17
            text run at (74,30) width 12: " B"
        RenderBlock (anonymous) at (1,62) size 350x14
          RenderText {#text} at (0,-2) size 186x17
            text run at (0,-2) width 186: "style=\"width:60px;padding:20px\""
        RenderBlock {DIV} at (1,76) size 352x47 [border: (1px solid #FF0000)]
          RenderText {#text} at (1,30) size 13x17
            text run at (1,30) width 13: "A "
          RenderText {#text} at (74,30) size 12x17
            text run at (74,30) width 12: " B"
        RenderBlock (anonymous) at (1,123) size 350x14
          RenderText {#text} at (0,-2) size 165x17
            text run at (0,-2) width 165: "style=\"width:60px;padding:0\""
        RenderBlock {DIV} at (1,137) size 352x47 [border: (1px solid #FF0000)]
          RenderText {#text} at (1,30) size 13x17
            text run at (1,30) width 13: "A "
          RenderText {#text} at (74,30) size 12x17
            text run at (74,30) width 12: " B"
        RenderBlock (anonymous) at (1,184) size 350x14
          RenderText {#text} at (0,-2) size 109x17
            text run at (0,-2) width 109: "style=\"height:60px\""
        RenderBlock {DIV} at (1,198) size 352x65 [border: (1px solid #FF0000)]
          RenderText {#text} at (1,48) size 13x17
            text run at (1,48) width 13: "A "
          RenderText {#text} at (197,48) size 12x17
            text run at (197,48) width 12: " B"
        RenderBlock (anonymous) at (1,263) size 350x14
          RenderText {#text} at (0,-2) size 176x17
            text run at (0,-2) width 176: "style=\"width:60px;height:60px\""
        RenderBlock {DIV} at (1,277) size 352x65 [border: (1px solid #FF0000)]
          RenderText {#text} at (1,48) size 13x17
            text run at (1,48) width 13: "A "
          RenderText {#text} at (74,48) size 12x17
            text run at (74,48) width 12: " B"
        RenderBlock (anonymous) at (1,342) size 350x14
          RenderText {#text} at (0,-2) size 135x17
            text run at (0,-2) width 135: "style=\"overflow:hidden\""
        RenderBlock {DIV} at (1,356) size 352x47 [border: (1px solid #FF0000)]
          RenderText {#text} at (1,30) size 13x17
            text run at (1,30) width 13: "A "
          RenderText {#text} at (197,30) size 12x17
            text run at (197,30) width 12: " B"
        RenderBlock (anonymous) at (1,403) size 350x14
          RenderText {#text} at (0,-2) size 129x17
            text run at (0,-2) width 129: "style=\"overflow:scroll\""
        RenderBlock {DIV} at (1,417) size 352x62 [border: (1px solid #FF0000)]
          RenderText {#text} at (1,45) size 13x17
            text run at (1,45) width 13: "A "
          RenderText {#text} at (197,45) size 12x17
            text run at (197,45) width 12: " B"
        RenderBlock (anonymous) at (1,479) size 350x14
          RenderText {#text} at (0,-2) size 271x17
            text run at (0,-2) width 271: "style=\"overflow:hidden;width:60px;height:60px\""
        RenderBlock {DIV} at (1,493) size 352x65 [border: (1px solid #FF0000)]
          RenderText {#text} at (1,48) size 13x17
            text run at (1,48) width 13: "A "
          RenderText {#text} at (74,48) size 12x17
            text run at (74,48) width 12: " B"
        RenderBlock (anonymous) at (1,558) size 350x14
          RenderText {#text} at (0,-2) size 265x17
            text run at (0,-2) width 265: "style=\"overflow:scroll;width:60px;height:60px\""
        RenderBlock {DIV} at (1,572) size 352x65 [border: (1px solid #FF0000)]
          RenderText {#text} at (1,48) size 13x17
            text run at (1,48) width 13: "A "
          RenderText {#text} at (74,48) size 12x17
            text run at (74,48) width 12: " B"
        RenderBlock (anonymous) at (1,637) size 350x14
          RenderText {#text} at (0,-2) size 218x17
            text run at (0,-2) width 218: "cols=5 style=\"width:60px;height:60px\""
        RenderBlock {DIV} at (1,651) size 352x65 [border: (1px solid #FF0000)]
          RenderText {#text} at (1,48) size 13x17
            text run at (1,48) width 13: "A "
          RenderText {#text} at (74,48) size 12x17
            text run at (74,48) width 12: " B"
        RenderBlock (anonymous) at (1,716) size 350x14
          RenderText {#text} at (0,-2) size 224x17
            text run at (0,-2) width 224: "rows=4 style=\"width:60px;height:60px\""
        RenderBlock {DIV} at (1,730) size 352x65 [border: (1px solid #FF0000)]
          RenderText {#text} at (1,48) size 13x17
            text run at (1,48) width 13: "A "
          RenderText {#text} at (74,48) size 12x17
            text run at (74,48) width 12: " B"
        RenderBlock (anonymous) at (1,795) size 350x14
          RenderText {#text} at (0,-2) size 266x17
            text run at (0,-2) width 266: "cols=5 rows=4 style=\"width:60px;height:60px\""
        RenderBlock {DIV} at (1,809) size 352x65 [border: (1px solid #FF0000)]
          RenderText {#text} at (1,48) size 13x17
            text run at (1,48) width 13: "A "
          RenderText {#text} at (74,48) size 12x17
            text run at (74,48) width 12: " B"
        RenderBlock (anonymous) at (1,874) size 350x14
          RenderText {#text} at (0,-2) size 64x17
            text run at (0,-2) width 64: "wrap=\"off\""
        RenderBlock {DIV} at (1,888) size 352x62 [border: (1px solid #FF0000)]
          RenderText {#text} at (1,45) size 13x17
            text run at (1,45) width 13: "A "
          RenderText {#text} at (197,45) size 12x17
            text run at (197,45) width 4: " "
            text run at (201,45) width 8: "B"
        RenderBlock (anonymous) at (1,950) size 350x14
          RenderText {#text} at (0,-2) size 72x17
            text run at (0,-2) width 72: "wrap=\"hard\""
        RenderBlock {DIV} at (1,964) size 352x47 [border: (1px solid #FF0000)]
          RenderText {#text} at (1,30) size 13x17
            text run at (1,30) width 13: "A "
          RenderText {#text} at (197,30) size 12x17
            text run at (197,30) width 4: " "
            text run at (201,30) width 8: "B"
        RenderBlock (anonymous) at (1,1011) size 350x14
          RenderText {#text} at (0,-2) size 69x17
            text run at (0,-2) width 69: "wrap=\"soft\""
        RenderBlock {DIV} at (1,1025) size 352x47 [border: (1px solid #FF0000)]
          RenderText {#text} at (1,30) size 13x17
            text run at (1,30) width 13: "A "
          RenderText {#text} at (197,30) size 12x17
            text run at (197,30) width 4: " "
            text run at (201,30) width 8: "B"
layer at (25,26) size 179x38
  RenderTextControl {TEXTAREA} at (16,3) size 179x38
    RenderBlock {DIV} at (2,2) size 175x17
      RenderText {#text} at (0,0) size 108x17
        text run at (0,0) width 108: "Lorem ipsum dolor"
layer at (25,87) size 179x38 clip at (25,87) size 164x38 scrollHeight 72
  RenderTextControl {TEXTAREA} at (16,3) size 179x38
    RenderBlock {DIV} at (2,2) size 160x68
      RenderText {#text} at (0,0) size 158x68
        text run at (0,0) width 108: "Lorem ipsum dolor"
        text run at (108,0) width 4: " "
        text run at (0,17) width 158: "ABCDEFGHIJKLMNOPQR"
        text run at (0,34) width 75: "STUVWXYZ"
        text run at (75,34) width 4: " "
        text run at (0,51) width 136: "abcdefghijklmnopqrstuv"
        text run at (136,51) width 4: " "
layer at (25,148) size 179x38 clip at (25,148) size 164x38 scrollHeight 72
  RenderTextControl {TEXTAREA} at (16,3) size 179x38
    RenderBlock {DIV} at (2,2) size 160x68 [color=#545454]
      RenderText {#text} at (0,0) size 158x68
        text run at (0,0) width 108: "Lorem ipsum dolor"
        text run at (108,0) width 4: " "
        text run at (0,17) width 158: "ABCDEFGHIJKLMNOPQR"
        text run at (0,34) width 75: "STUVWXYZ"
        text run at (75,34) width 4: " "
        text run at (0,51) width 136: "abcdefghijklmnopqrstuv"
        text run at (136,51) width 4: " "
layer at (25,209) size 179x38 clip at (25,209) size 164x38 scrollHeight 72
  RenderTextControl {TEXTAREA} at (16,3) size 179x38
    RenderBlock {DIV} at (2,2) size 160x68
      RenderText {#text} at (0,0) size 158x68
        text run at (0,0) width 108: "Lorem ipsum dolor"
        text run at (108,0) width 4: " "
        text run at (0,17) width 158: "ABCDEFGHIJKLMNOPQR"
        text run at (0,34) width 75: "STUVWXYZ"
        text run at (75,34) width 4: " "
        text run at (0,51) width 136: "abcdefghijklmnopqrstuv"
        text run at (136,51) width 4: " "
layer at (25,270) size 179x38 clip at (25,270) size 164x38 scrollHeight 72
  RenderTextControl {TEXTAREA} at (16,3) size 179x38
    RenderBlock {DIV} at (2,2) size 160x68
      RenderText {#text} at (0,0) size 158x68
        text run at (0,0) width 108: "Lorem ipsum dolor"
        text run at (108,0) width 4: " "
        text run at (0,17) width 158: "ABCDEFGHIJKLMNOPQR"
        text run at (0,34) width 75: "STUVWXYZ"
        text run at (75,34) width 4: " "
        text run at (0,51) width 136: "abcdefghijklmnopqrstuv"
        text run at (136,51) width 4: " "
layer at (33,339) size 179x38 clip at (33,339) size 164x38 scrollHeight 72
  RenderTextControl {TEXTAREA} at (24,11) size 179x38
    RenderBlock {DIV} at (2,2) size 160x68
      RenderText {#text} at (0,0) size 158x68
        text run at (0,0) width 108: "Lorem ipsum dolor"
        text run at (108,0) width 4: " "
        text run at (0,17) width 158: "ABCDEFGHIJKLMNOPQR"
        text run at (0,34) width 75: "STUVWXYZ"
        text run at (75,34) width 4: " "
        text run at (0,51) width 136: "abcdefghijklmnopqrstuv"
        text run at (136,51) width 4: " "
layer at (23,406) size 179x38 clip at (23,406) size 164x38 scrollHeight 72
  RenderTextControl {TEXTAREA} at (14,1) size 179x38
    RenderBlock {DIV} at (2,2) size 160x68
      RenderText {#text} at (0,0) size 158x68
        text run at (0,0) width 108: "Lorem ipsum dolor"
        text run at (108,0) width 4: " "
        text run at (0,17) width 158: "ABCDEFGHIJKLMNOPQR"
        text run at (0,34) width 75: "STUVWXYZ"
        text run at (75,34) width 4: " "
        text run at (0,51) width 136: "abcdefghijklmnopqrstuv"
        text run at (136,51) width 4: " "
layer at (25,465) size 43x38 clip at (25,465) size 28x38 scrollHeight 429
  RenderTextControl {TEXTAREA} at (16,3) size 43x38
    RenderBlock {DIV} at (2,2) size 24x425
      RenderText {#text} at (0,0) size 24x425
        text run at (0,0) width 20: "Lor"
        text run at (0,17) width 17: "em"
        text run at (17,17) width 4: " "
        text run at (0,34) width 23: "ipsu"
        text run at (0,51) width 11: "m"
        text run at (11,51) width 4: " "
        text run at (0,68) width 24: "dolo"
        text run at (0,85) width 5: "r"
        text run at (5,85) width 4: " "
        text run at (0,102) width 17: "AB"
        text run at (0,119) width 19: "CD"
        text run at (0,136) width 16: "EF"
        text run at (0,153) width 24: "GHI"
        text run at (0,170) width 23: "JKL"
        text run at (0,187) width 22: "MN"
        text run at (0,204) width 18: "OP"
        text run at (0,221) width 19: "QR"
        text run at (0,238) width 17: "ST"
        text run at (0,255) width 18: "UV"
        text run at (0,272) width 23: "WX"
        text run at (0,289) width 17: "YZ"
        text run at (17,289) width 4: " "
        text run at (0,306) width 20: "abc"
        text run at (0,323) width 18: "def"
        text run at (0,340) width 20: "ghij"
        text run at (0,357) width 21: "klm"
        text run at (0,374) width 21: "nop"
        text run at (0,391) width 22: "qrst"
        text run at (0,408) width 14: "uv"
        text run at (14,408) width 4: " "
layer at (25,526) size 179x55 clip at (25,526) size 164x55 scrollHeight 72
  RenderTextControl {TEXTAREA} at (16,3) size 179x55
    RenderBlock {DIV} at (2,2) size 160x68
      RenderText {#text} at (0,0) size 158x68
        text run at (0,0) width 108: "Lorem ipsum dolor"
        text run at (108,0) width 4: " "
        text run at (0,17) width 158: "ABCDEFGHIJKLMNOPQR"
        text run at (0,34) width 75: "STUVWXYZ"
        text run at (75,34) width 4: " "
        text run at (0,51) width 136: "abcdefghijklmnopqrstuv"
        text run at (136,51) width 4: " "
layer at (25,604) size 99x38 clip at (25,604) size 84x38 scrollHeight 140
  RenderTextControl {TEXTAREA} at (16,3) size 99x38
    RenderBlock {DIV} at (2,2) size 80x136
      RenderText {#text} at (0,0) size 79x136
        text run at (0,0) width 75: "Lorem ipsum"
        text run at (75,0) width 4: " "
        text run at (0,17) width 29: "dolor"
        text run at (29,17) width 4: " "
        text run at (0,34) width 76: "ABCDEFGHI"
        text run at (0,51) width 73: "JKLMNOPQ"
        text run at (0,68) width 76: "RSTUVWXY"
        text run at (0,85) width 8: "Z"
        text run at (8,85) width 4: " "
        text run at (0,102) width 79: "abcdefghijklm"
        text run at (0,119) width 57: "nopqrstuv"
        text run at (57,119) width 4: " "
layer at (25,665) size 179x174
  RenderTextControl {TEXTAREA} at (16,3) size 179x174
    RenderBlock {DIV} at (2,2) size 175x68
      RenderText {#text} at (0,0) size 175x68
        text run at (0,0) width 108: "Lorem ipsum dolor"
        text run at (108,0) width 4: " "
        text run at (0,17) width 175: "ABCDEFGHIJKLMNOPQRST"
        text run at (0,34) width 58: "UVWXYZ"
        text run at (58,34) width 4: " "
        text run at (0,51) width 136: "abcdefghijklmnopqrstuv"
        text run at (136,51) width 4: " "
layer at (25,862) size 59x72 clip at (25,862) size 44x72 scrollHeight 242
  RenderTextControl {TEXTAREA} at (16,3) size 59x72
    RenderBlock {DIV} at (2,2) size 40x238
      RenderText {#text} at (0,0) size 40x238
        text run at (0,0) width 37: "Lorem"
        text run at (37,0) width 3: " "
        text run at (0,17) width 34: "ipsum"
        text run at (34,17) width 4: " "
        text run at (0,34) width 29: "dolor"
        text run at (29,34) width 4: " "
        text run at (0,51) width 36: "ABCD"
        text run at (0,68) width 40: "EFGHI"
        text run at (0,85) width 35: "JKLM"
        text run at (0,102) width 38: "NOPQ"
        text run at (0,119) width 35: "RSTU"
        text run at (0,136) width 32: "VWX"
        text run at (0,153) width 17: "YZ"
        text run at (17,153) width 4: " "
        text run at (0,170) width 38: "abcdef"
        text run at (0,187) width 30: "ghijkl"
        text run at (0,204) width 39: "mnopq"
        text run at (0,221) width 29: "rstuv"
        text run at (29,221) width 4: " "
layer at (375,26) size 60x38 clip at (375,26) size 45x38 scrollHeight 242
  RenderTextControl {TEXTAREA} at (14,3) size 60x38
    RenderBlock {DIV} at (2,2) size 41x238
      RenderText {#text} at (0,0) size 41x238
        text run at (0,0) width 37: "Lorem"
        text run at (37,0) width 4: " "
        text run at (0,17) width 34: "ipsum"
        text run at (34,17) width 4: " "
        text run at (0,34) width 29: "dolor"
        text run at (29,34) width 4: " "
        text run at (0,51) width 36: "ABCD"
        text run at (0,68) width 40: "EFGHI"
        text run at (0,85) width 35: "JKLM"
        text run at (0,102) width 38: "NOPQ"
        text run at (0,119) width 35: "RSTU"
        text run at (0,136) width 41: "VWXY"
        text run at (0,153) width 8: "Z"
        text run at (8,153) width 4: " "
        text run at (0,170) width 38: "abcdef"
        text run at (0,187) width 41: "ghijklm"
        text run at (0,204) width 39: "nopqrs"
        text run at (0,221) width 18: "tuv"
        text run at (18,221) width 4: " "
layer at (375,87) size 60x38 clip at (375,87) size 45x38 scrollHeight 242
  RenderTextControl {TEXTAREA} at (14,3) size 60x38
    RenderBlock {DIV} at (2,2) size 41x238
      RenderText {#text} at (0,0) size 41x238
        text run at (0,0) width 37: "Lorem"
        text run at (37,0) width 4: " "
        text run at (0,17) width 34: "ipsum"
        text run at (34,17) width 4: " "
        text run at (0,34) width 29: "dolor"
        text run at (29,34) width 4: " "
        text run at (0,51) width 36: "ABCD"
        text run at (0,68) width 40: "EFGHI"
        text run at (0,85) width 35: "JKLM"
        text run at (0,102) width 38: "NOPQ"
        text run at (0,119) width 35: "RSTU"
        text run at (0,136) width 41: "VWXY"
        text run at (0,153) width 8: "Z"
        text run at (8,153) width 4: " "
        text run at (0,170) width 38: "abcdef"
        text run at (0,187) width 41: "ghijklm"
        text run at (0,204) width 39: "nopqrs"
        text run at (0,221) width 18: "tuv"
        text run at (18,221) width 4: " "
layer at (375,148) size 60x38 clip at (375,148) size 45x38 scrollHeight 242
  RenderTextControl {TEXTAREA} at (14,3) size 60x38
    RenderBlock {DIV} at (2,2) size 41x238
      RenderText {#text} at (0,0) size 41x238
        text run at (0,0) width 37: "Lorem"
        text run at (37,0) width 4: " "
        text run at (0,17) width 34: "ipsum"
        text run at (34,17) width 4: " "
        text run at (0,34) width 29: "dolor"
        text run at (29,34) width 4: " "
        text run at (0,51) width 36: "ABCD"
        text run at (0,68) width 40: "EFGHI"
        text run at (0,85) width 35: "JKLM"
        text run at (0,102) width 38: "NOPQ"
        text run at (0,119) width 35: "RSTU"
        text run at (0,136) width 41: "VWXY"
        text run at (0,153) width 8: "Z"
        text run at (8,153) width 4: " "
        text run at (0,170) width 38: "abcdef"
        text run at (0,187) width 41: "ghijklm"
        text run at (0,204) width 39: "nopqrs"
        text run at (0,221) width 18: "tuv"
        text run at (18,221) width 4: " "
layer at (377,207) size 179x60 clip at (377,207) size 164x60 scrollHeight 72
  RenderTextControl {TEXTAREA} at (16,1) size 179x60
    RenderBlock {DIV} at (2,2) size 160x68
      RenderText {#text} at (0,0) size 158x68
        text run at (0,0) width 108: "Lorem ipsum dolor"
        text run at (108,0) width 4: " "
        text run at (0,17) width 158: "ABCDEFGHIJKLMNOPQR"
        text run at (0,34) width 75: "STUVWXYZ"
        text run at (75,34) width 4: " "
        text run at (0,51) width 136: "abcdefghijklmnopqrstuv"
        text run at (136,51) width 4: " "
layer at (375,286) size 60x60 clip at (375,286) size 45x60 scrollHeight 242
  RenderTextControl {TEXTAREA} at (14,1) size 60x60
    RenderBlock {DIV} at (2,2) size 41x238
      RenderText {#text} at (0,0) size 41x238
        text run at (0,0) width 37: "Lorem"
        text run at (37,0) width 4: " "
        text run at (0,17) width 34: "ipsum"
        text run at (34,17) width 4: " "
        text run at (0,34) width 29: "dolor"
        text run at (29,34) width 4: " "
        text run at (0,51) width 36: "ABCD"
        text run at (0,68) width 40: "EFGHI"
        text run at (0,85) width 35: "JKLM"
        text run at (0,102) width 38: "NOPQ"
        text run at (0,119) width 35: "RSTU"
        text run at (0,136) width 41: "VWXY"
        text run at (0,153) width 8: "Z"
        text run at (8,153) width 4: " "
        text run at (0,170) width 38: "abcdef"
        text run at (0,187) width 41: "ghijklm"
        text run at (0,204) width 39: "nopqrs"
        text run at (0,221) width 18: "tuv"
        text run at (18,221) width 4: " "
layer at (377,367) size 179x38 scrollHeight 72
  RenderTextControl {TEXTAREA} at (16,3) size 179x38
    RenderBlock {DIV} at (2,2) size 175x68
      RenderText {#text} at (0,0) size 175x68
        text run at (0,0) width 108: "Lorem ipsum dolor"
        text run at (108,0) width 4: " "
        text run at (0,17) width 175: "ABCDEFGHIJKLMNOPQRST"
        text run at (0,34) width 58: "UVWXYZ"
        text run at (58,34) width 4: " "
        text run at (0,51) width 136: "abcdefghijklmnopqrstuv"
        text run at (136,51) width 4: " "
layer at (377,428) size 179x53 clip at (377,428) size 164x38 scrollHeight 72
  RenderTextControl {TEXTAREA} at (16,3) size 179x53
    RenderBlock {DIV} at (2,2) size 160x68
      RenderText {#text} at (0,0) size 158x68
        text run at (0,0) width 108: "Lorem ipsum dolor"
        text run at (108,0) width 4: " "
        text run at (0,17) width 158: "ABCDEFGHIJKLMNOPQR"
        text run at (0,34) width 75: "STUVWXYZ"
        text run at (75,34) width 4: " "
        text run at (0,51) width 136: "abcdefghijklmnopqrstuv"
        text run at (136,51) width 4: " "
layer at (375,502) size 60x60 scrollHeight 191
  RenderTextControl {TEXTAREA} at (14,1) size 60x60
    RenderBlock {DIV} at (2,2) size 56x187
      RenderText {#text} at (0,0) size 55x187
        text run at (0,0) width 37: "Lorem"
        text run at (37,0) width 4: " "
        text run at (0,17) width 34: "ipsum"
        text run at (34,17) width 4: " "
        text run at (0,34) width 29: "dolor"
        text run at (29,34) width 4: " "
        text run at (0,51) width 52: "ABCDEF"
        text run at (0,68) width 47: "GHIJKL"
        text run at (0,85) width 50: "MNOPQ"
        text run at (0,102) width 44: "RSTUV"
        text run at (0,119) width 40: "WXYZ"
        text run at (40,119) width 4: " "
        text run at (0,136) width 55: "abcdefghi"
        text run at (0,153) width 52: "jklmnopq"
        text run at (0,170) width 29: "rstuv"
        text run at (29,170) width 4: " "
layer at (375,581) size 60x60 clip at (375,581) size 45x45 scrollHeight 242
  RenderTextControl {TEXTAREA} at (14,1) size 60x60
    RenderBlock {DIV} at (2,2) size 41x238
      RenderText {#text} at (0,0) size 41x238
        text run at (0,0) width 37: "Lorem"
        text run at (37,0) width 4: " "
        text run at (0,17) width 34: "ipsum"
        text run at (34,17) width 4: " "
        text run at (0,34) width 29: "dolor"
        text run at (29,34) width 4: " "
        text run at (0,51) width 36: "ABCD"
        text run at (0,68) width 40: "EFGHI"
        text run at (0,85) width 35: "JKLM"
        text run at (0,102) width 38: "NOPQ"
        text run at (0,119) width 35: "RSTU"
        text run at (0,136) width 41: "VWXY"
        text run at (0,153) width 8: "Z"
        text run at (8,153) width 4: " "
        text run at (0,170) width 38: "abcdef"
        text run at (0,187) width 41: "ghijklm"
        text run at (0,204) width 39: "nopqrs"
        text run at (0,221) width 18: "tuv"
        text run at (18,221) width 4: " "
layer at (375,660) size 60x60 clip at (375,660) size 45x60 scrollHeight 242
  RenderTextControl {TEXTAREA} at (14,1) size 60x60
    RenderBlock {DIV} at (2,2) size 41x238
      RenderText {#text} at (0,0) size 41x238
        text run at (0,0) width 37: "Lorem"
        text run at (37,0) width 4: " "
        text run at (0,17) width 34: "ipsum"
        text run at (34,17) width 4: " "
        text run at (0,34) width 29: "dolor"
        text run at (29,34) width 4: " "
        text run at (0,51) width 36: "ABCD"
        text run at (0,68) width 40: "EFGHI"
        text run at (0,85) width 35: "JKLM"
        text run at (0,102) width 38: "NOPQ"
        text run at (0,119) width 35: "RSTU"
        text run at (0,136) width 41: "VWXY"
        text run at (0,153) width 8: "Z"
        text run at (8,153) width 4: " "
        text run at (0,170) width 38: "abcdef"
        text run at (0,187) width 41: "ghijklm"
        text run at (0,204) width 39: "nopqrs"
        text run at (0,221) width 18: "tuv"
        text run at (18,221) width 4: " "
layer at (375,739) size 60x60 clip at (375,739) size 45x60 scrollHeight 242
  RenderTextControl {TEXTAREA} at (14,1) size 60x60
    RenderBlock {DIV} at (2,2) size 41x238
      RenderText {#text} at (0,0) size 41x238
        text run at (0,0) width 37: "Lorem"
        text run at (37,0) width 4: " "
        text run at (0,17) width 34: "ipsum"
        text run at (34,17) width 4: " "
        text run at (0,34) width 29: "dolor"
        text run at (29,34) width 4: " "
        text run at (0,51) width 36: "ABCD"
        text run at (0,68) width 40: "EFGHI"
        text run at (0,85) width 35: "JKLM"
        text run at (0,102) width 38: "NOPQ"
        text run at (0,119) width 35: "RSTU"
        text run at (0,136) width 41: "VWXY"
        text run at (0,153) width 8: "Z"
        text run at (8,153) width 4: " "
        text run at (0,170) width 38: "abcdef"
        text run at (0,187) width 41: "ghijklm"
        text run at (0,204) width 39: "nopqrs"
        text run at (0,221) width 18: "tuv"
        text run at (18,221) width 4: " "
layer at (375,818) size 60x60 clip at (375,818) size 45x60 scrollHeight 242
  RenderTextControl {TEXTAREA} at (14,1) size 60x60
    RenderBlock {DIV} at (2,2) size 41x238
      RenderText {#text} at (0,0) size 41x238
        text run at (0,0) width 37: "Lorem"
        text run at (37,0) width 4: " "
        text run at (0,17) width 34: "ipsum"
        text run at (34,17) width 4: " "
        text run at (0,34) width 29: "dolor"
        text run at (29,34) width 4: " "
        text run at (0,51) width 36: "ABCD"
        text run at (0,68) width 40: "EFGHI"
        text run at (0,85) width 35: "JKLM"
        text run at (0,102) width 38: "NOPQ"
        text run at (0,119) width 35: "RSTU"
        text run at (0,136) width 41: "VWXY"
        text run at (0,153) width 8: "Z"
        text run at (8,153) width 4: " "
        text run at (0,170) width 38: "abcdef"
        text run at (0,187) width 41: "ghijklm"
        text run at (0,204) width 39: "nopqrs"
        text run at (0,221) width 18: "tuv"
        text run at (18,221) width 4: " "
layer at (377,899) size 179x53 clip at (377,899) size 164x38 scrollWidth 204 scrollHeight 276
  RenderTextControl {TEXTAREA} at (16,3) size 179x53
    RenderBlock {DIV} at (2,2) size 160x272
      RenderText {#text} at (0,0) size 202x255
        text run at (0,0) width 4: " "
        text run at (4,0) width 0: " "
        text run at (0,17) width 202: "This is a text area with wrap=\"soft\""
        text run at (202,17) width 0: " "
        text run at (0,34) width 202: "This is a text area with wrap=\"soft\""
        text run at (202,34) width 0: " "
        text run at (0,51) width 202: "This is a text area with wrap=\"soft\""
        text run at (202,51) width 0: " "
        text run at (0,68) width 202: "This is a text area with wrap=\"soft\""
        text run at (202,68) width 0: " "
        text run at (0,85) width 202: "This is a text area with wrap=\"soft\""
        text run at (202,85) width 0: " "
        text run at (0,102) width 202: "This is a text area with wrap=\"soft\""
        text run at (202,102) width 0: " "
        text run at (0,119) width 202: "This is a text area with wrap=\"soft\""
        text run at (202,119) width 0: " "
        text run at (0,136) width 202: "This is a text area with wrap=\"soft\""
        text run at (202,136) width 0: " "
        text run at (0,153) width 202: "This is a text area with wrap=\"soft\""
        text run at (202,153) width 0: " "
        text run at (0,170) width 202: "This is a text area with wrap=\"soft\""
        text run at (202,170) width 0: " "
        text run at (0,187) width 202: "This is a text area with wrap=\"soft\""
        text run at (202,187) width 0: " "
        text run at (0,204) width 202: "This is a text area with wrap=\"soft\""
        text run at (202,204) width 0: " "
        text run at (0,221) width 202: "This is a text area with wrap=\"soft\""
        text run at (202,221) width 0: " "
        text run at (0,238) width 202: "This is a text area with wrap=\"soft\""
        text run at (202,238) width 0: " "
      RenderBR {BR} at (0,255) size 0x17
layer at (377,975) size 179x38 clip at (377,975) size 164x38 scrollHeight 514
  RenderTextControl {TEXTAREA} at (16,3) size 179x38
    RenderBlock {DIV} at (2,2) size 160x510
      RenderText {#text} at (0,0) size 133x493
        text run at (0,0) width 4: " "
        text run at (4,0) width 0: " "
        text run at (0,17) width 129: "This is a text area with"
        text run at (129,17) width 4: " "
        text run at (0,34) width 69: "wrap=\"soft\""
        text run at (69,34) width 0: " "
        text run at (0,51) width 129: "This is a text area with"
        text run at (129,51) width 4: " "
        text run at (0,68) width 69: "wrap=\"soft\""
        text run at (69,68) width 0: " "
        text run at (0,85) width 129: "This is a text area with"
        text run at (129,85) width 4: " "
        text run at (0,102) width 69: "wrap=\"soft\""
        text run at (69,102) width 0: " "
        text run at (0,119) width 129: "This is a text area with"
        text run at (129,119) width 4: " "
        text run at (0,136) width 69: "wrap=\"soft\""
        text run at (69,136) width 0: " "
        text run at (0,153) width 129: "This is a text area with"
        text run at (129,153) width 4: " "
        text run at (0,170) width 69: "wrap=\"soft\""
        text run at (69,170) width 0: " "
        text run at (0,187) width 129: "This is a text area with"
        text run at (129,187) width 4: " "
        text run at (0,204) width 69: "wrap=\"soft\""
        text run at (69,204) width 0: " "
        text run at (0,221) width 129: "This is a text area with"
        text run at (129,221) width 4: " "
        text run at (0,238) width 69: "wrap=\"soft\""
        text run at (69,238) width 0: " "
        text run at (0,255) width 129: "This is a text area with"
        text run at (129,255) width 4: " "
        text run at (0,272) width 69: "wrap=\"soft\""
        text run at (69,272) width 0: " "
        text run at (0,289) width 129: "This is a text area with"
        text run at (129,289) width 4: " "
        text run at (0,306) width 69: "wrap=\"soft\""
        text run at (69,306) width 0: " "
        text run at (0,323) width 129: "This is a text area with"
        text run at (129,323) width 4: " "
        text run at (0,340) width 69: "wrap=\"soft\""
        text run at (69,340) width 0: " "
        text run at (0,357) width 129: "This is a text area with"
        text run at (129,357) width 4: " "
        text run at (0,374) width 69: "wrap=\"soft\""
        text run at (69,374) width 0: " "
        text run at (0,391) width 129: "This is a text area with"
        text run at (129,391) width 4: " "
        text run at (0,408) width 69: "wrap=\"soft\""
        text run at (69,408) width 0: " "
        text run at (0,425) width 129: "This is a text area with"
        text run at (129,425) width 4: " "
        text run at (0,442) width 69: "wrap=\"soft\""
        text run at (69,442) width 0: " "
        text run at (0,459) width 129: "This is a text area with"
        text run at (129,459) width 4: " "
        text run at (0,476) width 69: "wrap=\"soft\""
        text run at (69,476) width 0: " "
      RenderBR {BR} at (0,493) size 0x17
layer at (377,1036) size 179x38 clip at (377,1036) size 164x38 scrollHeight 514
  RenderTextControl {TEXTAREA} at (16,3) size 179x38
    RenderBlock {DIV} at (2,2) size 160x510
      RenderText {#text} at (0,0) size 133x493
        text run at (0,0) width 4: " "
        text run at (4,0) width 0: " "
        text run at (0,17) width 129: "This is a text area with"
        text run at (129,17) width 4: " "
        text run at (0,34) width 69: "wrap=\"soft\""
        text run at (69,34) width 0: " "
        text run at (0,51) width 129: "This is a text area with"
        text run at (129,51) width 4: " "
        text run at (0,68) width 69: "wrap=\"soft\""
        text run at (69,68) width 0: " "
        text run at (0,85) width 129: "This is a text area with"
        text run at (129,85) width 4: " "
        text run at (0,102) width 69: "wrap=\"soft\""
        text run at (69,102) width 0: " "
        text run at (0,119) width 129: "This is a text area with"
        text run at (129,119) width 4: " "
        text run at (0,136) width 69: "wrap=\"soft\""
        text run at (69,136) width 0: " "
        text run at (0,153) width 129: "This is a text area with"
        text run at (129,153) width 4: " "
        text run at (0,170) width 69: "wrap=\"soft\""
        text run at (69,170) width 0: " "
        text run at (0,187) width 129: "This is a text area with"
        text run at (129,187) width 4: " "
        text run at (0,204) width 69: "wrap=\"soft\""
        text run at (69,204) width 0: " "
        text run at (0,221) width 129: "This is a text area with"
        text run at (129,221) width 4: " "
        text run at (0,238) width 69: "wrap=\"soft\""
        text run at (69,238) width 0: " "
        text run at (0,255) width 129: "This is a text area with"
        text run at (129,255) width 4: " "
        text run at (0,272) width 69: "wrap=\"soft\""
        text run at (69,272) width 0: " "
        text run at (0,289) width 129: "This is a text area with"
        text run at (129,289) width 4: " "
        text run at (0,306) width 69: "wrap=\"soft\""
        text run at (69,306) width 0: " "
        text run at (0,323) width 129: "This is a text area with"
        text run at (129,323) width 4: " "
        text run at (0,340) width 69: "wrap=\"soft\""
        text run at (69,340) width 0: " "
        text run at (0,357) width 129: "This is a text area with"
        text run at (129,357) width 4: " "
        text run at (0,374) width 69: "wrap=\"soft\""
        text run at (69,374) width 0: " "
        text run at (0,391) width 129: "This is a text area with"
        text run at (129,391) width 4: " "
        text run at (0,408) width 69: "wrap=\"soft\""
        text run at (69,408) width 0: " "
        text run at (0,425) width 129: "This is a text area with"
        text run at (129,425) width 4: " "
        text run at (0,442) width 69: "wrap=\"soft\""
        text run at (69,442) width 0: " "
        text run at (0,459) width 129: "This is a text area with"
        text run at (129,459) width 4: " "
        text run at (0,476) width 69: "wrap=\"soft\""
        text run at (69,476) width 0: " "
      RenderBR {BR} at (0,493) size 0x17
