layer at (0,0) size 800x600
  RenderView at (0,0) size 800x600
layer at (0,0) size 800x600
  RenderBlock {HTML} at (0,0) size 800x600
    RenderBody {BODY} at (8,8) size 784x584
      RenderBlock {P} at (0,0) size 784x19
        RenderText {#text} at (0,0) size 379x19
          text run at (0,0) width 379: "Tests that box shadow is not applied to Aqua-themed controls."
      RenderBlock {P} at (0,35) size 784x19
        RenderText {#text} at (0,0) size 245x19
          text run at (0,0) width 245: "You should not see any red on this page."
      RenderBlock {DIV} at (0,70) size 784x27
        RenderTextControl {INPUT} at (2,2) size 192x23
          RenderFlexibleBox {DIV} at (2,2) size 188x19
            RenderBlock {DIV} at (0,9) size 0x1
            RenderBlock {DIV} at (0,0) size 177x19
            RenderBlock {DIV} at (177,4) size 11x11
        RenderText {#text} at (0,0) size 0x0
      RenderBlock {DIV} at (0,97) size 784x27
        RenderTextControl {INPUT} at (2,2) size 192x23
          RenderFlexibleBox {DIV} at (2,2) size 188x19
            RenderBlock {DIV} at (0,9) size 0x1
            RenderBlock {DIV} at (0,0) size 177x19
            RenderBlock {DIV} at (177,4) size 11x11
        RenderText {#text} at (0,0) size 0x0
      RenderBlock {DIV} at (0,124) size 784x27
        RenderTextControl {INPUT} at (2,2) size 192x23
          RenderFlexibleBox {DIV} at (2,2) size 188x19
            RenderBlock {DIV} at (0,9) size 0x1
            RenderBlock {DIV} at (0,0) size 177x19
            RenderBlock {DIV} at (177,4) size 11x11
        RenderText {#text} at (0,0) size 0x0
      RenderBlock (anonymous) at (0,151) size 784x39
        RenderBlock {INPUT} at (3,16) size 13x12
        RenderText {#text} at (19,11) size 5x19
          text run at (19,11) width 5: " "
        RenderBlock {INPUT} at (27,15) size 14x13
        RenderText {#text} at (43,11) size 5x19
          text run at (43,11) width 5: " "
        RenderSlider {INPUT} at (49,10) size 130x16 [color=#909090] [bgcolor=#FFFFFF]
          RenderFlexibleBox {DIV} at (0,0) size 129x16
            RenderBlock {DIV} at (0,0) size 129x16
              RenderBlock {DIV} at (59,0) size 11x16
        RenderText {#text} at (180,11) size 5x19
          text run at (180,11) width 5: " "
        RenderFileUploadControl {INPUT} at (186,5) size 273x31 "No file selected"
          RenderButton {INPUT} at (0,0) size 85x31 [bgcolor=#C0C0C0]
            RenderBlock (anonymous) at (6,6) size 73x19
              RenderText at (0,0) size 73x19
                text run at (0,0) width 73: "Choose File"
        RenderText {#text} at (460,11) size 5x19
          text run at (460,11) width 5: " "
        RenderButton {INPUT} at (466,2) size 64x35 [bgcolor=#C0C0C0]
          RenderBlock (anonymous) at (6,6) size 51x23
            RenderText at (0,0) size 51x23
              text run at (0,0) width 51: "Button"
        RenderText {#text} at (531,11) size 5x19
          text run at (531,11) width 5: " "
        RenderButton {INPUT} at (537,5) size 53x31 [bgcolor=#C0C0C0]
          RenderBlock (anonymous) at (6,6) size 40x19
            RenderText at (0,0) size 40x19
              text run at (0,0) width 40: "Button"
        RenderText {#text} at (591,11) size 5x19
          text run at (591,11) width 5: " "
        RenderButton {INPUT} at (595,13) size 27x23 [bgcolor=#C0C0C0]
          RenderBlock (anonymous) at (6,8) size 14x7
            RenderText at (0,0) size 14x7
              text run at (0,0) width 14: "Button"
        RenderText {#text} at (621,11) size 5x19
          text run at (621,11) width 5: " "
        RenderButton {BUTTON} at (627,2) size 64x35 [bgcolor=#C0C0C0]
          RenderBlock (anonymous) at (6,6) size 51x23
            RenderText {#text} at (0,0) size 51x23
              text run at (0,0) width 51: "Button"
        RenderText {#text} at (0,0) size 0x0
layer at (12,82) size 177x19
  RenderBlock {DIV} at (0,0) size 177x19
    RenderText {#text} at (0,0) size 42x19
      text run at (0,0) width 42: "Search"
layer at (12,109) size 177x19
  RenderBlock {DIV} at (0,0) size 177x19
layer at (12,136) size 177x19
  RenderBlock {DIV} at (0,0) size 177x19
