layer at (0,0) size 785x660
  RenderView at (0,0) size 785x600
layer at (0,0) size 785x660
  RenderBlock {HTML} at (0,0) size 785x661
    RenderBody {BODY} at (8,8) size 769x645
      RenderBlock {H3} at (0,0) size 769x22
        RenderText {#text} at (0,0) size 189x22
          text run at (0,0) width 189: "<input type=\"submit\">"
      RenderBlock {P} at (0,40) size 769x20
        RenderText {#text} at (0,0) size 321x19
          text run at (0,0) width 321: "This button should have the default submit button title:"
      RenderBlock (anonymous) at (0,75) size 769x22
        RenderButton {INPUT} at (0,0) size 80x21 [bgcolor=#008000] [border: (2px outset #C0C0C0)]
          RenderBlock (anonymous) at (8,4) size 64x19
            RenderText at (11,0) size 42x19
              text run at (11,0) width 42: "Submit"
        RenderText {#text} at (0,0) size 0x0
      RenderBlock {P} at (0,112) size 769x20
        RenderText {#text} at (0,0) size 274x19
          text run at (0,0) width 274: "This button should should have the title \"Foo\":"
      RenderBlock (anonymous) at (0,147) size 769x22
        RenderButton {INPUT} at (0,0) size 80x21 [bgcolor=#008000] [border: (2px outset #C0C0C0)]
          RenderBlock (anonymous) at (8,4) size 64x19
            RenderText at (19,0) size 26x19
              text run at (19,0) width 26: "Foo"
        RenderText {#text} at (0,0) size 0x0
      RenderBlock {P} at (0,184) size 769x20
        RenderText {#text} at (0,0) size 288x19
          text run at (0,0) width 288: "This button should have a single space in its title:"
      RenderBlock (anonymous) at (0,219) size 769x22
        RenderButton {INPUT} at (0,0) size 80x21 [bgcolor=#008000] [border: (2px outset #C0C0C0)]
          RenderBlock (anonymous) at (8,4) size 64x19
            RenderText at (30,0) size 4x19
              text run at (30,0) width 4: " "
        RenderText {#text} at (0,0) size 0x0
      RenderBlock {P} at (0,256) size 769x20
        RenderText {#text} at (0,0) size 189x19
          text run at (0,0) width 189: "This button should have no title:"
      RenderBlock (anonymous) at (0,291) size 769x22
        RenderButton {INPUT} at (0,0) size 80x21 [bgcolor=#008000] [border: (2px outset #C0C0C0)]
        RenderText {#text} at (0,0) size 0x0
      RenderBlock {H3} at (0,331) size 769x23
        RenderText {#text} at (0,0) size 175x22
          text run at (0,0) width 175: "<input type=\"reset\">"
      RenderBlock {P} at (0,372) size 769x20
        RenderText {#text} at (0,0) size 311x19
          text run at (0,0) width 311: "This button should have the default reset button title:"
      RenderBlock (anonymous) at (0,407) size 769x22
        RenderButton {INPUT} at (0,0) size 80x21 [bgcolor=#008000] [border: (2px outset #C0C0C0)]
          RenderBlock (anonymous) at (8,4) size 64x19
            RenderText at (15,0) size 34x19
              text run at (15,0) width 34: "Reset"
        RenderText {#text} at (0,0) size 0x0
      RenderBlock {P} at (0,444) size 769x20
        RenderText {#text} at (0,0) size 274x19
          text run at (0,0) width 274: "This button should should have the title \"Foo\":"
      RenderBlock (anonymous) at (0,479) size 769x22
        RenderButton {INPUT} at (0,0) size 80x21 [bgcolor=#008000] [border: (2px outset #C0C0C0)]
          RenderBlock (anonymous) at (8,4) size 64x19
            RenderText at (19,0) size 26x19
              text run at (19,0) width 26: "Foo"
        RenderText {#text} at (0,0) size 0x0
      RenderBlock {P} at (0,516) size 769x20
        RenderText {#text} at (0,0) size 288x19
          text run at (0,0) width 288: "This button should have a single space in its title:"
      RenderBlock (anonymous) at (0,551) size 769x22
        RenderButton {INPUT} at (0,0) size 80x21 [bgcolor=#008000] [border: (2px outset #C0C0C0)]
          RenderBlock (anonymous) at (8,4) size 64x19
            RenderText at (30,0) size 4x19
              text run at (30,0) width 4: " "
        RenderText {#text} at (0,0) size 0x0
      RenderBlock {P} at (0,588) size 769x20
        RenderText {#text} at (0,0) size 189x19
          text run at (0,0) width 189: "This button should have no title:"
      RenderBlock (anonymous) at (0,623) size 769x22
        RenderButton {INPUT} at (0,0) size 80x21 [bgcolor=#008000] [border: (2px outset #C0C0C0)]
        RenderText {#text} at (0,0) size 0x0
