layer at (0,0) size 785x1471
  RenderView at (0,0) size 785x600
layer at (0,0) size 785x1471
  RenderBlock {HTML} at (0,0) size 785x1471
    RenderBody {BODY} at (8,8) size 769x1448
      RenderBlock {P} at (0,0) size 769x19
        RenderText {#text} at (0,0) size 101x19
          text run at (0,0) width 101: "Legend align test"
      RenderFieldSet {FIELDSET} at (2,35) size 765x64 [border: (2px groove #C0C0C0)]
        RenderBlock {LEGEND} at (14,0) size 96x19
          RenderText {#text} at (2,0) size 92x19
            text run at (2,0) width 92: "My Legend left"
        RenderBlock (anonymous) at (14,24) size 737x28
          RenderTextControl {INPUT} at (2,2) size 192x23
          RenderText {#text} at (0,0) size 0x0
      RenderFieldSet {FIELDSET} at (2,98) size 765x65 [border: (2px groove #C0C0C0)]
        RenderBlock {LEGEND} at (325,0) size 115x19
          RenderText {#text} at (2,0) size 111x19
            text run at (2,0) width 111: "My Legend center"
        RenderBlock (anonymous) at (14,24) size 737x28
          RenderTextControl {INPUT} at (2,2) size 192x23
          RenderText {#text} at (0,0) size 0x0
      RenderFieldSet {FIELDSET} at (2,162) size 765x64 [border: (2px groove #C0C0C0)]
        RenderBlock {LEGEND} at (647,0) size 104x19
          RenderText {#text} at (2,0) size 100x19
            text run at (2,0) width 100: "My Legend right"
        RenderBlock (anonymous) at (14,24) size 737x28
          RenderTextControl {INPUT} at (2,2) size 192x23
          RenderText {#text} at (0,0) size 0x0
      RenderFieldSet {FIELDSET} at (2,225) size 765x65 [border: (2px groove #C0C0C0)]
        RenderBlock {LEGEND} at (14,0) size 118x19
          RenderText {#text} at (2,0) size 114x19
            text run at (2,0) width 114: "My Legend default"
        RenderBlock (anonymous) at (14,24) size 737x28
          RenderTextControl {INPUT} at (2,2) size 192x23
          RenderText {#text} at (0,0) size 0x0
      RenderBlock {HR} at (0,297) size 769x3 [border: (1px inset #000000)]
      RenderBlock {P} at (0,315) size 769x20
        RenderText {#text} at (0,0) size 137x19
          text run at (0,0) width 137: "Legend align test, RTL"
      RenderBlock (anonymous) at (0,350) size 769x1
        RenderInline {SPAN} at (0,0) size 0x0
          RenderText {#text} at (0,0) size 0x0
      RenderBlock (anonymous) at (0,350) size 769x255
        RenderFieldSet {FIELDSET} at (2,0) size 765x64 [border: (2px groove #C0C0C0)]
          RenderBlock {LEGEND} at (14,0) size 96x19
            RenderText {#text} at (2,0) size 92x19
              text run at (2,0) width 92: "My Legend left"
          RenderBlock (anonymous) at (14,24) size 737x28
            RenderTextControl {INPUT} at (543,2) size 192x23
            RenderText {#text} at (0,0) size 0x0
        RenderFieldSet {FIELDSET} at (2,63) size 765x65 [border: (2px groove #C0C0C0)]
          RenderBlock {LEGEND} at (325,0) size 115x19
            RenderText {#text} at (2,0) size 111x19
              text run at (2,0) width 111: "My Legend center"
          RenderBlock (anonymous) at (14,24) size 737x28
            RenderTextControl {INPUT} at (543,2) size 192x23
            RenderText {#text} at (0,0) size 0x0
        RenderFieldSet {FIELDSET} at (2,127) size 765x64 [border: (2px groove #C0C0C0)]
          RenderBlock {LEGEND} at (647,0) size 104x19
            RenderText {#text} at (2,0) size 100x19
              text run at (2,0) width 100: "My Legend right"
          RenderBlock (anonymous) at (14,24) size 737x28
            RenderTextControl {INPUT} at (543,2) size 192x23
            RenderText {#text} at (0,0) size 0x0
        RenderFieldSet {FIELDSET} at (2,190) size 765x65 [border: (2px groove #C0C0C0)]
          RenderBlock {LEGEND} at (633,0) size 118x19
            RenderText {#text} at (2,0) size 114x19
              text run at (2,0) width 114: "My Legend default"
          RenderBlock (anonymous) at (14,24) size 737x28
            RenderTextControl {INPUT} at (543,2) size 192x23
            RenderText {#text} at (0,0) size 0x0
      RenderBlock (anonymous) at (0,604) size 769x1
        RenderInline {SPAN} at (0,0) size 0x0
        RenderText {#text} at (0,0) size 0x0
      RenderBlock {HR} at (0,612) size 769x3 [border: (1px inset #000000)]
      RenderBlock {P} at (0,630) size 769x20
        RenderText {#text} at (0,0) size 252x19
          text run at (0,0) width 252: "Legend align test with margin and padding"
      RenderFieldSet {FIELDSET} at (15,665) size 739x79 [border: (2px groove #C0C0C0)]
        RenderBlock {LEGEND} at (17,0) size 96x19
          RenderText {#text} at (2,0) size 92x19
            text run at (2,0) width 92: "My Legend left"
        RenderBlock (anonymous) at (17,34) size 705x27
          RenderTextControl {INPUT} at (2,2) size 192x23
          RenderText {#text} at (0,0) size 0x0
      RenderFieldSet {FIELDSET} at (15,758) size 739x79 [border: (2px groove #C0C0C0)]
        RenderBlock {LEGEND} at (312,0) size 115x19
          RenderText {#text} at (2,0) size 111x19
            text run at (2,0) width 111: "My Legend center"
        RenderBlock (anonymous) at (17,34) size 705x27
          RenderTextControl {INPUT} at (2,2) size 192x23
          RenderText {#text} at (0,0) size 0x0
      RenderFieldSet {FIELDSET} at (15,851) size 739x79 [border: (2px groove #C0C0C0)]
        RenderBlock {LEGEND} at (618,0) size 104x19
          RenderText {#text} at (2,0) size 100x19
            text run at (2,0) width 100: "My Legend right"
        RenderBlock (anonymous) at (17,34) size 705x27
          RenderTextControl {INPUT} at (2,2) size 192x23
          RenderText {#text} at (0,0) size 0x0
      RenderFieldSet {FIELDSET} at (15,944) size 739x79 [border: (2px groove #C0C0C0)]
        RenderBlock {LEGEND} at (17,0) size 118x19
          RenderText {#text} at (2,0) size 114x19
            text run at (2,0) width 114: "My Legend default"
        RenderBlock (anonymous) at (17,34) size 705x27
          RenderTextControl {INPUT} at (2,2) size 192x23
          RenderText {#text} at (0,0) size 0x0
      RenderBlock {HR} at (0,1037) size 769x3 [border: (1px inset #000000)]
      RenderBlock {P} at (0,1055) size 769x20
        RenderText {#text} at (0,0) size 288x19
          text run at (0,0) width 288: "Legend align test with margin and padding, RTL"
      RenderBlock (anonymous) at (0,1090) size 769x1
        RenderInline {SPAN} at (0,0) size 0x0
          RenderText {#text} at (0,0) size 0x0
      RenderBlock (anonymous) at (0,1090) size 769x358
        RenderFieldSet {FIELDSET} at (15,0) size 739x78 [border: (2px groove #C0C0C0)]
          RenderBlock {LEGEND} at (17,0) size 96x19
            RenderText {#text} at (2,0) size 92x19
              text run at (2,0) width 92: "My Legend left"
          RenderBlock (anonymous) at (17,34) size 705x27
            RenderTextControl {INPUT} at (511,2) size 192x23
            RenderText {#text} at (0,0) size 0x0
        RenderFieldSet {FIELDSET} at (15,93) size 739x78 [border: (2px groove #C0C0C0)]
          RenderBlock {LEGEND} at (312,0) size 115x19
            RenderText {#text} at (2,0) size 111x19
              text run at (2,0) width 111: "My Legend center"
          RenderBlock (anonymous) at (17,34) size 705x27
            RenderTextControl {INPUT} at (511,2) size 192x23
            RenderText {#text} at (0,0) size 0x0
        RenderFieldSet {FIELDSET} at (15,186) size 739x78 [border: (2px groove #C0C0C0)]
          RenderBlock {LEGEND} at (618,0) size 104x19
            RenderText {#text} at (2,0) size 100x19
              text run at (2,0) width 100: "My Legend right"
          RenderBlock (anonymous) at (17,34) size 705x27
            RenderTextControl {INPUT} at (511,2) size 192x23
            RenderText {#text} at (0,0) size 0x0
        RenderFieldSet {FIELDSET} at (15,279) size 739x78 [border: (2px groove #C0C0C0)]
          RenderBlock {LEGEND} at (604,0) size 118x19
            RenderText {#text} at (2,0) size 114x19
              text run at (2,0) width 114: "My Legend default"
          RenderBlock (anonymous) at (17,34) size 705x27
            RenderTextControl {INPUT} at (511,2) size 192x23
            RenderText {#text} at (0,0) size 0x0
      RenderBlock (anonymous) at (0,1462) size 769x1
        RenderInline {SPAN} at (0,0) size 0x0
        RenderText {#text} at (0,0) size 0x0
layer at (28,72) size 188x19
  RenderBlock {DIV} at (2,2) size 188x19
layer at (28,135) size 188x19
  RenderBlock {DIV} at (2,2) size 188x19
layer at (28,199) size 188x19
  RenderBlock {DIV} at (2,2) size 188x19
layer at (28,262) size 188x19
  RenderBlock {DIV} at (2,2) size 188x19
layer at (569,387) size 188x19
  RenderBlock {DIV} at (2,2) size 188x19
layer at (569,451) size 188x19
  RenderBlock {DIV} at (2,2) size 188x19
layer at (569,514) size 188x19
  RenderBlock {DIV} at (2,2) size 188x19
layer at (569,578) size 188x19
  RenderBlock {DIV} at (2,2) size 188x19
layer at (44,712) size 188x19
  RenderBlock {DIV} at (2,2) size 188x19
layer at (44,805) size 188x19
  RenderBlock {DIV} at (2,2) size 188x19
layer at (44,898) size 188x19
  RenderBlock {DIV} at (2,2) size 188x19
layer at (44,991) size 188x19
  RenderBlock {DIV} at (2,2) size 188x19
layer at (553,1137) size 188x19
  RenderBlock {DIV} at (2,2) size 188x19
layer at (553,1230) size 188x19
  RenderBlock {DIV} at (2,2) size 188x19
layer at (553,1323) size 188x19
  RenderBlock {DIV} at (2,2) size 188x19
layer at (553,1416) size 188x19
  RenderBlock {DIV} at (2,2) size 188x19
