layer at (0,0) size 800x600
  RenderView at (0,0) size 800x600
layer at (0,0) size 800x600
  RenderBlock {HTML} at (0,0) size 800x600
    RenderBody {BODY} at (8,8) size 784x584
      RenderBlock {DIV} at (0,0) size 784x26
        RenderText {#text} at (0,0) size 144x26
          text run at (0,0) width 144: "\x{653B}\x{6BBB}\x{2307}\x{30FC}\x{FF1C}\x{FF1D}4"
      RenderBlock {DIV} at (0,26) size 104x164
        RenderBlock {DIV} at (0,10) size 26x144
          RenderText {#text} at (0,0) size 26x144
            text run at (0,0) width 144: "\x{653B}\x{6BBB}\x{2307}\x{30FC}\x{FF1C}\x{FF1D}4"
        RenderBlock {DIV} at (26,10) size 26x144 [color=#0000FF]
          RenderText {#text} at (0,0) size 26x144
            text run at (0,0) width 144: "\x{653B}\x{6BBB}\x{2307}\x{30FC}\x{FF1C}\x{FF1D}4"
        RenderBlock {DIV} at (52,10) size 26x144 [color=#008080]
          RenderText {#text} at (0,0) size 26x144
            text run at (0,0) width 144: "\x{653B}\x{6BBB}\x{2307}\x{30FC}\x{FF1C}\x{FF1D}4"
        RenderBlock {DIV} at (78,10) size 26x144 [color=#A52A2A]
          RenderText {#text} at (0,0) size 26x144
            text run at (0,0) width 144: "\x{653B}\x{6BBB}\x{2307}\x{30FC}\x{FF1C}\x{FF1D}4"
      RenderBlock {DIV} at (0,190) size 104x164
        RenderBlock {DIV} at (0,10) size 26x144
          RenderText {#text} at (0,0) size 26x144
            text run at (0,0) width 144: "\x{653B}\x{6BBB}\x{2307}\x{30FC}\x{FF1C}\x{FF1D}4"
        RenderBlock {DIV} at (26,10) size 26x144 [color=#0000FF]
          RenderText {#text} at (0,0) size 26x144
            text run at (0,0) width 144: "\x{653B}\x{6BBB}\x{2307}\x{30FC}\x{FF1C}\x{FF1D}4"
        RenderBlock {DIV} at (52,10) size 26x144 [color=#008080]
          RenderText {#text} at (0,0) size 26x144
            text run at (0,0) width 144: "\x{653B}\x{6BBB}\x{2307}\x{30FC}\x{FF1C}\x{FF1D}4"
        RenderBlock {DIV} at (78,10) size 26x144 [color=#A52A2A]
          RenderText {#text} at (0,0) size 26x144
            text run at (0,0) width 144: "\x{653B}\x{6BBB}\x{2307}\x{30FC}\x{FF1C}\x{FF1D}4"
      RenderBlock {DIV} at (0,354) size 104x144
        RenderBlock {DIV} at (0,0) size 26x144
          RenderText {#text} at (0,0) size 26x144
            text run at (0,0) width 144: "\x{653B}\x{6BBB}\x{2307}\x{30FC}\x{FF1C}\x{FF1D}4"
        RenderBlock {DIV} at (26,0) size 26x144 [color=#0000FF]
          RenderText {#text} at (0,0) size 26x144
            text run at (0,0) width 144: "\x{653B}\x{6BBB}\x{2307}\x{30FC}\x{FF1C}\x{FF1D}4"
        RenderBlock {DIV} at (52,0) size 26x144 [color=#008080]
          RenderText {#text} at (0,0) size 26x144
            text run at (0,0) width 144: "\x{653B}\x{6BBB}\x{2307}\x{30FC}\x{FF1C}\x{FF1D}4"
        RenderBlock {DIV} at (78,0) size 26x144 [color=#A52A2A]
          RenderText {#text} at (0,0) size 26x144
            text run at (0,0) width 144: "\x{653B}\x{6BBB}\x{2307}\x{30FC}\x{FF1C}\x{FF1D}4"
