layer at (0,0) size 800x600
  RenderView at (0,0) size 800x600
layer at (0,0) size 800x502
  RenderBlock {HTML} at (0,0) size 800x502
    RenderBody {BODY} at (8,10) size 784x484
      RenderBlock {TABLE} at (10,0) size 764x100 [border: (1px solid #000000)]
        RenderTable at (1,1) size 116x98
          RenderTableSection {THEAD} at (0,0) size 116x25
            RenderTableRow {TR} at (0,2) size 116x21
              RenderTableCell {TD} at (2,2) size 55x21 [r=0 c=0 rs=1 cs=1]
                RenderText {#text} at (1,1) size 45x19
                  text run at (1,1) width 45: "Head 1"
              RenderTableCell {TD} at (59,2) size 55x21 [r=0 c=1 rs=1 cs=1]
                RenderText {#text} at (1,1) size 45x19
                  text run at (1,1) width 45: "Head 2"
          RenderTableSection {TFOOT} at (0,73) size 116x25
            RenderTableRow {TR} at (0,2) size 116x21
              RenderTableCell {TD} at (2,2) size 55x21 [r=0 c=0 rs=1 cs=1]
                RenderText {#text} at (1,1) size 53x19
                  text run at (1,1) width 53: "Footer 1"
              RenderTableCell {TD} at (59,2) size 55x21 [r=0 c=1 rs=1 cs=1]
                RenderText {#text} at (1,1) size 53x19
                  text run at (1,1) width 53: "Footer 2"
          RenderTableSection {TBODY} at (0,25) size 116x48
            RenderTableRow {TR} at (0,2) size 116x21
              RenderTableCell {TD} at (2,2) size 55x21 [r=0 c=0 rs=1 cs=1]
                RenderText {#text} at (1,1) size 36x19
                  text run at (1,1) width 36: "Cell 1"
              RenderTableCell {TD} at (59,2) size 55x21 [r=0 c=1 rs=1 cs=1]
                RenderText {#text} at (1,1) size 36x19
                  text run at (1,1) width 36: "Cell 2"
            RenderTableRow {TR} at (0,25) size 116x21
              RenderTableCell {TD} at (2,25) size 55x21 [r=1 c=0 rs=1 cs=1]
                RenderText {#text} at (1,1) size 36x19
                  text run at (1,1) width 36: "Cell 3"
              RenderTableCell {TD} at (59,25) size 55x21 [r=1 c=1 rs=1 cs=1]
                RenderText {#text} at (1,1) size 36x19
                  text run at (1,1) width 36: "Cell 4"
      RenderBlock {TABLE} at (10,110) size 764x56 [border: (1px solid #000000)]
        RenderTable at (1,1) size 218x54
          RenderTableSection (anonymous) at (0,0) size 218x29
            RenderTableRow (anonymous) at (0,2) size 218x25
              RenderTableCell {THEAD} at (2,2) size 98x25 [r=0 c=0 rs=1 cs=1]
                RenderTable at (0,0) size 98x25
                  RenderTableSection (anonymous) at (0,0) size 98x25
                    RenderTableRow (anonymous) at (0,2) size 98x21
                      RenderTableCell {TR} at (2,2) size 94x21 [r=0 c=0 rs=1 cs=1]
                        RenderInline {TD} at (0,0) size 47x21
                          RenderText {#text} at (1,2) size 45x19
                            text run at (1,2) width 45: "Head 1"
                        RenderInline {TD} at (0,0) size 47x21
                          RenderText {#text} at (48,2) size 45x19
                            text run at (48,2) width 45: "Head 2"
              RenderTableCell {TFOOT} at (102,2) size 114x25 [r=0 c=1 rs=1 cs=1]
                RenderTable at (0,0) size 114x25
                  RenderTableSection (anonymous) at (0,0) size 114x25
                    RenderTableRow (anonymous) at (0,2) size 114x21
                      RenderTableCell {TR} at (2,2) size 110x21 [r=0 c=0 rs=1 cs=1]
                        RenderInline {TD} at (0,0) size 55x21
                          RenderText {#text} at (1,2) size 53x19
                            text run at (1,2) width 53: "Footer 1"
                        RenderInline {TD} at (0,0) size 55x21
                          RenderText {#text} at (56,2) size 53x19
                            text run at (56,2) width 53: "Footer 2"
          RenderTableSection {TBODY} at (0,29) size 218x25
            RenderTableRow (anonymous) at (0,2) size 218x21
              RenderTableCell {TR} at (2,2) size 98x21 [r=0 c=0 rs=1 cs=1]
                RenderInline {TD} at (0,0) size 38x21
                  RenderText {#text} at (1,2) size 36x19
                    text run at (1,2) width 36: "Cell 1"
                RenderInline {TD} at (0,0) size 38x21
                  RenderText {#text} at (39,2) size 36x19
                    text run at (39,2) width 36: "Cell 2"
              RenderTableCell {TR} at (102,2) size 114x21 [r=0 c=1 rs=1 cs=1]
                RenderInline {TD} at (0,0) size 38x21
                  RenderText {#text} at (1,2) size 36x19
                    text run at (1,2) width 36: "Cell 3"
                RenderInline {TD} at (0,0) size 38x21
                  RenderText {#text} at (39,2) size 36x19
                    text run at (39,2) width 36: "Cell 4"
      RenderBlock {TABLE} at (10,176) size 764x106 [border: (1px solid #000000)]
        RenderBlock {THEAD} at (1,1) size 762x25
          RenderBlock {TR} at (0,0) size 762x25
            RenderTable at (0,0) size 100x25
              RenderTableSection (anonymous) at (0,0) size 100x25
                RenderTableRow (anonymous) at (0,2) size 100x21
                  RenderTableCell {TD} at (2,2) size 47x21 [r=0 c=0 rs=1 cs=1]
                    RenderText {#text} at (1,1) size 45x19
                      text run at (1,1) width 45: "Head 1"
                  RenderTableCell {TD} at (51,2) size 47x21 [r=0 c=1 rs=1 cs=1]
                    RenderText {#text} at (1,1) size 45x19
                      text run at (1,1) width 45: "Head 2"
        RenderBlock {TFOOT} at (1,26) size 762x25
          RenderBlock {TR} at (0,0) size 762x25
            RenderTable at (0,0) size 116x25
              RenderTableSection (anonymous) at (0,0) size 116x25
                RenderTableRow (anonymous) at (0,2) size 116x21
                  RenderTableCell {TD} at (2,2) size 55x21 [r=0 c=0 rs=1 cs=1]
                    RenderText {#text} at (1,1) size 53x19
                      text run at (1,1) width 53: "Footer 1"
                  RenderTableCell {TD} at (59,2) size 55x21 [r=0 c=1 rs=1 cs=1]
                    RenderText {#text} at (1,1) size 53x19
                      text run at (1,1) width 53: "Footer 2"
        RenderTable at (1,51) size 86x54
          RenderTableSection {TBODY} at (0,0) size 86x54
            RenderTableRow (anonymous) at (0,2) size 86x50
              RenderTableCell (anonymous) at (2,2) size 82x50 [r=0 c=0 rs=1 cs=1]
                RenderBlock {TR} at (0,0) size 82x25
                  RenderTable at (0,0) size 82x25
                    RenderTableSection (anonymous) at (0,0) size 82x25
                      RenderTableRow (anonymous) at (0,2) size 82x21
                        RenderTableCell {TD} at (2,2) size 38x21 [r=0 c=0 rs=1 cs=1]
                          RenderText {#text} at (1,1) size 36x19
                            text run at (1,1) width 36: "Cell 1"
                        RenderTableCell {TD} at (42,2) size 38x21 [r=0 c=1 rs=1 cs=1]
                          RenderText {#text} at (1,1) size 36x19
                            text run at (1,1) width 36: "Cell 2"
                RenderBlock {TR} at (0,25) size 82x25
                  RenderTable at (0,0) size 82x25
                    RenderTableSection (anonymous) at (0,0) size 82x25
                      RenderTableRow (anonymous) at (0,2) size 82x21
                        RenderTableCell {TD} at (2,2) size 38x21 [r=0 c=0 rs=1 cs=1]
                          RenderText {#text} at (1,1) size 36x19
                            text run at (1,1) width 36: "Cell 3"
                        RenderTableCell {TD} at (42,2) size 38x21 [r=0 c=1 rs=1 cs=1]
                          RenderText {#text} at (1,1) size 36x19
                            text run at (1,1) width 36: "Cell 4"
      RenderTable at (0,292) size 302x192
        RenderTableSection (anonymous) at (0,0) size 302x192
          RenderTableRow (anonymous) at (0,0) size 302x192
            RenderTableCell {P} at (0,0) size 302x192 [border: (1px solid #000000)] [r=0 c=0 rs=1 cs=1]
              RenderText {#text} at (1,1) size 295x190
                text run at (1,1) width 242: "Lorem ipsum dolor sit amet, consectetur"
                text run at (1,20) width 294: "adipisicing elit, sed do eiusmod tempor incididunt"
                text run at (1,39) width 267: "ut labore et dolore magna aliqua. Ut enim ad"
                text run at (1,58) width 285: "minim veniam, quis nostrud exercitation ullamco"
                text run at (1,77) width 291: "laboris nisi ut aliquip ex ea commodo consequat."
                text run at (1,96) width 294: "Duis aute irure dolor in reprehenderit in voluptate"
                text run at (1,115) width 274: "velit esse cillum dolore eu fugiat nulla pariatur."
                text run at (1,134) width 286: "Excepteur sint occaecat cupidatat non proident,"
                text run at (1,153) width 295: "sunt in culpa qui officia deserunt mollit anim id est"
                text run at (1,172) width 53: "laborum."
