layer at (0,0) size 785x2514
  RenderView at (0,0) size 785x600
layer at (0,0) size 785x2514
  RenderBlock {HTML} at (0,0) size 785x2514
    RenderBody {BODY} at (8,8) size 769x2498 [bgcolor=#CCCCCC]
      RenderBlock {P} at (0,0) size 769x19
        RenderText {#text} at (0,0) size 337x19
          text run at (0,0) width 337: "The style declarations which apply to the text below are:"
      RenderBlock {PRE} at (0,35) size 769x300
        RenderText {#text} at (0,0) size 496x300
          text run at (0,0) width 368: "P.one {margin-bottom: 2cm; padding-bottom: 0;}"
          text run at (368,0) width 0: " "
          text run at (0,15) width 320: "P.two {margin-top: 2cm; padding-top: 0;}"
          text run at (320,15) width 0: " "
          text run at (0,30) width 320: "P.three {margin-top: 0; padding-top: 0;}"
          text run at (320,30) width 0: " "
          text run at (0,45) width 344: "P.four {margin-top: -1cm; margin-bottom: 0;"
          text run at (344,45) width 0: " "
          text run at (0,60) width 344: "        padding-top: 0; padding-bottom: 0;}"
          text run at (344,60) width 0: " "
          text run at (0,75) width 368: "DIV.five {margin-top: 1cm; margin-bottom: 1cm;"
          text run at (368,75) width 0: " "
          text run at (0,90) width 376: "          padding-top: 1cm; padding-bottom: 0;}"
          text run at (376,90) width 0: " "
          text run at (0,105) width 344: "P.six {margin-top: 1cm; margin-bottom: 1cm;"
          text run at (344,105) width 0: " "
          text run at (0,120) width 336: "       padding-top: 0; padding-bottom: 0;}"
          text run at (336,120) width 0: " "
          text run at (0,135) width 336: "P.seven {margin-top: 1cm; padding-top: 0;}"
          text run at (336,135) width 0: " "
          text run at (0,150) width 408: "P.eight {margin-bottom: -1cm; padding-bottom: 2cm;}"
          text run at (408,150) width 0: " "
          text run at (0,165) width 344: "P.nine {margin-top: -1cm; padding-top: 1cm;"
          text run at (344,165) width 0: " "
          text run at (0,180) width 376: "        padding-bottom: 0; margin-bottom: 1cm;}"
          text run at (376,180) width 0: " "
          text run at (0,195) width 304: "P.ten {margin-top: 1cm;padding-top: 0;"
          text run at (304,195) width 0: " "
          text run at (0,210) width 248: "       float: left;width: 50%;}"
          text run at (248,210) width 0: " "
          text run at (0,225) width 448: "P.eleven {margin-top: 1cm; padding-top: 0; clear: none;}"
          text run at (448,225) width 0: " "
          text run at (0,240) width 496: "P.twelve {margin-bottom: 0; padding-bottom: 1cm; clear: both;}"
          text run at (496,240) width 0: " "
          text run at (0,255) width 360: "P.thirteen {margin-top: 0; padding-top: 1cm;}"
          text run at (360,255) width 0: " "
          text run at (0,270) width 160: "TABLE {clear: both;}"
          text run at (160,270) width 0: " "
          text run at (0,285) width 0: " "
      RenderBlock {HR} at (0,348) size 769x2 [border: (1px inset #000000)]
      RenderBlock {P} at (0,366) size 769x38
        RenderText {#text} at (0,0) size 720x38
          text run at (0,0) width 720: "There should be a two-centimeter margin between this paragraph and the next, because adjacent vertical margins should"
          text run at (0,19) width 240: "collapse to the maximum of the margins."
      RenderBlock {P} at (0,479) size 769x20
        RenderText {#text} at (0,0) size 156x19
          text run at (0,0) width 156: "This is another paragraph."
      RenderBlock {P} at (0,514) size 769x20
        RenderText {#text} at (0,0) size 472x19
          text run at (0,0) width 472: "There should be a two-centimeter margin between this paragraph and the next."
      RenderBlock {P} at (0,609) size 769x20
        RenderText {#text} at (0,0) size 156x19
          text run at (0,0) width 156: "This is another paragraph."
      RenderBlock {P} at (0,644) size 769x39
        RenderText {#text} at (0,0) size 756x38
          text run at (0,0) width 756: "There should be a one-centimeter margin between this paragraph and the next, because when there is one negative margin, the"
          text run at (0,19) width 371: "two margins should be added (the minus sign should be kept)."
      RenderBlock {P} at (0,719) size 769x20
        RenderText {#text} at (0,0) size 156x19
          text run at (0,0) width 156: "This is another paragraph."
      RenderBlock {DIV} at (0,776) size 769x115
        RenderBlock {P} at (0,75) size 769x39
          RenderText {#text} at (0,0) size 753x38
            text run at (0,0) width 750: "There should be three centimeters between this text and the text above, but only one centimeter between this text and the text"
            text run at (0,19) width 753: "below, because vertical margins of nested elements should collapse only if there is no border or padding between the margins."
      RenderBlock {P} at (0,928) size 769x20
        RenderText {#text} at (0,0) size 103x19
          text run at (0,0) width 103: "This is more text."
      RenderBlock {P} at (0,963) size 769x114
        RenderText {#text} at (0,0) size 748x38
          text run at (0,0) width 748: "There should be two centimeters between this paragraph and the one below, because negative margins collapse to a negative"
          text run at (0,19) width 376: "margin with the largest absolute value of the margins collapsed."
      RenderBlock {P} at (0,1038) size 769x77
        RenderText {#text} at (0,38) size 753x38
          text run at (0,38) width 753: "This is a paragraph, which I should make very long so that you can easily see how much space there is between it and the one"
          text run at (0,57) width 146: "below it and to the right."
      RenderBlock (floating) {P} at (0,1190) size 385x58
        RenderText {#text} at (0,0) size 366x57
          text run at (0,0) width 366: "There should be two centimeters between this paragraph and"
          text run at (0,19) width 346: "the one above it, since margins do not collapse on floating"
          text run at (0,38) width 56: "elements."
      RenderBlock {P} at (0,1152) size 769x58
        RenderText {#text} at (385,0) size 381x57
          text run at (385,0) width 381: "There should be one centimeter between this paragraph and the"
          text run at (385,19) width 374: "(non-floating) one above it, since the float should not effect the"
          text run at (385,38) width 114: "paragraph spacing."
      RenderBlock {P} at (0,1263) size 769x76
        RenderText {#text} at (0,0) size 766x38
          text run at (0,0) width 531: "There should be two centimeters of padding between this paragraph and the one below. "
          text run at (531,0) width 235: "Padding does not collapse, and there is"
          text run at (0,19) width 177: "1cm of padding on each side."
      RenderBlock {P} at (0,1339) size 769x57
        RenderText {#text} at (0,38) size 158x19
          text run at (0,38) width 158: "This is the next paragraph."
      RenderTable {TABLE} at (0,1411) size 769x1087 [border: (1px outset #808080)]
        RenderTableSection {TBODY} at (1,1) size 767x1084
          RenderTableRow {TR} at (0,0) size 767x27
            RenderTableCell {TD} at (0,0) size 767x27 [bgcolor=#C0C0C0] [border: (1px inset #808080)] [r=0 c=0 rs=1 cs=2]
              RenderInline {STRONG} at (0,0) size 159x19
                RenderText {#text} at (4,4) size 159x19
                  text run at (4,4) width 159: "TABLE Testing Section"
          RenderTableRow {TR} at (0,27) size 767x1057
            RenderTableCell {TD} at (0,542) size 12x27 [bgcolor=#C0C0C0] [border: (1px inset #808080)] [r=1 c=0 rs=1 cs=1]
              RenderText {#text} at (4,4) size 4x19
                text run at (4,4) width 4: " "
            RenderTableCell {TD} at (12,27) size 755x1057 [border: (1px inset #808080)] [r=1 c=1 rs=1 cs=1]
              RenderBlock {P} at (4,4) size 747x38
                RenderText {#text} at (0,0) size 720x38
                  text run at (0,0) width 720: "There should be a two-centimeter margin between this paragraph and the next, because adjacent vertical margins should"
                  text run at (0,19) width 240: "collapse to the maximum of the margins."
              RenderBlock {P} at (4,117) size 747x20
                RenderText {#text} at (0,0) size 156x19
                  text run at (0,0) width 156: "This is another paragraph."
              RenderBlock {P} at (4,152) size 747x20
                RenderText {#text} at (0,0) size 472x19
                  text run at (0,0) width 472: "There should be a two-centimeter margin between this paragraph and the next."
              RenderBlock {P} at (4,247) size 747x20
                RenderText {#text} at (0,0) size 156x19
                  text run at (0,0) width 156: "This is another paragraph."
              RenderBlock {P} at (4,282) size 747x39
                RenderText {#text} at (0,0) size 734x38
                  text run at (0,0) width 734: "There should be a one-centimeter margin between this paragraph and the next, because when there is one negative margin,"
                  text run at (0,19) width 393: "the two margins should be added (the minus sign should be kept)."
              RenderBlock {P} at (4,357) size 747x20
                RenderText {#text} at (0,0) size 156x19
                  text run at (0,0) width 156: "This is another paragraph."
              RenderBlock {DIV} at (4,414) size 747x134
                RenderBlock {P} at (0,75) size 747x58
                  RenderText {#text} at (0,0) size 725x57
                    text run at (0,0) width 724: "There should be three centimeters between this text and the text above, but only one centimeter between this text and the"
                    text run at (0,19) width 725: "text below, because vertical margins of nested elements should collapse only if there is no border or padding between the"
                    text run at (0,38) width 50: "margins."
              RenderBlock {P} at (4,585) size 747x20
                RenderText {#text} at (0,0) size 103x19
                  text run at (0,0) width 103: "This is more text."
              RenderBlock {P} at (4,620) size 747x114
                RenderText {#text} at (0,0) size 695x38
                  text run at (0,0) width 695: "There should be two centimeters between this paragraph and the one below, because negative margins collapse to a"
                  text run at (0,19) width 429: "negative margin with the largest absolute value of the margins collapsed."
              RenderBlock {P} at (4,695) size 747x77
                RenderText {#text} at (0,38) size 727x38
                  text run at (0,38) width 727: "This is a paragraph, which I should make very long so that you can easily see how much space there is between it and the"
                  text run at (0,57) width 172: "one below it and to the right."
              RenderBlock (floating) {P} at (4,847) size 374x58
                RenderText {#text} at (0,0) size 366x57
                  text run at (0,0) width 366: "There should be two centimeters between this paragraph and"
                  text run at (0,19) width 346: "the one above it, since margins do not collapse on floating"
                  text run at (0,38) width 56: "elements."
              RenderBlock {P} at (4,809) size 747x58
                RenderText {#text} at (374,0) size 359x57
                  text run at (374,0) width 359: "There should be one centimeter between this paragraph and"
                  text run at (374,19) width 337: "the (non-floating) one above it, since the float should not"
                  text run at (374,38) width 173: "effect the paragraph spacing."
              RenderBlock {P} at (4,920) size 747x76
                RenderText {#text} at (0,0) size 719x38
                  text run at (0,0) width 531: "There should be two centimeters of padding between this paragraph and the one below. "
                  text run at (531,0) width 188: "Padding does not collapse, and"
                  text run at (0,19) width 224: "there is 1cm of padding on each side."
              RenderBlock {P} at (4,996) size 747x57
                RenderText {#text} at (0,38) size 158x19
                  text run at (0,38) width 158: "This is the next paragraph."
