layer at (0,0) size 800x600
  RenderView at (0,0) size 800x600
layer at (0,0) size 800x600
  RenderBlock {HTML} at (0,0) size 800x600
    RenderBody {BODY} at (8,8) size 784x584
      RenderFieldSet {FIELDSET} at (2,0) size 780x371 [border: (2px groove #C0C0C0)]
        RenderBlock {DIV} at (14,7) size 752x352
          RenderInline {DIV} at (0,0) size 122x19
            RenderInline {DIV} at (0,0) size 122x19
              RenderText {#text} at (0,0) size 0x0
              RenderInline {A} at (0,0) size 50x19 [color=#0000EE]
                RenderImage {IMG} at (0,0) size 50x34
              RenderText {#text} at (50,19) size 4x19
                text run at (50,19) width 4: " "
              RenderBlock {INPUT} at (57,23) size 14x13
              RenderInline {LABEL} at (0,0) size 44x19
                RenderText {#text} at (74,19) size 44x19
                  text run at (74,19) width 44: "Classic"
              RenderText {#text} at (117,19) size 5x19
                text run at (117,19) width 5: " "
          RenderText {#text} at (0,0) size 0x0
          RenderInline {DIV} at (0,0) size 116x19
            RenderInline {DIV} at (0,0) size 116x19
              RenderText {#text} at (0,0) size 0x0
              RenderInline {A} at (0,0) size 51x19 [color=#0000EE]
                RenderImage {IMG} at (121,0) size 51x34
              RenderText {#text} at (171,19) size 5x19
                text run at (171,19) width 5: " "
              RenderBlock {INPUT} at (179,23) size 14x13
              RenderInline {LABEL} at (0,0) size 38x19
                RenderText {#text} at (195,19) size 38x19
                  text run at (195,19) width 38: "Africa"
              RenderText {#text} at (232,19) size 5x19
                text run at (232,19) width 5: " "
          RenderText {#text} at (0,0) size 0x0
          RenderInline {DIV} at (0,0) size 198x19
            RenderInline {DIV} at (0,0) size 198x19
              RenderText {#text} at (0,0) size 0x0
              RenderInline {A} at (0,0) size 51x19 [color=#0000EE]
                RenderImage {IMG} at (236,0) size 51x34
              RenderText {#text} at (286,19) size 5x19
                text run at (286,19) width 5: " "
              RenderBlock {INPUT} at (294,23) size 14x13
              RenderInline {LABEL} at (0,0) size 119x19
                RenderText {#text} at (311,19) size 119x19
                  text run at (311,19) width 119: "Alexander's Empire"
              RenderText {#text} at (429,19) size 5x19
                text run at (429,19) width 5: " "
          RenderText {#text} at (0,0) size 0x0
          RenderInline {DIV} at (0,0) size 173x19
            RenderInline {DIV} at (0,0) size 173x19
              RenderText {#text} at (0,0) size 0x0
              RenderInline {A} at (0,0) size 51x19 [color=#0000EE]
                RenderImage {IMG} at (433,0) size 51x34
              RenderText {#text} at (483,19) size 5x19
                text run at (483,19) width 5: " "
              RenderBlock {INPUT} at (490,23) size 14x13
              RenderInline {LABEL} at (0,0) size 95x19
                RenderText {#text} at (507,19) size 95x19
                  text run at (507,19) width 95: "Ancient Greece"
              RenderText {#text} at (601,19) size 5x19
                text run at (601,19) width 5: " "
          RenderText {#text} at (0,0) size 0x0
          RenderInline {DIV} at (0,0) size 118x19
            RenderInline {DIV} at (0,0) size 118x19
              RenderText {#text} at (0,0) size 0x0
              RenderInline {A} at (0,0) size 51x19 [color=#0000EE]
                RenderImage {IMG} at (605,0) size 51x34
              RenderText {#text} at (655,19) size 5x19
                text run at (655,19) width 5: " "
              RenderBlock {INPUT} at (663,23) size 14x13
              RenderInline {LABEL} at (0,0) size 44x19
                RenderText {#text} at (679,19) size 44x19
                  text run at (679,19) width 44: "Classic"
              RenderText {#text} at (0,0) size 0x0
          RenderText {#text} at (0,0) size 0x0
          RenderInline {DIV} at (0,0) size 116x19
            RenderInline {DIV} at (0,0) size 116x19
              RenderText {#text} at (0,0) size 0x0
              RenderInline {A} at (0,0) size 50x19 [color=#0000EE]
                RenderImage {IMG} at (0,39) size 50x34
              RenderText {#text} at (50,58) size 4x19
                text run at (50,58) width 4: " "
              RenderBlock {INPUT} at (57,62) size 14x13
              RenderInline {LABEL} at (0,0) size 38x19
                RenderText {#text} at (74,58) size 38x19
                  text run at (74,58) width 38: "Africa"
              RenderText {#text} at (111,58) size 5x19
                text run at (111,58) width 5: " "
          RenderText {#text} at (0,0) size 0x0
          RenderInline {DIV} at (0,0) size 197x19
            RenderInline {DIV} at (0,0) size 197x19
              RenderText {#text} at (0,0) size 0x0
              RenderInline {A} at (0,0) size 51x19 [color=#0000EE]
                RenderImage {IMG} at (115,39) size 51x34
              RenderText {#text} at (165,58) size 5x19
                text run at (165,58) width 5: " "
              RenderBlock {INPUT} at (173,62) size 14x13
              RenderInline {LABEL} at (0,0) size 119x19
                RenderText {#text} at (189,58) size 119x19
                  text run at (189,58) width 119: "Alexander's Empire"
              RenderText {#text} at (307,58) size 5x19
                text run at (307,58) width 5: " "
          RenderText {#text} at (0,0) size 0x0
          RenderInline {DIV} at (0,0) size 174x19
            RenderInline {DIV} at (0,0) size 174x19
              RenderText {#text} at (0,0) size 0x0
              RenderInline {A} at (0,0) size 51x19 [color=#0000EE]
                RenderImage {IMG} at (311,39) size 51x34
              RenderText {#text} at (361,58) size 5x19
                text run at (361,58) width 5: " "
              RenderBlock {INPUT} at (369,62) size 14x13
              RenderInline {LABEL} at (0,0) size 95x19
                RenderText {#text} at (386,58) size 95x19
                  text run at (386,58) width 95: "Ancient Greece"
              RenderText {#text} at (480,58) size 5x19
                text run at (480,58) width 5: " "
          RenderText {#text} at (0,0) size 0x0
          RenderInline {DIV} at (0,0) size 122x19
            RenderInline {DIV} at (0,0) size 122x19
              RenderText {#text} at (0,0) size 0x0
              RenderInline {A} at (0,0) size 51x19 [color=#0000EE]
                RenderImage {IMG} at (484,39) size 51x34
              RenderText {#text} at (534,58) size 5x19
                text run at (534,58) width 5: " "
              RenderBlock {INPUT} at (541,62) size 14x13
              RenderInline {LABEL} at (0,0) size 44x19
                RenderText {#text} at (558,58) size 44x19
                  text run at (558,58) width 44: "Classic"
              RenderText {#text} at (601,58) size 5x19
                text run at (601,58) width 5: " "
          RenderText {#text} at (0,0) size 0x0
          RenderInline {DIV} at (0,0) size 112x19
            RenderInline {DIV} at (0,0) size 112x19
              RenderText {#text} at (0,0) size 0x0
              RenderInline {A} at (0,0) size 51x19 [color=#0000EE]
                RenderImage {IMG} at (605,39) size 51x34
              RenderText {#text} at (655,58) size 5x19
                text run at (655,58) width 5: " "
              RenderBlock {INPUT} at (663,62) size 14x13
              RenderInline {LABEL} at (0,0) size 38x19
                RenderText {#text} at (679,58) size 38x19
                  text run at (679,58) width 38: "Africa"
              RenderText {#text} at (0,0) size 0x0
          RenderText {#text} at (0,0) size 0x0
          RenderInline {DIV} at (0,0) size 197x19
            RenderInline {DIV} at (0,0) size 197x19
              RenderText {#text} at (0,0) size 0x0
              RenderInline {A} at (0,0) size 50x19 [color=#0000EE]
                RenderImage {IMG} at (0,78) size 50x34
              RenderText {#text} at (50,97) size 4x19
                text run at (50,97) width 4: " "
              RenderBlock {INPUT} at (57,101) size 14x13
              RenderInline {LABEL} at (0,0) size 119x19
                RenderText {#text} at (74,97) size 119x19
                  text run at (74,97) width 119: "Alexander's Empire"
              RenderText {#text} at (192,97) size 5x19
                text run at (192,97) width 5: " "
          RenderText {#text} at (0,0) size 0x0
          RenderInline {DIV} at (0,0) size 173x19
            RenderInline {DIV} at (0,0) size 173x19
              RenderText {#text} at (0,0) size 0x0
              RenderInline {A} at (0,0) size 51x19 [color=#0000EE]
                RenderImage {IMG} at (196,78) size 51x34
              RenderText {#text} at (246,97) size 5x19
                text run at (246,97) width 5: " "
              RenderBlock {INPUT} at (254,101) size 14x13
              RenderInline {LABEL} at (0,0) size 95x19
                RenderText {#text} at (270,97) size 95x19
                  text run at (270,97) width 95: "Ancient Greece"
              RenderText {#text} at (364,97) size 5x19
                text run at (364,97) width 5: " "
          RenderText {#text} at (0,0) size 0x0
          RenderInline {DIV} at (0,0) size 123x19
            RenderInline {DIV} at (0,0) size 123x19
              RenderText {#text} at (0,0) size 0x0
              RenderInline {A} at (0,0) size 51x19 [color=#0000EE]
                RenderImage {IMG} at (368,78) size 51x34
              RenderText {#text} at (418,97) size 5x19
                text run at (418,97) width 5: " "
              RenderBlock {INPUT} at (426,101) size 14x13
              RenderInline {LABEL} at (0,0) size 44x19
                RenderText {#text} at (443,97) size 44x19
                  text run at (443,97) width 44: "Classic"
              RenderText {#text} at (486,97) size 5x19
                text run at (486,97) width 5: " "
          RenderText {#text} at (0,0) size 0x0
          RenderInline {DIV} at (0,0) size 112x19
            RenderInline {DIV} at (0,0) size 112x19
              RenderText {#text} at (0,0) size 0x0
              RenderInline {A} at (0,0) size 51x19 [color=#0000EE]
                RenderImage {IMG} at (490,78) size 51x34
              RenderText {#text} at (540,97) size 5x19
                text run at (540,97) width 5: " "
              RenderBlock {INPUT} at (547,101) size 14x13
              RenderInline {LABEL} at (0,0) size 38x19
                RenderText {#text} at (564,97) size 38x19
                  text run at (564,97) width 38: "Africa"
              RenderText {#text} at (0,0) size 0x0
          RenderText {#text} at (0,0) size 0x0
          RenderInline {DIV} at (0,0) size 197x19
            RenderInline {DIV} at (0,0) size 197x19
              RenderText {#text} at (0,0) size 0x0
              RenderInline {A} at (0,0) size 50x19 [color=#0000EE]
                RenderImage {IMG} at (0,117) size 50x34
              RenderText {#text} at (50,136) size 4x19
                text run at (50,136) width 4: " "
              RenderBlock {INPUT} at (57,140) size 14x13
              RenderInline {LABEL} at (0,0) size 119x19
                RenderText {#text} at (74,136) size 119x19
                  text run at (74,136) width 119: "Alexander's Empire"
              RenderText {#text} at (192,136) size 5x19
                text run at (192,136) width 5: " "
          RenderText {#text} at (0,0) size 0x0
          RenderInline {DIV} at (0,0) size 173x19
            RenderInline {DIV} at (0,0) size 173x19
              RenderText {#text} at (0,0) size 0x0
              RenderInline {A} at (0,0) size 51x19 [color=#0000EE]
                RenderImage {IMG} at (196,117) size 51x34
              RenderText {#text} at (246,136) size 5x19
                text run at (246,136) width 5: " "
              RenderBlock {INPUT} at (254,140) size 14x13
              RenderInline {LABEL} at (0,0) size 95x19
                RenderText {#text} at (270,136) size 95x19
                  text run at (270,136) width 95: "Ancient Greece"
              RenderText {#text} at (364,136) size 5x19
                text run at (364,136) width 5: " "
          RenderText {#text} at (0,0) size 0x0
          RenderInline {DIV} at (0,0) size 123x19
            RenderInline {DIV} at (0,0) size 123x19
              RenderText {#text} at (0,0) size 0x0
              RenderInline {A} at (0,0) size 51x19 [color=#0000EE]
                RenderImage {IMG} at (368,117) size 51x34
              RenderText {#text} at (418,136) size 5x19
                text run at (418,136) width 5: " "
              RenderBlock {INPUT} at (426,140) size 14x13
              RenderInline {LABEL} at (0,0) size 44x19
                RenderText {#text} at (443,136) size 44x19
                  text run at (443,136) width 44: "Classic"
              RenderText {#text} at (486,136) size 5x19
                text run at (486,136) width 5: " "
          RenderText {#text} at (0,0) size 0x0
          RenderInline {DIV} at (0,0) size 112x19
            RenderInline {DIV} at (0,0) size 112x19
              RenderText {#text} at (0,0) size 0x0
              RenderInline {A} at (0,0) size 51x19 [color=#0000EE]
                RenderImage {IMG} at (490,117) size 51x34
              RenderText {#text} at (540,136) size 5x19
                text run at (540,136) width 5: " "
              RenderBlock {INPUT} at (547,140) size 14x13
              RenderInline {LABEL} at (0,0) size 38x19
                RenderText {#text} at (564,136) size 38x19
                  text run at (564,136) width 38: "Africa"
              RenderText {#text} at (0,0) size 0x0
          RenderText {#text} at (0,0) size 0x0
          RenderInline {DIV} at (0,0) size 197x19
            RenderInline {DIV} at (0,0) size 197x19
              RenderText {#text} at (0,0) size 0x0
              RenderInline {A} at (0,0) size 50x19 [color=#0000EE]
                RenderImage {IMG} at (0,156) size 50x34
              RenderText {#text} at (50,175) size 4x19
                text run at (50,175) width 4: " "
              RenderBlock {INPUT} at (57,179) size 14x13
              RenderInline {LABEL} at (0,0) size 119x19
                RenderText {#text} at (74,175) size 119x19
                  text run at (74,175) width 119: "Alexander's Empire"
              RenderText {#text} at (192,175) size 5x19
                text run at (192,175) width 5: " "
          RenderText {#text} at (0,0) size 0x0
          RenderInline {DIV} at (0,0) size 173x19
            RenderInline {DIV} at (0,0) size 173x19
              RenderText {#text} at (0,0) size 0x0
              RenderInline {A} at (0,0) size 51x19 [color=#0000EE]
                RenderImage {IMG} at (196,156) size 51x34
              RenderText {#text} at (246,175) size 5x19
                text run at (246,175) width 5: " "
              RenderBlock {INPUT} at (254,179) size 14x13
              RenderInline {LABEL} at (0,0) size 95x19
                RenderText {#text} at (270,175) size 95x19
                  text run at (270,175) width 95: "Ancient Greece"
              RenderText {#text} at (364,175) size 5x19
                text run at (364,175) width 5: " "
          RenderText {#text} at (0,0) size 0x0
          RenderInline {DIV} at (0,0) size 123x19
            RenderInline {DIV} at (0,0) size 123x19
              RenderText {#text} at (0,0) size 0x0
              RenderInline {A} at (0,0) size 51x19 [color=#0000EE]
                RenderImage {IMG} at (368,156) size 51x34
              RenderText {#text} at (418,175) size 5x19
                text run at (418,175) width 5: " "
              RenderBlock {INPUT} at (426,179) size 14x13
              RenderInline {LABEL} at (0,0) size 44x19
                RenderText {#text} at (443,175) size 44x19
                  text run at (443,175) width 44: "Classic"
              RenderText {#text} at (486,175) size 5x19
                text run at (486,175) width 5: " "
          RenderText {#text} at (0,0) size 0x0
          RenderInline {DIV} at (0,0) size 112x19
            RenderInline {DIV} at (0,0) size 112x19
              RenderText {#text} at (0,0) size 0x0
              RenderInline {A} at (0,0) size 51x19 [color=#0000EE]
                RenderImage {IMG} at (490,156) size 51x34
              RenderText {#text} at (540,175) size 5x19
                text run at (540,175) width 5: " "
              RenderBlock {INPUT} at (547,179) size 14x13
              RenderInline {LABEL} at (0,0) size 38x19
                RenderText {#text} at (564,175) size 38x19
                  text run at (564,175) width 38: "Africa"
              RenderText {#text} at (0,0) size 0x0
          RenderText {#text} at (0,0) size 0x0
          RenderInline {DIV} at (0,0) size 197x19
            RenderInline {DIV} at (0,0) size 197x19
              RenderText {#text} at (0,0) size 0x0
              RenderInline {A} at (0,0) size 50x19 [color=#0000EE]
                RenderImage {IMG} at (0,195) size 50x34
              RenderText {#text} at (50,214) size 4x19
                text run at (50,214) width 4: " "
              RenderBlock {INPUT} at (57,218) size 14x13
              RenderInline {LABEL} at (0,0) size 119x19
                RenderText {#text} at (74,214) size 119x19
                  text run at (74,214) width 119: "Alexander's Empire"
              RenderText {#text} at (192,214) size 5x19
                text run at (192,214) width 5: " "
          RenderText {#text} at (0,0) size 0x0
          RenderInline {DIV} at (0,0) size 173x19
            RenderInline {DIV} at (0,0) size 173x19
              RenderText {#text} at (0,0) size 0x0
              RenderInline {A} at (0,0) size 51x19 [color=#0000EE]
                RenderImage {IMG} at (196,195) size 51x34
              RenderText {#text} at (246,214) size 5x19
                text run at (246,214) width 5: " "
              RenderBlock {INPUT} at (254,218) size 14x13
              RenderInline {LABEL} at (0,0) size 95x19
                RenderText {#text} at (270,214) size 95x19
                  text run at (270,214) width 95: "Ancient Greece"
              RenderText {#text} at (364,214) size 5x19
                text run at (364,214) width 5: " "
          RenderText {#text} at (0,0) size 0x0
          RenderInline {DIV} at (0,0) size 123x19
            RenderInline {DIV} at (0,0) size 123x19
              RenderText {#text} at (0,0) size 0x0
              RenderInline {A} at (0,0) size 51x19 [color=#0000EE]
                RenderImage {IMG} at (368,195) size 51x34
              RenderText {#text} at (418,214) size 5x19
                text run at (418,214) width 5: " "
              RenderBlock {INPUT} at (426,218) size 14x13
              RenderInline {LABEL} at (0,0) size 44x19
                RenderText {#text} at (443,214) size 44x19
                  text run at (443,214) width 44: "Classic"
              RenderText {#text} at (486,214) size 5x19
                text run at (486,214) width 5: " "
          RenderText {#text} at (0,0) size 0x0
          RenderInline {DIV} at (0,0) size 112x19
            RenderInline {DIV} at (0,0) size 112x19
              RenderText {#text} at (0,0) size 0x0
              RenderInline {A} at (0,0) size 51x19 [color=#0000EE]
                RenderImage {IMG} at (490,195) size 51x34
              RenderText {#text} at (540,214) size 5x19
                text run at (540,214) width 5: " "
              RenderBlock {INPUT} at (547,218) size 14x13
              RenderInline {LABEL} at (0,0) size 38x19
                RenderText {#text} at (564,214) size 38x19
                  text run at (564,214) width 38: "Africa"
              RenderText {#text} at (0,0) size 0x0
          RenderText {#text} at (0,0) size 0x0
          RenderInline {DIV} at (0,0) size 197x19
            RenderInline {DIV} at (0,0) size 197x19
              RenderText {#text} at (0,0) size 0x0
              RenderInline {A} at (0,0) size 50x19 [color=#0000EE]
                RenderImage {IMG} at (0,234) size 50x34
              RenderText {#text} at (50,253) size 4x19
                text run at (50,253) width 4: " "
              RenderBlock {INPUT} at (57,257) size 14x13
              RenderInline {LABEL} at (0,0) size 119x19
                RenderText {#text} at (74,253) size 119x19
                  text run at (74,253) width 119: "Alexander's Empire"
              RenderText {#text} at (192,253) size 5x19
                text run at (192,253) width 5: " "
          RenderText {#text} at (0,0) size 0x0
          RenderInline {DIV} at (0,0) size 173x19
            RenderInline {DIV} at (0,0) size 173x19
              RenderText {#text} at (0,0) size 0x0
              RenderInline {A} at (0,0) size 51x19 [color=#0000EE]
                RenderImage {IMG} at (196,234) size 51x34
              RenderText {#text} at (246,253) size 5x19
                text run at (246,253) width 5: " "
              RenderBlock {INPUT} at (254,257) size 14x13
              RenderInline {LABEL} at (0,0) size 95x19
                RenderText {#text} at (270,253) size 95x19
                  text run at (270,253) width 95: "Ancient Greece"
              RenderText {#text} at (364,253) size 5x19
                text run at (364,253) width 5: " "
          RenderText {#text} at (0,0) size 0x0
          RenderInline {DIV} at (0,0) size 123x19
            RenderInline {DIV} at (0,0) size 123x19
              RenderText {#text} at (0,0) size 0x0
              RenderInline {A} at (0,0) size 51x19 [color=#0000EE]
                RenderImage {IMG} at (368,234) size 51x34
              RenderText {#text} at (418,253) size 5x19
                text run at (418,253) width 5: " "
              RenderBlock {INPUT} at (426,257) size 14x13
              RenderInline {LABEL} at (0,0) size 44x19
                RenderText {#text} at (443,253) size 44x19
                  text run at (443,253) width 44: "Classic"
              RenderText {#text} at (486,253) size 5x19
                text run at (486,253) width 5: " "
          RenderText {#text} at (0,0) size 0x0
          RenderInline {DIV} at (0,0) size 112x19
            RenderInline {DIV} at (0,0) size 112x19
              RenderText {#text} at (0,0) size 0x0
              RenderInline {A} at (0,0) size 51x19 [color=#0000EE]
                RenderImage {IMG} at (490,234) size 51x34
              RenderText {#text} at (540,253) size 5x19
                text run at (540,253) width 5: " "
              RenderBlock {INPUT} at (547,257) size 14x13
              RenderInline {LABEL} at (0,0) size 38x19
                RenderText {#text} at (564,253) size 38x19
                  text run at (564,253) width 38: "Africa"
              RenderText {#text} at (0,0) size 0x0
          RenderText {#text} at (0,0) size 0x0
          RenderInline {DIV} at (0,0) size 197x19
            RenderInline {DIV} at (0,0) size 197x19
              RenderText {#text} at (0,0) size 0x0
              RenderInline {A} at (0,0) size 50x19 [color=#0000EE]
                RenderImage {IMG} at (0,273) size 50x34
              RenderText {#text} at (50,292) size 4x19
                text run at (50,292) width 4: " "
              RenderBlock {INPUT} at (57,296) size 14x13
              RenderInline {LABEL} at (0,0) size 119x19
                RenderText {#text} at (74,292) size 119x19
                  text run at (74,292) width 119: "Alexander's Empire"
              RenderText {#text} at (192,292) size 5x19
                text run at (192,292) width 5: " "
          RenderText {#text} at (0,0) size 0x0
          RenderInline {DIV} at (0,0) size 173x19
            RenderInline {DIV} at (0,0) size 173x19
              RenderText {#text} at (0,0) size 0x0
              RenderInline {A} at (0,0) size 51x19 [color=#0000EE]
                RenderImage {IMG} at (196,273) size 51x34
              RenderText {#text} at (246,292) size 5x19
                text run at (246,292) width 5: " "
              RenderBlock {INPUT} at (254,296) size 14x13
              RenderInline {LABEL} at (0,0) size 95x19
                RenderText {#text} at (270,292) size 95x19
                  text run at (270,292) width 95: "Ancient Greece"
              RenderText {#text} at (364,292) size 5x19
                text run at (364,292) width 5: " "
          RenderText {#text} at (0,0) size 0x0
          RenderInline {DIV} at (0,0) size 123x19
            RenderInline {DIV} at (0,0) size 123x19
              RenderText {#text} at (0,0) size 0x0
              RenderInline {A} at (0,0) size 51x19 [color=#0000EE]
                RenderImage {IMG} at (368,273) size 51x34
              RenderText {#text} at (418,292) size 5x19
                text run at (418,292) width 5: " "
              RenderBlock {INPUT} at (426,296) size 14x13
              RenderInline {LABEL} at (0,0) size 44x19
                RenderText {#text} at (443,292) size 44x19
                  text run at (443,292) width 44: "Classic"
              RenderText {#text} at (486,292) size 5x19
                text run at (486,292) width 5: " "
          RenderText {#text} at (0,0) size 0x0
          RenderInline {DIV} at (0,0) size 112x19
            RenderInline {DIV} at (0,0) size 112x19
              RenderText {#text} at (0,0) size 0x0
              RenderInline {A} at (0,0) size 51x19 [color=#0000EE]
                RenderImage {IMG} at (490,273) size 51x34
              RenderText {#text} at (540,292) size 5x19
                text run at (540,292) width 5: " "
              RenderBlock {INPUT} at (547,296) size 14x13
              RenderInline {LABEL} at (0,0) size 38x19
                RenderText {#text} at (564,292) size 38x19
                  text run at (564,292) width 38: "Africa"
              RenderText {#text} at (0,0) size 0x0
          RenderText {#text} at (0,0) size 0x0
          RenderInline {DIV} at (0,0) size 197x19
            RenderInline {DIV} at (0,0) size 197x19
              RenderText {#text} at (0,0) size 0x0
              RenderInline {A} at (0,0) size 50x19 [color=#0000EE]
                RenderImage {IMG} at (0,312) size 50x34
              RenderText {#text} at (50,331) size 4x19
                text run at (50,331) width 4: " "
              RenderBlock {INPUT} at (57,335) size 14x13
              RenderInline {LABEL} at (0,0) size 119x19
                RenderText {#text} at (74,331) size 119x19
                  text run at (74,331) width 119: "Alexander's Empire"
              RenderText {#text} at (192,331) size 5x19
                text run at (192,331) width 5: " "
          RenderText {#text} at (0,0) size 0x0
          RenderInline {DIV} at (0,0) size 169x19
            RenderInline {DIV} at (0,0) size 169x19
              RenderText {#text} at (0,0) size 0x0
              RenderInline {A} at (0,0) size 51x19 [color=#0000EE]
                RenderImage {IMG} at (196,312) size 51x34
              RenderText {#text} at (246,331) size 5x19
                text run at (246,331) width 5: " "
              RenderBlock {INPUT} at (254,335) size 14x13
              RenderInline {LABEL} at (0,0) size 95x19
                RenderText {#text} at (270,331) size 95x19
                  text run at (270,331) width 95: "Ancient Greece"
              RenderText {#text} at (0,0) size 0x0
          RenderText {#text} at (0,0) size 0x0
