layer at (0,0) size 800x600
  RenderView at (0,0) size 800x600
layer at (0,0) size 800x191
  RenderBlock {HTML} at (0,0) size 800x191
    RenderBody {BODY} at (8,8) size 784x167
      RenderBlock {DIV} at (0,0) size 784x17
        RenderText {#text} at (0,0) size 766x17
          text run at (0,0) width 405: "The words \"flow content\" in green should display after this div, "
          text run at (405,0) width 361: "and there should be two copies of this content that match."
      RenderRegion {DIV} at (0,17) size 300x100
      RenderBlock {DIV} at (0,117) size 784x17
        RenderText {#text} at (0,0) size 766x17
          text run at (0,0) width 405: "The words \"flow content\" in green should display after this div, "
          text run at (405,0) width 361: "and there should be two copies of this content that match."
      RenderBlock {DIV} at (0,150) size 784x17 [color=#008000]
        RenderBlock {P} at (0,0) size 784x17
          RenderText {#text} at (0,0) size 79x17
            text run at (0,0) width 79: "flow content"
Flow Threads
  Thread with flow-name 'main-thread'
    layer at (0,0) size 300x100
      RenderNamedFlowThread at (0,0) size 300x100
        RenderBlock {DIV} at (0,16) size 300x17 [color=#008000]
          RenderBlock {P} at (0,0) size 300x17
            RenderText {#text} at (0,0) size 79x17
              text run at (0,0) width 79: "flow content"
  Regions for flow 'main-thread'
    RenderRegion {DIV} #region1
