layer at (0,0) size 800x600
  RenderView at (0,0) size 800x600
layer at (0,0) size 800x480
  RenderBlock {HTML} at (0,0) size 800x480
    RenderBody {BODY} at (8,16) size 784x456
      RenderBlock {P} at (0,0) size 784x34
        RenderText {#text} at (0,0) size 772x34
          text run at (0,0) width 772: "The first and last lines of text in the regions below should be clipped to the green box. The overflow section sizes itself and"
          text run at (0,17) width 692: "clips differently in each region. The green box should be even with the lime floats at the top of the first region."
      RenderBlock {DIV} at (0,50) size 784x406
        RenderRegion {DIV} at (0,0) size 302x102 [border: (1px solid #000000)]
        RenderRegion {DIV} at (0,102) size 402x182 [border: (1px solid #000000)]
        RenderRegion {DIV} at (0,284) size 222x122 [border: (1px solid #000000)]
Flow Threads
  Thread with flow-name 'flow1'
    layer at (0,0) size 400x400
      RenderNamedFlowThread at (0,0) size 400x400
        RenderBlock {DIV} at (0,0) size 400x258
          RenderBlock {DIV} at (5,5) size 390x248 [border: (1px solid #0000FF)]
            RenderBlock (floating) {DIV} at (1,1) size 30x50 [bgcolor=#00FF00]
            RenderBlock (floating) {DIV} at (259,1) size 30x50 [bgcolor=#00FF00]
    layer at (6,6) size 293x246 clip at (7,7) size 291x244 scrollWidth 500
      RenderBlock {DIV} at (1,1) size 293x246 [border: (1px solid #008000)]
        RenderBlock {DIV} at (1,1) size 500x17
          RenderText {#text} at (35,0) size 286x17
            text run at (35,0) width 286: "Clipped line of text that should not be visible."
        RenderBlock {P} at (1,34) size 291x94
          RenderText {#text} at (35,0) size 303x94
            text run at (35,0) width 216: "These lines will not spill out of"
            text run at (35,17) width 216: "the regions. These lines will not"
            text run at (35,34) width 178: "spill out of the regions. "
            text run at (213,34) width 38: "These"
            text run at (48,60) width 290: "lines will not spill out of the regions. These"
            text run at (48,77) width 229: "lines will not spill out of the regions."
        RenderBlock {P} at (1,144) size 291x68
          RenderText {#text} at (48,0) size 290x68
            text run at (48,0) width 290: "These lines will not spill out of the regions."
            text run at (48,17) width 290: "These lines will not spill out of the regions."
            text run at (48,34) width 290: "These lines will not spill out of the regions."
            text run at (48,51) width 271: "These lines will not spill out of the regions."
        RenderBlock {DIV} at (1,228) size 500x17
          RenderText {#text} at (48,0) size 286x17
            text run at (48,0) width 286: "Clipped line of text that should not be visible."
  Regions for flow 'flow1'
    RenderRegion {DIV} #region1
    RenderRegion {DIV} #region2
    RenderRegion {DIV} #region3
