layer at (0,0) size 800x600
  RenderView at (0,0) size 800x600
layer at (0,0) size 800x530
  RenderBlock {HTML} at (0,0) size 800x530
    RenderBody {BODY} at (8,16) size 784x506
      RenderBlock {P} at (0,0) size 784x34
        RenderText {#text} at (0,0) size 772x34
          text run at (0,0) width 772: "The first and last lines of text in the regions below should be clipped to the green box. The overflow section sizes itself and"
          text run at (0,17) width 692: "clips differently in each region. The green box should be even with the lime floats at the top of the first region."
      RenderBlock {DIV} at (0,50) size 784x456
        RenderRegion {DIV} at (0,0) size 402x152 [border: (1px solid #000000)]
        RenderRegion {DIV} at (0,152) size 402x152 [border: (1px solid #000000)]
        RenderRegion {DIV} at (0,304) size 402x152 [border: (1px solid #000000)]
Flow Threads
  Thread with flow-name 'flow1'
    layer at (0,0) size 400x450
      RenderNamedFlowThread at (0,0) size 400x450
        RenderBlock {DIV} at (0,0) size 400x212
          RenderBlock {DIV} at (5,5) size 390x202 [border: (1px solid #0000FF)]
            RenderBlock (floating) {DIV} at (6,6) size 50x50 [bgcolor=#00FF00]
            RenderBlock (floating) {DIV} at (334,6) size 50x50 [bgcolor=#00FF00]
    layer at (11,11) size 278x190 clip at (12,12) size 276x188 scrollWidth 376
      RenderBlock {DIV} at (6,6) size 278x190 [border: (1px solid #008000)]
        RenderBlock {P} at (1,17) size 276x68
          RenderText {#text} at (50,0) size 276x68
            text run at (50,0) width 276: "These lines will not spill out of the regions."
            text run at (50,17) width 276: "These lines will not spill out of the regions."
            text run at (50,34) width 276: "These lines will not spill out of the regions."
            text run at (50,51) width 271: "These lines will not spill out of the regions."
        RenderBlock {P} at (1,101) size 276x72
          RenderText {#text} at (50,0) size 376x72
            text run at (50,0) width 276: "These lines will not spill out of the regions."
            text run at (50,17) width 276: "These lines will not spill out of the regions."
            text run at (0,38) width 376: "These lines will not spill out of the regions. These lines will"
            text run at (0,55) width 168: "not spill out of the regions."
  Regions for flow 'flow1'
    RenderRegion {DIV} #region1
    RenderRegion {DIV} #region2
    RenderRegion {DIV} #region3
