layer at (0,0) size 800x600
  RenderView at (0,0) size 800x600
layer at (0,0) size 800x480
  RenderBlock {HTML} at (0,0) size 800x480
    RenderBody {BODY} at (8,16) size 784x456
      RenderBlock {P} at (0,0) size 784x34
        RenderText {#text} at (0,0) size 772x34
          text run at (0,0) width 772: "The first and last lines of text in the regions below should be clipped to the green box. The overflow section sizes itself and"
          text run at (0,17) width 195: "clips differently in each region."
      RenderBlock {DIV} at (0,50) size 784x406
        RenderRegion {DIV} at (0,0) size 202x102 [border: (1px solid #000000)]
        RenderRegion {DIV} at (0,102) size 302x182 [border: (1px solid #000000)]
        RenderRegion {DIV} at (0,284) size 122x122 [border: (1px solid #000000)]
Flow Threads
  Thread with flow-name 'flow1'
    layer at (0,0) size 300x400
      RenderNamedFlowThread at (0,0) size 300x400
        RenderBlock {DIV} at (0,0) size 300x374
          RenderBlock {DIV} at (5,5) size 290x364 [border: (1px solid #0000FF)]
    layer at (41,6) size 218x362 clip at (42,7) size 216x360 scrollWidth 500
      RenderBlock {DIV} at (36,1) size 218x362 [border: (1px solid #008000)]
        RenderBlock {DIV} at (1,1) size 500x17
          RenderText {#text} at (-12,0) size 286x17
            text run at (-12,0) width 286: "Clipped line of text that should not be visible."
        RenderBlock {P} at (1,34) size 216x128
          RenderText {#text} at (-12,0) size 228x128
            text run at (-12,0) width 140: "These lines will not"
            text run at (-12,17) width 140: "spill out of the"
            text run at (-12,34) width 140: "regions. These lines"
            text run at (0,60) width 216: "will not spill out of the regions."
            text run at (0,77) width 216: "These lines will not spill out of"
            text run at (0,94) width 216: "the regions. These lines will not"
            text run at (0,111) width 144: "spill out of the regions."
        RenderBlock {P} at (1,178) size 216x130
          RenderText {#text} at (0,0) size 238x130
            text run at (0,0) width 216: "These lines will not spill out of"
            text run at (0,17) width 216: "the regions. These lines will not"
            text run at (0,34) width 178: "spill out of the regions. "
            text run at (178,34) width 38: "These"
            text run at (0,51) width 216: "lines will not spill out of the"
            text run at (0,68) width 216: "regions. These lines will not spill"
            text run at (-22,96) width 80: "out of the"
            text run at (-22,113) width 50: "regions."
        RenderBlock {DIV} at (1,324) size 500x17
          RenderText {#text} at (-22,0) size 286x17
            text run at (-22,0) width 286: "Clipped line of text that should not be visible."
  Regions for flow 'flow1'
    RenderRegion {DIV} #region1
    RenderRegion {DIV} #region2
    RenderRegion {DIV} #region3
