layer at (0,0) size 800x600
  RenderView at (0,0) size 800x600
layer at (0,0) size 800x422
  RenderBlock {HTML} at (0,0) size 800x422
    RenderBody {BODY} at (8,8) size 784x406
      RenderBlock {DIV} at (0,0) size 784x406
        RenderRegion {DIV} at (582,0) size 202x102 [border: (1px solid #000000)]
        RenderRegion {DIV} at (482,102) size 302x182 [border: (1px solid #000000)]
        RenderRegion {DIV} at (662,284) size 122x122 [border: (1px solid #000000)]
Flow Threads
  Thread with flow-name 'flow1'
    layer at (0,0) size 300x400
      RenderNamedFlowThread at (0,0) size 300x400
        RenderBlock {DIV} at (0,0) size 300x584
          RenderBlock {DIV} at (34,5) size 232x574 [border: (1px solid #0000FF)]
            RenderBlock {DIV} at (11,11) size 210x552 [border: (1px solid #008000)]
              RenderBlock {P} at (1,17) size 208x152
                RenderText {#text} at (90,0) size 218x152
                  text run at (90,0) width 128: "This line of text"
                  text run at (90,17) width 128: "should not get out"
                  text run at (90,34) width 128: "of the region. This"
                  text run at (0,67) width 208: "line of text should not get out of"
                  text run at (0,84) width 208: "the region. This line of text"
                  text run at (0,101) width 208: "should not get out of the region."
                  text run at (0,118) width 208: "This line of text should not get"
                  text run at (100,135) width 4 RTL: "."
                  text run at (104,135) width 104: "out of the region"
              RenderBlock {P} at (1,185) size 208x232
                RenderText {#text} at (0,0) size 226x232
                  text run at (0,0) width 208: "This line of text should not get"
                  text run at (0,17) width 208: "out of the region. This line of"
                  text run at (0,34) width 208: "text should not get out of the"
                  text run at (0,51) width 208: "region. This line of text should"
                  text run at (162,79) width 64: "not get"
                  text run at (162,96) width 64: "out of the"
                  text run at (182,113) width 44: "region."
                  text run at (162,130) width 64: "This line"
                  text run at (162,147) width 64: "of text"
                  text run at (184,164) width 42: "should"
                  text run at (162,181) width 64: "not get"
                  text run at (162,198) width 64: "out of the"
                  text run at (182,215) width 4 RTL: "."
                  text run at (186,215) width 40: "region"
              RenderBlock {P} at (1,433) size 208x102
                RenderText {#text} at (162,0) size 64x102
                  text run at (162,0) width 64: "This line"
                  text run at (162,17) width 64: "of text"
                  text run at (184,34) width 42: "should"
                  text run at (162,51) width 64: "not get"
                  text run at (162,68) width 64: "out of the"
                  text run at (182,85) width 4 RTL: "."
                  text run at (186,85) width 40: "region"
  Regions for flow 'flow1'
    RenderRegion {DIV} #region1
    RenderRegion {DIV} #region2
    RenderRegion {DIV} #region3
