layer at (0,0) size 785x1630
  RenderView at (0,0) size 785x600
layer at (0,0) size 785x1630
  RenderBlock {HTML} at (0,0) size 785x1630
    RenderBody {BODY} at (8,16) size 769x1566 [bgcolor=#FFFFFF]
      RenderBlock {P} at (0,0) size 769x19
        RenderText {#text} at (0,0) size 162x19
          text run at (0,0) width 162: "This page is part of the "
        RenderInline {A} at (0,0) size 72x19 [color=#0000EE]
          RenderText {#text} at (162,0) size 72x19
            text run at (162,0) width 72: "CSS3.info"
        RenderText {#text} at (234,0) size 4x19
          text run at (234,0) width 4: " "
        RenderInline {A} at (0,0) size 130x19 [color=#0000EE]
          RenderText {#text} at (238,0) size 130x19
            text run at (238,0) width 130: "CSS selectors test"
        RenderText {#text} at (368,0) size 131x19
          text run at (368,0) width 131: ". See more info on "
        RenderInline {A} at (0,0) size 110x19 [color=#0000EE]
          RenderText {#text} at (499,0) size 110x19
            text run at (499,0) width 110: "CSS3 selectors"
        RenderText {#text} at (609,0) size 4x19
          text run at (609,0) width 4: "."
      RenderBlock {DIV} at (0,35) size 769x0 [bgcolor=#009900]
      RenderBlock {OL} at (0,35) size 769x1531
        RenderListItem {LI} at (40,0) size 616x197 [bgcolor=#AAAAAA]
          RenderBlock {DIV} at (16,16) size 584x24 [bgcolor=#990000]
            RenderBlock {DIV} at (0,0) size 584x24 [bgcolor=#009900]
          RenderBlock {PRE} at (16,53) size 584x77 [bgcolor=#FFFFFF]
            RenderListMarker at (-38,6) size 17x20: "1"
            RenderText {#text} at (7,10) size 88x61
              text run at (7,10) width 64: ":empty {"
              text run at (71,10) width 0: " "
              text run at (7,26) width 8: "}"
              text run at (15,26) width 0: " "
              text run at (7,41) width 0: " "
              text run at (7,56) width 88: "<div></div>"
          RenderBlock {P} at (16,146) size 584x19
            RenderText {#text} at (0,0) size 468x19
              text run at (0,0) width 468: "The CSS selector should match the div element, because it is empty"
        RenderListItem {LI} at (40,245) size 616x197 [bgcolor=#AAAAAA]
          RenderBlock {DIV} at (16,16) size 584x24 [bgcolor=#990000]
            RenderBlock {DIV} at (0,0) size 584x24 [bgcolor=#009900]
          RenderBlock {PRE} at (16,53) size 584x77 [bgcolor=#FFFFFF]
            RenderListMarker at (-38,6) size 17x20: "2"
            RenderText {#text} at (7,10) size 272x61
              text run at (7,10) width 64: ":empty {"
              text run at (71,10) width 0: " "
              text run at (7,26) width 8: "}"
              text run at (15,26) width 0: " "
              text run at (7,41) width 0: " "
              text run at (7,56) width 272: "<div><!-- Just a comment --></div>"
          RenderBlock {P} at (16,146) size 584x19
            RenderText {#text} at (0,0) size 468x19
              text run at (0,0) width 468: "The CSS selector should match the div element, because it is empty"
        RenderListItem {LI} at (40,490) size 616x197 [bgcolor=#AAAAAA]
          RenderBlock {DIV} at (16,16) size 584x24 [bgcolor=#009900]
            RenderBlock {DIV} at (0,0) size 584x24
          RenderBlock {PRE} at (16,53) size 584x77 [bgcolor=#FFFFFF]
            RenderListMarker at (-38,6) size 17x20: "3"
            RenderText {#text} at (7,10) size 96x61
              text run at (7,10) width 64: ":empty {"
              text run at (71,10) width 0: " "
              text run at (7,26) width 8: "}"
              text run at (15,26) width 0: " "
              text run at (7,41) width 0: " "
              text run at (7,56) width 96: "<div> </div>"
          RenderBlock {P} at (16,146) size 584x19
            RenderText {#text} at (0,0) size 518x19
              text run at (0,0) width 518: "The CSS selector should not match the div element, because it is not empty"
        RenderListItem {LI} at (40,735) size 616x242 [bgcolor=#AAAAAA]
          RenderBlock {DIV} at (16,16) size 584x43 [bgcolor=#009900]
            RenderBlock {DIV} at (0,0) size 584x43
              RenderListMarker at (-38,12) size 17x19: "4"
              RenderText {#text} at (12,12) size 4x19
                text run at (12,12) width 4: "."
          RenderBlock {PRE} at (16,72) size 584x103 [bgcolor=#FFFFFF]
            RenderText {#text} at (7,7) size 224x90
              text run at (7,7) width 64: ":empty {"
              text run at (71,7) width 0: " "
              text run at (7,22) width 8: "}"
              text run at (15,22) width 0: " "
              text run at (7,37) width 0: " "
              text run at (7,52) width 48: "<div> "
              text run at (55,52) width 0: " "
              text run at (7,67) width 224: "   How about regular text..."
              text run at (231,67) width 0: " "
              text run at (7,82) width 48: "</div>"
          RenderBlock {P} at (16,191) size 584x19
            RenderText {#text} at (0,0) size 518x19
              text run at (0,0) width 518: "The CSS selector should not match the div element, because it is not empty"
        RenderListItem {LI} at (40,1025) size 616x197 [bgcolor=#AAAAAA]
          RenderBlock {DIV} at (16,16) size 584x24 [bgcolor=#009900]
            RenderBlock {DIV} at (0,0) size 584x24
              RenderBlock {BLOCKQUOTE} at (12,12) size 560x0 [bgcolor=#990000]
          RenderBlock {PRE} at (16,53) size 584x77 [bgcolor=#FFFFFF]
            RenderListMarker at (-38,6) size 17x20: "5"
            RenderText {#text} at (7,10) size 288x61
              text run at (7,10) width 64: ":empty {"
              text run at (71,10) width 0: " "
              text run at (7,26) width 8: "}"
              text run at (15,26) width 0: " "
              text run at (7,41) width 0: " "
              text run at (7,56) width 288: "<div><blockquote></blockquote></div>"
          RenderBlock {P} at (16,146) size 584x19
            RenderText {#text} at (0,0) size 518x19
              text run at (0,0) width 518: "The CSS selector should not match the div element, because it is not empty"
        RenderListItem {LI} at (40,1270) size 616x261 [bgcolor=#AAAAAA]
          RenderBlock {DIV} at (16,16) size 584x24 [bgcolor=#009900]
            RenderBlock {DIV} at (0,0) size 584x24
              RenderBlock {DIV} at (12,12) size 560x0 [bgcolor=#990000]
          RenderBlock {PRE} at (16,53) size 584x122 [bgcolor=#FFFFFF]
            RenderListMarker at (-38,6) size 17x20: "6"
            RenderText {#text} at (7,10) size 384x106
              text run at (7,10) width 64: ":empty {"
              text run at (71,10) width 0: " "
              text run at (7,26) width 8: "}"
              text run at (15,26) width 0: " "
              text run at (7,41) width 0: " "
              text run at (7,56) width 224: "<div id='appendChild'></div>"
              text run at (231,56) width 0: " "
              text run at (7,71) width 0: " "
              text run at (7,86) width 384: "var ib = document.getElementById('appendChild');"
              text run at (391,86) width 0: " "
              text run at (7,101) width 368: "ib.appendChild(document.createElement(\"div\"));"
          RenderBlock {P} at (16,191) size 584x38
            RenderText {#text} at (0,0) size 554x38
              text run at (0,0) width 554: "The CSS selector should not match the orignal div element, because it will not be"
              text run at (0,19) width 46: "empty "
              text run at (46,19) width 440: "anymore after the Javascript code appends a child element to it."
