layer at (0,0) size 785x2942
  RenderView at (0,0) size 785x600
layer at (0,0) size 785x2942
  RenderBlock {HTML} at (0,0) size 785x2942
    RenderBody {BODY} at (8,16) size 769x2878 [bgcolor=#FFFFFF]
      RenderBlock {P} at (0,0) size 769x19
        RenderText {#text} at (0,0) size 162x19
          text run at (0,0) width 162: "This page is part of the "
        RenderInline {A} at (0,0) size 72x19 [color=#0000EE]
          RenderText {#text} at (162,0) size 72x19
            text run at (162,0) width 72: "CSS3.info"
        RenderText {#text} at (234,0) size 4x19
          text run at (234,0) width 4: " "
        RenderInline {A} at (0,0) size 130x19 [color=#0000EE]
          RenderText {#text} at (238,0) size 130x19
            text run at (238,0) width 130: "CSS selectors test"
        RenderText {#text} at (368,0) size 131x19
          text run at (368,0) width 131: ". See more info on "
        RenderInline {A} at (0,0) size 110x19 [color=#0000EE]
          RenderText {#text} at (499,0) size 110x19
            text run at (499,0) width 110: "CSS3 selectors"
        RenderText {#text} at (609,0) size 4x19
          text run at (609,0) width 4: "."
      RenderBlock {DIV} at (0,35) size 769x0 [bgcolor=#009900]
      RenderBlock {OL} at (0,35) size 769x2843
        RenderListItem {LI} at (40,0) size 616x216 [bgcolor=#AAAAAA]
          RenderBlock {DIV} at (16,16) size 584x24 [bgcolor=#990000]
            RenderBlock {DIV} at (0,0) size 584x24 [bgcolor=#009900]
          RenderBlock {PRE} at (16,53) size 584x77 [bgcolor=#FFFFFF]
            RenderListMarker at (-38,6) size 17x20: "1"
            RenderText {#text} at (7,10) size 280x61
              text run at (7,10) width 152: "div:first-of-type {"
              text run at (159,10) width 0: " "
              text run at (7,26) width 8: "}"
              text run at (15,26) width 0: " "
              text run at (7,41) width 0: " "
              text run at (7,56) width 280: "<div>Does this element match?</div>"
          RenderBlock {P} at (16,146) size 584x38
            RenderText {#text} at (0,0) size 535x38
              text run at (0,0) width 535: "The CSS selector should match the marked div element, because it is the only"
              text run at (0,19) width 133: "element of this type"
        RenderListItem {LI} at (40,264) size 616x231 [bgcolor=#AAAAAA]
          RenderBlock {DIV} at (16,16) size 584x24 [bgcolor=#990000]
            RenderBlock {DIV} at (0,0) size 584x24 [bgcolor=#009900]
            RenderBlock {DIV} at (0,24) size 584x0
          RenderBlock {PRE} at (16,53) size 584x92 [bgcolor=#FFFFFF]
            RenderListMarker at (-38,6) size 17x20: "2"
            RenderText {#text} at (7,10) size 280x76
              text run at (7,10) width 152: "div:first-of-type {"
              text run at (159,10) width 0: " "
              text run at (7,26) width 8: "}"
              text run at (15,26) width 0: " "
              text run at (7,41) width 0: " "
              text run at (7,56) width 280: "<div>Does this element match?</div>"
              text run at (287,56) width 0: " "
              text run at (7,71) width 88: "<div></div>"
          RenderBlock {P} at (16,161) size 584x38
            RenderText {#text} at (0,0) size 533x38
              text run at (0,0) width 533: "The CSS selector should match the marked div element, because it is the first"
              text run at (0,19) width 133: "element of this type"
        RenderListItem {LI} at (40,543) size 616x231 [bgcolor=#AAAAAA]
          RenderBlock {DIV} at (16,16) size 584x24 [bgcolor=#990000]
            RenderBlock {BLOCKQUOTE} at (0,0) size 584x0 [bgcolor=#009900]
            RenderBlock {DIV} at (0,0) size 584x24 [bgcolor=#009900]
          RenderBlock {PRE} at (16,53) size 584x92 [bgcolor=#FFFFFF]
            RenderListMarker at (-38,6) size 17x20: "3"
            RenderText {#text} at (7,10) size 280x76
              text run at (7,10) width 152: "div:first-of-type {"
              text run at (159,10) width 0: " "
              text run at (7,26) width 8: "}"
              text run at (15,26) width 0: " "
              text run at (7,41) width 0: " "
              text run at (7,56) width 200: "<blockquote></blockquote>"
              text run at (207,56) width 0: " "
              text run at (7,71) width 280: "<div>Does this element match?</div>"
          RenderBlock {P} at (16,161) size 584x38
            RenderText {#text} at (0,0) size 533x38
              text run at (0,0) width 533: "The CSS selector should match the marked div element, because it is the first"
              text run at (0,19) width 133: "element of this type"
        RenderListItem {LI} at (40,822) size 616x261 [bgcolor=#AAAAAA]
          RenderBlock {DIV} at (16,16) size 584x24 [bgcolor=#990000]
            RenderBlock {DIV} at (0,0) size 584x0 [bgcolor=#009900]
            RenderBlock {BLOCKQUOTE} at (0,0) size 584x24 [bgcolor=#009900]
              RenderBlock {DIV} at (0,0) size 584x24
          RenderBlock {PRE} at (16,53) size 584x122 [bgcolor=#FFFFFF]
            RenderListMarker at (-38,6) size 17x20: "4"
            RenderText {#text} at (7,10) size 304x106
              text run at (7,10) width 152: "div:first-of-type {"
              text run at (159,10) width 0: " "
              text run at (7,26) width 8: "}"
              text run at (15,26) width 0: " "
              text run at (7,41) width 0: " "
              text run at (7,56) width 88: "<div></div>"
              text run at (95,56) width 0: " "
              text run at (7,71) width 96: "<blockquote>"
              text run at (103,71) width 0: " "
              text run at (7,86) width 304: "   <div>Does this element match?</div>"
              text run at (311,86) width 0: " "
              text run at (7,101) width 104: "</blockquote>"
          RenderBlock {P} at (16,191) size 584x38
            RenderText {#text} at (0,0) size 533x38
              text run at (0,0) width 533: "The CSS selector should match the marked div element, because it is the first"
              text run at (0,19) width 224: "element of this type in this scope"
        RenderListItem {LI} at (40,1131) size 616x246 [bgcolor=#AAAAAA]
          RenderBlock {DIV} at (16,16) size 584x24 [bgcolor=#990000]
            RenderBlock {DIV} at (0,0) size 584x24 [bgcolor=#009900]
              RenderBlock {DIV} at (0,0) size 584x24
          RenderBlock {PRE} at (16,53) size 584x107 [bgcolor=#FFFFFF]
            RenderListMarker at (-38,6) size 17x20: "5"
            RenderText {#text} at (7,10) size 304x91
              text run at (7,10) width 152: "div:first-of-type {"
              text run at (159,10) width 0: " "
              text run at (7,26) width 8: "}"
              text run at (15,26) width 0: " "
              text run at (7,41) width 0: " "
              text run at (7,56) width 40: "<div>"
              text run at (47,56) width 0: " "
              text run at (7,71) width 304: "   <div>Does this element match?</div>"
              text run at (311,71) width 0: " "
              text run at (7,86) width 48: "</div>"
          RenderBlock {P} at (16,176) size 584x38
            RenderText {#text} at (0,0) size 533x38
              text run at (0,0) width 533: "The CSS selector should match the marked div element, because it is the first"
              text run at (0,19) width 272: "element of this type in the current scope"
        RenderListItem {LI} at (40,1425) size 616x261 [bgcolor=#AAAAAA]
          RenderBlock {DIV} at (16,16) size 584x24 [bgcolor=#990000]
            RenderBlock {BLOCKQUOTE} at (0,0) size 584x0 [bgcolor=#009900]
              RenderBlock {DIV} at (0,0) size 584x0
            RenderBlock {DIV} at (0,0) size 584x24 [bgcolor=#009900]
          RenderBlock {PRE} at (16,53) size 584x122 [bgcolor=#FFFFFF]
            RenderListMarker at (-38,6) size 17x20: "6"
            RenderText {#text} at (7,10) size 280x106
              text run at (7,10) width 152: "div:first-of-type {"
              text run at (159,10) width 0: " "
              text run at (7,26) width 8: "}"
              text run at (15,26) width 0: " "
              text run at (7,41) width 0: " "
              text run at (7,56) width 96: "<blockquote>"
              text run at (103,56) width 0: " "
              text run at (7,71) width 112: "   <div></div>"
              text run at (119,71) width 0: " "
              text run at (7,86) width 104: "</blockquote>"
              text run at (111,86) width 0: " "
              text run at (7,101) width 280: "<div>Does this element match?</div>"
          RenderBlock {P} at (16,191) size 584x38
            RenderText {#text} at (0,0) size 533x38
              text run at (0,0) width 533: "The CSS selector should match the marked div element, because it is the first"
              text run at (0,19) width 272: "element of this type in the current scope"
        RenderListItem {LI} at (40,1734) size 616x231 [bgcolor=#AAAAAA]
          RenderBlock {DIV} at (16,16) size 584x24 [bgcolor=#009900]
            RenderBlock {DIV} at (0,0) size 584x0 [bgcolor=#990000]
            RenderBlock {DIV} at (0,0) size 584x24
          RenderBlock {PRE} at (16,53) size 584x92 [bgcolor=#FFFFFF]
            RenderListMarker at (-38,6) size 17x20: "7"
            RenderText {#text} at (7,10) size 280x76
              text run at (7,10) width 152: "div:first-of-type {"
              text run at (159,10) width 0: " "
              text run at (7,26) width 8: "}"
              text run at (15,26) width 0: " "
              text run at (7,41) width 0: " "
              text run at (7,56) width 88: "<div></div>"
              text run at (95,56) width 0: " "
              text run at (7,71) width 280: "<div>Does this element match?</div>"
          RenderBlock {P} at (16,161) size 584x38
            RenderText {#text} at (0,0) size 529x38
              text run at (0,0) width 529: "The CSS selector should not match the marked div element, because it is the"
              text run at (0,19) width 188: "second element of this type"
        RenderListItem {LI} at (40,2013) size 616x231 [bgcolor=#AAAAAA]
          RenderBlock {DIV} at (16,16) size 584x24 [bgcolor=#009900]
            RenderBlock {DIV} at (0,0) size 584x0 [bgcolor=#990000]
            RenderBlock {DIV} at (0,0) size 584x24
          RenderBlock {PRE} at (16,53) size 584x92 [bgcolor=#FFFFFF]
            RenderListMarker at (-38,6) size 17x20: "8"
            RenderText {#text} at (7,10) size 280x76
              text run at (7,10) width 152: "div:first-of-type {"
              text run at (159,10) width 0: " "
              text run at (7,26) width 8: "}"
              text run at (15,26) width 0: " "
              text run at (7,41) width 0: " "
              text run at (7,56) width 88: "<DIV></DIV>"
              text run at (95,56) width 0: " "
              text run at (7,71) width 280: "<div>Does this element match?</div>"
          RenderBlock {P} at (16,161) size 584x38
            RenderText {#text} at (0,0) size 529x38
              text run at (0,0) width 529: "The CSS selector should not match the marked div element, because it is the"
              text run at (0,19) width 188: "second element of this type"
        RenderListItem {LI} at (40,2292) size 616x261 [bgcolor=#AAAAAA]
          RenderBlock {DIV} at (16,16) size 584x24 [bgcolor=#990000]
            RenderBlock {DIV} at (0,0) size 584x24 [bgcolor=#009900]
            RenderBlock {DIV} at (0,24) size 584x0
          RenderBlock {PRE} at (16,53) size 584x122 [bgcolor=#FFFFFF]
            RenderListMarker at (-38,6) size 17x20: "9"
            RenderText {#text} at (7,10) size 520x106
              text run at (7,10) width 152: "div:first-of-type {"
              text run at (159,10) width 0: " "
              text run at (7,26) width 8: "}"
              text run at (15,26) width 0: " "
              text run at (7,41) width 0: " "
              text run at (7,56) width 232: "<div id='insertBefore'></div>"
              text run at (239,56) width 0: " "
              text run at (7,71) width 0: " "
              text run at (7,86) width 392: "var ib = document.getElementById('insertBefore');"
              text run at (399,86) width 0: " "
              text run at (7,101) width 520: "ib.parentElement.insertBefore(document.createElement(\"div\"), ib);"
          RenderBlock {P} at (16,191) size 584x38
            RenderText {#text} at (0,0) size 551x38
              text run at (0,0) width 551: "The CSS selector should match the div element that is inserted by the Javascript"
              text run at (0,19) width 39: "code."
        RenderListItem {LI} at (40,2601) size 616x242 [bgcolor=#AAAAAA]
          RenderBlock {DIV} at (16,16) size 584x24 [bgcolor=#009900]
            RenderBlock {DIV} at (0,0) size 584x0 [bgcolor=#990000]
            RenderBlock {DIV} at (0,0) size 584x24
          RenderBlock {PRE} at (16,53) size 584x122 [bgcolor=#FFFFFF]
            RenderListMarker at (-47,6) size 26x20: "10"
            RenderText {#text} at (7,10) size 520x106
              text run at (7,10) width 152: "div:first-of-type {"
              text run at (159,10) width 0: " "
              text run at (7,26) width 8: "}"
              text run at (15,26) width 0: " "
              text run at (7,41) width 0: " "
              text run at (7,56) width 232: "<div id='insertBefore'></div>"
              text run at (239,56) width 0: " "
              text run at (7,71) width 0: " "
              text run at (7,86) width 392: "var ib = document.getElementById('insertBefore');"
              text run at (399,86) width 0: " "
              text run at (7,101) width 520: "ib.parentElement.insertBefore(document.createElement(\"div\"), ib);"
          RenderBlock {P} at (16,191) size 584x19
            RenderText {#text} at (0,0) size 514x19
              text run at (0,0) width 514: "The original div element should not be a match for the :first-of-type selector."
