layer at (0,0) size 785x1629
  RenderView at (0,0) size 785x600
layer at (0,0) size 785x1629
  RenderBlock {HTML} at (0,0) size 785x1629
    RenderBody {BODY} at (8,16) size 769x1565 [bgcolor=#FFFFFF]
      RenderBlock {P} at (0,0) size 769x19
        RenderText {#text} at (0,0) size 162x19
          text run at (0,0) width 162: "This page is part of the "
        RenderInline {A} at (0,0) size 72x19 [color=#0000EE]
          RenderText {#text} at (162,0) size 72x19
            text run at (162,0) width 72: "CSS3.info"
        RenderText {#text} at (234,0) size 4x19
          text run at (234,0) width 4: " "
        RenderInline {A} at (0,0) size 130x19 [color=#0000EE]
          RenderText {#text} at (238,0) size 130x19
            text run at (238,0) width 130: "CSS selectors test"
        RenderText {#text} at (368,0) size 131x19
          text run at (368,0) width 131: ". See more info on "
        RenderInline {A} at (0,0) size 110x19 [color=#0000EE]
          RenderText {#text} at (499,0) size 110x19
            text run at (499,0) width 110: "CSS3 selectors"
        RenderText {#text} at (609,0) size 4x19
          text run at (609,0) width 4: "."
      RenderBlock {DIV} at (0,35) size 769x0 [bgcolor=#009900]
      RenderBlock {OL} at (0,35) size 769x1530
        RenderListItem {LI} at (40,0) size 616x246 [bgcolor=#AAAAAA]
          RenderBlock {DIV} at (16,16) size 584x24 [bgcolor=#990000]
            RenderBlock {DIV} at (0,0) size 584x24 [bgcolor=#009900]
          RenderBlock {PRE} at (16,53) size 584x107 [bgcolor=#FFFFFF]
            RenderListMarker at (-38,6) size 17x20: "1"
            RenderText {#text} at (7,10) size 136x91
              text run at (7,10) width 136: "div :only-child {"
              text run at (143,10) width 0: " "
              text run at (7,26) width 8: "}"
              text run at (15,26) width 0: " "
              text run at (7,41) width 0: " "
              text run at (7,56) width 40: "<div>"
              text run at (47,56) width 0: " "
              text run at (7,71) width 112: "   <div></div>"
              text run at (119,71) width 0: " "
              text run at (7,86) width 48: "</div>"
          RenderBlock {P} at (16,176) size 584x38
            RenderText {#text} at (0,0) size 569x38
              text run at (0,0) width 569: "The CSS selector should match the inner div element, because it is the only child of"
              text run at (0,19) width 143: "the outer div element"
        RenderListItem {LI} at (40,294) size 616x261 [bgcolor=#AAAAAA]
          RenderBlock {DIV} at (16,16) size 584x24 [bgcolor=#990000]
            RenderBlock {DIV} at (0,0) size 584x24 [bgcolor=#009900]
          RenderBlock {PRE} at (16,53) size 584x122 [bgcolor=#FFFFFF]
            RenderListMarker at (-38,6) size 17x20: "2"
            RenderText {#text} at (7,10) size 208x106
              text run at (7,10) width 136: "div :only-child {"
              text run at (143,10) width 0: " "
              text run at (7,26) width 8: "}"
              text run at (15,26) width 0: " "
              text run at (7,41) width 0: " "
              text run at (7,56) width 40: "<div>"
              text run at (47,56) width 0: " "
              text run at (7,71) width 112: "   <div></div>"
              text run at (119,71) width 0: " "
              text run at (7,86) width 208: "   <!-- Just a comment -->"
              text run at (215,86) width 0: " "
              text run at (7,101) width 48: "</div>"
          RenderBlock {P} at (16,191) size 584x38
            RenderText {#text} at (0,0) size 569x38
              text run at (0,0) width 569: "The CSS selector should match the inner div element, because it is the only child of"
              text run at (0,19) width 143: "the outer div element"
        RenderListItem {LI} at (40,603) size 616x276 [bgcolor=#AAAAAA]
          RenderBlock {DIV} at (16,16) size 584x43 [bgcolor=#990000]
            RenderBlock {DIV} at (0,0) size 584x24 [bgcolor=#009900]
            RenderBlock (anonymous) at (0,24) size 584x19
              RenderListMarker at (-38,0) size 17x19: "3"
              RenderText {#text} at (0,0) size 4x19
                text run at (0,0) width 4: "."
          RenderBlock {PRE} at (16,72) size 584x118 [bgcolor=#FFFFFF]
            RenderText {#text} at (7,7) size 224x105
              text run at (7,7) width 136: "div :only-child {"
              text run at (143,7) width 0: " "
              text run at (7,22) width 8: "}"
              text run at (15,22) width 0: " "
              text run at (7,37) width 0: " "
              text run at (7,52) width 40: "<div>"
              text run at (47,52) width 0: " "
              text run at (7,67) width 112: "   <div></div>"
              text run at (119,67) width 0: " "
              text run at (7,82) width 224: "   How about regular text..."
              text run at (231,82) width 0: " "
              text run at (7,97) width 48: "</div>"
          RenderBlock {P} at (16,206) size 584x38
            RenderText {#text} at (0,0) size 569x38
              text run at (0,0) width 569: "The CSS selector should match the inner div element, because it is the only child of"
              text run at (0,19) width 143: "the outer div element"
        RenderListItem {LI} at (40,927) size 616x264 [bgcolor=#AAAAAA]
          RenderBlock {DIV} at (16,16) size 584x24 [bgcolor=#009900]
            RenderBlock {DIV} at (0,0) size 584x24
            RenderBlock {BLOCKQUOTE} at (40,40) size 504x0
          RenderBlock {PRE} at (16,56) size 584x122 [bgcolor=#FFFFFF]
            RenderListMarker at (-38,6) size 17x20: "4"
            RenderText {#text} at (7,10) size 224x106
              text run at (7,10) width 136: "div :only-child {"
              text run at (143,10) width 0: " "
              text run at (7,26) width 8: "}"
              text run at (15,26) width 0: " "
              text run at (7,41) width 0: " "
              text run at (7,56) width 48: "<div> "
              text run at (55,56) width 0: " "
              text run at (7,71) width 112: "   <div></div>"
              text run at (119,71) width 0: " "
              text run at (7,86) width 224: "   <blockquote></blockquote>"
              text run at (231,86) width 0: " "
              text run at (7,101) width 48: "</div>"
          RenderBlock {P} at (16,194) size 584x38
            RenderText {#text} at (0,0) size 550x38
              text run at (0,0) width 550: "The CSS selector should not match the inner div element, because it not the only"
              text run at (0,19) width 32: "child"
        RenderListItem {LI} at (40,1239) size 616x291 [bgcolor=#AAAAAA]
          RenderBlock {DIV} at (16,16) size 584x24 [bgcolor=#009900]
            RenderBlock {DIV} at (0,0) size 584x24
            RenderBlock {DIV} at (0,24) size 584x0
          RenderBlock {PRE} at (16,53) size 584x152 [bgcolor=#FFFFFF]
            RenderListMarker at (-38,6) size 17x20: "5"
            RenderText {#text} at (7,10) size 480x136
              text run at (7,10) width 136: "div :only-child {"
              text run at (143,10) width 0: " "
              text run at (7,26) width 8: "}"
              text run at (15,26) width 0: " "
              text run at (7,41) width 0: " "
              text run at (7,56) width 40: "<div>"
              text run at (47,56) width 0: " "
              text run at (7,71) width 248: "   <div id='appendChild'></div>"
              text run at (255,71) width 0: " "
              text run at (7,86) width 48: "</div>"
              text run at (55,86) width 0: " "
              text run at (7,101) width 0: " "
              text run at (7,116) width 384: "var ib = document.getElementById('appendChild');"
              text run at (391,116) width 0: " "
              text run at (7,131) width 480: "ib.parentElement.appendChild(document.createElement(\"div\"));"
          RenderBlock {P} at (16,221) size 584x38
            RenderText {#text} at (0,0) size 583x38
              text run at (0,0) width 506: "The CSS selector should not match the original div element, because it is "
              text run at (506,0) width 77: "not the only"
              text run at (0,19) width 459: "child anymore after another child is append by the Javascript code."
