layer at (0,0) size 785x1510
  RenderView at (0,0) size 785x600
layer at (0,0) size 785x1510
  RenderBlock {HTML} at (0,0) size 785x1510
    RenderBody {BODY} at (8,16) size 769x1446 [bgcolor=#FFFFFF]
      RenderBlock {P} at (0,0) size 769x19
        RenderText {#text} at (0,0) size 162x19
          text run at (0,0) width 162: "This page is part of the "
        RenderInline {A} at (0,0) size 72x19 [color=#0000EE]
          RenderText {#text} at (162,0) size 72x19
            text run at (162,0) width 72: "CSS3.info"
        RenderText {#text} at (234,0) size 4x19
          text run at (234,0) width 4: " "
        RenderInline {A} at (0,0) size 130x19 [color=#0000EE]
          RenderText {#text} at (238,0) size 130x19
            text run at (238,0) width 130: "CSS selectors test"
        RenderText {#text} at (368,0) size 131x19
          text run at (368,0) width 131: ". See more info on "
        RenderInline {A} at (0,0) size 110x19 [color=#0000EE]
          RenderText {#text} at (499,0) size 110x19
            text run at (499,0) width 110: "CSS3 selectors"
        RenderText {#text} at (609,0) size 4x19
          text run at (609,0) width 4: "."
      RenderBlock {DIV} at (0,35) size 769x0 [bgcolor=#009900]
      RenderBlock {OL} at (0,35) size 769x1411
        RenderListItem {LI} at (40,0) size 616x216 [bgcolor=#AAAAAA]
          RenderBlock {DIV} at (16,16) size 584x24 [bgcolor=#990000]
            RenderBlock {DIV} at (0,0) size 584x24 [bgcolor=#009900]
          RenderBlock {PRE} at (16,53) size 584x77 [bgcolor=#FFFFFF]
            RenderListMarker at (-38,6) size 17x20: "1"
            RenderText {#text} at (7,10) size 280x61
              text run at (7,10) width 144: "div:only-of-type {"
              text run at (151,10) width 0: " "
              text run at (7,26) width 8: "}"
              text run at (15,26) width 0: " "
              text run at (7,41) width 0: " "
              text run at (7,56) width 280: "<div>Does this element match?</div>"
          RenderBlock {P} at (16,146) size 584x38
            RenderText {#text} at (0,0) size 535x38
              text run at (0,0) width 535: "The CSS selector should match the marked div element, because it is the only"
              text run at (0,19) width 133: "element of this type"
        RenderListItem {LI} at (40,264) size 616x231 [bgcolor=#AAAAAA]
          RenderBlock {DIV} at (16,16) size 584x24 [bgcolor=#990000]
            RenderBlock {DIV} at (0,0) size 584x24 [bgcolor=#009900]
            RenderBlock {BLOCKQUOTE} at (0,24) size 584x0 [bgcolor=#009900]
          RenderBlock {PRE} at (16,53) size 584x92 [bgcolor=#FFFFFF]
            RenderListMarker at (-38,6) size 17x20: "2"
            RenderText {#text} at (7,10) size 280x76
              text run at (7,10) width 144: "div:only-of-type {"
              text run at (151,10) width 0: " "
              text run at (7,26) width 8: "}"
              text run at (15,26) width 0: " "
              text run at (7,41) width 0: " "
              text run at (7,56) width 280: "<div>Does this element match?</div>"
              text run at (287,56) width 0: " "
              text run at (7,71) width 200: "<blockquote></blockquote>"
          RenderBlock {P} at (16,161) size 584x38
            RenderText {#text} at (0,0) size 535x38
              text run at (0,0) width 535: "The CSS selector should match the marked div element, because it is the only"
              text run at (0,19) width 133: "element of this type"
        RenderListItem {LI} at (40,543) size 616x261 [bgcolor=#AAAAAA]
          RenderBlock {DIV} at (16,16) size 584x24 [bgcolor=#990000]
            RenderBlock {DIV} at (0,0) size 584x24 [bgcolor=#009900]
            RenderBlock {BLOCKQUOTE} at (0,24) size 584x0 [bgcolor=#009900]
              RenderBlock {DIV} at (0,0) size 584x0
          RenderBlock {PRE} at (16,53) size 584x122 [bgcolor=#FFFFFF]
            RenderListMarker at (-38,6) size 17x20: "3"
            RenderText {#text} at (7,10) size 280x106
              text run at (7,10) width 144: "div:only-of-type {"
              text run at (151,10) width 0: " "
              text run at (7,26) width 8: "}"
              text run at (15,26) width 0: " "
              text run at (7,41) width 0: " "
              text run at (7,56) width 280: "<div>Does this element match?</div>"
              text run at (287,56) width 0: " "
              text run at (7,71) width 96: "<blockquote>"
              text run at (103,71) width 0: " "
              text run at (7,86) width 112: "   <div></div>"
              text run at (119,86) width 0: " "
              text run at (7,101) width 104: "</blockquote>"
          RenderBlock {P} at (16,191) size 584x38
            RenderText {#text} at (0,0) size 535x38
              text run at (0,0) width 535: "The CSS selector should match the marked div element, because it is the only"
              text run at (0,19) width 224: "element of this type in this scope"
        RenderListItem {LI} at (40,852) size 616x231 [bgcolor=#AAAAAA]
          RenderBlock {DIV} at (16,16) size 584x24 [bgcolor=#009900]
            RenderBlock {DIV} at (0,0) size 584x24
            RenderBlock {DIV} at (0,24) size 584x0
          RenderBlock {PRE} at (16,53) size 584x92 [bgcolor=#FFFFFF]
            RenderListMarker at (-38,6) size 17x20: "4"
            RenderText {#text} at (7,10) size 280x76
              text run at (7,10) width 144: "div:only-of-type {"
              text run at (151,10) width 0: " "
              text run at (7,26) width 8: "}"
              text run at (15,26) width 0: " "
              text run at (7,41) width 0: " "
              text run at (7,56) width 280: "<div>Does this element match?</div>"
              text run at (287,56) width 0: " "
              text run at (7,71) width 88: "<div></div>"
          RenderBlock {P} at (16,161) size 584x38
            RenderText {#text} at (0,0) size 554x38
              text run at (0,0) width 554: "The CSS selector should not match the marked div element, because it is not the"
              text run at (0,19) width 164: "only element of this type"
        RenderListItem {LI} at (40,1131) size 616x280 [bgcolor=#AAAAAA]
          RenderBlock {DIV} at (16,16) size 584x24 [bgcolor=#009900]
            RenderBlock {DIV} at (0,0) size 584x24
            RenderBlock {DIV} at (0,24) size 584x0
          RenderBlock {PRE} at (16,53) size 584x122 [bgcolor=#FFFFFF]
            RenderListMarker at (-38,6) size 17x20: "5"
            RenderText {#text} at (7,10) size 480x106
              text run at (7,10) width 144: "div:only-of-type {"
              text run at (151,10) width 0: " "
              text run at (7,26) width 8: "}"
              text run at (15,26) width 0: " "
              text run at (7,41) width 0: " "
              text run at (7,56) width 224: "<div id='appendChild'></div>"
              text run at (231,56) width 0: " "
              text run at (7,71) width 0: " "
              text run at (7,86) width 384: "var ib = document.getElementById('appendChild');"
              text run at (391,86) width 0: " "
              text run at (7,101) width 480: "ib.parentElement.appendChild(document.createElement(\"div\"));"
          RenderBlock {P} at (16,191) size 584x57
            RenderText {#text} at (0,0) size 583x57
              text run at (0,0) width 506: "The CSS selector should not match the original div element, because it is "
              text run at (506,0) width 77: "not the only"
              text run at (0,19) width 466: "of its type anymore after another child with the same type is append "
              text run at (466,19) width 116: "by the Javascript"
              text run at (0,38) width 39: "code."
