layer at (0,0) size 785x888
  RenderView at (0,0) size 785x600
layer at (0,0) size 785x888
  RenderBlock {HTML} at (0,0) size 785x889
    RenderBody {BODY} at (8,8) size 769x861
      RenderBlock {P} at (0,0) size 769x19
        RenderText {#text} at (0,0) size 502x19
          text run at (0,0) width 502: "This test checks that text with text-overflow:ellipsis follows 'text-align: left' correctly."
      RenderBlock {P} at (0,35) size 769x19
        RenderText {#text} at (0,0) size 456x19
          text run at (0,0) width 456: "The text in all boxes should be left aligned, sticking to the left side of the box"
      RenderBlock {H3} at (0,72) size 769x23
        RenderText {#text} at (0,0) size 84x22
          text run at (0,0) width 84: "Single line"
      RenderBlock {H3} at (0,154) size 769x23
        RenderText {#text} at (0,0) size 78x22
          text run at (0,0) width 78: "Multi line"
      RenderBlock {H3} at (0,293) size 769x23
        RenderText {#text} at (0,0) size 230x22
          text run at (0,0) width 230: "Containing replaced content"
      RenderBlock {H3} at (0,384) size 769x23
        RenderText {#text} at (0,0) size 395x22
          text run at (0,0) width 395: "Containing replaced content blocking the ellipsis"
      RenderBlock {H3} at (0,476) size 769x23
        RenderText {#text} at (0,0) size 199x22
          text run at (0,0) width 199: "Right-To-Left single line"
      RenderBlock {H3} at (0,558) size 769x23
        RenderText {#text} at (0,0) size 196x22
          text run at (0,0) width 196: "Right-To-Left Multi line"
      RenderBlock {H3} at (0,697) size 769x23
        RenderText {#text} at (0,0) size 343x22
          text run at (0,0) width 343: "Right-To-Left containing replaced content"
      RenderBlock {H3} at (0,788) size 769x23
        RenderText {#text} at (0,0) size 508x22
          text run at (0,0) width 508: "Right-To-Left containing replaced content blocking the ellipsis"
layer at (8,121) size 310x21 clip at (9,122) size 308x19 scrollWidth 683
  RenderBlock {DIV} at (0,113) size 310x22 [border: (1px solid #000000)]
    RenderText {#text} at (1,1) size 683x19
      text run at (1,1) width 683: "Lorem ipsum dolor sit amet, consectetur adipiscing elit. Vivamus vitae eros non libero faucibus sagittis sed ut eros."
layer at (8,203) size 310x78 clip at (9,204) size 308x76 scrollWidth 683
  RenderBlock {DIV} at (0,195) size 310x79 [border: (1px solid #000000)]
    RenderText {#text} at (1,1) size 683x19
      text run at (1,1) width 683: "Lorem ipsum dolor sit amet, consectetur adipiscing elit. Vivamus vitae eros non libero faucibus sagittis sed ut eros."
    RenderBR {BR} at (0,0) size 0x0
    RenderText {#text} at (1,20) size 674x19
      text run at (1,20) width 674: "orem ipsum dolor sit amet, consectetur adipiscing elit. Vivamus vitae eros non libero faucibus sagittis sed ut eros."
    RenderBR {BR} at (0,0) size 0x0
    RenderText {#text} at (1,39) size 666x19
      text run at (1,39) width 666: "rem ipsum dolor sit amet, consectetur adipiscing elit. Vivamus vitae eros non libero faucibus sagittis sed ut eros."
    RenderBR {BR} at (0,0) size 0x0
    RenderText {#text} at (1,58) size 661x19
      text run at (1,58) width 661: "em ipsum dolor sit amet, consectetur adipiscing elit. Vivamus vitae eros non libero faucibus sagittis sed ut eros."
    RenderBR {BR} at (0,0) size 0x0
layer at (8,342) size 310x31 clip at (9,343) size 308x29 scrollWidth 712
  RenderBlock {DIV} at (0,333) size 310x32 [border: (1px solid #000000)]
    RenderText {#text} at (1,11) size 173x19
      text run at (1,11) width 173: "Lorem ipsum dolor sit amet, "
    RenderImage {IMG} at (174,1) size 25x25
    RenderText {#text} at (199,11) size 514x19
      text run at (199,11) width 514: " consectetur adipiscing elit. Vivamus vitae eros non libero faucibus sagittis sed ut eros."
layer at (8,434) size 310x31 clip at (9,435) size 308x29 scrollWidth 708
  RenderBlock {DIV} at (0,425) size 310x32 [border: (1px solid #000000)]
    RenderText {#text} at (1,11) size 261x19
      text run at (1,11) width 261: "Lorem ipsum dolor sit amet, consectetur ad"
    RenderImage {IMG} at (262,1) size 25x25
    RenderText {#text} at (287,11) size 422x19
      text run at (287,11) width 422: "ipiscing elit. Vivamus vitae eros non libero faucibus sagittis sed ut eros."
layer at (8,525) size 310x21 clip at (9,526) size 308x19 scrollX 377 scrollWidth 685
  RenderBlock {DIV} at (0,517) size 310x22 [border: (1px solid #000000)]
    RenderText {#text} at (-376,1) size 683x19
      text run at (-376,1) width 683 RTL override: "Lorem ipsum dolor sit amet, consectetur adipiscing elit. Vivamus vitae eros non libero faucibus sagittis sed ut eros."
layer at (8,607) size 310x78 clip at (9,608) size 308x76 scrollX 377 scrollWidth 685
  RenderBlock {DIV} at (0,599) size 310x79 [border: (1px solid #000000)]
    RenderText {#text} at (-376,1) size 683x19
      text run at (-376,1) width 683 RTL override: "Lorem ipsum dolor sit amet, consectetur adipiscing elit. Vivamus vitae eros non libero faucibus sagittis sed ut eros."
    RenderBR {BR} at (0,0) size 0x0
    RenderText {#text} at (-369,20) size 674x19
      text run at (-369,20) width 674 RTL override: "orem ipsum dolor sit amet, consectetur adipiscing elit. Vivamus vitae eros non libero faucibus sagittis sed ut eros."
    RenderBR {BR} at (0,0) size 0x0
    RenderText {#text} at (-362,39) size 666x19
      text run at (-362,39) width 666 RTL override: "rem ipsum dolor sit amet, consectetur adipiscing elit. Vivamus vitae eros non libero faucibus sagittis sed ut eros."
    RenderBR {BR} at (0,0) size 0x0
    RenderText {#text} at (-358,58) size 661x19
      text run at (-358,58) width 661 RTL override: "em ipsum dolor sit amet, consectetur adipiscing elit. Vivamus vitae eros non libero faucibus sagittis sed ut eros."
    RenderBR {BR} at (0,0) size 0x0
layer at (8,746) size 310x31 clip at (9,747) size 308x29 scrollX 407 scrollWidth 715
  RenderBlock {DIV} at (0,737) size 310x32 [border: (1px solid #000000)]
    RenderText {#text} at (133,11) size 173x19
      text run at (133,11) width 173 RTL override: "Lorem ipsum dolor sit amet, "
    RenderImage {IMG} at (108,1) size 25x25
    RenderText {#text} at (-406,11) size 514x19
      text run at (-406,11) width 514 RTL override: " consectetur adipiscing elit. Vivamus vitae eros non libero faucibus sagittis sed ut eros."
layer at (8,837) size 310x31 clip at (9,838) size 308x29 scrollX 404 scrollWidth 712
  RenderBlock {DIV} at (0,829) size 310x32 [border: (1px solid #000000)]
    RenderText {#text} at (44,11) size 261x19
      text run at (44,11) width 261 RTL override: "Lorem ipsum dolor sit amet, consectetur ad"
    RenderImage {IMG} at (19,1) size 25x25
    RenderText {#text} at (-403,11) size 422x19
      text run at (-403,11) width 422 RTL override: "ipiscing elit. Vivamus vitae eros non libero faucibus sagittis sed ut eros."
