layer at (0,0) size 800x600
  RenderView at (0,0) size 800x600
layer at (0,0) size 800x330
  RenderBlock {HTML} at (0,0) size 800x331
    RenderBody {BODY} at (5,5) size 790x320
      RenderTable {TABLE} at (0,0) size 466x319
        RenderTableSection {TBODY} at (0,0) size 466x319
          RenderTableRow {TR} at (0,1) size 466x13
            RenderTableCell {TH} at (1,1) size 63x13 [bgcolor=#DDDD99] [r=0 c=0 rs=1 cs=1]
              RenderText {#text} at (5,0) size 53x13
                text run at (5,0) width 53: "viewBox?"
            RenderTableCell {TH} at (65,1) size 118x13 [bgcolor=#DDDD99] [r=0 c=1 rs=1 cs=1]
              RenderText {#text} at (0,0) size 118x13
                text run at (0,0) width 118: "preserve\x{AD}Aspect\x{AD}Ratio"
            RenderTableCell {TH} at (184,1) size 140x13 [bgcolor=#DDDD99] [r=0 c=2 rs=1 cs=1]
              RenderText {#text} at (53,0) size 34x13
                text run at (53,0) width 34: "<img>"
            RenderTableCell {TH} at (325,1) size 140x13 [bgcolor=#DDDD99] [r=0 c=3 rs=1 cs=1]
              RenderText {#text} at (47,0) size 46x13
                text run at (47,0) width 46: "<object>"
          RenderTableRow {TR} at (0,15) size 466x37
            RenderTableCell {TH} at (1,84) size 63x13 [bgcolor=#DDDD99] [r=1 c=0 rs=4 cs=1]
              RenderText {#text} at (0,0) size 63x13
                text run at (0,0) width 63: "No viewBox"
            RenderTableCell {TH} at (65,33) size 118x0 [bgcolor=#DDDD99] [r=1 c=1 rs=1 cs=1]
            RenderTableCell {TD} at (184,15) size 140x37 [r=1 c=2 rs=1 cs=1]
              RenderImage {IMG} at (0,0) size 139x35 [border: (1px dashed #800000)]
              RenderText {#text} at (0,0) size 0x0
            RenderTableCell {TD} at (325,15) size 140x37 [r=1 c=3 rs=1 cs=1]
              RenderEmbeddedObject {OBJECT} at (0,0) size 139x35 [border: (1px dashed #008000)]
                layer at (0,0) size 133x29
                  RenderView at (0,0) size 133x29
                layer at (0,0) size 133x29
                  RenderSVGRoot {svg} at (0,0) size 133x29
                    RenderSVGEllipse {circle} at (0,0) size 133x29 [stroke={[type=SOLID] [color=#000000]}] [fill={[type=SOLID] [color=#D9BB7A] [fill rule=EVEN-ODD]}] [cx=110.00] [cy=110.00] [r=110.00]
              RenderText {#text} at (0,0) size 0x0
          RenderTableRow {TR} at (0,53) size 466x37
            RenderTableCell {TH} at (65,65) size 118x13 [bgcolor=#DDDD99] [r=2 c=1 rs=1 cs=1]
              RenderText {#text} at (45,0) size 28x13
                text run at (45,0) width 28: "none"
            RenderTableCell {TD} at (184,53) size 140x37 [r=2 c=2 rs=1 cs=1]
              RenderImage {IMG} at (0,0) size 139x35 [border: (1px dashed #800000)]
              RenderText {#text} at (0,0) size 0x0
            RenderTableCell {TD} at (325,53) size 140x37 [r=2 c=3 rs=1 cs=1]
              RenderEmbeddedObject {OBJECT} at (0,0) size 139x35 [border: (1px dashed #008000)]
                layer at (0,0) size 133x29
                  RenderView at (0,0) size 133x29
                layer at (0,0) size 133x29
                  RenderSVGRoot {svg} at (0,0) size 133x29
                    RenderSVGHiddenContainer {defs} at (0,0) size 0x0
                    RenderSVGContainer {g} at (0,0) size 133x29 [transform={m=((1.00,0.00)(0.00,1.00)) t=(-162.36,-403.29)}]
                      RenderSVGPath {path} at (0,0) size 133x29 [stroke={[type=SOLID] [color=#000000]}] [fill={[type=SOLID] [color=#D9BB7A] [fill rule=EVEN-ODD]}] [data="M 525.714 585.219 C 525.714 685.419 444.486 766.648 344.286 766.648 C 244.085 766.648 162.857 685.419 162.857 585.219 C 162.857 485.019 244.085 403.791 344.286 403.791 C 444.486 403.791 525.714 485.019 525.714 585.219 Z"]
              RenderText {#text} at (0,0) size 0x0
          RenderTableRow {TR} at (0,91) size 466x37
            RenderTableCell {TH} at (65,103) size 118x13 [bgcolor=#DDDD99] [r=3 c=1 rs=1 cs=1]
              RenderText {#text} at (44,0) size 30x13
                text run at (44,0) width 30: "meet"
            RenderTableCell {TD} at (184,91) size 140x37 [r=3 c=2 rs=1 cs=1]
              RenderImage {IMG} at (0,0) size 139x35 [border: (1px dashed #800000)]
              RenderText {#text} at (0,0) size 0x0
            RenderTableCell {TD} at (325,91) size 140x37 [r=3 c=3 rs=1 cs=1]
              RenderEmbeddedObject {OBJECT} at (0,0) size 139x35 [border: (1px dashed #008000)]
                layer at (0,0) size 133x29
                  RenderView at (0,0) size 133x29
                layer at (0,0) size 133x29
                  RenderSVGRoot {svg} at (0,0) size 133x29
                    RenderSVGHiddenContainer {defs} at (0,0) size 0x0
                    RenderSVGContainer {g} at (0,0) size 133x29 [transform={m=((1.00,0.00)(0.00,1.00)) t=(-162.36,-403.29)}]
                      RenderSVGPath {path} at (0,0) size 133x29 [stroke={[type=SOLID] [color=#000000]}] [fill={[type=SOLID] [color=#D9BB7A] [fill rule=EVEN-ODD]}] [data="M 525.714 585.219 C 525.714 685.419 444.486 766.648 344.286 766.648 C 244.085 766.648 162.857 685.419 162.857 585.219 C 162.857 485.019 244.085 403.791 344.286 403.791 C 444.486 403.791 525.714 485.019 525.714 585.219 Z"]
              RenderText {#text} at (0,0) size 0x0
          RenderTableRow {TR} at (0,129) size 466x37
            RenderTableCell {TH} at (65,141) size 118x13 [bgcolor=#DDDD99] [r=4 c=1 rs=1 cs=1]
              RenderText {#text} at (46,0) size 26x13
                text run at (46,0) width 26: "slice"
            RenderTableCell {TD} at (184,129) size 140x37 [r=4 c=2 rs=1 cs=1]
              RenderImage {IMG} at (0,0) size 139x35 [border: (1px dashed #800000)]
              RenderText {#text} at (0,0) size 0x0
            RenderTableCell {TD} at (325,129) size 140x37 [r=4 c=3 rs=1 cs=1]
              RenderEmbeddedObject {OBJECT} at (0,0) size 139x35 [border: (1px dashed #008000)]
                layer at (0,0) size 133x29
                  RenderView at (0,0) size 133x29
                layer at (0,0) size 133x29
                  RenderSVGRoot {svg} at (0,0) size 133x29
                    RenderSVGHiddenContainer {defs} at (0,0) size 0x0
                    RenderSVGContainer {g} at (0,0) size 133x29 [transform={m=((1.00,0.00)(0.00,1.00)) t=(-162.36,-403.29)}]
                      RenderSVGPath {path} at (0,0) size 133x29 [stroke={[type=SOLID] [color=#000000]}] [fill={[type=SOLID] [color=#D9BB7A] [fill rule=EVEN-ODD]}] [data="M 525.714 585.219 C 525.714 685.419 444.486 766.648 344.286 766.648 C 244.085 766.648 162.857 685.419 162.857 585.219 C 162.857 485.019 244.085 403.791 344.286 403.791 C 444.486 403.791 525.714 485.019 525.714 585.219 Z"]
              RenderText {#text} at (0,0) size 0x0
          RenderTableRow {TR} at (0,167) size 466x37
            RenderTableCell {TH} at (1,236) size 63x13 [bgcolor=#DDDD99] [r=5 c=0 rs=4 cs=1]
              RenderText {#text} at (9,0) size 45x13
                text run at (9,0) width 45: "viewBox"
            RenderTableCell {TH} at (65,185) size 118x0 [bgcolor=#DDDD99] [r=5 c=1 rs=1 cs=1]
            RenderTableCell {TD} at (184,167) size 140x37 [r=5 c=2 rs=1 cs=1]
              RenderImage {IMG} at (0,0) size 139x35 [border: (1px dashed #800000)]
              RenderText {#text} at (0,0) size 0x0
            RenderTableCell {TD} at (325,167) size 140x37 [r=5 c=3 rs=1 cs=1]
              RenderEmbeddedObject {OBJECT} at (0,0) size 139x35 [border: (1px dashed #008000)]
                layer at (0,0) size 133x29
                  RenderView at (0,0) size 133x29
                layer at (0,0) size 133x29
                  RenderSVGRoot {svg} at (52,0) size 21x21
                    RenderSVGHiddenContainer {defs} at (0,0) size 0x0
                    RenderSVGContainer {g} at (52,0) size 21x21 [transform={m=((1.00,0.00)(0.00,1.00)) t=(-162.36,-403.29)}]
                      RenderSVGPath {path} at (52,0) size 21x21 [stroke={[type=SOLID] [color=#000000]}] [fill={[type=SOLID] [color=#D9BB7A] [fill rule=EVEN-ODD]}] [data="M 525.714 585.219 C 525.714 685.419 444.486 766.648 344.286 766.648 C 244.085 766.648 162.857 685.419 162.857 585.219 C 162.857 485.019 244.085 403.791 344.286 403.791 C 444.486 403.791 525.714 485.019 525.714 585.219 Z"]
              RenderText {#text} at (0,0) size 0x0
          RenderTableRow {TR} at (0,205) size 466x37
            RenderTableCell {TH} at (65,217) size 118x13 [bgcolor=#DDDD99] [r=6 c=1 rs=1 cs=1]
              RenderText {#text} at (45,0) size 28x13
                text run at (45,0) width 28: "none"
            RenderTableCell {TD} at (184,205) size 140x37 [r=6 c=2 rs=1 cs=1]
              RenderImage {IMG} at (0,0) size 139x35 [border: (1px dashed #800000)]
              RenderText {#text} at (0,0) size 0x0
            RenderTableCell {TD} at (325,205) size 140x37 [r=6 c=3 rs=1 cs=1]
              RenderEmbeddedObject {OBJECT} at (0,0) size 139x35 [border: (1px dashed #008000)]
                layer at (0,0) size 133x29
                  RenderView at (0,0) size 133x29
                layer at (0,0) size 133x29
                  RenderSVGRoot {svg} at (0,0) size 97x21
                    RenderSVGHiddenContainer {defs} at (0,0) size 0x0
                    RenderSVGContainer {g} at (0,0) size 97x21 [transform={m=((1.00,0.00)(0.00,1.00)) t=(-162.36,-403.29)}]
                      RenderSVGPath {path} at (0,0) size 97x21 [stroke={[type=SOLID] [color=#000000]}] [fill={[type=SOLID] [color=#D9BB7A] [fill rule=EVEN-ODD]}] [data="M 525.714 585.219 C 525.714 685.419 444.486 766.648 344.286 766.648 C 244.085 766.648 162.857 685.419 162.857 585.219 C 162.857 485.019 244.085 403.791 344.286 403.791 C 444.486 403.791 525.714 485.019 525.714 585.219 Z"]
              RenderText {#text} at (0,0) size 0x0
          RenderTableRow {TR} at (0,243) size 466x37
            RenderTableCell {TH} at (65,255) size 118x13 [bgcolor=#DDDD99] [r=7 c=1 rs=1 cs=1]
              RenderText {#text} at (44,0) size 30x13
                text run at (44,0) width 30: "meet"
            RenderTableCell {TD} at (184,243) size 140x37 [r=7 c=2 rs=1 cs=1]
              RenderImage {IMG} at (0,0) size 139x35 [border: (1px dashed #800000)]
              RenderText {#text} at (0,0) size 0x0
            RenderTableCell {TD} at (325,243) size 140x37 [r=7 c=3 rs=1 cs=1]
              RenderEmbeddedObject {OBJECT} at (0,0) size 139x35 [border: (1px dashed #008000)]
                layer at (0,0) size 133x29
                  RenderView at (0,0) size 133x29
                layer at (0,0) size 133x29
                  RenderSVGRoot {svg} at (52,0) size 21x21
                    RenderSVGHiddenContainer {defs} at (0,0) size 0x0
                    RenderSVGContainer {g} at (52,0) size 21x21 [transform={m=((1.00,0.00)(0.00,1.00)) t=(-162.36,-403.29)}]
                      RenderSVGPath {path} at (52,0) size 21x21 [stroke={[type=SOLID] [color=#000000]}] [fill={[type=SOLID] [color=#D9BB7A] [fill rule=EVEN-ODD]}] [data="M 525.714 585.219 C 525.714 685.419 444.486 766.648 344.286 766.648 C 244.085 766.648 162.857 685.419 162.857 585.219 C 162.857 485.019 244.085 403.791 344.286 403.791 C 444.486 403.791 525.714 485.019 525.714 585.219 Z"]
              RenderText {#text} at (0,0) size 0x0
          RenderTableRow {TR} at (0,281) size 466x37
            RenderTableCell {TH} at (65,293) size 118x13 [bgcolor=#DDDD99] [r=8 c=1 rs=1 cs=1]
              RenderText {#text} at (46,0) size 26x13
                text run at (46,0) width 26: "slice"
            RenderTableCell {TD} at (184,281) size 140x37 [r=8 c=2 rs=1 cs=1]
              RenderImage {IMG} at (0,0) size 139x35 [border: (1px dashed #800000)]
              RenderText {#text} at (0,0) size 0x0
            RenderTableCell {TD} at (325,281) size 140x37 [r=8 c=3 rs=1 cs=1]
              RenderEmbeddedObject {OBJECT} at (0,0) size 139x35 [border: (1px dashed #008000)]
                layer at (0,0) size 133x29
                  RenderView at (0,0) size 133x29
                layer at (0,0) size 133x29
                  RenderSVGRoot {svg} at (0,0) size 97x29
                    RenderSVGHiddenContainer {defs} at (0,0) size 0x0
                    RenderSVGContainer {g} at (0,0) size 97x29 [transform={m=((1.00,0.00)(0.00,1.00)) t=(-162.36,-403.29)}]
                      RenderSVGPath {path} at (0,0) size 97x29 [stroke={[type=SOLID] [color=#000000]}] [fill={[type=SOLID] [color=#D9BB7A] [fill rule=EVEN-ODD]}] [data="M 525.714 585.219 C 525.714 685.419 444.486 766.648 344.286 766.648 C 244.085 766.648 162.857 685.419 162.857 585.219 C 162.857 485.019 244.085 403.791 344.286 403.791 C 444.486 403.791 525.714 485.019 525.714 585.219 Z"]
              RenderText {#text} at (0,0) size 0x0
