layer at (0,0) size 785x5273
  RenderView at (0,0) size 785x600
layer at (0,0) size 785x5273 layerType: background only
layer at (84,1482) size 200x200
  RenderBlock (positioned) zI: -3000000 {P} at (60,60) size 200x200 [color=#FFFFFF] [bgcolor=#990066]
    RenderText zI: -3000000 {#text} at (77,45) size 46x90
      text run at (77,45) width 46: "8"
layer at (34,1632) size 200x200
  RenderBlock (positioned) zI: -2000000 {P} at (10,210) size 200x200 [color=#FFFFFF] [bgcolor=#660099]
    RenderText zI: -2000000 {#text} at (77,45) size 46x90
      text run at (77,45) width 46: "7"
layer at (84,1782) size 200x200
  RenderBlock (positioned) zI: -1000000 {P} at (60,360) size 200x200 [color=#FFFFFF] [bgcolor=#0000FF]
    RenderText zI: -1000000 {#text} at (77,45) size 46x90
      text run at (77,45) width 46: "6"
layer at (84,2118) size 200x200
  RenderBlock (positioned) zI: -40 {P} at (60,60) size 200x200 [color=#FFFFFF] [bgcolor=#990066]
    RenderText zI: -40 {#text} at (77,45) size 46x90
      text run at (77,45) width 46: "8"
layer at (34,2268) size 200x200
  RenderBlock (positioned) zI: -30 {P} at (10,210) size 200x200 [color=#FFFFFF] [bgcolor=#660099]
    RenderText zI: -30 {#text} at (77,45) size 46x90
      text run at (77,45) width 46: "7"
layer at (84,846) size 200x200
  RenderBlock (positioned) zI: -3 {P} at (60,60) size 200x200 [color=#FFFFFF] [bgcolor=#990066]
    RenderText zI: -3 {#text} at (50,45) size 392x90
      text run at (50,45) width 392: " 8 hide me"
layer at (84,2754) size 200x200
  RenderBlock (positioned) zI: -3 {P} at (60,60) size 200x200 [color=#FFFFFF] [bgcolor=#990066]
    RenderText zI: -3 {#text} at (77,45) size 46x90
      text run at (77,45) width 46: "8"
layer at (34,2904) size 200x200
  RenderBlock (positioned) zI: -3 {P} at (10,210) size 200x200 [color=#FFFFFF] [bgcolor=#660099]
    RenderText zI: -3 {#text} at (77,45) size 46x90
      text run at (77,45) width 46: "7"
layer at (84,3390) size 200x200
  RenderBlock (positioned) zI: -3 {P} at (60,60) size 200x200 [color=#FFFFFF] [bgcolor=#990066]
    RenderText zI: -3 {#text} at (77,45) size 46x90
      text run at (77,45) width 46: "8"
layer at (84,4026) size 200x200
  RenderBlock (positioned) zI: -3 {P} at (60,60) size 200x200 [color=#FFFFFF] [bgcolor=#990066]
    RenderText zI: -3 {#text} at (77,45) size 46x90
      text run at (77,45) width 46: "8"
layer at (84,4697) size 200x200
  RenderBlock (positioned) zI: -3 {P} at (60,60) size 200x200 [color=#FFFFFF] [bgcolor=#990066]
    RenderText zI: -3 {#text} at (77,45) size 46x90
      text run at (77,45) width 46: "8"
layer at (34,996) size 200x200
  RenderBlock (positioned) zI: -2 {P} at (10,210) size 200x200 [color=#FFFFFF] [bgcolor=#660099]
    RenderText zI: -2 {#text} at (77,45) size 46x90
      text run at (77,45) width 46: "7"
layer at (84,2418) size 200x200
  RenderBlock (positioned) zI: -2 {P} at (60,360) size 200x200 [color=#FFFFFF] [bgcolor=#0000FF]
    RenderText zI: -2 {#text} at (77,45) size 46x90
      text run at (77,45) width 46: "6"
layer at (234,2468) size 200x200
  RenderBlock (positioned) zI: -2 {P} at (210,410) size 200x200 [color=#FFFFFF] [bgcolor=#009999]
    RenderText zI: -2 {#text} at (77,45) size 46x90
      text run at (77,45) width 46: "5"
layer at (34,3540) size 200x200
  RenderBlock (positioned) zI: -2 {P} at (10,210) size 200x200 [color=#FFFFFF] [bgcolor=#660099]
    RenderText zI: -2 {#text} at (77,45) size 46x90
      text run at (77,45) width 46: "7"
layer at (34,4176) size 200x200
  RenderBlock (positioned) zI: -2 {P} at (0,200) size 200x200 [color=#FFFFFF] [bgcolor=#660099]
    RenderText zI: -2 {#text} at (77,45) size 46x90
      text run at (77,45) width 46: "7"
layer at (34,4847) size 200x200
  RenderBlock (positioned) zI: -2 {P} at (0,200) size 200x200 [color=#FFFFFF] [bgcolor=#660099]
    RenderText zI: -2 {#text} at (77,45) size 46x90
      text run at (77,45) width 46: "7"
layer at (84,1146) size 200x200
  RenderBlock (positioned) zI: -1 {P} at (60,360) size 200x200 [color=#FFFFFF] [bgcolor=#0000FF]
    RenderText zI: -1 {#text} at (77,45) size 46x90
      text run at (77,45) width 46: "6"
layer at (84,4326) size 200x200
  RenderBlock (positioned) zI: -1 {P} at (60,360) size 200x200 [color=#FFFFFF] [bgcolor=#0000FF]
    RenderText zI: -1 {#text} at (77,45) size 46x90
      text run at (77,45) width 46: "6"
layer at (84,4997) size 200x200
  RenderBlock (positioned) zI: -1 {P} at (60,360) size 200x200 [color=#FFFFFF] [bgcolor=#0000FF]
    RenderText zI: -1 {#text} at (77,45) size 46x90
      text run at (77,45) width 46: "6"
layer at (0,0) size 785x5273 layerType: foreground only
  RenderBlock {HTML} at (0,0) size 785x5273
    RenderBody {BODY} at (8,21) size 769x5236
      RenderBlock {H1} at (0,0) size 769x37
        RenderText {#text} at (0,0) size 293x36
          text run at (0,0) width 293: "Layered Presentation"
      RenderBlock {P} at (0,58) size 769x20
        RenderText {#text} at (0,0) size 704x19
          text run at (0,0) width 382: "Robert O'Callahan pointed out to me some mistakes in this test "
          text run at (382,0) width 322: "that I have not yet had the time to examine or correct."
      RenderBlock {P} at (0,93) size 769x20
        RenderText {#text} at (0,0) size 440x19
          text run at (0,0) width 440: "In each of the following, 1 should be the top layer and 8 the bottom layer:"
      RenderBlock {P} at (0,4580) size 769x20
        RenderText {#text} at (0,0) size 329x19
          text run at (0,0) width 329: "Using assumed default value of z-index (may not pass):"
layer at (24,150) size 620x620
  RenderBlock (relative positioned) {DIV} at (16,128) size 620x621 [border: (10px solid #000000)]
layer at (84,210) size 200x200
  RenderBlock (positioned) {P} at (60,60) size 200x200 [color=#FFFFFF] [bgcolor=#990066]
    RenderText {#text} at (50,45) size 392x90
      text run at (50,45) width 392: " 8 hide me"
layer at (34,360) size 200x200
  RenderBlock (positioned) {P} at (10,210) size 200x200 [color=#FFFFFF] [bgcolor=#660099]
    RenderText {#text} at (77,45) size 46x90
      text run at (77,45) width 46: "7"
layer at (84,510) size 200x200
  RenderBlock (positioned) {P} at (60,360) size 200x200 [color=#FFFFFF] [bgcolor=#0000FF]
    RenderText {#text} at (77,45) size 46x90
      text run at (77,45) width 46: "6"
layer at (234,560) size 200x200
  RenderBlock (positioned) {P} at (210,410) size 200x200 [color=#FFFFFF] [bgcolor=#009999]
    RenderText {#text} at (77,45) size 46x90
      text run at (77,45) width 46: "5"
layer at (384,510) size 200x200
  RenderBlock (positioned) {P} at (360,360) size 200x200 [color=#FFFFFF] [bgcolor=#00CC00]
    RenderText {#text} at (77,45) size 46x90
      text run at (77,45) width 46: "4"
layer at (434,360) size 200x200
  RenderBlock (positioned) {P} at (410,210) size 200x200 [color=#FFFFFF] [bgcolor=#CCCC00]
    RenderText {#text} at (77,45) size 46x90
      text run at (77,45) width 46: "3"
layer at (384,210) size 200x200
  RenderBlock (positioned) {P} at (360,60) size 200x200 [color=#FFFFFF] [bgcolor=#FF9900]
    RenderText {#text} at (77,45) size 46x90
      text run at (77,45) width 46: "2"
layer at (234,160) size 200x200
  RenderBlock (positioned) {P} at (210,10) size 200x200 [color=#FFFFFF] [bgcolor=#FF0000]
    RenderText {#text} at (77,45) size 46x90
      text run at (77,45) width 46: "1"
layer at (24,786) size 620x620
  RenderBlock (relative positioned) {DIV} at (16,764) size 620x621 [border: (10px solid #000000)]
layer at (234,1196) size 200x200
  RenderBlock (positioned) {P} at (210,410) size 200x200 [color=#FFFFFF] [bgcolor=#009999]
    RenderText {#text} at (77,45) size 46x90
      text run at (77,45) width 46: "5"
layer at (24,1422) size 620x620
  RenderBlock (relative positioned) {DIV} at (16,1400) size 620x621 [border: (10px solid #000000)]
layer at (234,1832) size 200x200
  RenderBlock (positioned) {P} at (210,410) size 200x200 [color=#FFFFFF] [bgcolor=#009999]
    RenderText {#text} at (77,45) size 46x90
      text run at (77,45) width 46: "5"
layer at (24,2058) size 620x620
  RenderBlock (relative positioned) {DIV} at (16,2036) size 620x621 [border: (10px solid #000000)]
layer at (384,2418) size 200x200
  RenderBlock (positioned) {P} at (360,360) size 200x200 [color=#FFFFFF] [bgcolor=#00CC00]
    RenderText {#text} at (77,45) size 46x90
      text run at (77,45) width 46: "4"
layer at (434,2268) size 200x200
  RenderBlock (positioned) {P} at (410,210) size 200x200 [color=#FFFFFF] [bgcolor=#CCCC00]
    RenderText {#text} at (77,45) size 46x90
      text run at (77,45) width 46: "3"
layer at (24,2694) size 620x620
  RenderBlock (relative positioned) {DIV} at (16,2672) size 620x621 [border: (10px solid #000000)]
layer at (84,3054) size 200x200
  RenderBlock (positioned) {P} at (60,360) size 200x200 [color=#FFFFFF] [bgcolor=#0000FF]
    RenderText {#text} at (77,45) size 46x90
      text run at (77,45) width 46: "6"
layer at (234,3104) size 200x200
  RenderBlock (positioned) {P} at (210,410) size 200x200 [color=#FFFFFF] [bgcolor=#009999]
    RenderText {#text} at (77,45) size 46x90
      text run at (77,45) width 46: "5"
layer at (384,3054) size 200x200
  RenderBlock (positioned) {P} at (360,360) size 200x200 [color=#FFFFFF] [bgcolor=#00CC00]
    RenderText {#text} at (77,45) size 46x90
      text run at (77,45) width 46: "4"
layer at (24,3330) size 620x620
  RenderBlock (relative positioned) {DIV} at (16,3308) size 620x621 [border: (10px solid #000000)]
layer at (34,3340) size 600x600 layerType: background only
layer at (84,3690) size 200x200
  RenderBlock (positioned) zI: -9 {P} at (50,350) size 200x200 [color=#FFFFFF] [bgcolor=#0000FF]
    RenderText zI: -9 {#text} at (77,45) size 46x90
      text run at (77,45) width 46: "6"
layer at (34,3340) size 600x600 layerType: foreground only
  RenderBlock (positioned) {DIV} at (10,10) size 600x600
layer at (234,3740) size 200x200
  RenderBlock (positioned) {P} at (200,400) size 200x200 [color=#FFFFFF] [bgcolor=#009999]
    RenderText {#text} at (77,45) size 46x90
      text run at (77,45) width 46: "5"
layer at (384,3690) size 200x200
  RenderBlock (positioned) zI: 9 {P} at (350,350) size 200x200 [color=#FFFFFF] [bgcolor=#00CC00]
    RenderText zI: 9 {#text} at (77,45) size 46x90
      text run at (77,45) width 46: "4"
layer at (24,3966) size 620x620
  RenderBlock (relative positioned) {DIV} at (16,3944) size 620x621 [border: (10px solid #000000)]
layer at (34,3976) size 600x600
  RenderBlock (positioned) {DIV} at (10,10) size 600x600
layer at (234,4376) size 200x200
  RenderBlock (positioned) {P} at (210,410) size 200x200 [color=#FFFFFF] [bgcolor=#009999]
    RenderText {#text} at (77,45) size 46x90
      text run at (77,45) width 46: "5"
layer at (24,4637) size 620x620
  RenderBlock (relative positioned) {DIV} at (16,4615) size 620x621 [border: (10px solid #000000)]
layer at (34,4647) size 600x600
  RenderBlock (positioned) {DIV} at (10,10) size 600x600
layer at (234,5047) size 200x200
  RenderBlock (positioned) {P} at (210,410) size 200x200 [color=#FFFFFF] [bgcolor=#009999]
    RenderText {#text} at (77,45) size 46x90
      text run at (77,45) width 46: "5"
layer at (384,1146) size 200x200
  RenderBlock (positioned) zI: 1 {P} at (360,360) size 200x200 [color=#FFFFFF] [bgcolor=#00CC00]
    RenderText zI: 1 {#text} at (77,45) size 46x90
      text run at (77,45) width 46: "4"
layer at (384,4326) size 200x200
  RenderBlock (positioned) zI: 1 {P} at (350,350) size 200x200 [color=#FFFFFF] [bgcolor=#00CC00]
    RenderText zI: 1 {#text} at (77,45) size 46x90
      text run at (77,45) width 46: "4"
layer at (384,4997) size 200x200
  RenderBlock (positioned) zI: 1 {P} at (350,350) size 200x200 [color=#FFFFFF] [bgcolor=#00CC00]
    RenderText zI: 1 {#text} at (77,45) size 46x90
      text run at (77,45) width 46: "4"
layer at (434,996) size 200x200
  RenderBlock (positioned) zI: 2 {P} at (410,210) size 200x200 [color=#FFFFFF] [bgcolor=#CCCC00]
    RenderText zI: 2 {#text} at (77,45) size 46x90
      text run at (77,45) width 46: "3"
layer at (384,2118) size 200x200
  RenderBlock (positioned) zI: 2 {P} at (360,60) size 200x200 [color=#FFFFFF] [bgcolor=#FF9900]
    RenderText zI: 2 {#text} at (77,45) size 46x90
      text run at (77,45) width 46: "2"
layer at (434,3540) size 200x200
  RenderBlock (positioned) zI: 2 {P} at (410,210) size 200x200 [color=#FFFFFF] [bgcolor=#CCCC00]
    RenderText zI: 2 {#text} at (77,45) size 46x90
      text run at (77,45) width 46: "3"
layer at (434,4176) size 200x200
  RenderBlock (positioned) zI: 2 {P} at (410,210) size 200x200 [color=#FFFFFF] [bgcolor=#CCCC00]
    RenderText zI: 2 {#text} at (77,45) size 46x90
      text run at (77,45) width 46: "3"
layer at (434,4847) size 200x200
  RenderBlock (positioned) zI: 2 {P} at (410,210) size 200x200 [color=#FFFFFF] [bgcolor=#CCCC00]
    RenderText zI: 2 {#text} at (77,45) size 46x90
      text run at (77,45) width 46: "3"
layer at (384,846) size 200x200
  RenderBlock (positioned) zI: 3 {P} at (360,60) size 200x200 [color=#FFFFFF] [bgcolor=#FF9900]
    RenderText zI: 3 {#text} at (77,45) size 46x90
      text run at (77,45) width 46: "2"
layer at (234,2068) size 200x200
  RenderBlock (positioned) zI: 3 {P} at (210,10) size 200x200 [color=#FFFFFF] [bgcolor=#FF0000]
    RenderText zI: 3 {#text} at (77,45) size 46x90
      text run at (77,45) width 46: "1"
layer at (384,3390) size 200x200
  RenderBlock (positioned) zI: 3 {P} at (360,60) size 200x200 [color=#FFFFFF] [bgcolor=#FF9900]
    RenderText zI: 3 {#text} at (77,45) size 46x90
      text run at (77,45) width 46: "2"
layer at (384,4026) size 200x200
  RenderBlock (positioned) zI: 3 {P} at (350,50) size 200x200 [color=#FFFFFF] [bgcolor=#FF9900]
    RenderText zI: 3 {#text} at (77,45) size 46x90
      text run at (77,45) width 46: "2"
layer at (384,4697) size 200x200
  RenderBlock (positioned) zI: 3 {P} at (350,50) size 200x200 [color=#FFFFFF] [bgcolor=#FF9900]
    RenderText zI: 3 {#text} at (77,45) size 46x90
      text run at (77,45) width 46: "2"
layer at (234,796) size 200x200
  RenderBlock (positioned) zI: 4 {P} at (210,10) size 200x200 [color=#FFFFFF] [bgcolor=#FF0000]
    RenderText zI: 4 {#text} at (77,45) size 46x90
      text run at (77,45) width 46: "1"
layer at (434,2904) size 200x200
  RenderBlock (positioned) zI: 4 {P} at (410,210) size 200x200 [color=#FFFFFF] [bgcolor=#CCCC00]
    RenderText zI: 4 {#text} at (77,45) size 46x90
      text run at (77,45) width 46: "3"
layer at (384,2754) size 200x200
  RenderBlock (positioned) zI: 4 {P} at (360,60) size 200x200 [color=#FFFFFF] [bgcolor=#FF9900]
    RenderText zI: 4 {#text} at (77,45) size 46x90
      text run at (77,45) width 46: "2"
layer at (234,2704) size 200x200
  RenderBlock (positioned) zI: 4 {P} at (210,10) size 200x200 [color=#FFFFFF] [bgcolor=#FF0000]
    RenderText zI: 4 {#text} at (77,45) size 46x90
      text run at (77,45) width 46: "1"
layer at (234,3340) size 200x200
  RenderBlock (positioned) zI: 4 {P} at (210,10) size 200x200 [color=#FFFFFF] [bgcolor=#FF0000]
    RenderText zI: 4 {#text} at (77,45) size 46x90
      text run at (77,45) width 46: "1"
layer at (234,3976) size 200x200
  RenderBlock (positioned) zI: 4 {P} at (210,10) size 200x200 [color=#FFFFFF] [bgcolor=#FF0000]
    RenderText zI: 4 {#text} at (77,45) size 46x90
      text run at (77,45) width 46: "1"
layer at (234,4647) size 200x200
  RenderBlock (positioned) zI: 4 {P} at (210,10) size 200x200 [color=#FFFFFF] [bgcolor=#FF0000]
    RenderText zI: 4 {#text} at (77,45) size 46x90
      text run at (77,45) width 46: "1"
layer at (384,1782) size 200x200
  RenderBlock (positioned) zI: 1000000 {P} at (360,360) size 200x200 [color=#FFFFFF] [bgcolor=#00CC00]
    RenderText zI: 1000000 {#text} at (77,45) size 46x90
      text run at (77,45) width 46: "4"
layer at (434,1632) size 200x200
  RenderBlock (positioned) zI: 2000000 {P} at (410,210) size 200x200 [color=#FFFFFF] [bgcolor=#CCCC00]
    RenderText zI: 2000000 {#text} at (77,45) size 46x90
      text run at (77,45) width 46: "3"
layer at (384,1482) size 200x200
  RenderBlock (positioned) zI: 3000000 {P} at (360,60) size 200x200 [color=#FFFFFF] [bgcolor=#FF9900]
    RenderText zI: 3000000 {#text} at (77,45) size 46x90
      text run at (77,45) width 46: "2"
layer at (234,1432) size 200x200
  RenderBlock (positioned) zI: 4000000 {P} at (210,10) size 200x200 [color=#FFFFFF] [bgcolor=#FF0000]
    RenderText zI: 4000000 {#text} at (77,45) size 46x90
      text run at (77,45) width 46: "1"
