layer at (0,0) size 785x1508
  RenderView at (0,0) size 785x600
layer at (0,0) size 367x600
  RenderBlock {HTML} at (0,0) size 367x600
layer at (8,8) size 351x1500
  RenderBody {BODY} at (8,8) size 351x1500
    RenderBlock {DIV} at (19,0) size 57x479 [bgcolor=#00FFFF]
      RenderBlock (floating) {DIV} at (4,4) size 538x241 [bgcolor=#FFFF00]
        RenderImage {IMG} at (0,0) size 133x70
        RenderText {#text} at (0,70) size 152x236
          text run at (0,70) width 91: "You've already"
          text run at (19,70) width 144: "downloaded a build. All"
          text run at (38,70) width 155: "you have to do is use it as"
          text run at (57,70) width 166: "your everyday browser and"
          text run at (76,70) width 145: "mail/news reader. If you"
          text run at (95,70) width 148: "downloaded a build with"
          text run at (114,70) width 160: "Talkback, please turn it on"
          text run at (133,0) width 82: "when it asks. "
        RenderBlock (floating) {DIV} at (133,161) size 404x79 [bgcolor=#FF0000]
          RenderBlock {P} at (16,0) size 19x78
            RenderText {#text} at (0,0) size 19x70
              text run at (0,0) width 70: "Hola hola 1"
          RenderBlock {P} at (51,0) size 19x78
            RenderText {#text} at (0,0) size 19x70
              text run at (0,0) width 70: "Hola hola 2"
          RenderBlock {P} at (86,0) size 19x78
            RenderText {#text} at (0,0) size 19x70
              text run at (0,0) width 70: "Hola hola 3"
          RenderBlock {P} at (121,0) size 19x78
            RenderText {#text} at (0,0) size 19x70
              text run at (0,0) width 70: "Hola hola 4"
          RenderBlock {P} at (156,0) size 19x78
            RenderText {#text} at (0,0) size 19x70
              text run at (0,0) width 70: "Hola hola 5"
          RenderBlock {P} at (193,0) size 20x78
            RenderText {#text} at (0,0) size 19x70
              text run at (0,0) width 70: "Hola hola 6"
          RenderBlock {P} at (228,0) size 20x78
            RenderText {#text} at (0,0) size 19x70
              text run at (0,0) width 70: "Hola hola 7"
          RenderBlock {P} at (263,0) size 20x78
            RenderText {#text} at (0,0) size 19x70
              text run at (0,0) width 70: "Hola hola 8"
          RenderBlock {P} at (298,0) size 20x78
            RenderText {#text} at (0,0) size 19x70
              text run at (0,0) width 70: "Hola hola 9"
          RenderBlock {P} at (333,0) size 20x78
            RenderText {#text} at (0,0) size 19x78
              text run at (0,0) width 78: "Hola hola 10"
          RenderBlock {P} at (368,0) size 20x78
            RenderText {#text} at (0,0) size 19x78
              text run at (0,0) width 78: "Hola hola 11"
        RenderText {#text} at (133,82) size 133x144
          text run at (133,82) width 57: "Talkback"
          text run at (152,0) width 124: "reports give us really"
          text run at (171,0) width 137: "valuable data on which"
          text run at (190,0) width 123: "crashes are the most"
          text run at (209,0) width 136: "serious, and how often"
          text run at (228,0) width 144: "people are encountering"
          text run at (247,0) width 33: "them."
      RenderBlock (floating) {DIV} at (0,400) size 331x79 [bgcolor=#FF00FF]
        RenderBlock {P} at (16,0) size 19x78
          RenderText {#text} at (0,0) size 19x78
            text run at (0,0) width 78: "Hello Kitty 1"
        RenderBlock {P} at (51,0) size 19x78
          RenderText {#text} at (0,0) size 19x78
            text run at (0,0) width 78: "Hello Kitty 2"
        RenderBlock {P} at (86,0) size 19x78
          RenderText {#text} at (0,0) size 19x78
            text run at (0,0) width 78: "Hello Kitty 3"
        RenderBlock {P} at (121,0) size 19x78
          RenderText {#text} at (0,0) size 19x78
            text run at (0,0) width 78: "Hello Kitty 4"
        RenderBlock {P} at (156,0) size 19x78
          RenderText {#text} at (0,0) size 19x78
            text run at (0,0) width 78: "Hello Kitty 5"
        RenderBlock {P} at (191,0) size 19x78
          RenderText {#text} at (0,0) size 19x78
            text run at (0,0) width 78: "Hello Kitty 6"
        RenderBlock {P} at (226,0) size 19x78
          RenderText {#text} at (0,0) size 19x78
            text run at (0,0) width 78: "Hello Kitty 7"
        RenderBlock {P} at (261,0) size 19x78
          RenderText {#text} at (0,0) size 19x78
            text run at (0,0) width 78: "Hello Kitty 8"
        RenderBlock {P} at (296,0) size 19x78
          RenderText {#text} at (0,0) size 19x78
            text run at (0,0) width 78: "Hello Kitty 9"
      RenderBlock {H2} at (0,0) size 56x479
        RenderText {#text} at (0,249) size 56x131
          text run at (0,249) width 123: "What Needs"
          text run at (28,249) width 131: "To Be Done?"
    RenderBlock (floating) {DIV} at (95,248) size 396x79 [bgcolor=#808080]
      RenderBlock {P} at (16,0) size 19x78
        RenderText {#text} at (0,0) size 19x70
          text run at (0,0) width 70: "Hola hola 1"
      RenderBlock {P} at (51,0) size 19x78
        RenderText {#text} at (0,0) size 19x70
          text run at (0,0) width 70: "Hola hola 2"
      RenderBlock {P} at (86,0) size 19x78
        RenderText {#text} at (0,0) size 19x70
          text run at (0,0) width 70: "Hola hola 3"
      RenderBlock {P} at (121,0) size 19x78
        RenderText {#text} at (0,0) size 19x70
          text run at (0,0) width 70: "Hola hola 4"
      RenderBlock {P} at (156,0) size 19x78
        RenderText {#text} at (0,0) size 19x70
          text run at (0,0) width 70: "Hola hola 5"
      RenderBlock {P} at (191,0) size 19x78
        RenderText {#text} at (0,0) size 19x70
          text run at (0,0) width 70: "Hola hola 6"
      RenderBlock {P} at (226,0) size 19x78
        RenderText {#text} at (0,0) size 19x70
          text run at (0,0) width 70: "Hola hola 7"
      RenderBlock {P} at (255,0) size 20x78
        RenderText {#text} at (0,0) size 19x70
          text run at (0,0) width 70: "Hola hola 8"
      RenderBlock {P} at (290,0) size 20x78
        RenderText {#text} at (0,0) size 19x70
          text run at (0,0) width 70: "Hola hola 9"
      RenderBlock {P} at (325,0) size 20x78
        RenderText {#text} at (0,0) size 19x78
          text run at (0,0) width 78: "Hola hola 10"
      RenderBlock {P} at (360,0) size 20x78
        RenderText {#text} at (0,0) size 19x78
          text run at (0,0) width 78: "Hola hola 11"
    RenderBlock {DL} at (95,0) size 721x479
      RenderBlock {DT} at (0,0) size 38x479
        RenderText {#text} at (0,327) size 38x42
          text run at (0,327) width 42: "Report"
          text run at (19,327) width 30: "Bugs"
      RenderBlock {DD} at (54,40) size 487x439
        RenderBlock {P} at (0,0) size 487x439
          RenderText {#text} at (0,287) size 334x148
            text run at (0,287) width 43: "You've"
            text run at (19,287) width 44: "already"
            text run at (201,287) width 145: "downloaded a build. All"
            text run at (220,287) width 138: "you have to do is use it"
            text run at (239,287) width 17: "as "
            text run at (239,304) width 86: "your everyday"
            text run at (258,287) width 139: "browser and mail/news"
            text run at (277,287) width 82: "reader. If you"
            text run at (296,287) width 148: "downloaded a build with"
            text run at (315,287) width 65: "Talkback, "
          RenderInline {EM} at (0,0) size 38x149
            RenderText {#text} at (315,352) size 38x149
              text run at (315,352) width 44: "please "
              text run at (315,396) width 40: "turn it"
              text run at (334,287) width 16: "on"
          RenderText {#text} at (334,303) size 133x437
            text run at (334,303) width 82: " when it asks."
            text run at (353,209) width 136: "Talkback reports give "
            text run at (353,345) width 49: "us really"
            text run at (372,209) width 83: "valuable data "
            text run at (372,292) width 126: "on which crashes are"
            text run at (391,209) width 161: "the most serious, and how "
            text run at (391,370) width 30: "often"
            text run at (410,209) width 148: "people are encountering "
            text run at (410,357) width 80: "them. And all"
            text run at (429,0) width 181: "you have to do is click \"OK\". "
            text run at (429,181) width 238: "If you find something you think is a bug,"
            text run at (448,0) width 182: "check to see if it's not already "
          RenderInline {A} at (0,0) size 19x79 [color=#0000EE]
            RenderText {#text} at (448,182) size 19x79
              text run at (448,182) width 79: "known about"
          RenderText {#text} at (448,261) size 19x164
            text run at (448,261) width 105: ", and then please "
            text run at (448,366) width 59: "follow the"
          RenderInline {A} at (0,0) size 19x157 [color=#0000EE]
            RenderText {#text} at (467,0) size 19x157
              text run at (467,0) width 157: "bug submission procedure"
          RenderText {#text} at (467,157) size 19x4
            text run at (467,157) width 4: "."
      RenderBlock (floating) {DIV} at (556,0) size 401x78 [bgcolor=#008000]
        RenderBlock {P} at (16,0) size 19x78
          RenderText {#text} at (0,0) size 19x70
            text run at (0,0) width 70: "Hola hola 1"
        RenderBlock {P} at (49,0) size 20x78
          RenderText {#text} at (0,0) size 19x70
            text run at (0,0) width 70: "Hola hola 2"
        RenderBlock {P} at (84,0) size 20x78
          RenderText {#text} at (0,0) size 19x70
            text run at (0,0) width 70: "Hola hola 3"
        RenderBlock {P} at (119,0) size 20x78
          RenderText {#text} at (0,0) size 19x70
            text run at (0,0) width 70: "Hola hola 4"
        RenderBlock {P} at (154,0) size 20x78
          RenderText {#text} at (0,0) size 19x70
            text run at (0,0) width 70: "Hola hola 5"
        RenderBlock {P} at (189,0) size 20x78
          RenderText {#text} at (0,0) size 19x70
            text run at (0,0) width 70: "Hola hola 6"
        RenderBlock {P} at (224,0) size 20x78
          RenderText {#text} at (0,0) size 19x70
            text run at (0,0) width 70: "Hola hola 7"
        RenderBlock {P} at (259,0) size 20x78
          RenderText {#text} at (0,0) size 19x70
            text run at (0,0) width 70: "Hola hola 8"
        RenderBlock {P} at (294,0) size 20x78
          RenderText {#text} at (0,0) size 19x70
            text run at (0,0) width 70: "Hola hola 9"
        RenderBlock {P} at (329,0) size 20x78
          RenderText {#text} at (0,0) size 19x78
            text run at (0,0) width 78: "Hola hola 10"
        RenderBlock {P} at (364,0) size 20x78
          RenderText {#text} at (0,0) size 19x78
            text run at (0,0) width 78: "Hola hola 11"
      RenderBlock {DT} at (556,0) size 20x479
        RenderText {#text} at (0,78) size 19x110
          text run at (0,78) width 110: "Quality Assurance"
      RenderBlock {DD} at (606,40) size 115x439
        RenderBlock {P} at (0,0) size 114x439
          RenderInline {A} at (0,0) size 19x71 [color=#0000EE]
            RenderText {#text} at (0,38) size 19x71
              text run at (0,38) width 71: "Mozilla QA"
          RenderText {#text} at (0,109) size 19x39
            text run at (0,109) width 4: " "
            text run at (0,113) width 35: "has a "
          RenderInline {A} at (0,0) size 19x29 [color=#0000EE]
            RenderText {#text} at (0,148) size 19x29
              text run at (0,148) width 29: "page"
          RenderText {#text} at (0,177) size 114x400
            text run at (0,177) width 4: " "
            text run at (0,181) width 231: "dedicated to ways to get involved with"
            text run at (19,38) width 172: "helping. This doesn't involve "
            text run at (19,210) width 228: "knowing how to code, although a little"
            text run at (38,38) width 231: "knowledge of HTML is helpful. Being "
            text run at (38,269) width 123: "involved with QA is "
            text run at (38,392) width 31: "good"
            text run at (57,38) width 265: "for people wanting to get more familiar with "
            text run at (57,303) width 128: "Mozilla, and there's a"
            text run at (76,38) width 355: "strong community. A particularly good way to get involved "
            text run at (76,393) width 25: "is to"
            text run at (95,38) width 48: "join the "
          RenderInline {A} at (0,0) size 19x66 [color=#0000EE]
            RenderText {#text} at (95,86) size 19x66
              text run at (95,86) width 66: "BugAThon"
          RenderText {#text} at (95,152) size 19x4
            text run at (95,152) width 4: "."
