layer at (0,0) size 785x883
  RenderView at (0,0) size 785x600
layer at (0,0) size 785x883
  RenderBlock {HTML} at (0,0) size 785x883
    RenderBody {BODY} at (8,16) size 769x859
      RenderBlock {P} at (0,0) size 769x19
        RenderText {#text} at (0,0) size 263x19
          text run at (0,0) width 263: "The two columns below should be identical."
      RenderTable {TABLE} at (0,35) size 178x824
        RenderTableSection {TBODY} at (0,0) size 178x824
          RenderTableRow {TR} at (0,2) size 178x820
            RenderTableCell {TD} at (2,2) size 86x820 [bgcolor=#008080] [border: (3px solid #000000)] [r=0 c=0 rs=1 cs=1]
              RenderBlock {P} at (3,3) size 80x19 [bgcolor=#FFFF00]
                RenderText {#text} at (0,0) size 6x19
                  text run at (0,0) width 6: "-"
              RenderBlock {P} at (3,97) size 80x20 [bgcolor=#FF00FF]
                RenderText {#text} at (0,0) size 6x19
                  text run at (0,0) width 6: "-"
              RenderBlock {P} at (3,116) size 80x20 [bgcolor=#FFFF00]
                RenderText {#text} at (0,0) size 6x19
                  text run at (0,0) width 6: "-"
              RenderBlock {P} at (3,211) size 80x20 [bgcolor=#00FF00]
                RenderText {#text} at (0,0) size 6x19
                  text run at (0,0) width 6: "-"
              RenderBlock {P} at (3,230) size 80x20 [bgcolor=#FFFF00]
                RenderText {#text} at (0,0) size 6x19
                  text run at (0,0) width 6: "-"
              RenderBlock {P} at (3,286) size 80x20 [bgcolor=#FFFFFF]
                RenderText {#text} at (0,0) size 6x19
                  text run at (0,0) width 6: "-"
              RenderBlock {DIV} at (3,343) size 80x96 [bgcolor=#00FFFF]
                RenderBlock {P} at (0,75) size 80x20 [bgcolor=#FFA500]
                  RenderText {#text} at (0,0) size 6x19
                    text run at (0,0) width 6: "-"
              RenderBlock {P} at (3,476) size 80x20 [bgcolor=#FFFF00]
                RenderText {#text} at (0,0) size 6x19
                  text run at (0,0) width 6: "-"
              RenderBlock {P} at (3,495) size 80x95 [bgcolor=#FF00FF]
                RenderText {#text} at (0,0) size 6x19
                  text run at (0,0) width 6: "-"
              RenderBlock {P} at (3,551) size 80x58 [bgcolor=#00FF00]
                RenderText {#text} at (0,38) size 6x19
                  text run at (0,38) width 6: "-"
              RenderBlock (floating) {P} at (3,684) size 40x20 [bgcolor=#FFFFFF]
                RenderText {#text} at (0,0) size 6x19
                  text run at (0,0) width 6: "-"
              RenderBlock {P} at (3,646) size 80x20 [bgcolor=#00FFFF]
                RenderText {#text} at (40,0) size 6x19
                  text run at (40,0) width 6: "-"
              RenderBlock {P} at (3,703) size 80x57 [bgcolor=#FFA500]
                RenderText {#text} at (0,0) size 6x19
                  text run at (0,0) width 6: "-"
              RenderBlock {P} at (3,760) size 80x57 [bgcolor=#FFFF00]
                RenderText {#text} at (0,38) size 6x19
                  text run at (0,38) width 6: "-"
            RenderTableCell {TD} at (90,2) size 86x820 [border: (3px solid #000000)] [r=0 c=1 rs=1 cs=1]
              RenderBlock {DIV} at (3,3) size 80x19 [bgcolor=#FFFF00]
                RenderText {#text} at (0,0) size 6x19
                  text run at (0,0) width 6: "-"
              RenderBlock {DIV} at (3,22) size 80x76 [bgcolor=#008080]
              RenderBlock {DIV} at (3,97) size 80x20 [bgcolor=#FF00FF]
                RenderText {#text} at (0,0) size 6x19
                  text run at (0,0) width 6: "-"
              RenderBlock {DIV} at (3,116) size 80x20 [bgcolor=#FFFF00]
                RenderText {#text} at (0,0) size 6x19
                  text run at (0,0) width 6: "-"
              RenderBlock {DIV} at (3,135) size 80x77 [bgcolor=#008080]
              RenderBlock {DIV} at (3,211) size 80x20 [bgcolor=#00FF00]
                RenderText {#text} at (0,0) size 6x19
                  text run at (0,0) width 6: "-"
              RenderBlock {DIV} at (3,230) size 80x20 [bgcolor=#FFFF00]
                RenderText {#text} at (0,0) size 6x19
                  text run at (0,0) width 6: "-"
              RenderBlock {DIV} at (3,249) size 80x38 [bgcolor=#008080]
              RenderBlock {DIV} at (3,286) size 80x20 [bgcolor=#FFFFFF]
                RenderText {#text} at (0,0) size 6x19
                  text run at (0,0) width 6: "-"
              RenderBlock {DIV} at (3,305) size 80x39 [bgcolor=#008080]
              RenderBlock {DIV} at (3,343) size 80x77 [bgcolor=#00FFFF]
              RenderBlock {DIV} at (3,419) size 80x20 [bgcolor=#FFA500]
                RenderText {#text} at (0,0) size 6x19
                  text run at (0,0) width 6: "-"
              RenderBlock {DIV} at (3,438) size 80x39 [bgcolor=#008080]
              RenderBlock {DIV} at (3,476) size 80x20 [bgcolor=#FFFF00]
                RenderText {#text} at (0,0) size 6x19
                  text run at (0,0) width 6: "-"
              RenderBlock {DIV} at (3,495) size 80x20 [bgcolor=#FF00FF]
                RenderText {#text} at (0,0) size 6x19
                  text run at (0,0) width 6: "-"
              RenderBlock {DIV} at (3,514) size 80x38 [bgcolor=#FF00FF]
              RenderBlock {DIV} at (3,551) size 80x39 [bgcolor=#00FF00]
              RenderBlock {DIV} at (3,589) size 80x20 [bgcolor=#00FF00]
                RenderText {#text} at (0,0) size 6x19
                  text run at (0,0) width 6: "-"
              RenderBlock {DIV} at (3,608) size 80x39 [bgcolor=#008080]
              RenderBlock {DIV} at (3,646) size 80x20 [bgcolor=#00FFFF]
                RenderBlock {DIV} at (40,0) size 40x19
                  RenderText {#text} at (0,0) size 6x19
                    text run at (0,0) width 6: "-"
              RenderBlock {DIV} at (3,703) size 80x20 [bgcolor=#FFA500]
                RenderText {#text} at (0,0) size 6x19
                  text run at (0,0) width 6: "-"
              RenderBlock {DIV} at (3,722) size 80x38 [bgcolor=#FFA500]
              RenderBlock {DIV} at (3,759) size 80x39 [bgcolor=#FFFF00]
              RenderBlock {DIV} at (3,797) size 80x20 [bgcolor=#FFFF00]
                RenderText {#text} at (0,0) size 6x19
                  text run at (0,0) width 6: "-"
layer at (101,718) size 80x38
  RenderBlock (relative positioned) {DIV} at (3,665) size 80x39 [bgcolor=#008080]
layer at (101,737) size 40x19
  RenderBlock (positioned) {DIV} at (0,18) size 40x20 [bgcolor=#FFFFFF]
    RenderText {#text} at (0,0) size 6x19
      text run at (0,0) width 6: "-"
