layer at (0,0) size 800x600
  RenderView at (0,0) size 800x600
layer at (0,0) size 800x257
  RenderBlock {HTML} at (0,0) size 800x257
    RenderBody {BODY} at (8,16) size 784x191
      RenderBlock {P} at (0,0) size 784x38
        RenderText {#text} at (0,0) size 769x38
          text run at (0,0) width 769: "There should be four identical white boxes in the teal block below, all the same size, each one a little lower down on the line, in a"
          text run at (0,19) width 75: "step pattern."
      RenderBlock {DIV} at (50,88) size 684x103 [color=#FFFFFF] [bgcolor=#008080]
        RenderInline {SPAN} at (0,0) size 50x51
          RenderText {#text} at (13,12) size 50x51
            text run at (13,12) width 50: "X"
        RenderText {#text} at (63,29) size 50x51
          text run at (63,29) width 50: " "
        RenderImage {IMG} at (113,19) size 50x51
        RenderText {#text} at (163,29) size 150x51
          text run at (163,29) width 150: " X "
        RenderInline {SPAN} at (0,0) size 50x51
          RenderText {#text} at (313,40) size 50x51
            text run at (313,40) width 50: "X"
