layer at (0,0) size 800x600
  RenderView at (0,0) size 800x600
layer at (0,0) size 800x518
  RenderBlock {HTML} at (0,0) size 800x518 [bgcolor=#FFFFFF]
layer at (173,32) size 454x454
  RenderBody {BODY} at (173,32) size 454x454 [color=#FFFFFF] [bgcolor=#DD6600]
    RenderBlock {DIV} at (0,0) size 454x0
      RenderBlock {DIV} at (0,0) size 454x0
        RenderBlock {DIV} at (0,0) size 454x0
    RenderBlock {DIV} at (0,0) size 454x0
      RenderInline {SPAN} at (0,0) size 0x0
    RenderBlock {DIV} at (0,0) size 454x0
      RenderInline {SPAN} at (0,0) size 0x0
    RenderBlock {DIV} at (0,0) size 454x0
      RenderInline {SPAN} at (0,0) size 0x0
    RenderBlock {DIV} at (0,0) size 454x0
      RenderInline {SPAN} at (0,0) size 0x0
    RenderBlock {DIV} at (0,0) size 454x0
      RenderInline {SPAN} at (0,0) size 0x0
    RenderBlock {DIV} at (0,0) size 454x0
      RenderInline {SPAN} at (0,0) size 0x0
layer at (173,47) size 454x188
  RenderBlock (positioned) {H1} at (0,15) size 454x189 [color=#DD9955]
    RenderInline {SPAN} at (0,0) size 329x183
      RenderText {#text} at (83,2) size 329x183
        text run at (83,2) width 287: "CSS ZEN"
        text run at (62,96) width 329: "GARDEN"
layer at (173,119) size 454x21
  RenderBlock (positioned) {H2} at (0,87) size 454x22 [color=#EEFF00]
    RenderInline {SPAN} at (0,0) size 149x19
      RenderText {#text} at (152,1) size 88x19
        text run at (152,1) width 88: "The Beauty of "
      RenderInline {ACRONYM} at (0,0) size 22x19
        RenderText {#text} at (239,1) size 22x19
          text run at (239,1) width 22: "CSS"
      RenderText {#text} at (260,1) size 41x19
        text run at (260,1) width 41: " Design"
layer at (173,379) size 454x107
  RenderBlock (positioned) {DIV} at (0,347) size 454x107
    RenderInline {P} at (0,0) size 429x28
      RenderInline {SPAN} at (0,0) size 429x28
        RenderText {#text} at (12,0) size 429x28
          text run at (12,0) width 429: "Littering a dark and dreary road lay the past relics of browser-specific tags,"
          text run at (12,14) width 71: "incompatible "
        RenderInline {ACRONYM} at (0,0) size 30x14
          RenderText {#text} at (83,14) size 30x14
            text run at (83,14) width 30: "DOM"
        RenderText {#text} at (113,14) size 75x14
          text run at (113,14) width 75: "s, and broken "
        RenderInline {ACRONYM} at (0,0) size 25x14
          RenderText {#text} at (188,14) size 25x14
            text run at (188,14) width 25: "CSS"
        RenderText {#text} at (213,14) size 45x14
          text run at (213,14) width 45: " support."
    RenderText {#text} at (258,14) size 4x14
      text run at (258,14) width 4: " "
    RenderInline {P} at (0,0) size 429x42
      RenderInline {SPAN} at (0,0) size 429x42
        RenderText {#text} at (262,14) size 429x42
          text run at (262,14) width 179: "Today, we must clear the mind of"
          text run at (12,28) width 429: "past practices. Web enlightenment has been achieved thanks to the tireless efforts"
          text run at (12,42) width 83: "of folk like the "
        RenderInline {ACRONYM} at (0,0) size 26x14
          RenderText {#text} at (95,42) size 26x14
            text run at (95,42) width 26: "W3C"
        RenderText {#text} at (121,42) size 6x14
          text run at (121,42) width 6: ", "
        RenderInline {ACRONYM} at (0,0) size 32x14
          RenderText {#text} at (127,42) size 32x14
            text run at (127,42) width 32: "WaSP"
        RenderText {#text} at (159,42) size 171x14
          text run at (159,42) width 171: " and the major browser creators."
    RenderText {#text} at (330,42) size 4x14
      text run at (330,42) width 4: " "
    RenderInline {P} at (0,0) size 430x56
      RenderInline {SPAN} at (0,0) size 430x56
        RenderText {#text} at (334,42) size 430x56
          text run at (334,42) width 107: "The css Zen Garden"
          text run at (12,56) width 430: "invites you to relax and meditate on the important lessons of the masters. Begin to"
          text run at (12,70) width 429: "see with clarity. Learn to use the (yet to be) time-honored techniques in new and"
          text run at (12,84) width 247: "invigorating fashion. Become one with the web."
    RenderText {#text} at (0,0) size 0x0
layer at (321,235) size 306x80
  RenderBlock (positioned) {H3} at (148,-144) size 306x81 [color=#CCCC77] [bgcolor=#888811] [border: (3px solid #888811) none (3px solid #888811)]
    RenderInline {SPAN} at (0,0) size 221x80
      RenderText {#text} at (89,0) size 221x80
        text run at (89,0) width 186: "The Road to"
        text run at (54,37) width 221: "Enlightenment"
