layer at (0,0) size 800x600
  RenderView at (0,0) size 800x600
layer at (0,0) size 800x449
  RenderBlock {HTML} at (0,0) size 800x449
    RenderBody {BODY} at (8,8) size 784x433
      RenderBlock {DIV} at (0,0) size 784x85
        RenderBlock {DETAILS} at (0,0) size 784x85
          RenderBlock {SUMMARY} at (0,0) size 784x85
            RenderDetailsMarker {DIV} at (0,0) size 112x80 [border: (8px solid #00FF00) (16px solid #00FF00) (24px solid #00FF00) (32px solid #00FF00)]: right
            RenderText {#text} at (121,57) size 92x28
              text run at (121,57) width 92: "Summary"
      RenderBlock {DIV} at (0,85) size 127x171
        RenderBlock {DETAILS} at (0,0) size 127x171
          RenderBlock {SUMMARY} at (0,0) size 127x171
            RenderDetailsMarker {DIV} at (9,0) size 113x80 [border: (8px solid #00FF00) (16px solid #00FF00) (24px solid #00FF00) (32px solid #00FF00)]: down
            RenderText {#text} at (99,79) size 28x92
              text run at (99,79) width 91: "Summary"
      RenderBlock {DIV} at (0,255) size 784x47
        RenderBlock {DETAILS} at (0,0) size 784x46
          RenderBlock {SUMMARY} at (0,0) size 784x46
            RenderDetailsMarker {DIV} at (0,0) size 64x40 [border: (8px solid #00FF00)]: right
            RenderText {#text} at (73,18) size 92x28
              text run at (73,18) width 92: "Summary"
      RenderBlock {DIV} at (0,301) size 79x132
        RenderBlock {DETAILS} at (0,0) size 79x131
          RenderBlock {SUMMARY} at (0,0) size 79x131
            RenderDetailsMarker {DIV} at (9,0) size 65x40 [border: (8px solid #00FF00)]: down
            RenderText {#text} at (51,40) size 28x91
              text run at (51,40) width 91: "Summary"
