layer at (0,0) size 968x585
  RenderView at (0,0) size 800x585
layer at (0,0) size 800x585
  RenderBlock {HTML} at (0,0) size 800x585
    RenderBody {BODY} at (8,8) size 784x569
layer at (8,8) size 106x300
  RenderBlock (positioned) {DIV} at (8,8) size 106x300 [bgcolor=#00FF00]
    RenderText {#text} at (0,0) size 106x17
      text run at (0,0) width 106: "This is some text"
    RenderBR {BR} at (106,14) size 0x0
    RenderText {#text} at (0,17) size 106x17
      text run at (0,17) width 106: "This is some text"
    RenderBR {BR} at (106,31) size 0x0
    RenderText {#text} at (0,34) size 106x17
      text run at (0,34) width 106: "This is some text"
    RenderBR {BR} at (106,48) size 0x0
    RenderText {#text} at (0,51) size 106x17
      text run at (0,51) width 106: "This is some text"
    RenderBR {BR} at (106,65) size 0x0
    RenderText {#text} at (0,68) size 106x17
      text run at (0,68) width 106: "This is some text"
    RenderBR {BR} at (106,82) size 0x0
    RenderText {#text} at (0,85) size 106x17
      text run at (0,85) width 106: "This is some text"
    RenderBR {BR} at (106,99) size 0x0
    RenderText {#text} at (0,102) size 106x17
      text run at (0,102) width 106: "This is some text"
    RenderBR {BR} at (106,116) size 0x0
    RenderText {#text} at (0,119) size 106x17
      text run at (0,119) width 106: "This is some text"
    RenderBR {BR} at (106,133) size 0x0
    RenderText {#text} at (0,136) size 106x17
      text run at (0,136) width 106: "This is some text"
    RenderBR {BR} at (106,150) size 0x0
    RenderText {#text} at (0,153) size 106x17
      text run at (0,153) width 106: "This is some text"
    RenderBR {BR} at (106,167) size 0x0
    RenderText {#text} at (0,170) size 106x17
      text run at (0,170) width 106: "This is some text"
    RenderBR {BR} at (106,184) size 0x0
    RenderText {#text} at (0,187) size 106x17
      text run at (0,187) width 106: "This is some text"
    RenderBR {BR} at (106,201) size 0x0
    RenderText {#text} at (0,204) size 106x17
      text run at (0,204) width 106: "This is some text"
    RenderBR {BR} at (106,218) size 0x0
    RenderText {#text} at (0,221) size 106x17
      text run at (0,221) width 106: "This is some text"
    RenderBR {BR} at (106,235) size 0x0
    RenderText {#text} at (0,238) size 106x17
      text run at (0,238) width 106: "This is some text"
    RenderBR {BR} at (106,252) size 0x0
    RenderText {#text} at (0,255) size 106x17
      text run at (0,255) width 106: "This is some text"
    RenderBR {BR} at (106,269) size 0x0
    RenderText {#text} at (0,272) size 106x17
      text run at (0,272) width 106: "This is some text"
    RenderBR {BR} at (106,286) size 0x0
    RenderText {#text} at (0,300) size 106x17
      text run at (0,300) width 106: "This is some text"
    RenderBR {BR} at (106,314) size 0x0
    RenderText {#text} at (0,317) size 106x17
      text run at (0,317) width 106: "This is some text"
    RenderBR {BR} at (106,331) size 0x0
    RenderText {#text} at (0,334) size 106x17
      text run at (0,334) width 106: "This is some text"
    RenderBR {BR} at (106,348) size 0x0
    RenderText {#text} at (0,351) size 106x17
      text run at (0,351) width 106: "This is some text"
    RenderBR {BR} at (106,365) size 0x0
    RenderText {#text} at (0,368) size 106x17
      text run at (0,368) width 106: "This is some text"
    RenderBR {BR} at (106,382) size 0x0
    RenderText {#text} at (0,385) size 106x17
      text run at (0,385) width 106: "This is some text"
    RenderBR {BR} at (106,399) size 0x0
    RenderText {#text} at (0,402) size 106x17
      text run at (0,402) width 106: "This is some text"
    RenderBR {BR} at (106,416) size 0x0
    RenderText {#text} at (0,419) size 106x17
      text run at (0,419) width 106: "This is some text"
    RenderBR {BR} at (106,433) size 0x0
    RenderText {#text} at (0,436) size 106x17
      text run at (0,436) width 106: "This is some text"
    RenderBR {BR} at (106,450) size 0x0
    RenderText {#text} at (0,453) size 106x17
      text run at (0,453) width 106: "This is some text"
    RenderBR {BR} at (106,467) size 0x0
    RenderText {#text} at (0,470) size 106x17
      text run at (0,470) width 106: "This is some text"
    RenderBR {BR} at (106,484) size 0x0
    RenderText {#text} at (0,487) size 106x17
      text run at (0,487) width 106: "This is some text"
    RenderBR {BR} at (106,501) size 0x0
    RenderText {#text} at (0,504) size 106x17
      text run at (0,504) width 106: "This is some text"
    RenderBR {BR} at (106,518) size 0x0
    RenderText {#text} at (0,521) size 106x17
      text run at (0,521) width 106: "This is some text"
    RenderBR {BR} at (106,535) size 0x0
    RenderText {#text} at (0,538) size 106x17
      text run at (0,538) width 106: "This is some text"
    RenderBR {BR} at (106,552) size 0x0
    RenderText {#text} at (0,555) size 106x17
      text run at (0,555) width 106: "This is some text"
    RenderBR {BR} at (106,569) size 0x0
    RenderText {#text} at (0,572) size 106x17
      text run at (0,572) width 106: "This is some text"
    RenderBR {BR} at (106,586) size 0x0
    RenderText {#text} at (0,600) size 106x17
      text run at (0,600) width 106: "This is some text"
    RenderBR {BR} at (106,614) size 0x0
    RenderText {#text} at (0,617) size 106x17
      text run at (0,617) width 106: "This is some text"
    RenderBR {BR} at (106,631) size 0x0
    RenderText {#text} at (0,634) size 106x17
      text run at (0,634) width 106: "This is some text"
    RenderBR {BR} at (106,648) size 0x0
    RenderText {#text} at (0,651) size 106x17
      text run at (0,651) width 106: "This is some text"
    RenderBR {BR} at (106,665) size 0x0
    RenderText {#text} at (0,668) size 106x17
      text run at (0,668) width 106: "This is some text"
    RenderBR {BR} at (106,682) size 0x0
    RenderText {#text} at (0,685) size 106x17
      text run at (0,685) width 106: "This is some text"
    RenderBR {BR} at (106,699) size 0x0
    RenderText {#text} at (0,702) size 106x17
      text run at (0,702) width 106: "This is some text"
    RenderBR {BR} at (106,716) size 0x0
    RenderText {#text} at (0,719) size 106x17
      text run at (0,719) width 106: "This is some text"
    RenderBR {BR} at (106,733) size 0x0
    RenderText {#text} at (0,736) size 106x17
      text run at (0,736) width 106: "This is some text"
    RenderBR {BR} at (106,750) size 0x0
    RenderText {#text} at (0,753) size 106x17
      text run at (0,753) width 106: "This is some text"
    RenderBR {BR} at (106,767) size 0x0
    RenderText {#text} at (0,770) size 106x17
      text run at (0,770) width 106: "This is some text"
    RenderBR {BR} at (106,784) size 0x0
    RenderText {#text} at (0,787) size 106x17
      text run at (0,787) width 106: "This is some text"
    RenderBR {BR} at (106,801) size 0x0
    RenderText {#text} at (0,804) size 106x17
      text run at (0,804) width 106: "This is some text"
    RenderBR {BR} at (106,818) size 0x0
    RenderText {#text} at (0,821) size 106x17
      text run at (0,821) width 106: "This is some text"
    RenderBR {BR} at (106,835) size 0x0
    RenderText {#text} at (0,838) size 106x17
      text run at (0,838) width 106: "This is some text"
    RenderBR {BR} at (106,852) size 0x0
    RenderText {#text} at (0,855) size 106x17
      text run at (0,855) width 106: "This is some text"
    RenderBR {BR} at (106,869) size 0x0
    RenderText {#text} at (0,872) size 106x17
      text run at (0,872) width 106: "This is some text"
    RenderBR {BR} at (106,886) size 0x0
    RenderText {#text} at (0,900) size 106x17
      text run at (0,900) width 106: "This is some text"
    RenderBR {BR} at (106,914) size 0x0
    RenderText {#text} at (0,917) size 106x17
      text run at (0,917) width 106: "This is some text"
    RenderBR {BR} at (106,931) size 0x0
    RenderText {#text} at (0,934) size 106x17
      text run at (0,934) width 106: "This is some text"
    RenderBR {BR} at (106,948) size 0x0
    RenderText {#text} at (0,951) size 106x17
      text run at (0,951) width 106: "This is some text"
    RenderBR {BR} at (106,965) size 0x0
    RenderText {#text} at (0,968) size 106x17
      text run at (0,968) width 106: "This is some text"
    RenderBR {BR} at (106,982) size 0x0
    RenderText {#text} at (0,985) size 106x17
      text run at (0,985) width 106: "This is some text"
    RenderBR {BR} at (106,999) size 0x0
    RenderText {#text} at (0,1002) size 106x17
      text run at (0,1002) width 106: "This is some text"
    RenderBR {BR} at (106,1016) size 0x0
    RenderText {#text} at (0,1019) size 106x17
      text run at (0,1019) width 106: "This is some text"
    RenderBR {BR} at (106,1033) size 0x0
    RenderText {#text} at (0,1036) size 106x17
      text run at (0,1036) width 106: "This is some text"
    RenderBR {BR} at (106,1050) size 0x0
    RenderText {#text} at (0,1053) size 106x17
      text run at (0,1053) width 106: "This is some text"
    RenderBR {BR} at (106,1067) size 0x0
    RenderText {#text} at (0,1070) size 106x17
      text run at (0,1070) width 106: "This is some text"
    RenderBR {BR} at (106,1084) size 0x0
    RenderText {#text} at (0,1087) size 106x17
      text run at (0,1087) width 106: "This is some text"
    RenderBR {BR} at (106,1101) size 0x0
    RenderText {#text} at (0,1104) size 106x17
      text run at (0,1104) width 106: "This is some text"
    RenderBR {BR} at (106,1118) size 0x0
    RenderText {#text} at (0,1121) size 106x17
      text run at (0,1121) width 106: "This is some text"
    RenderBR {BR} at (106,1135) size 0x0
    RenderText {#text} at (0,1138) size 106x17
      text run at (0,1138) width 106: "This is some text"
    RenderBR {BR} at (106,1152) size 0x0
    RenderText {#text} at (0,1155) size 106x17
      text run at (0,1155) width 106: "This is some text"
    RenderBR {BR} at (106,1169) size 0x0
    RenderText {#text} at (0,1172) size 106x17
      text run at (0,1172) width 106: "This is some text"
    RenderBR {BR} at (106,1186) size 0x0
    RenderText {#text} at (0,1200) size 106x17
      text run at (0,1200) width 106: "This is some text"
    RenderBR {BR} at (106,1214) size 0x0
    RenderText {#text} at (0,1217) size 106x17
      text run at (0,1217) width 106: "This is some text"
    RenderBR {BR} at (106,1231) size 0x0
    RenderText {#text} at (0,1234) size 106x17
      text run at (0,1234) width 106: "This is some text"
    RenderBR {BR} at (106,1248) size 0x0
    RenderText {#text} at (0,1251) size 106x17
      text run at (0,1251) width 106: "This is some text"
    RenderBR {BR} at (106,1265) size 0x0
    RenderText {#text} at (0,1268) size 106x17
      text run at (0,1268) width 106: "This is some text"
    RenderBR {BR} at (106,1282) size 0x0
    RenderText {#text} at (0,1285) size 106x17
      text run at (0,1285) width 106: "This is some text"
    RenderBR {BR} at (106,1299) size 0x0
    RenderText {#text} at (0,1302) size 106x17
      text run at (0,1302) width 106: "This is some text"
    RenderBR {BR} at (106,1316) size 0x0
    RenderText {#text} at (0,1319) size 106x17
      text run at (0,1319) width 106: "This is some text"
    RenderBR {BR} at (106,1333) size 0x0
    RenderText {#text} at (0,1336) size 106x17
      text run at (0,1336) width 106: "This is some text"
    RenderBR {BR} at (106,1350) size 0x0
    RenderText {#text} at (0,1353) size 106x17
      text run at (0,1353) width 106: "This is some text"
    RenderBR {BR} at (106,1367) size 0x0
    RenderText {#text} at (0,1370) size 106x17
      text run at (0,1370) width 106: "This is some text"
    RenderBR {BR} at (106,1384) size 0x0
    RenderText {#text} at (0,1387) size 106x17
      text run at (0,1387) width 106: "This is some text"
    RenderBR {BR} at (106,1401) size 0x0
    RenderText {#text} at (0,1404) size 106x17
      text run at (0,1404) width 106: "This is some text"
    RenderBR {BR} at (106,1418) size 0x0
    RenderText {#text} at (0,1421) size 106x17
      text run at (0,1421) width 106: "This is some text"
    RenderBR {BR} at (106,1435) size 0x0
    RenderText {#text} at (0,1438) size 106x17
      text run at (0,1438) width 106: "This is some text"
    RenderBR {BR} at (106,1452) size 0x0
    RenderText {#text} at (0,1455) size 106x17
      text run at (0,1455) width 106: "This is some text"
    RenderBR {BR} at (106,1469) size 0x0
    RenderText {#text} at (0,1472) size 106x17
      text run at (0,1472) width 106: "This is some text"
    RenderBR {BR} at (106,1486) size 0x0
    RenderText {#text} at (0,1500) size 106x17
      text run at (0,1500) width 106: "This is some text"
    RenderBR {BR} at (106,1514) size 0x0
    RenderText {#text} at (0,1517) size 106x17
      text run at (0,1517) width 106: "This is some text"
    RenderBR {BR} at (106,1531) size 0x0
    RenderText {#text} at (0,1534) size 106x17
      text run at (0,1534) width 106: "This is some text"
    RenderBR {BR} at (106,1548) size 0x0
    RenderText {#text} at (0,1551) size 106x17
      text run at (0,1551) width 106: "This is some text"
    RenderBR {BR} at (106,1565) size 0x0
    RenderText {#text} at (0,1568) size 106x17
      text run at (0,1568) width 106: "This is some text"
    RenderBR {BR} at (106,1582) size 0x0
    RenderText {#text} at (0,1585) size 106x17
      text run at (0,1585) width 106: "This is some text"
    RenderBR {BR} at (106,1599) size 0x0
    RenderText {#text} at (0,1602) size 106x17
      text run at (0,1602) width 106: "This is some text"
    RenderBR {BR} at (106,1616) size 0x0
    RenderText {#text} at (0,1619) size 106x17
      text run at (0,1619) width 106: "This is some text"
    RenderBR {BR} at (106,1633) size 0x0
    RenderText {#text} at (0,1636) size 106x17
      text run at (0,1636) width 106: "This is some text"
    RenderBR {BR} at (106,1650) size 0x0
    RenderText {#text} at (0,1653) size 106x17
      text run at (0,1653) width 106: "This is some text"
    RenderBR {BR} at (106,1667) size 0x0
    RenderText {#text} at (0,1670) size 106x17
      text run at (0,1670) width 106: "This is some text"
    RenderBR {BR} at (106,1684) size 0x0
    RenderText {#text} at (0,1687) size 106x17
      text run at (0,1687) width 106: "This is some text"
    RenderBR {BR} at (106,1701) size 0x0
    RenderText {#text} at (0,1704) size 106x17
      text run at (0,1704) width 106: "This is some text"
    RenderBR {BR} at (106,1718) size 0x0
    RenderText {#text} at (0,1721) size 106x17
      text run at (0,1721) width 106: "This is some text"
    RenderBR {BR} at (106,1735) size 0x0
    RenderText {#text} at (0,1738) size 106x17
      text run at (0,1738) width 106: "This is some text"
    RenderBR {BR} at (106,1752) size 0x0
    RenderText {#text} at (0,1755) size 106x17
      text run at (0,1755) width 106: "This is some text"
    RenderBR {BR} at (106,1769) size 0x0
    RenderText {#text} at (0,1772) size 106x17
      text run at (0,1772) width 106: "This is some text"
    RenderBR {BR} at (106,1786) size 0x0
    RenderText {#text} at (0,1800) size 106x17
      text run at (0,1800) width 106: "This is some text"
    RenderBR {BR} at (106,1814) size 0x0
    RenderText {#text} at (0,1817) size 106x17
      text run at (0,1817) width 106: "This is some text"
    RenderBR {BR} at (106,1831) size 0x0
    RenderText {#text} at (0,1834) size 106x17
      text run at (0,1834) width 106: "This is some text"
    RenderBR {BR} at (106,1848) size 0x0
    RenderText {#text} at (0,1851) size 106x17
      text run at (0,1851) width 106: "This is some text"
    RenderBR {BR} at (106,1865) size 0x0
    RenderText {#text} at (0,1868) size 106x17
      text run at (0,1868) width 106: "This is some text"
    RenderBR {BR} at (106,1882) size 0x0
    RenderText {#text} at (0,1885) size 106x17
      text run at (0,1885) width 106: "This is some text"
    RenderBR {BR} at (106,1899) size 0x0
    RenderText {#text} at (0,1902) size 106x17
      text run at (0,1902) width 106: "This is some text"
    RenderBR {BR} at (106,1916) size 0x0
    RenderText {#text} at (0,1919) size 106x17
      text run at (0,1919) width 106: "This is some text"
    RenderBR {BR} at (106,1933) size 0x0
    RenderText {#text} at (0,1936) size 106x17
      text run at (0,1936) width 106: "This is some text"
    RenderBR {BR} at (106,1950) size 0x0
    RenderText {#text} at (0,1953) size 106x17
      text run at (0,1953) width 106: "This is some text"
    RenderBR {BR} at (106,1967) size 0x0
    RenderText {#text} at (0,1970) size 106x17
      text run at (0,1970) width 106: "This is some text"
    RenderBR {BR} at (106,1984) size 0x0
    RenderText {#text} at (0,1987) size 106x17
      text run at (0,1987) width 106: "This is some text"
    RenderBR {BR} at (106,2001) size 0x0
    RenderText {#text} at (0,2004) size 106x17
      text run at (0,2004) width 106: "This is some text"
    RenderBR {BR} at (106,2018) size 0x0
    RenderText {#text} at (0,2021) size 106x17
      text run at (0,2021) width 106: "This is some text"
    RenderBR {BR} at (106,2035) size 0x0
    RenderText {#text} at (0,2038) size 106x17
      text run at (0,2038) width 106: "This is some text"
    RenderBR {BR} at (106,2052) size 0x0
    RenderText {#text} at (0,2055) size 106x17
      text run at (0,2055) width 106: "This is some text"
    RenderBR {BR} at (106,2069) size 0x0
    RenderText {#text} at (0,2072) size 106x17
      text run at (0,2072) width 106: "This is some text"
    RenderBR {BR} at (106,2086) size 0x0
    RenderText {#text} at (0,2100) size 106x17
      text run at (0,2100) width 106: "This is some text"
    RenderBR {BR} at (106,2114) size 0x0
    RenderText {#text} at (0,2117) size 106x17
      text run at (0,2117) width 106: "This is some text"
    RenderBR {BR} at (106,2131) size 0x0
    RenderText {#text} at (0,2134) size 106x17
      text run at (0,2134) width 106: "This is some text"
    RenderBR {BR} at (106,2148) size 0x0
    RenderText {#text} at (0,2151) size 106x17
      text run at (0,2151) width 106: "This is some text"
    RenderBR {BR} at (106,2165) size 0x0
    RenderText {#text} at (0,2168) size 106x17
      text run at (0,2168) width 106: "This is some text"
    RenderBR {BR} at (106,2182) size 0x0
    RenderText {#text} at (0,2185) size 106x17
      text run at (0,2185) width 106: "This is some text"
    RenderBR {BR} at (106,2199) size 0x0
    RenderText {#text} at (0,2202) size 106x17
      text run at (0,2202) width 106: "This is some text"
    RenderBR {BR} at (106,2216) size 0x0
    RenderText {#text} at (0,2219) size 106x17
      text run at (0,2219) width 106: "This is some text"
    RenderBR {BR} at (106,2233) size 0x0
    RenderText {#text} at (0,2236) size 106x17
      text run at (0,2236) width 106: "This is some text"
    RenderBR {BR} at (106,2250) size 0x0
    RenderText {#text} at (0,2253) size 106x17
      text run at (0,2253) width 106: "This is some text"
    RenderBR {BR} at (106,2267) size 0x0
    RenderText {#text} at (0,2270) size 106x17
      text run at (0,2270) width 106: "This is some text"
    RenderBR {BR} at (106,2284) size 0x0
    RenderText {#text} at (0,2287) size 106x17
      text run at (0,2287) width 106: "This is some text"
    RenderBR {BR} at (106,2301) size 0x0
    RenderText {#text} at (0,2304) size 106x17
      text run at (0,2304) width 106: "This is some text"
    RenderBR {BR} at (106,2318) size 0x0
    RenderText {#text} at (0,2321) size 106x17
      text run at (0,2321) width 106: "This is some text"
    RenderBR {BR} at (106,2335) size 0x0
    RenderText {#text} at (0,2338) size 106x17
      text run at (0,2338) width 106: "This is some text"
    RenderBR {BR} at (106,2352) size 0x0
    RenderText {#text} at (0,2355) size 106x17
      text run at (0,2355) width 106: "This is some text"
    RenderBR {BR} at (106,2369) size 0x0
