layer at (0,0) size 800x600
  RenderView at (0,0) size 800x600
layer at (0,0) size 800x600
  RenderBlock {HTML} at (0,0) size 800x600
    RenderBody {BODY} at (8,8) size 784x574
      RenderBlock (anonymous) at (0,0) size 784x19
        RenderText {#text} at (0,0) size 540x19
          text run at (0,0) width 540: "In this sample, the H3s should be nested. This matches Firefox, IE, and the HTML5 spec."
      RenderBlock {H3} at (0,37) size 784x300 [border: (2px solid #FF0000)]
        RenderBlock (anonymous) at (4,4) size 776x22
          RenderInline {I} at (0,0) size 33x22
            RenderText {#text} at (0,0) size 33x22
              text run at (0,0) width 33: "One"
        RenderBlock (anonymous) at (4,47) size 776x227
          RenderBlock {H3} at (0,0) size 776x226 [border: (2px solid #FF0000)]
            RenderBlock (anonymous) at (4,4) size 768x25
              RenderInline {I} at (0,0) size 38x25
                RenderText {#text} at (0,0) size 38x25
                  text run at (0,0) width 38: "Two"
            RenderBlock (anonymous) at (4,54) size 768x142
              RenderBlock {H3} at (0,0) size 768x141 [border: (2px solid #FF0000)]
                RenderBlock (anonymous) at (4,4) size 760x30
                  RenderInline {I} at (0,0) size 64x30
                    RenderText {#text} at (0,0) size 64x30
                      text run at (0,0) width 64: "Three"
                RenderBlock (anonymous) at (4,63) size 760x44
                  RenderBlock {H3} at (0,0) size 760x43 [border: (2px solid #FF0000)]
                    RenderInline {I} at (0,0) size 64x34
                      RenderText {#text} at (4,4) size 64x34
                        text run at (4,4) width 64: "Four"
                RenderBlock (anonymous) at (4,136) size 760x1
                  RenderInline {I} at (0,0) size 0x0
            RenderBlock (anonymous) at (4,221) size 768x1
              RenderInline {I} at (0,0) size 0x0
        RenderBlock (anonymous) at (4,294) size 776x1
          RenderInline {I} at (0,0) size 0x0
