layer at (0,0) size 800x600
  RenderView at (0,0) size 800x600
layer at (0,0) size 800x600
  RenderBlock {HTML} at (0,0) size 800x600
    RenderBody {BODY} at (8,8) size 784x584
      RenderText {#text} at (0,0) size 368x17
        text run at (0,0) width 368: "This tests that aqua-style search fields do not honor height."
      RenderBR {BR} at (368,14) size 0x0
      RenderTextControl {INPUT} at (0,120) size 68x6 [bgcolor=#FFFFFF] [border: (2px inset #000000)]
        RenderFlexibleBox {DIV} at (3,0) size 62x6
          RenderBlock {DIV} at (0,3) size 0x0
          RenderBlock {DIV} at (0,0) size 56x6
          RenderBlock {DIV} at (56,0) size 6x6
      RenderText {#text} at (68,112) size 4x17
        text run at (68,112) width 4: " "
      RenderTextControl {INPUT} at (74,101) size 172x40 [bgcolor=#FFFFFF] [border: (2px inset #000000)]
        RenderFlexibleBox {DIV} at (3,3) size 166x34
          RenderBlock {DIV} at (0,17) size 0x0
          RenderBlock {DIV} at (0,8) size 151x18
          RenderBlock {DIV} at (151,9) size 15x16
      RenderText {#text} at (248,112) size 4x17
        text run at (248,112) width 4: " "
      RenderTextControl {INPUT} at (254,17) size 315x200 [bgcolor=#FFFFFF] [border: (2px inset #000000)]
        RenderFlexibleBox {DIV} at (3,3) size 309x194
          RenderBlock {DIV} at (0,97) size 0x0
          RenderBlock {DIV} at (0,82) size 285x30
          RenderBlock {DIV} at (285,85) size 24x24
      RenderText {#text} at (0,0) size 0x0
layer at (11,128) size 56x6
  RenderBlock {DIV} at (0,0) size 56x6
    RenderText {#text} at (0,0) size 10x6
      text run at (0,0) width 10: "mini"
layer at (85,121) size 151x17
  RenderBlock {DIV} at (0,0) size 151x17
    RenderText {#text} at (0,0) size 35x17
      text run at (0,0) width 35: "small"
layer at (265,110) size 285x30
  RenderBlock {DIV} at (0,0) size 285x30
    RenderText {#text} at (0,0) size 84x30
      text run at (0,0) width 84: "regular"
