layer at (0,0) size 800x600
  RenderView at (0,0) size 800x600
layer at (0,0) size 800x600
  RenderBlock {HTML} at (0,0) size 800x600
    RenderBody {BODY} at (8,8) size 784x576
      RenderBlock (anonymous) at (0,0) size 784x38
        RenderText {#text} at (0,0) size 748x38
          text run at (0,0) width 454: "This tests whether alt text is shown for image-type form input elements with "
          text run at (454,0) width 294: "no src attribute. You should see \"Success\" twice,"
          text run at (0,19) width 173: "followed by a blue rectangle."
      RenderBlock {P} at (0,54) size 784x0
      RenderBlock {FORM} at (0,54) size 784x100
        RenderImage {INPUT} at (0,0) size 53x23
        RenderBR {BR} at (53,23) size 0x0
        RenderImage {INPUT} at (0,23) size 102x52 [border: (1px solid #000000)]
        RenderBR {BR} at (102,75) size 0x0
        RenderImage {INPUT} at (0,75) size 75x25
        RenderBR {BR} at (75,100) size 0x0
