layer at (0,0) size 3979x585
  RenderView at (0,0) size 800x585
layer at (-3179,0) size 3979x585 backgroundClip at (0,0) size 3979x585 clip at (0,0) size 3979x585 outlineClip at (0,0) size 3979x585
  RenderBlock {HTML} at (0,0) size 3980x585
    RenderBody {BODY} at (58,46) size 3863x493
      RenderBlock {H1} at (0,0) size 48x492
        RenderText {#text} at (6,0) size 36x64
          text run at (6,0) width 64: "\x{8349}\x{6795}"
      RenderBlock {H2} at (69,0) size 37x492
        RenderText {#text} at (5,0) size 26x96
          text run at (5,0) width 96: "\x{590F}\x{76EE}\x{6F31}\x{77F3}"
      RenderBlock {DIV} at (125,0) size 3738x492
        RenderBlock (anonymous) at (0,0) size 2098x492
          RenderBR {BR} at (0,0) size 17x0
          RenderBR {BR} at (17,0) size 17x0
          RenderBR {BR} at (34,0) size 17x0
          RenderText {#text} at (51,0) size 17x144
            text run at (51,0) width 144: "\x{3000}\x{3000}\x{3000}\x{3000}\x{3000}\x{3000}\x{3000}\x{3000}\x{4E00}"
          RenderBR {BR} at (51,144) size 17x0
          RenderBR {BR} at (68,0) size 17x0
          RenderText {#text} at (94,0) size 17x16
            text run at (94,0) width 16: "\x{3000}"
          RenderRuby (inline) {RUBY} at (0,0) size 17x32
            RenderRubyRun (anonymous) at (94,16) size 17x32
              RenderRubyText {RT} at (-9,0) size 9x32
                RenderText {#text} at (0,0) size 9x32
                  text run at (0,0) width 32: "\x{3084}\x{307E}\x{307F}\x{3061}"
              RenderRubyBase (anonymous) at (0,0) size 17x32
                RenderInline {RB} at (0,0) size 17x32
                  RenderText {#text} at (0,0) size 17x32
                    text run at (0,0) width 32: "\x{5C71}\x{8DEF}"
          RenderText {#text} at (94,48) size 17x208
            text run at (94,48) width 208: "\x{3092}\x{767B}\x{308A}\x{306A}\x{304C}\x{3089}\x{3001}\x{3053}\x{3046}\x{8003}\x{3048}\x{305F}\x{3002}"
          RenderBR {BR} at (94,256) size 17x0
          RenderText {#text} at (120,0) size 17x16
            text run at (120,0) width 16: "\x{3000}"
          RenderRuby (inline) {RUBY} at (0,0) size 17x16
            RenderRubyRun (anonymous) at (120,16) size 17x16
              RenderRubyText {RT} at (-9,0) size 9x16
                RenderText {#text} at (0,4) size 9x8
                  text run at (0,4) width 8: "\x{3061}"
              RenderRubyBase (anonymous) at (0,0) size 17x16
                RenderInline {RB} at (0,0) size 17x16
                  RenderText {#text} at (0,0) size 17x16
                    text run at (0,0) width 16: "\x{667A}"
          RenderText {#text} at (120,32) size 17x64
            text run at (120,32) width 64: "\x{306B}\x{50CD}\x{3051}\x{3070}"
          RenderRuby (inline) {RUBY} at (0,0) size 17x16
            RenderRubyRun (anonymous) at (120,96) size 17x16
              RenderRubyText {RT} at (-9,0) size 9x16
                RenderText {#text} at (0,0) size 9x16
                  text run at (0,0) width 16: "\x{304B}\x{3069}"
              RenderRubyBase (anonymous) at (0,0) size 17x16
                RenderInline {RB} at (0,0) size 17x16
                  RenderText {#text} at (0,0) size 17x16
                    text run at (0,0) width 16: "\x{89D2}"
          RenderText {#text} at (120,112) size 17x64
            text run at (120,112) width 64: "\x{304C}\x{7ACB}\x{3064}\x{3002}"
          RenderRuby (inline) {RUBY} at (0,0) size 17x16
            RenderRubyRun (anonymous) at (120,172) size 17x24
              RenderRubyText {RT} at (-9,0) size 9x24
                RenderText {#text} at (0,0) size 9x24
                  text run at (0,0) width 24: "\x{3058}\x{3087}\x{3046}"
              RenderRubyBase (anonymous) at (0,0) size 17x24
                RenderInline {RB} at (0,0) size 17x16
                  RenderText {#text} at (0,4) size 17x16
                    text run at (0,4) width 16: "\x{60C5}"
          RenderText {#text} at (120,192) size 17x16
            text run at (120,192) width 16: "\x{306B}"
          RenderRuby (inline) {RUBY} at (0,0) size 17x16
            RenderRubyRun (anonymous) at (120,208) size 17x16
              RenderRubyText {RT} at (-9,0) size 9x16
                RenderText {#text} at (0,0) size 9x16
                  text run at (0,0) width 16: "\x{3055}\x{304A}"
              RenderRubyBase (anonymous) at (0,0) size 17x16
                RenderInline {RB} at (0,0) size 17x16
                  RenderText {#text} at (0,0) size 17x16
                    text run at (0,0) width 16: "\x{68F9}"
          RenderText {#text} at (120,224) size 17x176
            text run at (120,224) width 176: "\x{3055}\x{305B}\x{3070}\x{6D41}\x{3055}\x{308C}\x{308B}\x{3002}\x{610F}\x{5730}\x{3092}"
          RenderRuby (inline) {RUBY} at (0,0) size 17x16
            RenderRubyRun (anonymous) at (120,400) size 17x16
              RenderRubyText {RT} at (-9,0) size 9x16
                RenderText {#text} at (0,0) size 9x16
                  text run at (0,0) width 16: "\x{3068}\x{304A}"
              RenderRubyBase (anonymous) at (0,0) size 17x16
                RenderInline {RB} at (0,0) size 17x16
                  RenderText {#text} at (0,0) size 17x16
                    text run at (0,0) width 16: "\x{901A}"
          RenderText {#text} at (120,416) size 17x32
            text run at (120,416) width 32: "\x{305B}\x{3070}"
          RenderRuby (inline) {RUBY} at (0,0) size 17x36
            RenderRubyRun (anonymous) at (120,444) size 17x40
              RenderRubyText {RT} at (-9,0) size 9x40
                RenderText {#text} at (0,0) size 9x40
                  text run at (0,0) width 40: "\x{304D}\x{3085}\x{3046}\x{304F}\x{3064}"
              RenderRubyBase (anonymous) at (0,0) size 17x40
                RenderInline {RB} at (0,0) size 17x32
                  RenderText {#text} at (0,4) size 17x32
                    text run at (0,4) width 32: "\x{7AAE}\x{5C48}"
          RenderText {#text} at (137,0) size 17x254
            text run at (137,0) width 254: "\x{3060}\x{3002}\x{3068}\x{304B}\x{304F}\x{306B}\x{4EBA}\x{306E}\x{4E16}\x{306F}\x{4F4F}\x{307F}\x{306B}\x{304F}\x{3044}\x{3002}"
          RenderBR {BR} at (137,254) size 17x0
          RenderText {#text} at (163,0) size 17x112
            text run at (163,0) width 112: "\x{3000}\x{4F4F}\x{307F}\x{306B}\x{304F}\x{3055}\x{304C}"
          RenderRuby (inline) {RUBY} at (0,0) size 17x16
            RenderRubyRun (anonymous) at (163,112) size 17x16
              RenderRubyText {RT} at (-9,0) size 9x16
                RenderText {#text} at (0,0) size 9x16
                  text run at (0,0) width 16: "\x{3053}\x{3046}"
              RenderRubyBase (anonymous) at (0,0) size 17x16
                RenderInline {RB} at (0,0) size 17x16
                  RenderText {#text} at (0,0) size 17x16
                    text run at (0,0) width 16: "\x{9AD8}"
          RenderText {#text} at (163,128) size 43x480
            text run at (163,128) width 352: "\x{3058}\x{308B}\x{3068}\x{3001}\x{5B89}\x{3044}\x{6240}\x{3078}\x{5F15}\x{304D}\x{8D8A}\x{3057}\x{305F}\x{304F}\x{306A}\x{308B}\x{3002}\x{3069}\x{3053}\x{3078}\x{8D8A}\x{3057}"
            text run at (189,0) width 128: "\x{3066}\x{3082}\x{4F4F}\x{307F}\x{306B}\x{304F}\x{3044}\x{3068}"
          RenderRuby (inline) {RUBY} at (0,0) size 17x16
            RenderRubyRun (anonymous) at (189,128) size 17x16
              RenderRubyText {RT} at (-9,0) size 9x16
                RenderText {#text} at (0,0) size 9x16
                  text run at (0,0) width 16: "\x{3055}\x{3068}"
              RenderRubyBase (anonymous) at (0,0) size 17x16
                RenderInline {RB} at (0,0) size 17x16
                  RenderText {#text} at (0,0) size 17x16
                    text run at (0,0) width 16: "\x{609F}"
          RenderText {#text} at (189,144) size 17x160
            text run at (189,144) width 160: "\x{3063}\x{305F}\x{6642}\x{3001}\x{8A69}\x{304C}\x{751F}\x{308C}\x{3066}\x{3001}"
          RenderRuby (inline) {RUBY} at (0,0) size 17x16
            RenderRubyRun (anonymous) at (189,304) size 17x16
              RenderRubyText {RT} at (-9,0) size 9x16
                RenderText {#text} at (0,4) size 9x8
                  text run at (0,4) width 8: "\x{3048}"
              RenderRubyBase (anonymous) at (0,0) size 17x16
                RenderInline {RB} at (0,0) size 17x16
                  RenderText {#text} at (0,0) size 17x16
                    text run at (0,0) width 16: "\x{753B}"
          RenderText {#text} at (189,320) size 17x80
            text run at (189,320) width 80: "\x{304C}\x{51FA}\x{6765}\x{308B}\x{3002}"
          RenderBR {BR} at (189,400) size 17x0
          RenderText {#text} at (206,0) size 17x16
            text run at (206,0) width 16: "\x{3000}"
          RenderInline {STRONG} at (0,0) size 17x46
            RenderText {#text} at (206,16) size 17x46
              text run at (206,16) width 46: "\x{4EBA}\x{306E}\x{4E16}"
          RenderText {#text} at (206,62) size 43x476
            text run at (206,62) width 414: "\x{3092}\x{4F5C}\x{3063}\x{305F}\x{3082}\x{306E}\x{306F}\x{795E}\x{3067}\x{3082}\x{306A}\x{3051}\x{308C}\x{3070}\x{9B3C}\x{3067}\x{3082}\x{306A}\x{3044}\x{3002}\x{3084}\x{306F}\x{308A}\x{5411}\x{3046}\x{4E09}"
            text run at (232,0) width 16: "\x{8ED2}"
          RenderRuby (inline) {RUBY} at (0,0) size 17x32
            RenderRubyRun (anonymous) at (232,12) size 17x40
              RenderRubyText {RT} at (-9,0) size 9x40
                RenderText {#text} at (0,0) size 9x40
                  text run at (0,0) width 40: "\x{308A}\x{3087}\x{3046}\x{3069}\x{306A}"
              RenderRubyBase (anonymous) at (0,0) size 17x40
                RenderInline {RB} at (0,0) size 17x32
                  RenderText {#text} at (0,4) size 17x32
                    text run at (0,4) width 32: "\x{4E21}\x{96A3}"
          RenderText {#text} at (232,48) size 17x380
            text run at (232,48) width 380: "\x{308A}\x{306B}\x{3061}\x{3089}\x{3061}\x{3089}\x{3059}\x{308B}\x{305F}\x{3060}\x{306E}\x{4EBA}\x{3067}\x{3042}\x{308B}\x{3002}\x{305F}\x{3060}\x{306E}\x{4EBA}\x{304C}\x{4F5C}\x{3063}\x{305F}"
          RenderInline {STRONG} at (0,0) size 17x46
            RenderText {#text} at (232,428) size 17x46
              text run at (232,428) width 46: "\x{4EBA}\x{306E}\x{4E16}"
          RenderText {#text} at (232,474) size 34x490
            text run at (232,474) width 16: "\x{304C}"
            text run at (249,0) width 352: "\x{4F4F}\x{307F}\x{306B}\x{304F}\x{3044}\x{304B}\x{3089}\x{3068}\x{3066}\x{3001}\x{8D8A}\x{3059}\x{56FD}\x{306F}\x{3042}\x{308B}\x{307E}\x{3044}\x{3002}\x{3042}\x{308C}\x{3070}"
          RenderInline {STRONG} at (0,0) size 17x64
            RenderText {#text} at (249,352) size 17x64
              text run at (249,352) width 64: "\x{4EBA}\x{3067}\x{306A}\x{3057}"
          RenderText {#text} at (249,416) size 34x478
            text run at (249,416) width 62: "\x{306E}\x{56FD}\x{3078}\x{884C}"
            text run at (266,0) width 96: "\x{304F}\x{3070}\x{304B}\x{308A}\x{3060}\x{3002}"
          RenderInline {STRONG} at (0,0) size 17x64
            RenderText {#text} at (266,96) size 17x64
              text run at (266,96) width 64: "\x{4EBA}\x{3067}\x{306A}\x{3057}"
          RenderText {#text} at (266,160) size 17x46
            text run at (266,160) width 46: "\x{306E}\x{56FD}\x{306F}"
          RenderInline {STRONG} at (0,0) size 17x46
            RenderText {#text} at (266,206) size 17x46
              text run at (266,206) width 46: "\x{4EBA}\x{306E}\x{4E16}"
          RenderText {#text} at (266,252) size 17x208
            text run at (266,252) width 208: "\x{3088}\x{308A}\x{3082}\x{306A}\x{304A}\x{4F4F}\x{307F}\x{306B}\x{304F}\x{304B}\x{308D}\x{3046}\x{3002}"
          RenderBR {BR} at (266,460) size 17x0
          RenderText {#text} at (283,0) size 43x462
            text run at (283,0) width 462: "\x{3000}\x{8D8A}\x{3059}\x{4E8B}\x{306E}\x{306A}\x{3089}\x{306C}\x{4E16}\x{304C}\x{4F4F}\x{307F}\x{306B}\x{304F}\x{3051}\x{308C}\x{3070}\x{3001}\x{4F4F}\x{307F}\x{306B}\x{304F}\x{3044}\x{6240}\x{3092}\x{3069}\x{308C}\x{307B}\x{3069}"
            text run at (309,0) width 32: "\x{304B}\x{3001}"
          RenderRuby (inline) {RUBY} at (0,0) size 17x32
            RenderRubyRun (anonymous) at (309,32) size 17x32
              RenderRubyText {RT} at (-9,0) size 9x32
                RenderText {#text} at (0,0) size 9x32
                  text run at (0,0) width 32: "\x{304F}\x{3064}\x{308D}\x{3052}"
              RenderRubyBase (anonymous) at (0,0) size 17x32
                RenderInline {RB} at (0,0) size 17x32
                  RenderText {#text} at (0,0) size 17x32
                    text run at (0,0) width 32: "\x{5BDB}\x{5BB9}"
          RenderText {#text} at (309,64) size 17x32
            text run at (309,64) width 32: "\x{3066}\x{3001}"
          RenderRuby (inline) {RUBY} at (0,0) size 17x16
            RenderRubyRun (anonymous) at (309,96) size 17x16
              RenderRubyText {RT} at (-9,0) size 9x16
                RenderText {#text} at (0,0) size 9x16
                  text run at (0,0) width 16: "\x{3064}\x{304B}"
              RenderRubyBase (anonymous) at (0,0) size 17x16
                RenderInline {RB} at (0,0) size 17x16
                  RenderText {#text} at (0,0) size 17x16
                    text run at (0,0) width 16: "\x{675F}"
          RenderText {#text} at (309,112) size 17x14
            text run at (309,112) width 14: "\x{306E}"
          RenderRuby (inline) {RUBY} at (0,0) size 17x16
            RenderRubyRun (anonymous) at (309,126) size 17x16
              RenderRubyText {RT} at (-9,0) size 9x16
                RenderText {#text} at (0,4) size 9x8
                  text run at (0,4) width 8: "\x{307E}"
              RenderRubyBase (anonymous) at (0,0) size 17x16
                RenderInline {RB} at (0,0) size 17x16
                  RenderText {#text} at (0,0) size 17x16
                    text run at (0,0) width 16: "\x{9593}"
          RenderText {#text} at (309,142) size 43x490
            text run at (309,142) width 348: "\x{306E}\x{547D}\x{3092}\x{3001}\x{675F}\x{306E}\x{9593}\x{3067}\x{3082}\x{4F4F}\x{307F}\x{3088}\x{304F}\x{305B}\x{306D}\x{3070}\x{306A}\x{3089}\x{306C}\x{3002}\x{3053}\x{3053}"
            text run at (335,0) width 384: "\x{306B}\x{8A69}\x{4EBA}\x{3068}\x{3044}\x{3046}\x{5929}\x{8077}\x{304C}\x{51FA}\x{6765}\x{3066}\x{3001}\x{3053}\x{3053}\x{306B}\x{753B}\x{5BB6}\x{3068}\x{3044}\x{3046}\x{4F7F}\x{547D}\x{304C}"
          RenderRuby (inline) {RUBY} at (0,0) size 17x16
            RenderRubyRun (anonymous) at (335,384) size 17x16
              RenderRubyText {RT} at (-9,0) size 9x16
                RenderText {#text} at (0,0) size 9x16
                  text run at (0,0) width 16: "\x{304F}\x{3060}"
              RenderRubyBase (anonymous) at (0,0) size 17x16
                RenderInline {RB} at (0,0) size 17x16
                  RenderText {#text} at (0,0) size 17x16
                    text run at (0,0) width 16: "\x{964D}"
          RenderText {#text} at (335,400) size 43x480
            text run at (335,400) width 80: "\x{308B}\x{3002}\x{3042}\x{3089}\x{3086}"
            text run at (361,0) width 156: "\x{308B}\x{82B8}\x{8853}\x{306E}\x{58EB}\x{306F}\x{4EBA}\x{306E}\x{4E16}\x{3092}"
          RenderRuby (inline) {RUBY} at (0,0) size 17x32
            RenderRubyRun (anonymous) at (361,156) size 17x32
              RenderRubyText {RT} at (-9,0) size 9x32
                RenderText {#text} at (0,4) size 9x24
                  text run at (0,4) width 23: "\x{306E}\x{3069}\x{304B}"
              RenderRubyBase (anonymous) at (0,0) size 17x32
                RenderInline {RB} at (0,0) size 17x32
                  RenderText {#text} at (0,0) size 17x32
                    text run at (0,0) width 32: "\x{9577}\x{9591}"
          RenderText {#text} at (361,188) size 17x206
            text run at (361,188) width 206: "\x{306B}\x{3057}\x{3001}\x{4EBA}\x{306E}\x{5FC3}\x{3092}\x{8C4A}\x{304B}\x{306B}\x{3059}\x{308B}\x{304C}"
          RenderRuby (inline) {RUBY} at (0,0) size 17x16
            RenderRubyRun (anonymous) at (361,394) size 17x16
              RenderRubyText {RT} at (-9,0) size 9x16
                RenderText {#text} at (0,0) size 9x16
                  text run at (0,0) width 16: "\x{3086}\x{3048}"
              RenderRubyBase (anonymous) at (0,0) size 17x16
                RenderInline {RB} at (0,0) size 17x16
                  RenderText {#text} at (0,0) size 17x16
                    text run at (0,0) width 16: "\x{6545}"
          RenderText {#text} at (361,410) size 17x16
            text run at (361,410) width 16: "\x{306B}"
          RenderRuby (inline) {RUBY} at (0,0) size 17x16
            RenderRubyRun (anonymous) at (361,426) size 17x16
              RenderRubyText {RT} at (-9,0) size 9x16
                RenderText {#text} at (0,0) size 9x16
                  text run at (0,0) width 16: "\x{305F}\x{3063}"
              RenderRubyBase (anonymous) at (0,0) size 17x16
                RenderInline {RB} at (0,0) size 17x16
                  RenderText {#text} at (0,0) size 17x16
                    text run at (0,0) width 16: "\x{5C0A}"
          RenderText {#text} at (361,442) size 17x48
            text run at (361,442) width 48: "\x{3068}\x{3044}\x{3002}"
          RenderBR {BR} at (361,490) size 17x0
          RenderText {#text} at (387,0) size 17x240
            text run at (387,0) width 240: "\x{3000}\x{4F4F}\x{307F}\x{306B}\x{304F}\x{304D}\x{4E16}\x{304B}\x{3089}\x{3001}\x{4F4F}\x{307F}\x{306B}\x{304F}\x{304D}"
          RenderRuby (inline) {RUBY} at (0,0) size 17x16
            RenderRubyRun (anonymous) at (387,236) size 17x24
              RenderRubyText {RT} at (-9,0) size 9x24
                RenderText {#text} at (0,0) size 9x24
                  text run at (0,0) width 24: "\x{308F}\x{305A}\x{3089}"
              RenderRubyBase (anonymous) at (0,0) size 17x24
                RenderInline {RB} at (0,0) size 17x16
                  RenderText {#text} at (0,4) size 17x16
                    text run at (0,4) width 16: "\x{7169}"
          RenderText {#text} at (387,256) size 43x480
            text run at (387,256) width 224: "\x{3044}\x{3092}\x{5F15}\x{304D}\x{629C}\x{3044}\x{3066}\x{3001}\x{3042}\x{308A}\x{304C}\x{305F}\x{3044}\x{4E16}"
            text run at (413,0) width 268: "\x{754C}\x{3092}\x{307E}\x{306E}\x{3042}\x{305F}\x{308A}\x{306B}\x{5199}\x{3059}\x{306E}\x{304C}\x{8A69}\x{3067}\x{3042}\x{308B}\x{3001}"
          RenderRuby (inline) {RUBY} at (0,0) size 17x16
            RenderRubyRun (anonymous) at (413,268) size 17x16
              RenderRubyText {RT} at (-9,0) size 9x16
                RenderText {#text} at (0,4) size 9x8
                  text run at (0,4) width 8: "\x{3048}"
              RenderRubyBase (anonymous) at (0,0) size 17x16
                RenderInline {RB} at (0,0) size 17x16
                  RenderText {#text} at (0,0) size 17x16
                    text run at (0,0) width 16: "\x{753B}"
          RenderText {#text} at (413,284) size 43x476
            text run at (413,284) width 192: "\x{3067}\x{3042}\x{308B}\x{3002}\x{3042}\x{308B}\x{306F}\x{97F3}\x{697D}\x{3068}\x{5F6B}\x{523B}"
            text run at (439,0) width 128: "\x{3067}\x{3042}\x{308B}\x{3002}\x{3053}\x{307E}\x{304B}\x{306B}"
          RenderRuby (inline) {RUBY} at (0,0) size 17x16
            RenderRubyRun (anonymous) at (439,128) size 17x16
              RenderRubyText {RT} at (-9,0) size 9x16
                RenderText {#text} at (0,4) size 9x8
                  text run at (0,4) width 8: "\x{3044}"
              RenderRubyBase (anonymous) at (0,0) size 17x16
                RenderInline {RB} at (0,0) size 17x16
                  RenderText {#text} at (0,0) size 17x16
                    text run at (0,0) width 16: "\x{4E91}"
          RenderText {#text} at (439,144) size 43x478
            text run at (439,144) width 334: "\x{3048}\x{3070}\x{5199}\x{3055}\x{306A}\x{3044}\x{3067}\x{3082}\x{3088}\x{3044}\x{3002}\x{305F}\x{3060}\x{307E}\x{306E}\x{3042}\x{305F}\x{308A}\x{306B}\x{898B}\x{308C}"
            text run at (465,0) width 192: "\x{3070}\x{3001}\x{305D}\x{3053}\x{306B}\x{8A69}\x{3082}\x{751F}\x{304D}\x{3001}\x{6B4C}\x{3082}"
          RenderRuby (inline) {RUBY} at (0,0) size 17x16
            RenderRubyRun (anonymous) at (465,192) size 17x16
              RenderRubyText {RT} at (-9,0) size 9x16
                RenderText {#text} at (0,4) size 9x8
                  text run at (0,4) width 8: "\x{308F}"
              RenderRubyBase (anonymous) at (0,0) size 17x16
                RenderInline {RB} at (0,0) size 17x16
                  RenderText {#text} at (0,0) size 17x16
                    text run at (0,0) width 16: "\x{6E67}"
          RenderText {#text} at (465,208) size 17x192
            text run at (465,208) width 192: "\x{304F}\x{3002}\x{7740}\x{60F3}\x{3092}\x{7D19}\x{306B}\x{843D}\x{3055}\x{306C}\x{3068}\x{3082}"
          RenderRuby (inline) {RUBY} at (0,0) size 17x32
            RenderRubyRun (anonymous) at (465,396) size 17x40
              RenderRubyText {RT} at (-9,0) size 9x40
                RenderText {#text} at (0,0) size 9x40
                  text run at (0,0) width 40: "\x{304D}\x{3085}\x{3046}\x{305D}\x{3046}"
              RenderRubyBase (anonymous) at (0,0) size 17x40
                RenderInline {RB} at (0,0) size 17x32
                  RenderText {#text} at (0,4) size 17x16
                    text run at (0,4) width 16: "\x{7486}"
                  RenderText {#text} at (0,20) size 17x16
                    text run at (0,20) width 16: "\x{93D8}"
          RenderText {#text} at (465,432) size 17x14
            text run at (465,432) width 14: "\x{306E}"
          RenderRuby (inline) {RUBY} at (0,0) size 17x16
            RenderRubyRun (anonymous) at (465,446) size 17x16
              RenderRubyText {RT} at (-9,0) size 9x16
                RenderText {#text} at (0,0) size 9x16
                  text run at (0,0) width 16: "\x{304A}\x{3093}"
              RenderRubyBase (anonymous) at (0,0) size 17x16
                RenderInline {RB} at (0,0) size 17x16
                  RenderText {#text} at (0,0) size 17x16
                    text run at (0,0) width 16: "\x{97F3}"
          RenderText {#text} at (465,462) size 17x16
            text run at (465,462) width 16: "\x{306F}"
          RenderRuby (inline) {RUBY} at (0,0) size 17x32
            RenderRubyRun (anonymous) at (491,0) size 17x32
              RenderRubyText {RT} at (-9,0) size 9x32
                RenderText {#text} at (0,0) size 9x32
                  text run at (0,0) width 32: "\x{304D}\x{3087}\x{3046}\x{308A}"
              RenderRubyBase (anonymous) at (0,0) size 17x32
                RenderInline {RB} at (0,0) size 17x32
                  RenderText {#text} at (0,0) size 17x32
                    text run at (0,0) width 32: "\x{80F8}\x{88CF}"
          RenderText {#text} at (491,32) size 17x16
            text run at (491,32) width 16: "\x{306B}"
          RenderRuby (inline) {RUBY} at (0,0) size 17x16
            RenderRubyRun (anonymous) at (491,48) size 17x16
              RenderRubyText {RT} at (-9,0) size 9x16
                RenderText {#text} at (0,0) size 9x16
                  text run at (0,0) width 16: "\x{304A}\x{3053}"
              RenderRubyBase (anonymous) at (0,0) size 17x16
                RenderInline {RB} at (0,0) size 17x16
                  RenderText {#text} at (0,0) size 17x16
                    text run at (0,0) width 16: "\x{8D77}"
          RenderText {#text} at (491,64) size 17x32
            text run at (491,64) width 32: "\x{308B}\x{3002}"
          RenderRuby (inline) {RUBY} at (0,0) size 17x32
            RenderRubyRun (anonymous) at (491,96) size 17x32
              RenderRubyText {RT} at (-9,0) size 9x32
                RenderText {#text} at (0,0) size 9x32
                  text run at (0,0) width 32: "\x{305F}\x{3093}\x{305B}\x{3044}"
              RenderRubyBase (anonymous) at (0,0) size 17x32
                RenderInline {RB} at (0,0) size 17x32
                  RenderText {#text} at (0,0) size 17x32
                    text run at (0,0) width 32: "\x{4E39}\x{9752}"
          RenderText {#text} at (491,128) size 17x16
            text run at (491,128) width 16: "\x{306F}"
          RenderRuby (inline) {RUBY} at (0,0) size 17x32
            RenderRubyRun (anonymous) at (491,144) size 17x32
              RenderRubyText {RT} at (-9,0) size 9x32
                RenderText {#text} at (0,8) size 9x16
                  text run at (0,8) width 16: "\x{304C}\x{304B}"
              RenderRubyBase (anonymous) at (0,0) size 17x32
                RenderInline {RB} at (0,0) size 17x32
                  RenderText {#text} at (0,0) size 17x32
                    text run at (0,0) width 32: "\x{753B}\x{67B6}"
          RenderText {#text} at (491,176) size 17x64
            text run at (491,176) width 64: "\x{306B}\x{5411}\x{3063}\x{3066}"
          RenderRuby (inline) {RUBY} at (0,0) size 17x32
            RenderRubyRun (anonymous) at (491,240) size 17x32
              RenderRubyText {RT} at (-9,0) size 9x32
                RenderText {#text} at (0,4) size 9x24
                  text run at (0,4) width 24: "\x{3068}\x{307E}\x{3064}"
              RenderRubyBase (anonymous) at (0,0) size 17x32
                RenderInline {RB} at (0,0) size 17x32
                  RenderText {#text} at (0,0) size 17x32
                    text run at (0,0) width 32: "\x{5857}\x{62B9}"
          RenderText {#text} at (491,272) size 17x64
            text run at (491,272) width 64: "\x{305B}\x{3093}\x{3067}\x{3082}"
          RenderRuby (inline) {RUBY} at (0,0) size 17x32
            RenderRubyRun (anonymous) at (491,336) size 17x32
              RenderRubyText {RT} at (-9,0) size 9x32
                RenderText {#text} at (0,4) size 9x24
                  text run at (0,4) width 24: "\x{3054}\x{3055}\x{3044}"
              RenderRubyBase (anonymous) at (0,0) size 17x32
                RenderInline {RB} at (0,0) size 17x32
                  RenderText {#text} at (0,0) size 17x32
                    text run at (0,0) width 32: "\x{4E94}\x{5F69}"
          RenderText {#text} at (491,368) size 17x14
            text run at (491,368) width 14: "\x{306E}"
          RenderRuby (inline) {RUBY} at (0,0) size 17x32
            RenderRubyRun (anonymous) at (491,382) size 17x32
              RenderRubyText {RT} at (-9,0) size 9x32
                RenderText {#text} at (0,0) size 9x32
                  text run at (0,0) width 32: "\x{3051}\x{3093}\x{3089}\x{3093}"
              RenderRubyBase (anonymous) at (0,0) size 17x32
                RenderInline {RB} at (0,0) size 17x32
                  RenderText {#text} at (0,0) size 17x32
                    text run at (0,0) width 32: "\x{7D62}\x{721B}"
          RenderText {#text} at (491,414) size 17x16
            text run at (491,414) width 16: "\x{306F}"
          RenderRuby (inline) {RUBY} at (0,0) size 17x17
            RenderRubyRun (anonymous) at (491,427) size 17x23
              RenderRubyText {RT} at (-9,0) size 9x23
                RenderText {#text} at (0,0) size 9x23
                  text run at (0,0) width 23: "\x{304A}\x{306E}\x{305A}"
              RenderRubyBase (anonymous) at (0,0) size 17x23
                RenderInline {RB} at (0,0) size 17x17
                  RenderText {#text} at (0,3) size 17x17
                    text run at (0,3) width 16: "\x{81EA}"
          RenderText {#text} at (491,447) size 17x32
            text run at (491,447) width 32: "\x{304B}\x{3089}"
          RenderRuby (inline) {RUBY} at (0,0) size 17x32
            RenderRubyRun (anonymous) at (517,0) size 17x32
              RenderRubyText {RT} at (-9,0) size 9x32
                RenderText {#text} at (0,0) size 9x32
                  text run at (0,0) width 32: "\x{3057}\x{3093}\x{304C}\x{3093}"
              RenderRubyBase (anonymous) at (0,0) size 17x32
                RenderInline {RB} at (0,0) size 17x32
                  RenderText {#text} at (0,0) size 17x32
                    text run at (0,0) width 32: "\x{5FC3}\x{773C}"
          RenderText {#text} at (517,32) size 17x254
            text run at (517,32) width 254: "\x{306B}\x{6620}\x{308B}\x{3002}\x{305F}\x{3060}\x{304A}\x{306E}\x{304C}\x{4F4F}\x{3080}\x{4E16}\x{3092}\x{3001}\x{304B}\x{304F}"
          RenderRuby (inline) {RUBY} at (0,0) size 17x16
            RenderRubyRun (anonymous) at (517,286) size 17x16
              RenderRubyText {RT} at (-9,0) size 9x16
                RenderText {#text} at (0,0) size 9x16
                  text run at (0,0) width 16: "\x{304B}\x{3093}"
              RenderRubyBase (anonymous) at (0,0) size 17x16
                RenderInline {RB} at (0,0) size 17x16
                  RenderText {#text} at (0,0) size 17x16
                    text run at (0,0) width 16: "\x{89B3}"
          RenderText {#text} at (517,302) size 17x64
            text run at (517,302) width 64: "\x{3058}\x{5F97}\x{3066}\x{3001}"
          RenderRuby (inline) {RUBY} at (0,0) size 17x64
            RenderRubyRun (anonymous) at (517,366) size 17x64
              RenderRubyText {RT} at (-9,0) size 9x64
                RenderText {#text} at (0,0) size 9x64
                  text run at (0,0) width 64: "\x{308C}\x{3044}\x{3060}\x{3044}\x{307B}\x{3046}\x{3059}\x{3093}"
              RenderRubyBase (anonymous) at (0,0) size 17x64
                RenderInline {RB} at (0,0) size 17x64
                  RenderText {#text} at (0,0) size 17x64
                    text run at (0,0) width 64: "\x{970A}\x{53F0}\x{65B9}\x{5BF8}"
          RenderText {#text} at (517,430) size 43x476
            text run at (517,430) width 46: "\x{306E}\x{30AB}\x{30E1}"
            text run at (543,0) width 32: "\x{30E9}\x{306B}"
          RenderRuby (inline) {RUBY} at (0,0) size 17x64
            RenderRubyRun (anonymous) at (543,32) size 17x64
              RenderRubyText {RT} at (-9,0) size 9x64
                RenderText {#text} at (0,0) size 9x64
                  text run at (0,0) width 64: "\x{304E}\x{3087}\x{3046}\x{304D}\x{3053}\x{3093}\x{3060}\x{304F}"
              RenderRubyBase (anonymous) at (0,0) size 17x64
                RenderInline {RB} at (0,0) size 17x64
                  RenderText {#text} at (0,0) size 17x64
                    text run at (0,0) width 64: "\x{6F86}\x{5B63}\x{6EB7}\x{6FC1}"
          RenderText {#text} at (543,96) size 17x206
            text run at (543,96) width 206: "\x{306E}\x{4FD7}\x{754C}\x{3092}\x{6E05}\x{304F}\x{3046}\x{3089}\x{3089}\x{304B}\x{306B}\x{53CE}\x{3081}"
          RenderRuby (inline) {RUBY} at (0,0) size 17x16
            RenderRubyRun (anonymous) at (543,302) size 17x16
              RenderRubyText {RT} at (-9,0) size 9x16
                RenderText {#text} at (0,4) size 9x8
                  text run at (0,4) width 8: "\x{3046}"
              RenderRubyBase (anonymous) at (0,0) size 17x16
                RenderInline {RB} at (0,0) size 17x16
                  RenderText {#text} at (0,0) size 17x16
                    text run at (0,0) width 16: "\x{5F97}"
          RenderText {#text} at (543,318) size 17x32
            text run at (543,318) width 32: "\x{308C}\x{3070}"
          RenderRuby (inline) {RUBY} at (0,0) size 17x16
            RenderRubyRun (anonymous) at (543,350) size 17x16
              RenderRubyText {RT} at (-9,0) size 9x16
                RenderText {#text} at (0,4) size 9x8
                  text run at (0,4) width 8: "\x{305F}"
              RenderRubyBase (anonymous) at (0,0) size 17x16
                RenderInline {RB} at (0,0) size 17x16
                  RenderText {#text} at (0,0) size 17x16
                    text run at (0,0) width 16: "\x{8DB3}"
          RenderText {#text} at (543,366) size 17x94
            text run at (543,366) width 94: "\x{308B}\x{3002}\x{3053}\x{306E}\x{6545}\x{306B}"
          RenderRuby (inline) {RUBY} at (0,0) size 17x32
            RenderRubyRun (anonymous) at (569,0) size 17x32
              RenderRubyText {RT} at (-9,0) size 9x32
                RenderText {#text} at (0,4) size 9x24
                  text run at (0,4) width 24: "\x{3080}\x{305B}\x{3044}"
              RenderRubyBase (anonymous) at (0,0) size 17x32
                RenderInline {RB} at (0,0) size 17x32
                  RenderText {#text} at (0,0) size 17x32
                    text run at (0,0) width 32: "\x{7121}\x{58F0}"
          RenderText {#text} at (569,32) size 17x158
            text run at (569,32) width 158: "\x{306E}\x{8A69}\x{4EBA}\x{306B}\x{306F}\x{4E00}\x{53E5}\x{306A}\x{304F}\x{3001}"
          RenderRuby (inline) {RUBY} at (0,0) size 17x32
            RenderRubyRun (anonymous) at (569,190) size 17x32
              RenderRubyText {RT} at (-9,0) size 9x32
                RenderText {#text} at (0,0) size 9x32
                  text run at (0,0) width 32: "\x{3080}\x{3057}\x{3087}\x{304F}"
              RenderRubyBase (anonymous) at (0,0) size 17x32
                RenderInline {RB} at (0,0) size 17x32
                  RenderText {#text} at (0,0) size 17x32
                    text run at (0,0) width 32: "\x{7121}\x{8272}"
          RenderText {#text} at (569,222) size 17x78
            text run at (569,222) width 78: "\x{306E}\x{753B}\x{5BB6}\x{306B}\x{306F}"
          RenderRuby (inline) {RUBY} at (0,0) size 17x32
            RenderRubyRun (anonymous) at (569,300) size 17x32
              RenderRubyText {RT} at (-9,0) size 9x32
                RenderText {#text} at (0,0) size 9x32
                  text run at (0,0) width 32: "\x{305B}\x{3063}\x{3051}\x{3093}"
              RenderRubyBase (anonymous) at (0,0) size 17x32
                RenderInline {RB} at (0,0) size 17x32
                  RenderText {#text} at (0,0) size 17x32
                    text run at (0,0) width 32: "\x{5C3A}\x{7E11}"
          RenderText {#text} at (569,332) size 17x96
            text run at (569,332) width 96: "\x{306A}\x{304D}\x{3082}\x{3001}\x{304B}\x{304F}"
          RenderRuby (inline) {RUBY} at (0,0) size 17x32
            RenderRubyRun (anonymous) at (569,428) size 17x32
              RenderRubyText {RT} at (-9,0) size 9x32
                RenderText {#text} at (0,0) size 9x32
                  text run at (0,0) width 32: "\x{3058}\x{3093}\x{305B}\x{3044}"
              RenderRubyBase (anonymous) at (0,0) size 17x32
                RenderInline {RB} at (0,0) size 17x32
                  RenderText {#text} at (0,0) size 17x32
                    text run at (0,0) width 32: "\x{4EBA}\x{4E16}"
          RenderText {#text} at (569,460) size 43x476
            text run at (569,460) width 16: "\x{3092}"
            text run at (595,0) width 206: "\x{89B3}\x{3058}\x{5F97}\x{308B}\x{306E}\x{70B9}\x{306B}\x{304A}\x{3044}\x{3066}\x{3001}\x{304B}\x{304F}"
          RenderRuby (inline) {RUBY} at (0,0) size 17x32
            RenderRubyRun (anonymous) at (595,206) size 17x32
              RenderRubyText {RT} at (-9,0) size 9x32
                RenderText {#text} at (0,0) size 9x32
                  text run at (0,0) width 31: "\x{307C}\x{3093}\x{306E}\x{3046}"
              RenderRubyBase (anonymous) at (0,0) size 17x32
                RenderInline {RB} at (0,0) size 17x32
                  RenderText {#text} at (0,0) size 17x32
                    text run at (0,0) width 32: "\x{7169}\x{60A9}"
          RenderText {#text} at (595,238) size 17x16
            text run at (595,238) width 16: "\x{3092}"
          RenderRuby (inline) {RUBY} at (0,0) size 17x32
            RenderRubyRun (anonymous) at (595,254) size 17x32
              RenderRubyText {RT} at (-9,0) size 9x32
                RenderText {#text} at (0,4) size 9x24
                  text run at (0,4) width 24: "\x{3052}\x{3060}\x{3064}"
              RenderRubyBase (anonymous) at (0,0) size 17x32
                RenderInline {RB} at (0,0) size 17x32
                  RenderText {#text} at (0,0) size 17x32
                    text run at (0,0) width 32: "\x{89E3}\x{8131}"
          RenderText {#text} at (595,286) size 17x174
            text run at (595,286) width 174: "\x{3059}\x{308B}\x{306E}\x{70B9}\x{306B}\x{304A}\x{3044}\x{3066}\x{3001}\x{304B}\x{304F}"
          RenderRuby (inline) {RUBY} at (0,0) size 17x60
            RenderRubyRun (anonymous) at (621,0) size 17x64
              RenderRubyText {RT} at (-9,0) size 9x64
                RenderText {#text} at (0,0) size 9x64
                  text run at (0,0) width 64: "\x{3057}\x{3087}\x{3046}\x{3058}\x{3087}\x{3046}\x{304B}\x{3044}"
              RenderRubyBase (anonymous) at (0,0) size 17x64
                RenderInline {RB} at (0,0) size 17x48
                  RenderText {#text} at (0,8) size 17x48
                    text run at (0,8) width 48: "\x{6E05}\x{6D44}\x{754C}"
          RenderText {#text} at (621,60) size 17x16
            text run at (621,60) width 16: "\x{306B}"
          RenderRuby (inline) {RUBY} at (0,0) size 17x40
            RenderRubyRun (anonymous) at (621,72) size 17x48
              RenderRubyText {RT} at (-9,0) size 9x48
                RenderText {#text} at (0,0) size 9x48
                  text run at (0,0) width 48: "\x{3057}\x{3085}\x{3064}\x{306B}\x{3085}\x{3046}"
              RenderRubyBase (anonymous) at (0,0) size 17x48
                RenderInline {RB} at (0,0) size 17x32
                  RenderText {#text} at (0,8) size 17x32
                    text run at (0,8) width 32: "\x{51FA}\x{5165}"
          RenderText {#text} at (621,116) size 17x220
            text run at (621,116) width 220: "\x{3057}\x{5F97}\x{308B}\x{306E}\x{70B9}\x{306B}\x{304A}\x{3044}\x{3066}\x{3001}\x{307E}\x{305F}\x{3053}\x{306E}"
          RenderRuby (inline) {RUBY} at (0,0) size 17x64
            RenderRubyRun (anonymous) at (621,336) size 17x64
              RenderRubyText {RT} at (-9,0) size 9x64
                RenderText {#text} at (0,12) size 9x40
                  text run at (0,12) width 40: "\x{3075}\x{3069}\x{3046}\x{3075}\x{3058}"
              RenderRubyBase (anonymous) at (0,0) size 17x64
                RenderInline {RB} at (0,0) size 17x64
                  RenderText {#text} at (0,0) size 17x64
                    text run at (0,0) width 64: "\x{4E0D}\x{540C}\x{4E0D}\x{4E8C}"
          RenderText {#text} at (621,400) size 17x14
            text run at (621,400) width 14: "\x{306E}"
          RenderRuby (inline) {RUBY} at (0,0) size 17x32
            RenderRubyRun (anonymous) at (621,414) size 17x32
              RenderRubyText {RT} at (-9,0) size 9x32
                RenderText {#text} at (0,0) size 9x32
                  text run at (0,0) width 32: "\x{3051}\x{3093}\x{3053}\x{3093}"
              RenderRubyBase (anonymous) at (0,0) size 17x32
                RenderInline {RB} at (0,0) size 17x32
                  RenderText {#text} at (0,0) size 17x32
                    text run at (0,0) width 32: "\x{4E7E}\x{5764}"
          RenderText {#text} at (621,446) size 17x16
            text run at (621,446) width 16: "\x{3092}"
          RenderRuby (inline) {RUBY} at (0,0) size 17x36
            RenderRubyRun (anonymous) at (647,0) size 17x40
              RenderRubyText {RT} at (-9,0) size 9x40
                RenderText {#text} at (0,0) size 9x40
                  text run at (0,0) width 40: "\x{3053}\x{3093}\x{308A}\x{3085}\x{3046}"
              RenderRubyBase (anonymous) at (0,0) size 17x40
                RenderInline {RB} at (0,0) size 17x32
                  RenderText {#text} at (0,4) size 17x32
                    text run at (0,4) width 32: "\x{5EFA}\x{7ACB}"
          RenderText {#text} at (647,36) size 17x158
            text run at (647,36) width 158: "\x{3057}\x{5F97}\x{308B}\x{306E}\x{70B9}\x{306B}\x{304A}\x{3044}\x{3066}\x{3001}"
          RenderRuby (inline) {RUBY} at (0,0) size 17x64
            RenderRubyRun (anonymous) at (647,194) size 17x64
              RenderRubyText {RT} at (-9,0) size 9x64
                RenderText {#text} at (0,12) size 9x40
                  text run at (0,12) width 40: "\x{304C}\x{308A}\x{3057}\x{3088}\x{304F}"
              RenderRubyBase (anonymous) at (0,0) size 17x64
                RenderInline {RB} at (0,0) size 17x64
                  RenderText {#text} at (0,0) size 17x64
                    text run at (0,0) width 64: "\x{6211}\x{5229}\x{79C1}\x{617E}"
          RenderText {#text} at (647,258) size 17x14
            text run at (647,258) width 14: "\x{306E}"
          RenderRuby (inline) {RUBY} at (0,0) size 17x32
            RenderRubyRun (anonymous) at (647,272) size 17x32
              RenderRubyText {RT} at (-9,0) size 9x32
                RenderText {#text} at (0,4) size 9x24
                  text run at (0,4) width 24: "\x{304D}\x{306F}\x{3093}"
              RenderRubyBase (anonymous) at (0,0) size 17x32
                RenderInline {RB} at (0,0) size 17x32
                  RenderText {#text} at (0,0) size 17x32
                    text run at (0,0) width 32: "\x{898A}\x{7D46}"
          RenderText {#text} at (647,304) size 17x16
            text run at (647,304) width 16: "\x{3092}"
          RenderRuby (inline) {RUBY} at (0,0) size 17x32
            RenderRubyRun (anonymous) at (647,320) size 17x32
              RenderRubyText {RT} at (-9,0) size 9x32
                RenderText {#text} at (0,0) size 9x32
                  text run at (0,0) width 32: "\x{305D}\x{3046}\x{3068}\x{3046}"
              RenderRubyBase (anonymous) at (0,0) size 17x32
                RenderInline {RB} at (0,0) size 17x32
                  RenderText {#text} at (0,0) size 17x32
                    text run at (0,0) width 32: "\x{6383}\x{8569}"
          RenderText {#text} at (647,352) size 43x462
            text run at (647,352) width 110: "\x{3059}\x{308B}\x{306E}\x{70B9}\x{306B}\x{304A}\x{3044}"
            text run at (673,0) width 64: "\x{3066}\x{3001}\x{2015}\x{2015}"
          RenderRuby (inline) {RUBY} at (0,0) size 17x32
            RenderRubyRun (anonymous) at (673,64) size 17x32
              RenderRubyText {RT} at (-9,0) size 9x32
                RenderText {#text} at (0,0) size 9x32
                  text run at (0,0) width 32: "\x{305B}\x{3093}\x{304D}\x{3093}"
              RenderRubyBase (anonymous) at (0,0) size 17x32
                RenderInline {RB} at (0,0) size 17x32
                  RenderText {#text} at (0,0) size 17x32
                    text run at (0,0) width 32: "\x{5343}\x{91D1}"
          RenderText {#text} at (673,96) size 17x94
            text run at (673,96) width 94: "\x{306E}\x{5B50}\x{3088}\x{308A}\x{3082}\x{3001}"
          RenderRuby (inline) {RUBY} at (0,0) size 17x32
            RenderRubyRun (anonymous) at (673,186) size 17x40
              RenderRubyText {RT} at (-9,0) size 9x40
                RenderText {#text} at (0,0) size 9x40
                  text run at (0,0) width 40: "\x{3070}\x{3093}\x{3058}\x{3087}\x{3046}"
              RenderRubyBase (anonymous) at (0,0) size 17x40
                RenderInline {RB} at (0,0) size 17x32
                  RenderText {#text} at (0,4) size 17x32
                    text run at (0,4) width 32: "\x{4E07}\x{4E57}"
          RenderText {#text} at (673,222) size 17x204
            text run at (673,222) width 204: "\x{306E}\x{541B}\x{3088}\x{308A}\x{3082}\x{3001}\x{3042}\x{3089}\x{3086}\x{308B}\x{4FD7}\x{754C}\x{306E}"
          RenderRuby (inline) {RUBY} at (0,0) size 17x32
            RenderRubyRun (anonymous) at (673,426) size 17x32
              RenderRubyText {RT} at (-9,0) size 9x32
                RenderText {#text} at (0,0) size 9x32
                  text run at (0,0) width 32: "\x{3061}\x{3087}\x{3046}\x{3058}"
              RenderRubyBase (anonymous) at (0,0) size 17x32
                RenderInline {RB} at (0,0) size 17x32
                  RenderText {#text} at (0,0) size 17x32
                    text run at (0,0) width 32: "\x{5BF5}\x{5150}"
          RenderText {#text} at (673,458) size 34x490
            text run at (673,458) width 32: "\x{3088}\x{308A}"
            text run at (690,0) width 112: "\x{3082}\x{5E78}\x{798F}\x{3067}\x{3042}\x{308B}\x{3002}"
          RenderBR {BR} at (690,112) size 17x0
          RenderText {#text} at (716,0) size 17x272
            text run at (716,0) width 272: "\x{3000}\x{4E16}\x{306B}\x{4F4F}\x{3080}\x{3053}\x{3068}\x{4E8C}\x{5341}\x{5E74}\x{306B}\x{3057}\x{3066}\x{3001}\x{4F4F}\x{3080}\x{306B}"
          RenderRuby (inline) {RUBY} at (0,0) size 17x32
            RenderRubyRun (anonymous) at (716,272) size 17x32
              RenderRubyText {RT} at (-9,0) size 9x32
                RenderText {#text} at (0,8) size 9x16
                  text run at (0,8) width 16: "\x{304B}\x{3044}"
              RenderRubyBase (anonymous) at (0,0) size 17x32
                RenderInline {RB} at (0,0) size 17x32
                  RenderText {#text} at (0,0) size 17x32
                    text run at (0,0) width 32: "\x{7532}\x{6590}"
          RenderText {#text} at (716,304) size 43x480
            text run at (716,304) width 176: "\x{3042}\x{308B}\x{4E16}\x{3068}\x{77E5}\x{3063}\x{305F}\x{3002}\x{4E8C}\x{5341}\x{4E94}"
            text run at (742,0) width 112: "\x{5E74}\x{306B}\x{3057}\x{3066}\x{660E}\x{6697}\x{306F}"
          RenderRuby (inline) {RUBY} at (0,0) size 17x32
            RenderRubyRun (anonymous) at (742,112) size 17x32
              RenderRubyText {RT} at (-9,0) size 9x32
                RenderText {#text} at (0,0) size 9x32
                  text run at (0,0) width 32: "\x{3072}\x{3087}\x{3046}\x{308A}"
              RenderRubyBase (anonymous) at (0,0) size 17x32
                RenderInline {RB} at (0,0) size 17x32
                  RenderText {#text} at (0,0) size 17x32
                    text run at (0,0) width 32: "\x{8868}\x{88CF}"
          RenderText {#text} at (742,144) size 43x476
            text run at (742,144) width 332: "\x{306E}\x{3054}\x{3068}\x{304F}\x{3001}\x{65E5}\x{306E}\x{3042}\x{305F}\x{308B}\x{6240}\x{306B}\x{306F}\x{304D}\x{3063}\x{3068}\x{5F71}\x{304C}\x{3055}\x{3059}\x{3068}"
            text run at (768,0) width 110: "\x{609F}\x{3063}\x{305F}\x{3002}\x{4E09}\x{5341}\x{306E}"
          RenderRuby (inline) {RUBY} at (0,0) size 17x32
            RenderRubyRun (anonymous) at (768,110) size 17x32
              RenderRubyText {RT} at (-9,0) size 9x32
                RenderText {#text} at (0,0) size 9x32
                  text run at (0,0) width 32: "\x{3053}\x{3093}\x{306B}\x{3061}"
              RenderRubyBase (anonymous) at (0,0) size 17x32
                RenderInline {RB} at (0,0) size 17x32
                  RenderText {#text} at (0,0) size 17x32
                    text run at (0,0) width 32: "\x{4ECA}\x{65E5}"
          RenderText {#text} at (768,142) size 17x286
            text run at (768,142) width 286: "\x{306F}\x{3053}\x{3046}\x{601D}\x{3046}\x{3066}\x{3044}\x{308B}\x{3002}\x{2015}\x{2015}\x{559C}\x{3073}\x{306E}\x{6DF1}\x{304D}\x{3068}\x{304D}"
          RenderRuby (inline) {RUBY} at (0,0) size 17x16
            RenderRubyRun (anonymous) at (768,424) size 17x24
              RenderRubyText {RT} at (-9,0) size 9x24
                RenderText {#text} at (0,0) size 9x24
                  text run at (0,0) width 24: "\x{3046}\x{308C}\x{3044}"
              RenderRubyBase (anonymous) at (0,0) size 17x24
                RenderInline {RB} at (0,0) size 17x16
                  RenderText {#text} at (0,4) size 17x16
                    text run at (0,4) width 16: "\x{6182}"
          RenderText {#text} at (768,444) size 43x476
            text run at (768,444) width 32: "\x{3044}\x{3088}"
            text run at (794,0) width 80: "\x{3044}\x{3088}\x{6DF1}\x{304F}\x{3001}"
          RenderRuby (inline) {RUBY} at (0,0) size 17x17
            RenderRubyRun (anonymous) at (794,77) size 17x23
              RenderRubyText {RT} at (-9,0) size 9x23
                RenderText {#text} at (0,0) size 9x23
                  text run at (0,0) width 23: "\x{305F}\x{306E}\x{3057}"
              RenderRubyBase (anonymous) at (0,0) size 17x23
                RenderInline {RB} at (0,0) size 17x17
                  RenderText {#text} at (0,3) size 17x17
                    text run at (0,3) width 16: "\x{697D}"
          RenderText {#text} at (794,97) size 43x479
            text run at (794,97) width 382: "\x{307F}\x{306E}\x{5927}\x{3044}\x{306A}\x{308B}\x{307B}\x{3069}\x{82E6}\x{3057}\x{307F}\x{3082}\x{5927}\x{304D}\x{3044}\x{3002}\x{3053}\x{308C}\x{3092}\x{5207}\x{308A}\x{653E}\x{305D}\x{3046}"
            text run at (820,0) width 160: "\x{3068}\x{3059}\x{308B}\x{3068}\x{8EAB}\x{304C}\x{6301}\x{3066}\x{306C}\x{3002}"
          RenderRuby (inline) {RUBY} at (0,0) size 17x16
            RenderRubyRun (anonymous) at (820,160) size 17x16
              RenderRubyText {RT} at (-9,0) size 9x16
                RenderText {#text} at (0,0) size 9x16
                  text run at (0,0) width 16: "\x{304B}\x{305F}"
              RenderRubyBase (anonymous) at (0,0) size 17x16
                RenderInline {RB} at (0,0) size 17x16
                  RenderText {#text} at (0,0) size 17x16
                    text run at (0,0) width 16: "\x{7247}"
          RenderText {#text} at (820,176) size 43x464
            text run at (820,176) width 288: "\x{3065}\x{3051}\x{3088}\x{3046}\x{3068}\x{3059}\x{308C}\x{3070}\x{4E16}\x{304C}\x{7ACB}\x{305F}\x{306C}\x{3002}\x{91D1}\x{306F}\x{5927}\x{4E8B}"
            text run at (846,0) width 126: "\x{3060}\x{3001}\x{5927}\x{4E8B}\x{306A}\x{3082}\x{306E}\x{304C}"
          RenderRuby (inline) {RUBY} at (0,0) size 17x16
            RenderRubyRun (anonymous) at (846,126) size 17x16
              RenderRubyText {RT} at (-9,0) size 9x16
                RenderText {#text} at (0,4) size 9x8
                  text run at (0,4) width 8: "\x{3075}"
              RenderRubyBase (anonymous) at (0,0) size 17x16
                RenderInline {RB} at (0,0) size 17x16
                  RenderText {#text} at (0,0) size 17x16
                    text run at (0,0) width 16: "\x{6B96}"
          RenderText {#text} at (846,142) size 17x48
            text run at (846,142) width 48: "\x{3048}\x{308C}\x{3070}"
          RenderRuby (inline) {RUBY} at (0,0) size 17x16
            RenderRubyRun (anonymous) at (846,190) size 17x16
              RenderRubyText {RT} at (-9,0) size 9x16
                RenderText {#text} at (0,4) size 9x8
                  text run at (0,4) width 8: "\x{306D}"
              RenderRubyBase (anonymous) at (0,0) size 17x16
                RenderInline {RB} at (0,0) size 17x16
                  RenderText {#text} at (0,0) size 17x16
                    text run at (0,0) width 16: "\x{5BDD}"
          RenderText {#text} at (846,206) size 17x16
            text run at (846,206) width 16: "\x{308B}"
          RenderRuby (inline) {RUBY} at (0,0) size 17x16
            RenderRubyRun (anonymous) at (846,222) size 17x16
              RenderRubyText {RT} at (-9,0) size 9x16
                RenderText {#text} at (0,4) size 9x8
                  text run at (0,4) width 8: "\x{307E}"
              RenderRubyBase (anonymous) at (0,0) size 17x16
                RenderInline {RB} at (0,0) size 17x16
                  RenderText {#text} at (0,0) size 17x16
                    text run at (0,0) width 16: "\x{9593}"
          RenderText {#text} at (846,238) size 60x478
            text run at (846,238) width 240: "\x{3082}\x{5FC3}\x{914D}\x{3060}\x{308D}\x{3046}\x{3002}\x{604B}\x{306F}\x{3046}\x{308C}\x{3057}\x{3044}\x{3001}\x{5B09}"
            text run at (863,0) width 478: "\x{3057}\x{3044}\x{604B}\x{304C}\x{7A4D}\x{3082}\x{308C}\x{3070}\x{3001}\x{604B}\x{3092}\x{305B}\x{306C}\x{6614}\x{304C}\x{304B}\x{3048}\x{3063}\x{3066}\x{604B}\x{3057}\x{304B}\x{308D}\x{3002}\x{95A3}\x{50DA}\x{306E}\x{80A9}\x{306F}\x{6570}"
            text run at (889,0) width 94: "\x{767E}\x{4E07}\x{4EBA}\x{306E}\x{8DB3}\x{3092}"
          RenderRuby (inline) {RUBY} at (0,0) size 17x16
            RenderRubyRun (anonymous) at (889,94) size 17x16
              RenderRubyText {RT} at (-9,0) size 9x16
                RenderText {#text} at (0,0) size 9x16
                  text run at (0,0) width 16: "\x{3055}\x{3055}"
              RenderRubyBase (anonymous) at (0,0) size 17x16
                RenderInline {RB} at (0,0) size 17x16
                  RenderText {#text} at (0,0) size 17x16
                    text run at (0,0) width 16: "\x{652F}"
          RenderText {#text} at (889,110) size 17x80
            text run at (889,110) width 80: "\x{3048}\x{3066}\x{3044}\x{308B}\x{3002}"
          RenderRuby (inline) {RUBY} at (0,0) size 17x32
            RenderRubyRun (anonymous) at (889,190) size 17x32
              RenderRubyText {RT} at (-9,0) size 9x32
                RenderText {#text} at (0,4) size 9x24
                  text run at (0,4) width 24: "\x{305B}\x{306A}\x{304B}"
              RenderRubyBase (anonymous) at (0,0) size 17x32
                RenderInline {RB} at (0,0) size 17x32
                  RenderText {#text} at (0,0) size 17x32
                    text run at (0,0) width 32: "\x{80CC}\x{4E2D}"
          RenderText {#text} at (889,222) size 43x478
            text run at (889,222) width 256: "\x{306B}\x{306F}\x{91CD}\x{3044}\x{5929}\x{4E0B}\x{304C}\x{304A}\x{3076}\x{3055}\x{3063}\x{3066}\x{3044}\x{308B}\x{3002}\x{3046}"
            text run at (915,0) width 272: "\x{307E}\x{3044}\x{7269}\x{3082}\x{98DF}\x{308F}\x{306D}\x{3070}\x{60DC}\x{3057}\x{3044}\x{3002}\x{5C11}\x{3057}\x{98DF}\x{3048}\x{3070}"
          RenderRuby (inline) {RUBY} at (0,0) size 17x16
            RenderRubyRun (anonymous) at (915,272) size 17x16
              RenderRubyText {RT} at (-9,0) size 9x16
                RenderText {#text} at (0,4) size 9x8
                  text run at (0,4) width 8: "\x{3042}"
              RenderRubyBase (anonymous) at (0,0) size 17x16
                RenderInline {RB} at (0,0) size 17x16
                  RenderText {#text} at (0,0) size 17x16
                    text run at (0,0) width 16: "\x{98FD}"
          RenderText {#text} at (915,288) size 17x16
            text run at (915,288) width 16: "\x{304D}"
          RenderRuby (inline) {RUBY} at (0,0) size 17x16
            RenderRubyRun (anonymous) at (915,304) size 17x16
              RenderRubyText {RT} at (-9,0) size 9x16
                RenderText {#text} at (0,4) size 9x8
                  text run at (0,4) width 8: "\x{305F}"
              RenderRubyBase (anonymous) at (0,0) size 17x16
                RenderInline {RB} at (0,0) size 17x16
                  RenderText {#text} at (0,0) size 17x16
                    text run at (0,0) width 16: "\x{8DB3}"
          RenderText {#text} at (915,320) size 34x480
            text run at (915,320) width 160: "\x{3089}\x{306C}\x{3002}\x{5B58}\x{5206}\x{98DF}\x{3048}\x{3070}\x{3042}\x{3068}"
            text run at (932,0) width 128: "\x{304C}\x{4E0D}\x{6109}\x{5FEB}\x{3060}\x{3002}\x{2026}\x{2026}"
          RenderBR {BR} at (932,128) size 17x0
          RenderText {#text} at (958,0) size 17x16
            text run at (958,0) width 16: "\x{3000}"
          RenderRuby (inline) {RUBY} at (0,0) size 17x16
            RenderRubyRun (anonymous) at (958,16) size 17x16
              RenderRubyText {RT} at (-9,0) size 9x16
                RenderText {#text} at (0,4) size 9x8
                  text run at (0,4) width 8: "\x{3088}"
              RenderRubyBase (anonymous) at (0,0) size 17x16
                RenderInline {RB} at (0,0) size 17x16
                  RenderText {#text} at (0,0) size 17x16
                    text run at (0,0) width 16: "\x{4F59}"
          RenderText {#text} at (958,32) size 17x14
            text run at (958,32) width 14: "\x{306E}"
          RenderRuby (inline) {RUBY} at (0,0) size 17x24
            RenderRubyRun (anonymous) at (958,42) size 17x32
              RenderRubyText {RT} at (-9,0) size 9x32
                RenderText {#text} at (0,0) size 9x32
                  text run at (0,0) width 32: "\x{304B}\x{3093}\x{304C}\x{3048}"
              RenderRubyBase (anonymous) at (0,0) size 17x32
                RenderInline {RB} at (0,0) size 17x16
                  RenderText {#text} at (0,8) size 17x16
                    text run at (0,8) width 16: "\x{8003}"
          RenderText {#text} at (958,70) size 17x254
            text run at (958,70) width 254: "\x{304C}\x{3053}\x{3053}\x{307E}\x{3067}\x{6F02}\x{6D41}\x{3057}\x{3066}\x{6765}\x{305F}\x{6642}\x{306B}\x{3001}\x{4F59}\x{306E}"
          RenderRuby (inline) {RUBY} at (0,0) size 17x32
            RenderRubyRun (anonymous) at (958,324) size 17x32
              RenderRubyText {RT} at (-9,0) size 9x32
                RenderText {#text} at (0,4) size 9x24
                  text run at (0,4) width 24: "\x{3046}\x{305D}\x{304F}"
              RenderRubyBase (anonymous) at (0,0) size 17x32
                RenderInline {RB} at (0,0) size 17x32
                  RenderText {#text} at (0,0) size 17x32
                    text run at (0,0) width 32: "\x{53F3}\x{8DB3}"
          RenderText {#text} at (958,356) size 17x48
            text run at (958,356) width 48: "\x{306F}\x{7A81}\x{7136}"
          RenderRuby (inline) {RUBY} at (0,0) size 17x16
            RenderRubyRun (anonymous) at (958,404) size 17x16
              RenderRubyText {RT} at (-9,0) size 9x16
                RenderText {#text} at (0,0) size 9x16
                  text run at (0,0) width 16: "\x{3059}\x{308F}"
              RenderRubyBase (anonymous) at (0,0) size 17x16
                RenderInline {RB} at (0,0) size 17x16
                  RenderText {#text} at (0,0) size 17x16
                    text run at (0,0) width 16: "\x{5750}"
          RenderText {#text} at (958,420) size 43x482
            text run at (958,420) width 62: "\x{308A}\x{306E}\x{308F}\x{308B}"
            text run at (984,0) width 16: "\x{3044}"
          RenderRuby (inline) {RUBY} at (0,0) size 17x32
            RenderRubyRun (anonymous) at (984,16) size 17x32
              RenderRubyText {RT} at (-9,0) size 9x32
                RenderText {#text} at (0,0) size 9x32
                  text run at (0,0) width 32: "\x{304B}\x{304F}\x{3044}\x{3057}"
              RenderRubyBase (anonymous) at (0,0) size 17x32
                RenderInline {RB} at (0,0) size 17x32
                  RenderText {#text} at (0,0) size 17x32
                    text run at (0,0) width 32: "\x{89D2}\x{77F3}"
          RenderText {#text} at (984,48) size 17x14
            text run at (984,48) width 14: "\x{306E}"
          RenderRuby (inline) {RUBY} at (0,0) size 17x16
            RenderRubyRun (anonymous) at (984,62) size 17x16
              RenderRubyText {RT} at (-9,0) size 9x16
                RenderText {#text} at (0,0) size 9x16
                  text run at (0,0) width 16: "\x{306F}\x{3057}"
              RenderRubyBase (anonymous) at (0,0) size 17x16
                RenderInline {RB} at (0,0) size 17x16
                  RenderText {#text} at (0,0) size 17x16
                    text run at (0,0) width 16: "\x{7AEF}"
          RenderText {#text} at (984,78) size 17x48
            text run at (984,78) width 48: "\x{3092}\x{8E0F}\x{307F}"
          RenderRuby (inline) {RUBY} at (0,0) size 17x16
            RenderRubyRun (anonymous) at (984,126) size 17x16
              RenderRubyText {RT} at (-9,0) size 9x16
                RenderText {#text} at (0,4) size 9x8
                  text run at (0,4) width 8: "\x{305D}"
              RenderRubyBase (anonymous) at (0,0) size 17x16
                RenderInline {RB} at (0,0) size 17x16
                  RenderText {#text} at (0,0) size 17x16
                    text run at (0,0) width 16: "\x{640D}"
          RenderText {#text} at (984,142) size 17x80
            text run at (984,142) width 80: "\x{304F}\x{306A}\x{3063}\x{305F}\x{3002}"
          RenderRuby (inline) {RUBY} at (0,0) size 17x32
            RenderRubyRun (anonymous) at (984,222) size 17x32
              RenderRubyText {RT} at (-9,0) size 9x32
                RenderText {#text} at (0,0) size 9x32
                  text run at (0,0) width 32: "\x{3078}\x{3044}\x{3053}\x{3046}"
              RenderRubyBase (anonymous) at (0,0) size 17x32
                RenderInline {RB} at (0,0) size 17x32
                  RenderText {#text} at (0,0) size 17x32
                    text run at (0,0) width 32: "\x{5E73}\x{8861}"
          RenderText {#text} at (984,254) size 43x478
            text run at (984,254) width 224: "\x{3092}\x{4FDD}\x{3064}\x{305F}\x{3081}\x{306B}\x{3001}\x{3059}\x{308F}\x{3084}\x{3068}\x{524D}\x{306B}\x{98DB}"
            text run at (1010,0) width 64: "\x{3073}\x{51FA}\x{3057}\x{305F}"
          RenderRuby (inline) {RUBY} at (0,0) size 17x32
            RenderRubyRun (anonymous) at (1010,64) size 17x32
              RenderRubyText {RT} at (-9,0) size 9x32
                RenderText {#text} at (0,4) size 9x24
                  text run at (0,4) width 24: "\x{3055}\x{305D}\x{304F}"
              RenderRubyBase (anonymous) at (0,0) size 17x32
                RenderInline {RB} at (0,0) size 17x32
                  RenderText {#text} at (0,0) size 17x32
                    text run at (0,0) width 32: "\x{5DE6}\x{8DB3}"
          RenderText {#text} at (1010,96) size 17x32
            text run at (1010,96) width 32: "\x{304C}\x{3001}"
          RenderRuby (inline) {RUBY} at (0,0) size 17x32
            RenderRubyRun (anonymous) at (1010,128) size 17x32
              RenderRubyText {RT} at (-9,0) size 9x32
                RenderText {#text} at (0,4) size 9x24
                  text run at (0,4) width 24: "\x{3057}\x{305D}\x{3093}"
              RenderRubyBase (anonymous) at (0,0) size 17x32
                RenderInline {RB} at (0,0) size 17x32
                  RenderText {#text} at (0,0) size 17x32
                    text run at (0,0) width 32: "\x{4ED5}\x{640D}"
          RenderText {#text} at (1010,160) size 17x30
            text run at (1010,160) width 30: "\x{3058}\x{306E}"
          RenderRuby (inline) {RUBY} at (0,0) size 17x16
            RenderRubyRun (anonymous) at (1010,190) size 17x16
              RenderRubyText {RT} at (-9,0) size 9x16
                RenderText {#text} at (0,4) size 9x8
                  text run at (0,4) width 8: "\x{3046}"
              RenderRubyBase (anonymous) at (0,0) size 17x16
                RenderInline {RB} at (0,0) size 17x16
                  RenderText {#text} at (0,0) size 17x16
                    text run at (0,0) width 16: "\x{57CB}"
          RenderText {#text} at (1010,206) size 17x16
            text run at (1010,206) width 16: "\x{3081}"
          RenderRuby (inline) {RUBY} at (0,0) size 17x16
            RenderRubyRun (anonymous) at (1010,222) size 17x16
              RenderRubyText {RT} at (-9,0) size 9x16
                RenderText {#text} at (0,0) size 9x16
                  text run at (0,0) width 16: "\x{3042}\x{308F}"
              RenderRubyBase (anonymous) at (0,0) size 17x16
                RenderInline {RB} at (0,0) size 17x16
                  RenderText {#text} at (0,0) size 17x16
                    text run at (0,0) width 16: "\x{5408}"
          RenderText {#text} at (1010,238) size 43x476
            text run at (1010,238) width 238: "\x{305B}\x{3092}\x{3059}\x{308B}\x{3068}\x{5171}\x{306B}\x{3001}\x{4F59}\x{306E}\x{8170}\x{306F}\x{5177}\x{5408}\x{3088}"
            text run at (1036,0) width 16: "\x{304F}"
          RenderRuby (inline) {RUBY} at (0,0) size 17x16
            RenderRubyRun (anonymous) at (1036,16) size 17x16
              RenderRubyText {RT} at (-9,0) size 9x16
                RenderText {#text} at (0,0) size 9x16
                  text run at (0,0) width 16: "\x{307B}\x{3046}"
              RenderRubyBase (anonymous) at (0,0) size 17x16
                RenderInline {RB} at (0,0) size 17x16
                  RenderText {#text} at (0,0) size 17x16
                    text run at (0,0) width 16: "\x{65B9}"
          RenderText {#text} at (1036,32) size 17x142
            text run at (1036,32) width 142: "\x{4E09}\x{5C3A}\x{307B}\x{3069}\x{306A}\x{5CA9}\x{306E}\x{4E0A}\x{306B}"
          RenderRuby (inline) {RUBY} at (0,0) size 17x16
            RenderRubyRun (anonymous) at (1036,174) size 17x16
              RenderRubyText {RT} at (-9,0) size 9x16
                RenderText {#text} at (0,4) size 9x8
                  text run at (0,4) width 8: "\x{304A}"
              RenderRubyBase (anonymous) at (0,0) size 17x16
                RenderInline {RB} at (0,0) size 17x16
                  RenderText {#text} at (0,0) size 17x16
                    text run at (0,0) width 16: "\x{5378}"
          RenderText {#text} at (1036,190) size 17x206
            text run at (1036,190) width 206: "\x{308A}\x{305F}\x{3002}\x{80A9}\x{306B}\x{304B}\x{3051}\x{305F}\x{7D75}\x{306E}\x{5177}\x{7BB1}\x{304C}"
          RenderRuby (inline) {RUBY} at (0,0) size 17x16
            RenderRubyRun (anonymous) at (1036,396) size 17x16
              RenderRubyText {RT} at (-9,0) size 9x16
                RenderText {#text} at (0,0) size 9x16
                  text run at (0,0) width 16: "\x{308F}\x{304D}"
              RenderRubyBase (anonymous) at (0,0) size 17x16
                RenderInline {RB} at (0,0) size 17x16
                  RenderText {#text} at (0,0) size 17x16
                    text run at (0,0) width 16: "\x{814B}"
          RenderText {#text} at (1036,412) size 17x62
            text run at (1036,412) width 62: "\x{306E}\x{4E0B}\x{304B}\x{3089}"
          RenderRuby (inline) {RUBY} at (0,0) size 17x16
            RenderRubyRun (anonymous) at (1036,474) size 17x16
              RenderRubyText {RT} at (-9,0) size 9x16
                RenderText {#text} at (0,0) size 9x16
                  text run at (0,0) width 16: "\x{304A}\x{3069}"
              RenderRubyBase (anonymous) at (0,0) size 17x16
                RenderInline {RB} at (0,0) size 17x16
                  RenderText {#text} at (0,0) size 17x16
                    text run at (0,0) width 16: "\x{8E8D}"
          RenderText {#text} at (1062,0) size 17x176
            text run at (1062,0) width 176: "\x{308A}\x{51FA}\x{3057}\x{305F}\x{3060}\x{3051}\x{3067}\x{3001}\x{5E78}\x{3044}\x{3068}"
          RenderRuby (inline) {RUBY} at (0,0) size 17x16
            RenderRubyRun (anonymous) at (1062,176) size 17x16
              RenderRubyText {RT} at (-9,0) size 9x16
                RenderText {#text} at (0,0) size 9x16
                  text run at (0,0) width 16: "\x{306A}\x{3093}"
              RenderRubyBase (anonymous) at (0,0) size 17x16
                RenderInline {RB} at (0,0) size 17x16
                  RenderText {#text} at (0,0) size 17x16
                    text run at (0,0) width 16: "\x{4F55}"
          RenderText {#text} at (1062,192) size 17x126
            text run at (1062,192) width 126: "\x{306E}\x{4E8B}\x{3082}\x{306A}\x{304B}\x{3063}\x{305F}\x{3002}"
          RenderBR {BR} at (1062,318) size 17x0
          RenderText {#text} at (1088,0) size 17x240
            text run at (1088,0) width 240: "\x{3000}\x{7ACB}\x{3061}\x{4E0A}\x{304C}\x{308B}\x{6642}\x{306B}\x{5411}\x{3046}\x{3092}\x{898B}\x{308B}\x{3068}\x{3001}"
          RenderRuby (inline) {RUBY} at (0,0) size 17x16
            RenderRubyRun (anonymous) at (1088,240) size 17x16
              RenderRubyText {RT} at (-9,0) size 9x16
                RenderText {#text} at (0,0) size 9x16
                  text run at (0,0) width 16: "\x{307F}\x{3061}"
              RenderRubyBase (anonymous) at (0,0) size 17x16
                RenderInline {RB} at (0,0) size 17x16
                  RenderText {#text} at (0,0) size 17x16
                    text run at (0,0) width 16: "\x{8DEF}"
          RenderText {#text} at (1088,256) size 43x478
            text run at (1088,256) width 222: "\x{304B}\x{3089}\x{5DE6}\x{306E}\x{65B9}\x{306B}\x{30D0}\x{30B1}\x{30C4}\x{3092}\x{4F0F}\x{305B}\x{305F}\x{3088}"
            text run at (1114,0) width 64: "\x{3046}\x{306A}\x{5CF0}\x{304C}"
          RenderRuby (inline) {RUBY} at (0,0) size 17x16
            RenderRubyRun (anonymous) at (1114,64) size 17x16
              RenderRubyText {RT} at (-9,0) size 9x16
                RenderText {#text} at (0,0) size 9x16
                  text run at (0,0) width 16: "\x{305D}\x{3073}"
              RenderRubyBase (anonymous) at (0,0) size 17x16
                RenderInline {RB} at (0,0) size 17x16
                  RenderText {#text} at (0,0) size 17x16
                    text run at (0,0) width 16: "\x{8073}"
          RenderText {#text} at (1114,80) size 17x112
            text run at (1114,80) width 112: "\x{3048}\x{3066}\x{3044}\x{308B}\x{3002}\x{6749}\x{304B}"
          RenderRuby (inline) {RUBY} at (0,0) size 17x17
            RenderRubyRun (anonymous) at (1114,189) size 17x23
              RenderRubyText {RT} at (-9,0) size 9x23
                RenderText {#text} at (0,0) size 9x23
                  text run at (0,0) width 23: "\x{3072}\x{306E}\x{304D}"
              RenderRubyBase (anonymous) at (0,0) size 17x23
                RenderInline {RB} at (0,0) size 17x17
                  RenderText {#text} at (0,3) size 17x17
                    text run at (0,3) width 16: "\x{6A9C}"
          RenderText {#text} at (1114,209) size 17x112
            text run at (1114,209) width 112: "\x{304B}\x{5206}\x{304B}\x{3089}\x{306A}\x{3044}\x{304C}"
          RenderRuby (inline) {RUBY} at (0,0) size 17x32
            RenderRubyRun (anonymous) at (1114,321) size 17x32
              RenderRubyText {RT} at (-9,0) size 9x32
                RenderText {#text} at (0,4) size 9x24
                  text run at (0,4) width 24: "\x{306D}\x{3082}\x{3068}"
              RenderRubyBase (anonymous) at (0,0) size 17x32
                RenderInline {RB} at (0,0) size 17x32
                  RenderText {#text} at (0,0) size 17x32
                    text run at (0,0) width 32: "\x{6839}\x{5143}"
          RenderText {#text} at (1114,353) size 17x32
            text run at (1114,353) width 32: "\x{304B}\x{3089}"
          RenderRuby (inline) {RUBY} at (0,0) size 17x16
            RenderRubyRun (anonymous) at (1114,381) size 17x24
              RenderRubyText {RT} at (-9,0) size 9x24
                RenderText {#text} at (0,0) size 9x24
                  text run at (0,0) width 24: "\x{3044}\x{305F}\x{3060}"
              RenderRubyBase (anonymous) at (0,0) size 17x24
                RenderInline {RB} at (0,0) size 17x16
                  RenderText {#text} at (0,4) size 17x16
                    text run at (0,4) width 16: "\x{9802}"
          RenderText {#text} at (1114,401) size 43x481
            text run at (1114,401) width 80: "\x{304D}\x{307E}\x{3067}\x{3053}\x{3068}"
            text run at (1140,0) width 48: "\x{3054}\x{3068}\x{304F}"
          RenderRuby (inline) {RUBY} at (0,0) size 17x32
            RenderRubyRun (anonymous) at (1140,48) size 17x32
              RenderRubyText {RT} at (-9,0) size 9x32
                RenderText {#text} at (0,0) size 9x32
                  text run at (0,0) width 32: "\x{3042}\x{304A}\x{3050}\x{308D}"
              RenderRubyBase (anonymous) at (0,0) size 17x32
                RenderInline {RB} at (0,0) size 17x32
                  RenderText {#text} at (0,0) size 17x32
                    text run at (0,0) width 32: "\x{84BC}\x{9ED2}"
          RenderText {#text} at (1140,80) size 17x240
            text run at (1140,80) width 240: "\x{3044}\x{4E2D}\x{306B}\x{3001}\x{5C71}\x{685C}\x{304C}\x{8584}\x{8D64}\x{304F}\x{3060}\x{3093}\x{3060}\x{3089}\x{306B}"
          RenderRuby (inline) {RUBY} at (0,0) size 17x32
            RenderRubyRun (anonymous) at (1140,320) size 17x32
              RenderRubyText {RT} at (-9,0) size 9x32
                RenderText {#text} at (0,4) size 9x24
                  text run at (0,4) width 24: "\x{305F}\x{306A}\x{3073}"
              RenderRubyBase (anonymous) at (0,0) size 17x32
                RenderInline {RB} at (0,0) size 17x32
                  RenderText {#text} at (0,0) size 17x32
                    text run at (0,0) width 32: "\x{68DA}\x{5F15}"
          RenderText {#text} at (1140,352) size 17x48
            text run at (1140,352) width 48: "\x{3044}\x{3066}\x{3001}"
          RenderRuby (inline) {RUBY} at (0,0) size 17x16
            RenderRubyRun (anonymous) at (1140,400) size 17x16
              RenderRubyText {RT} at (-9,0) size 9x16
                RenderText {#text} at (0,4) size 9x8
                  text run at (0,4) width 8: "\x{3064}"
              RenderRubyBase (anonymous) at (0,0) size 17x16
                RenderInline {RB} at (0,0) size 17x16
                  RenderText {#text} at (0,0) size 17x16
                    text run at (0,0) width 16: "\x{7D9A}"
          RenderText {#text} at (1140,416) size 17x16
            text run at (1140,416) width 16: "\x{304E}"
          RenderRuby (inline) {RUBY} at (0,0) size 17x16
            RenderRubyRun (anonymous) at (1140,432) size 17x16
              RenderRubyText {RT} at (-9,0) size 9x16
                RenderText {#text} at (0,4) size 9x8
                  text run at (0,4) width 8: "\x{3081}"
              RenderRubyBase (anonymous) at (0,0) size 17x16
                RenderInline {RB} at (0,0) size 17x16
                  RenderText {#text} at (0,0) size 17x16
                    text run at (0,0) width 16: "\x{76EE}"
          RenderText {#text} at (1140,448) size 17x16
            text run at (1140,448) width 16: "\x{304C}"
          RenderRuby (inline) {RUBY} at (0,0) size 17x16
            RenderRubyRun (anonymous) at (1140,464) size 17x16
              RenderRubyText {RT} at (-9,0) size 9x16
                RenderText {#text} at (0,0) size 9x16
                  text run at (0,0) width 16: "\x{3057}\x{304B}"
              RenderRubyBase (anonymous) at (0,0) size 17x16
                RenderInline {RB} at (0,0) size 17x16
                  RenderText {#text} at (0,0) size 17x16
                    text run at (0,0) width 16: "\x{78BA}"
          RenderText {#text} at (1166,0) size 17x112
            text run at (1166,0) width 112: "\x{3068}\x{898B}\x{3048}\x{306C}\x{304F}\x{3089}\x{3044}"
          RenderRuby (inline) {RUBY} at (0,0) size 17x16
            RenderRubyRun (anonymous) at (1166,112) size 17x16
              RenderRubyText {RT} at (-9,0) size 9x16
                RenderText {#text} at (0,0) size 9x16
                  text run at (0,0) width 16: "\x{3082}\x{3084}"
              RenderRubyBase (anonymous) at (0,0) size 17x16
                RenderInline {RB} at (0,0) size 17x16
                  RenderText {#text} at (0,0) size 17x16
                    text run at (0,0) width 16: "\x{9744}"
          RenderText {#text} at (1166,128) size 17x144
            text run at (1166,128) width 144: "\x{304C}\x{6FC3}\x{3044}\x{3002}\x{5C11}\x{3057}\x{624B}\x{524D}\x{306B}"
          RenderRuby (inline) {RUBY} at (0,0) size 17x32
            RenderRubyRun (anonymous) at (1166,272) size 17x32
              RenderRubyText {RT} at (-9,0) size 9x32
                RenderText {#text} at (0,0) size 9x32
                  text run at (0,0) width 32: "\x{306F}\x{3052}\x{3084}\x{307E}"
              RenderRubyBase (anonymous) at (0,0) size 17x32
                RenderInline {RB} at (0,0) size 17x32
                  RenderText {#text} at (0,0) size 17x32
                    text run at (0,0) width 32: "\x{79BF}\x{5C71}"
          RenderText {#text} at (1166,304) size 17x64
            text run at (1166,304) width 64: "\x{304C}\x{4E00}\x{3064}\x{3001}"
          RenderRuby (inline) {RUBY} at (0,0) size 17x16
            RenderRubyRun (anonymous) at (1166,368) size 17x16
              RenderRubyText {RT} at (-9,0) size 9x16
                RenderText {#text} at (0,0) size 9x16
                  text run at (0,0) width 16: "\x{3050}\x{3093}"
              RenderRubyBase (anonymous) at (0,0) size 17x16
                RenderInline {RB} at (0,0) size 17x16
                  RenderText {#text} at (0,0) size 17x16
                    text run at (0,0) width 16: "\x{7FA4}"
          RenderText {#text} at (1166,384) size 17x96
            text run at (1166,384) width 96: "\x{3092}\x{306C}\x{304D}\x{3093}\x{3067}\x{3066}"
          RenderRuby (inline) {RUBY} at (0,0) size 17x16
            RenderRubyRun (anonymous) at (1192,0) size 17x16
              RenderRubyText {RT} at (-9,0) size 9x16
                RenderText {#text} at (0,0) size 9x16
                  text run at (0,0) width 16: "\x{307E}\x{3086}"
              RenderRubyBase (anonymous) at (0,0) size 17x16
                RenderInline {RB} at (0,0) size 17x16
                  RenderText {#text} at (0,0) size 17x16
                    text run at (0,0) width 16: "\x{7709}"
          RenderText {#text} at (1192,16) size 17x16
            text run at (1192,16) width 16: "\x{306B}"
          RenderRuby (inline) {RUBY} at (0,0) size 17x16
            RenderRubyRun (anonymous) at (1192,32) size 17x16
              RenderRubyText {RT} at (-9,0) size 9x16
                RenderText {#text} at (0,0) size 9x16
                  text run at (0,0) width 16: "\x{305B}\x{307E}"
              RenderRubyBase (anonymous) at (0,0) size 17x16
                RenderInline {RB} at (0,0) size 17x16
                  RenderText {#text} at (0,0) size 17x16
                    text run at (0,0) width 16: "\x{903C}"
          RenderText {#text} at (1192,48) size 17x32
            text run at (1192,48) width 32: "\x{308B}\x{3002}"
          RenderRuby (inline) {RUBY} at (0,0) size 17x16
            RenderRubyRun (anonymous) at (1192,80) size 17x16
              RenderRubyText {RT} at (-9,0) size 9x16
                RenderText {#text} at (0,4) size 9x8
                  text run at (0,4) width 8: "\x{306F}"
              RenderRubyBase (anonymous) at (0,0) size 17x16
                RenderInline {RB} at (0,0) size 17x16
                  RenderText {#text} at (0,0) size 17x16
                    text run at (0,0) width 16: "\x{79BF}"
          RenderText {#text} at (1192,96) size 17x126
            text run at (1192,96) width 126: "\x{3052}\x{305F}\x{5074}\x{9762}\x{306F}\x{5DE8}\x{4EBA}\x{306E}"
          RenderRuby (inline) {RUBY} at (0,0) size 17x16
            RenderRubyRun (anonymous) at (1192,222) size 17x16
              RenderRubyText {RT} at (-9,0) size 9x16
                RenderText {#text} at (0,0) size 9x16
                  text run at (0,0) width 15: "\x{304A}\x{306E}"
              RenderRubyBase (anonymous) at (0,0) size 17x16
                RenderInline {RB} at (0,0) size 17x16
                  RenderText {#text} at (0,0) size 17x16
                    text run at (0,0) width 16: "\x{65A7}"
          RenderText {#text} at (1192,238) size 17x16
            text run at (1192,238) width 16: "\x{3067}"
          RenderRuby (inline) {RUBY} at (0,0) size 17x16
            RenderRubyRun (anonymous) at (1192,254) size 17x16
              RenderRubyText {RT} at (-9,0) size 9x16
                RenderText {#text} at (0,0) size 9x16
                  text run at (0,0) width 16: "\x{3051}\x{305A}"
              RenderRubyBase (anonymous) at (0,0) size 17x16
                RenderInline {RB} at (0,0) size 17x16
                  RenderText {#text} at (0,0) size 17x16
                    text run at (0,0) width 16: "\x{524A}"
          RenderText {#text} at (1192,270) size 43x478
            text run at (1192,270) width 208: "\x{308A}\x{53BB}\x{3063}\x{305F}\x{304B}\x{3001}\x{92ED}\x{3069}\x{304D}\x{5E73}\x{9762}\x{3092}\x{3084}"
            text run at (1218,0) width 94: "\x{3051}\x{306B}\x{8C37}\x{306E}\x{5E95}\x{306B}"
          RenderRuby (inline) {RUBY} at (0,0) size 17x16
            RenderRubyRun (anonymous) at (1218,94) size 17x16
              RenderRubyText {RT} at (-9,0) size 9x16
                RenderText {#text} at (0,0) size 9x16
                  text run at (0,0) width 16: "\x{3046}\x{305A}"
              RenderRubyBase (anonymous) at (0,0) size 17x16
                RenderInline {RB} at (0,0) size 17x16
                  RenderText {#text} at (0,0) size 17x16
                    text run at (0,0) width 16: "\x{57CB}"
          RenderText {#text} at (1218,110) size 17x80
            text run at (1218,110) width 80: "\x{3081}\x{3066}\x{3044}\x{308B}\x{3002}"
          RenderRuby (inline) {RUBY} at (0,0) size 17x32
            RenderRubyRun (anonymous) at (1218,190) size 17x32
              RenderRubyText {RT} at (-9,0) size 9x32
                RenderText {#text} at (0,0) size 9x32
                  text run at (0,0) width 32: "\x{3066}\x{3063}\x{307A}\x{3093}"
              RenderRubyBase (anonymous) at (0,0) size 17x32
                RenderInline {RB} at (0,0) size 17x32
                  RenderText {#text} at (0,0) size 17x32
                    text run at (0,0) width 32: "\x{5929}\x{8FBA}"
          RenderText {#text} at (1218,222) size 43x490
            text run at (1218,222) width 268: "\x{306B}\x{4E00}\x{672C}\x{898B}\x{3048}\x{308B}\x{306E}\x{306F}\x{8D64}\x{677E}\x{3060}\x{308D}\x{3046}\x{3002}\x{679D}\x{306E}\x{9593}"
            text run at (1244,0) width 62: "\x{306E}\x{7A7A}\x{3055}\x{3048}"
          RenderRuby (inline) {RUBY} at (0,0) size 17x32
            RenderRubyRun (anonymous) at (1244,62) size 17x32
              RenderRubyText {RT} at (-9,0) size 9x32
                RenderText {#text} at (0,0) size 9x32
                  text run at (0,0) width 32: "\x{306F}\x{3063}\x{304D}\x{308A}"
              RenderRubyBase (anonymous) at (0,0) size 17x32
                RenderInline {RB} at (0,0) size 17x32
                  RenderText {#text} at (0,0) size 17x32
                    text run at (0,0) width 32: "\x{5224}\x{7136}"
          RenderText {#text} at (1244,94) size 43x478
            text run at (1244,94) width 384: "\x{3057}\x{3066}\x{3044}\x{308B}\x{3002}\x{884C}\x{304F}\x{624B}\x{306F}\x{4E8C}\x{4E01}\x{307B}\x{3069}\x{3067}\x{5207}\x{308C}\x{3066}\x{3044}\x{308B}\x{304C}\x{3001}\x{9AD8}\x{3044}\x{6240}"
            text run at (1270,0) width 64: "\x{304B}\x{3089}\x{8D64}\x{3044}"
          RenderRuby (inline) {RUBY} at (0,0) size 17x32
            RenderRubyRun (anonymous) at (1270,64) size 17x32
              RenderRubyText {RT} at (-9,0) size 9x32
                RenderText {#text} at (0,4) size 9x24
                  text run at (0,4) width 24: "\x{3051}\x{3063}\x{3068}"
              RenderRubyBase (anonymous) at (0,0) size 17x32
                RenderInline {RB} at (0,0) size 17x32
                  RenderText {#text} at (0,0) size 17x32
                    text run at (0,0) width 32: "\x{6BDB}\x{5E03}"
          RenderText {#text} at (1270,96) size 43x476
            text run at (1270,96) width 380: "\x{304C}\x{52D5}\x{3044}\x{3066}\x{6765}\x{308B}\x{306E}\x{3092}\x{898B}\x{308B}\x{3068}\x{3001}\x{767B}\x{308C}\x{3070}\x{3042}\x{3059}\x{3053}\x{3078}\x{51FA}\x{308B}\x{306E}\x{3060}\x{308D}"
            text run at (1296,0) width 128: "\x{3046}\x{3002}\x{8DEF}\x{306F}\x{3059}\x{3053}\x{3076}\x{308B}"
          RenderRuby (inline) {RUBY} at (0,0) size 17x32
            RenderRubyRun (anonymous) at (1296,128) size 17x32
              RenderRubyText {RT} at (-9,0) size 9x32
                RenderText {#text} at (0,4) size 9x24
                  text run at (0,4) width 24: "\x{306A}\x{3093}\x{304E}"
              RenderRubyBase (anonymous) at (0,0) size 17x32
                RenderInline {RB} at (0,0) size 17x32
                  RenderText {#text} at (0,0) size 17x32
                    text run at (0,0) width 32: "\x{96E3}\x{7FA9}"
          RenderText {#text} at (1296,160) size 17x32
            text run at (1296,160) width 32: "\x{3060}\x{3002}"
          RenderBR {BR} at (1296,192) size 17x0
          RenderText {#text} at (1322,0) size 17x208
            text run at (1322,0) width 208: "\x{3000}\x{571F}\x{3092}\x{306A}\x{3089}\x{3059}\x{3060}\x{3051}\x{306A}\x{3089}\x{3055}\x{307B}\x{3069}"
          RenderRuby (inline) {RUBY} at (0,0) size 17x32
            RenderRubyRun (anonymous) at (1322,208) size 17x32
              RenderRubyText {RT} at (-9,0) size 9x32
                RenderText {#text} at (0,8) size 9x16
                  text run at (0,8) width 16: "\x{3066}\x{307E}"
              RenderRubyBase (anonymous) at (0,0) size 17x32
                RenderInline {RB} at (0,0) size 17x32
                  RenderText {#text} at (0,0) size 17x32
                    text run at (0,0) width 32: "\x{624B}\x{9593}"
          RenderText {#text} at (1322,240) size 17x16
            text run at (1322,240) width 16: "\x{3082}"
          RenderRuby (inline) {RUBY} at (0,0) size 17x16
            RenderRubyRun (anonymous) at (1322,256) size 17x16
              RenderRubyText {RT} at (-9,0) size 9x16
                RenderText {#text} at (0,4) size 9x8
                  text run at (0,4) width 8: "\x{3044}"
              RenderRubyBase (anonymous) at (0,0) size 17x16
                RenderInline {RB} at (0,0) size 17x16
                  RenderText {#text} at (0,0) size 17x16
                    text run at (0,0) width 16: "\x{5165}"
          RenderText {#text} at (1322,272) size 43x478
            text run at (1322,272) width 206: "\x{308B}\x{307E}\x{3044}\x{304C}\x{3001}\x{571F}\x{306E}\x{4E2D}\x{306B}\x{306F}\x{5927}\x{304D}\x{306A}"
            text run at (1348,0) width 112: "\x{77F3}\x{304C}\x{3042}\x{308B}\x{3002}\x{571F}\x{306F}"
          RenderRuby (inline) {RUBY} at (0,0) size 17x16
            RenderRubyRun (anonymous) at (1348,112) size 17x16
              RenderRubyText {RT} at (-9,0) size 9x16
                RenderText {#text} at (0,0) size 9x16
                  text run at (0,0) width 16: "\x{305F}\x{3044}"
              RenderRubyBase (anonymous) at (0,0) size 17x16
                RenderInline {RB} at (0,0) size 17x16
                  RenderText {#text} at (0,0) size 17x16
                    text run at (0,0) width 16: "\x{5E73}"
          RenderText {#text} at (1348,128) size 43x464
            text run at (1348,128) width 336: "\x{3089}\x{306B}\x{3057}\x{3066}\x{3082}\x{77F3}\x{306F}\x{5E73}\x{3089}\x{306B}\x{306A}\x{3089}\x{306C}\x{3002}\x{77F3}\x{306F}\x{5207}\x{308A}\x{7815}\x{3044}\x{3066}"
            text run at (1374,0) width 176: "\x{3082}\x{3001}\x{5CA9}\x{306F}\x{59CB}\x{672B}\x{304C}\x{3064}\x{304B}\x{306C}\x{3002}"
          RenderRuby (inline) {RUBY} at (0,0) size 17x32
            RenderRubyRun (anonymous) at (1374,176) size 17x32
              RenderRubyText {RT} at (-9,0) size 9x32
                RenderText {#text} at (0,0) size 9x32
                  text run at (0,0) width 32: "\x{307B}\x{308A}\x{304F}\x{305A}"
              RenderRubyBase (anonymous) at (0,0) size 17x32
                RenderInline {RB} at (0,0) size 17x32
                  RenderText {#text} at (0,0) size 17x32
                    text run at (0,0) width 32: "\x{6398}\x{5D29}"
          RenderText {#text} at (1374,208) size 17x94
            text run at (1374,208) width 94: "\x{3057}\x{305F}\x{571F}\x{306E}\x{4E0A}\x{306B}"
          RenderRuby (inline) {RUBY} at (0,0) size 17x32
            RenderRubyRun (anonymous) at (1374,302) size 17x32
              RenderRubyText {RT} at (-9,0) size 9x32
                RenderText {#text} at (0,0) size 9x32
                  text run at (0,0) width 32: "\x{3086}\x{3046}\x{305C}\x{3093}"
              RenderRubyBase (anonymous) at (0,0) size 17x32
                RenderInline {RB} at (0,0) size 17x32
                  RenderText {#text} at (0,0) size 17x32
                    text run at (0,0) width 32: "\x{60A0}\x{7136}"
          RenderText {#text} at (1374,334) size 17x16
            text run at (1374,334) width 16: "\x{3068}"
          RenderRuby (inline) {RUBY} at (0,0) size 17x16
            RenderRubyRun (anonymous) at (1374,346) size 17x24
              RenderRubyText {RT} at (-9,0) size 9x24
                RenderText {#text} at (0,0) size 9x24
                  text run at (0,0) width 24: "\x{305D}\x{3070}\x{3060}"
              RenderRubyBase (anonymous) at (0,0) size 17x24
                RenderInline {RB} at (0,0) size 17x16
                  RenderText {#text} at (0,4) size 17x16
                    text run at (0,4) width 16: "\x{5CD9}"
          RenderText {#text} at (1374,366) size 43x476
            text run at (1374,366) width 110: "\x{3063}\x{3066}\x{3001}\x{543E}\x{3089}\x{306E}\x{305F}"
            text run at (1400,0) width 96: "\x{3081}\x{306B}\x{9053}\x{3092}\x{8B72}\x{308B}"
          RenderRuby (inline) {RUBY} at (0,0) size 17x32
            RenderRubyRun (anonymous) at (1400,96) size 17x32
              RenderRubyText {RT} at (-9,0) size 9x32
                RenderText {#text} at (0,4) size 9x24
                  text run at (0,4) width 24: "\x{3051}\x{3057}\x{304D}"
              RenderRubyBase (anonymous) at (0,0) size 17x32
                RenderInline {RB} at (0,0) size 17x32
                  RenderText {#text} at (0,0) size 17x32
                    text run at (0,0) width 32: "\x{666F}\x{8272}"
          RenderText {#text} at (1400,128) size 43x480
            text run at (1400,128) width 352: "\x{306F}\x{306A}\x{3044}\x{3002}\x{5411}\x{3046}\x{3067}\x{805E}\x{304B}\x{306C}\x{4E0A}\x{306F}\x{4E57}\x{308A}\x{8D8A}\x{3059}\x{304B}\x{3001}\x{5EFB}\x{3089}\x{306A}\x{3051}"
            text run at (1426,0) width 96: "\x{308C}\x{3070}\x{306A}\x{3089}\x{3093}\x{3002}"
          RenderRuby (inline) {RUBY} at (0,0) size 17x16
            RenderRubyRun (anonymous) at (1426,96) size 17x16
              RenderRubyText {RT} at (-9,0) size 9x16
                RenderText {#text} at (0,0) size 9x16
                  text run at (0,0) width 16: "\x{3044}\x{308F}"
              RenderRubyBase (anonymous) at (0,0) size 17x16
                RenderInline {RB} at (0,0) size 17x16
                  RenderText {#text} at (0,0) size 17x16
                    text run at (0,0) width 16: "\x{5DCC}"
          RenderText {#text} at (1426,112) size 17x110
            text run at (1426,112) width 110: "\x{306E}\x{306A}\x{3044}\x{6240}\x{3067}\x{3055}\x{3048}"
          RenderRuby (inline) {RUBY} at (0,0) size 17x16
            RenderRubyRun (anonymous) at (1426,222) size 17x16
              RenderRubyText {RT} at (-9,0) size 9x16
                RenderText {#text} at (0,4) size 9x8
                  text run at (0,4) width 8: "\x{3042}"
              RenderRubyBase (anonymous) at (0,0) size 17x16
                RenderInline {RB} at (0,0) size 17x16
                  RenderText {#text} at (0,0) size 17x16
                    text run at (0,0) width 16: "\x{6B69}"
          RenderText {#text} at (1426,238) size 43x462
            text run at (1426,238) width 224: "\x{308B}\x{304D}\x{3088}\x{304F}\x{306F}\x{306A}\x{3044}\x{3002}\x{5DE6}\x{53F3}\x{304C}\x{9AD8}\x{304F}\x{3063}"
            text run at (1452,0) width 80: "\x{3066}\x{3001}\x{4E2D}\x{5FC3}\x{304C}"
          RenderRuby (inline) {RUBY} at (0,0) size 17x16
            RenderRubyRun (anonymous) at (1452,80) size 17x16
              RenderRubyText {RT} at (-9,0) size 9x16
                RenderText {#text} at (0,0) size 9x16
                  text run at (0,0) width 16: "\x{304F}\x{307C}"
              RenderRubyBase (anonymous) at (0,0) size 17x16
                RenderInline {RB} at (0,0) size 17x16
                  RenderText {#text} at (0,0) size 17x16
                    text run at (0,0) width 16: "\x{7AAA}"
          RenderText {#text} at (1452,96) size 17x128
            text run at (1452,96) width 128: "\x{3093}\x{3067}\x{3001}\x{307E}\x{308B}\x{3067}\x{4E00}\x{9593}"
          RenderRuby (inline) {RUBY} at (0,0) size 17x16
            RenderRubyRun (anonymous) at (1452,224) size 17x16
              RenderRubyText {RT} at (-9,0) size 9x16
                RenderText {#text} at (0,0) size 9x16
                  text run at (0,0) width 16: "\x{306F}\x{3070}"
              RenderRubyBase (anonymous) at (0,0) size 17x16
                RenderInline {RB} at (0,0) size 17x16
                  RenderText {#text} at (0,0) size 17x16
                    text run at (0,0) width 16: "\x{5E45}"
          RenderText {#text} at (1452,240) size 17x64
            text run at (1452,240) width 64: "\x{3092}\x{4E09}\x{89D2}\x{306B}"
          RenderRuby (inline) {RUBY} at (0,0) size 17x16
            RenderRubyRun (anonymous) at (1452,304) size 17x16
              RenderRubyText {RT} at (-9,0) size 9x16
                RenderText {#text} at (0,4) size 9x8
                  text run at (0,4) width 8: "\x{304F}"
              RenderRubyBase (anonymous) at (0,0) size 17x16
                RenderInline {RB} at (0,0) size 17x16
                  RenderText {#text} at (0,0) size 17x16
                    text run at (0,0) width 16: "\x{7A7F}"
          RenderText {#text} at (1452,320) size 17x126
            text run at (1452,320) width 126: "\x{3063}\x{3066}\x{3001}\x{305D}\x{306E}\x{9802}\x{70B9}\x{304C}"
          RenderRuby (inline) {RUBY} at (0,0) size 17x32
            RenderRubyRun (anonymous) at (1452,446) size 17x32
              RenderRubyText {RT} at (-9,0) size 9x32
                RenderText {#text} at (0,0) size 9x32
                  text run at (0,0) width 32: "\x{307E}\x{3093}\x{306A}\x{304B}"
              RenderRubyBase (anonymous) at (0,0) size 17x32
                RenderInline {RB} at (0,0) size 17x32
                  RenderText {#text} at (0,0) size 17x32
                    text run at (0,0) width 32: "\x{771F}\x{4E2D}"
          RenderText {#text} at (1478,0) size 17x16
            text run at (1478,0) width 16: "\x{3092}"
          RenderRuby (inline) {RUBY} at (0,0) size 17x16
            RenderRubyRun (anonymous) at (1478,12) size 17x24
              RenderRubyText {RT} at (-9,0) size 9x24
                RenderText {#text} at (0,0) size 9x24
                  text run at (0,0) width 24: "\x{3064}\x{3089}\x{306C}"
              RenderRubyBase (anonymous) at (0,0) size 17x24
                RenderInline {RB} at (0,0) size 17x16
                  RenderText {#text} at (0,4) size 17x16
                    text run at (0,4) width 16: "\x{8CAB}"
          RenderText {#text} at (1478,32) size 17x400
            text run at (1478,32) width 400: "\x{3044}\x{3066}\x{3044}\x{308B}\x{3068}\x{8A55}\x{3057}\x{3066}\x{3082}\x{3088}\x{3044}\x{3002}\x{8DEF}\x{3092}\x{884C}\x{304F}\x{3068}\x{4E91}\x{308F}\x{3093}\x{3088}\x{308A}\x{5DDD}\x{5E95}\x{3092}"
          RenderRuby (inline) {RUBY} at (0,0) size 17x16
            RenderRubyRun (anonymous) at (1478,432) size 17x16
              RenderRubyText {RT} at (-9,0) size 9x16
                RenderText {#text} at (0,0) size 9x16
                  text run at (0,0) width 16: "\x{308F}\x{305F}"
              RenderRubyBase (anonymous) at (0,0) size 17x16
                RenderInline {RB} at (0,0) size 17x16
                  RenderText {#text} at (0,0) size 17x16
                    text run at (0,0) width 16: "\x{6E09}"
          RenderText {#text} at (1478,448) size 43x480
            text run at (1478,448) width 32: "\x{308B}\x{3068}"
            text run at (1504,0) width 128: "\x{4E91}\x{3046}\x{65B9}\x{304C}\x{9069}\x{5F53}\x{3060}\x{3002}"
          RenderRuby (inline) {RUBY} at (0,0) size 17x16
            RenderRubyRun (anonymous) at (1504,128) size 17x16
              RenderRubyText {RT} at (-9,0) size 9x16
                RenderText {#text} at (0,0) size 9x16
                  text run at (0,0) width 16: "\x{3082}\x{3068}"
              RenderRubyBase (anonymous) at (0,0) size 17x16
                RenderInline {RB} at (0,0) size 17x16
                  RenderText {#text} at (0,0) size 17x16
                    text run at (0,0) width 16: "\x{56FA}"
          RenderText {#text} at (1504,144) size 17x256
            text run at (1504,144) width 256: "\x{3088}\x{308A}\x{6025}\x{3050}\x{65C5}\x{3067}\x{306A}\x{3044}\x{304B}\x{3089}\x{3001}\x{3076}\x{3089}\x{3076}\x{3089}\x{3068}"
          RenderRuby (inline) {RUBY} at (0,0) size 17x32
            RenderRubyRun (anonymous) at (1504,400) size 17x32
              RenderRubyText {RT} at (-9,0) size 9x32
                RenderText {#text} at (0,0) size 9x32
                  text run at (0,0) width 32: "\x{306A}\x{306A}\x{307E}\x{304C}"
              RenderRubyBase (anonymous) at (0,0) size 17x32
                RenderInline {RB} at (0,0) size 17x32
                  RenderText {#text} at (0,0) size 17x32
                    text run at (0,0) width 32: "\x{4E03}\x{66F2}"
          RenderText {#text} at (1504,432) size 34x480
            text run at (1504,432) width 48: "\x{308A}\x{3078}\x{304B}"
            text run at (1521,0) width 48: "\x{304B}\x{308B}\x{3002}"
          RenderBR {BR} at (1521,48) size 17x0
          RenderText {#text} at (1547,0) size 17x142
            text run at (1547,0) width 142: "\x{3000}\x{305F}\x{3061}\x{307E}\x{3061}\x{8DB3}\x{306E}\x{4E0B}\x{3067}"
          RenderRuby (inline) {RUBY} at (0,0) size 17x32
            RenderRubyRun (anonymous) at (1547,142) size 17x32
              RenderRubyText {RT} at (-9,0) size 9x32
                RenderText {#text} at (0,4) size 9x24
                  text run at (0,4) width 24: "\x{3072}\x{3070}\x{308A}"
              RenderRubyBase (anonymous) at (0,0) size 17x32
                RenderInline {RB} at (0,0) size 17x32
                  RenderText {#text} at (0,0) size 17x32
                    text run at (0,0) width 32: "\x{96F2}\x{96C0}"
          RenderText {#text} at (1547,174) size 17x158
            text run at (1547,174) width 158: "\x{306E}\x{58F0}\x{304C}\x{3057}\x{51FA}\x{3057}\x{305F}\x{3002}\x{8C37}\x{3092}"
          RenderRuby (inline) {RUBY} at (0,0) size 17x32
            RenderRubyRun (anonymous) at (1547,332) size 17x32
              RenderRubyText {RT} at (-9,0) size 9x32
                RenderText {#text} at (0,4) size 9x24
                  text run at (0,4) width 24: "\x{307F}\x{304A}\x{308D}"
              RenderRubyBase (anonymous) at (0,0) size 17x32
                RenderInline {RB} at (0,0) size 17x32
                  RenderText {#text} at (0,0) size 17x32
                    text run at (0,0) width 32: "\x{898B}\x{4E0B}"
          RenderText {#text} at (1547,364) size 60x476
            text run at (1547,364) width 112: "\x{3057}\x{305F}\x{304C}\x{3001}\x{3069}\x{3053}\x{3067}"
            text run at (1564,0) width 464: "\x{9CF4}\x{3044}\x{3066}\x{308B}\x{304B}\x{5F71}\x{3082}\x{5F62}\x{3082}\x{898B}\x{3048}\x{306C}\x{3002}\x{305F}\x{3060}\x{58F0}\x{3060}\x{3051}\x{304C}\x{660E}\x{3089}\x{304B}\x{306B}\x{805E}\x{3048}\x{308B}\x{3002}\x{305B}\x{3063}"
            text run at (1590,0) width 32: "\x{305B}\x{3068}"
          RenderRuby (inline) {RUBY} at (0,0) size 17x16
            RenderRubyRun (anonymous) at (1590,32) size 17x16
              RenderRubyText {RT} at (-9,0) size 9x16
                RenderText {#text} at (0,0) size 9x16
                  text run at (0,0) width 16: "\x{305B}\x{308F}"
              RenderRubyBase (anonymous) at (0,0) size 17x16
                RenderInline {RB} at (0,0) size 17x16
                  RenderText {#text} at (0,0) size 17x16
                    text run at (0,0) width 16: "\x{5FD9}"
          RenderText {#text} at (1590,48) size 17x48
            text run at (1590,48) width 48: "\x{3057}\x{304F}\x{3001}"
          RenderRuby (inline) {RUBY} at (0,0) size 17x32
            RenderRubyRun (anonymous) at (1590,96) size 17x32
              RenderRubyText {RT} at (-9,0) size 9x32
                RenderText {#text} at (0,4) size 9x24
                  text run at (0,4) width 24: "\x{305F}\x{3048}\x{307E}"
              RenderRubyBase (anonymous) at (0,0) size 17x32
                RenderInline {RB} at (0,0) size 17x32
                  RenderText {#text} at (0,0) size 17x32
                    text run at (0,0) width 32: "\x{7D76}\x{9593}"
          RenderText {#text} at (1590,128) size 17x128
            text run at (1590,128) width 128: "\x{306A}\x{304F}\x{9CF4}\x{3044}\x{3066}\x{3044}\x{308B}\x{3002}"
          RenderRuby (inline) {RUBY} at (0,0) size 17x48
            RenderRubyRun (anonymous) at (1590,256) size 17x48
              RenderRubyText {RT} at (-9,0) size 9x48
                RenderText {#text} at (0,4) size 9x40
                  text run at (0,4) width 40: "\x{307B}\x{3046}\x{3044}\x{304F}\x{308A}"
              RenderRubyBase (anonymous) at (0,0) size 17x48
                RenderInline {RB} at (0,0) size 17x48
                  RenderText {#text} at (0,0) size 17x48
                    text run at (0,0) width 48: "\x{65B9}\x{5E7E}\x{91CC}"
          RenderText {#text} at (1590,304) size 17x110
            text run at (1590,304) width 110: "\x{306E}\x{7A7A}\x{6C17}\x{304C}\x{4E00}\x{9762}\x{306B}"
          RenderRuby (inline) {RUBY} at (0,0) size 17x16
            RenderRubyRun (anonymous) at (1590,414) size 17x16
              RenderRubyText {RT} at (-9,0) size 9x16
                RenderText {#text} at (0,0) size 9x16
                  text run at (0,0) width 15: "\x{306E}\x{307F}"
              RenderRubyBase (anonymous) at (0,0) size 17x16
                RenderInline {RB} at (0,0) size 17x16
                  RenderText {#text} at (0,0) size 17x16
                    text run at (0,0) width 16: "\x{86A4}"
          RenderText {#text} at (1590,430) size 43x478
            text run at (1590,430) width 48: "\x{306B}\x{523A}\x{3055}"
            text run at (1616,0) width 364: "\x{308C}\x{3066}\x{3044}\x{305F}\x{305F}\x{307E}\x{308C}\x{306A}\x{3044}\x{3088}\x{3046}\x{306A}\x{6C17}\x{304C}\x{3059}\x{308B}\x{3002}\x{3042}\x{306E}\x{9CE5}\x{306E}\x{9CF4}\x{304F}"
          RenderRuby (inline) {RUBY} at (0,0) size 17x16
            RenderRubyRun (anonymous) at (1616,364) size 17x16
              RenderRubyText {RT} at (-9,0) size 9x16
                RenderText {#text} at (0,4) size 9x8
                  text run at (0,4) width 8: "\x{306D}"
              RenderRubyBase (anonymous) at (0,0) size 17x16
                RenderInline {RB} at (0,0) size 17x16
                  RenderText {#text} at (0,0) size 17x16
                    text run at (0,0) width 16: "\x{97F3}"
          RenderText {#text} at (1616,380) size 94x490
            text run at (1616,380) width 110: "\x{306B}\x{306F}\x{77AC}\x{6642}\x{306E}\x{4F59}\x{88D5}"
            text run at (1633,0) width 476: "\x{3082}\x{306A}\x{3044}\x{3002}\x{306E}\x{3069}\x{304B}\x{306A}\x{6625}\x{306E}\x{65E5}\x{3092}\x{9CF4}\x{304D}\x{5C3D}\x{304F}\x{3057}\x{3001}\x{9CF4}\x{304D}\x{3042}\x{304B}\x{3057}\x{3001}\x{307E}\x{305F}\x{9CF4}\x{304D}\x{66AE}\x{3089}"
            text run at (1650,0) width 462: "\x{3055}\x{306A}\x{3051}\x{308C}\x{3070}\x{6C17}\x{304C}\x{6E08}\x{307E}\x{3093}\x{3068}\x{898B}\x{3048}\x{308B}\x{3002}\x{305D}\x{306E}\x{4E0A}\x{3069}\x{3053}\x{307E}\x{3067}\x{3082}\x{767B}\x{3063}\x{3066}\x{884C}\x{304F}\x{3001}"
            text run at (1667,0) width 462: "\x{3044}\x{3064}\x{307E}\x{3067}\x{3082}\x{767B}\x{3063}\x{3066}\x{884C}\x{304F}\x{3002}\x{96F2}\x{96C0}\x{306F}\x{304D}\x{3063}\x{3068}\x{96F2}\x{306E}\x{4E2D}\x{3067}\x{6B7B}\x{306C}\x{306B}\x{76F8}\x{9055}\x{306A}\x{3044}\x{3002}"
            text run at (1693,0) width 80: "\x{767B}\x{308A}\x{8A70}\x{3081}\x{305F}"
          RenderRuby (inline) {RUBY} at (0,0) size 17x32
            RenderRubyRun (anonymous) at (1693,80) size 17x32
              RenderRubyText {RT} at (-9,0) size 9x32
                RenderText {#text} at (0,4) size 9x24
                  text run at (0,4) width 24: "\x{3042}\x{3052}\x{304F}"
              RenderRubyBase (anonymous) at (0,0) size 17x32
                RenderInline {RB} at (0,0) size 17x32
                  RenderText {#text} at (0,0) size 17x32
                    text run at (0,0) width 32: "\x{63DA}\x{53E5}"
          RenderText {#text} at (1693,112) size 17x112
            text run at (1693,112) width 112: "\x{306F}\x{3001}\x{6D41}\x{308C}\x{3066}\x{96F2}\x{306B}"
          RenderRuby (inline) {RUBY} at (0,0) size 17x16
            RenderRubyRun (anonymous) at (1693,224) size 17x16
              RenderRubyText {RT} at (-9,0) size 9x16
                RenderText {#text} at (0,4) size 9x8
                  text run at (0,4) width 8: "\x{3044}"
              RenderRubyBase (anonymous) at (0,0) size 17x16
                RenderInline {RB} at (0,0) size 17x16
                  RenderText {#text} at (0,0) size 17x16
                    text run at (0,0) width 16: "\x{5165}"
          RenderText {#text} at (1693,240) size 17x48
            text run at (1693,240) width 48: "\x{3063}\x{3066}\x{3001}"
          RenderRuby (inline) {RUBY} at (0,0) size 17x16
            RenderRubyRun (anonymous) at (1693,284) size 17x24
              RenderRubyText {RT} at (-9,0) size 9x24
                RenderText {#text} at (0,0) size 9x24
                  text run at (0,0) width 24: "\x{305F}\x{3060}\x{3088}"
              RenderRubyBase (anonymous) at (0,0) size 17x24
                RenderInline {RB} at (0,0) size 17x16
                  RenderText {#text} at (0,4) size 17x16
                    text run at (0,4) width 16: "\x{6F02}"
          RenderText {#text} at (1693,304) size 43x480
            text run at (1693,304) width 176: "\x{3046}\x{3066}\x{3044}\x{308B}\x{3046}\x{3061}\x{306B}\x{5F62}\x{306F}\x{6D88}\x{3048}"
            text run at (1719,0) width 238: "\x{3066}\x{306A}\x{304F}\x{306A}\x{3063}\x{3066}\x{3001}\x{305F}\x{3060}\x{58F0}\x{3060}\x{3051}\x{304C}\x{7A7A}\x{306E}"
          RenderRuby (inline) {RUBY} at (0,0) size 17x16
            RenderRubyRun (anonymous) at (1719,238) size 17x16
              RenderRubyText {RT} at (-9,0) size 9x16
                RenderText {#text} at (0,0) size 9x16
                  text run at (0,0) width 16: "\x{3046}\x{3061}"
              RenderRubyBase (anonymous) at (0,0) size 17x16
                RenderInline {RB} at (0,0) size 17x16
                  RenderText {#text} at (0,0) size 17x16
                    text run at (0,0) width 16: "\x{88E1}"
          RenderText {#text} at (1719,254) size 17x174
            text run at (1719,254) width 174: "\x{306B}\x{6B8B}\x{308B}\x{306E}\x{304B}\x{3082}\x{77E5}\x{308C}\x{306A}\x{3044}\x{3002}"
          RenderBR {BR} at (1719,428) size 17x0
          RenderText {#text} at (1745,0) size 17x16
            text run at (1745,0) width 16: "\x{3000}"
          RenderRuby (inline) {RUBY} at (0,0) size 17x32
            RenderRubyRun (anonymous) at (1745,16) size 17x32
              RenderRubyText {RT} at (-9,0) size 9x32
                RenderText {#text} at (0,0) size 9x32
                  text run at (0,0) width 32: "\x{3044}\x{308F}\x{304B}\x{3069}"
              RenderRubyBase (anonymous) at (0,0) size 17x32
                RenderInline {RB} at (0,0) size 17x32
                  RenderText {#text} at (0,0) size 17x32
                    text run at (0,0) width 32: "\x{5DCC}\x{89D2}"
          RenderText {#text} at (1745,48) size 17x128
            text run at (1745,48) width 128: "\x{3092}\x{92ED}\x{3069}\x{304F}\x{5EFB}\x{3063}\x{3066}\x{3001}"
          RenderRuby (inline) {RUBY} at (0,0) size 17x32
            RenderRubyRun (anonymous) at (1745,176) size 17x32
              RenderRubyText {RT} at (-9,0) size 9x32
                RenderText {#text} at (0,4) size 9x24
                  text run at (0,4) width 24: "\x{3042}\x{3093}\x{307E}"
              RenderRubyBase (anonymous) at (0,0) size 17x32
                RenderInline {RB} at (0,0) size 17x32
                  RenderText {#text} at (0,0) size 17x32
                    text run at (0,0) width 32: "\x{6309}\x{6469}"
          RenderText {#text} at (1745,208) size 17x32
            text run at (1745,208) width 32: "\x{306A}\x{3089}"
          RenderRuby (inline) {RUBY} at (0,0) size 17x48
            RenderRubyRun (anonymous) at (1745,240) size 17x48
              RenderRubyText {RT} at (-9,0) size 9x48
                RenderText {#text} at (0,0) size 9x48
                  text run at (0,0) width 48: "\x{307E}\x{3063}\x{3055}\x{304B}\x{3055}\x{307E}"
              RenderRubyBase (anonymous) at (0,0) size 17x48
                RenderInline {RB} at (0,0) size 17x48
                  RenderText {#text} at (0,0) size 17x48
                    text run at (0,0) width 48: "\x{771F}\x{9006}\x{69D8}"
          RenderText {#text} at (1745,288) size 17x144
            text run at (1745,288) width 144: "\x{306B}\x{843D}\x{3064}\x{308B}\x{3068}\x{3053}\x{308D}\x{3092}\x{3001}"
          RenderRuby (inline) {RUBY} at (0,0) size 17x16
            RenderRubyRun (anonymous) at (1745,432) size 17x16
              RenderRubyText {RT} at (-9,0) size 9x16
                RenderText {#text} at (0,0) size 9x16
                  text run at (0,0) width 16: "\x{304D}\x{308F}"
              RenderRubyBase (anonymous) at (0,0) size 17x16
                RenderInline {RB} at (0,0) size 17x16
                  RenderText {#text} at (0,0) size 17x16
                    text run at (0,0) width 16: "\x{969B}"
          RenderText {#text} at (1745,448) size 43x480
            text run at (1745,448) width 32: "\x{3069}\x{304F}"
            text run at (1771,0) width 128: "\x{53F3}\x{3078}\x{5207}\x{308C}\x{3066}\x{3001}\x{6A2A}\x{306B}"
          RenderRuby (inline) {RUBY} at (0,0) size 17x32
            RenderRubyRun (anonymous) at (1771,128) size 17x32
              RenderRubyText {RT} at (-9,0) size 9x32
                RenderText {#text} at (0,4) size 9x24
                  text run at (0,4) width 24: "\x{307F}\x{304A}\x{308D}"
              RenderRubyBase (anonymous) at (0,0) size 17x32
                RenderInline {RB} at (0,0) size 17x32
                  RenderText {#text} at (0,0) size 17x32
                    text run at (0,0) width 32: "\x{898B}\x{4E0B}"
          RenderText {#text} at (1771,160) size 17x48
            text run at (1771,160) width 48: "\x{3059}\x{3068}\x{3001}"
          RenderRuby (inline) {RUBY} at (0,0) size 17x16
            RenderRubyRun (anonymous) at (1771,208) size 17x16
              RenderRubyText {RT} at (-9,0) size 9x16
                RenderText {#text} at (0,4) size 9x8
                  text run at (0,4) width 8: "\x{306A}"
              RenderRubyBase (anonymous) at (0,0) size 17x16
                RenderInline {RB} at (0,0) size 17x16
                  RenderText {#text} at (0,0) size 17x16
                    text run at (0,0) width 16: "\x{83DC}"
          RenderText {#text} at (1771,224) size 43x478
            text run at (1771,224) width 254: "\x{306E}\x{82B1}\x{304C}\x{4E00}\x{9762}\x{306B}\x{898B}\x{3048}\x{308B}\x{3002}\x{96F2}\x{96C0}\x{306F}\x{3042}\x{3059}\x{3053}"
            text run at (1797,0) width 268: "\x{3078}\x{843D}\x{3061}\x{308B}\x{306E}\x{304B}\x{3068}\x{601D}\x{3063}\x{305F}\x{3002}\x{3044}\x{3044}\x{3084}\x{3001}\x{3042}\x{306E}"
          RenderRuby (inline) {RUBY} at (0,0) size 17x32
            RenderRubyRun (anonymous) at (1797,268) size 17x32
              RenderRubyText {RT} at (-9,0) size 9x32
                RenderText {#text} at (0,4) size 9x24
                  text run at (0,4) width 24: "\x{3053}\x{304C}\x{306D}"
              RenderRubyBase (anonymous) at (0,0) size 17x32
                RenderInline {RB} at (0,0) size 17x32
                  RenderText {#text} at (0,0) size 17x32
                    text run at (0,0) width 32: "\x{9EC4}\x{91D1}"
          RenderText {#text} at (1797,300) size 43x490
            text run at (1797,300) width 190: "\x{306E}\x{539F}\x{304B}\x{3089}\x{98DB}\x{3073}\x{4E0A}\x{304C}\x{3063}\x{3066}\x{304F}\x{308B}"
            text run at (1823,0) width 270: "\x{306E}\x{304B}\x{3068}\x{601D}\x{3063}\x{305F}\x{3002}\x{6B21}\x{306B}\x{306F}\x{843D}\x{3061}\x{308B}\x{96F2}\x{96C0}\x{3068}\x{3001}"
          RenderRuby (inline) {RUBY} at (0,0) size 17x16
            RenderRubyRun (anonymous) at (1823,270) size 17x16
              RenderRubyText {RT} at (-9,0) size 9x16
                RenderText {#text} at (0,0) size 9x16
                  text run at (0,0) width 16: "\x{3042}\x{304C}"
              RenderRubyBase (anonymous) at (0,0) size 17x16
                RenderInline {RB} at (0,0) size 17x16
                  RenderText {#text} at (0,0) size 17x16
                    text run at (0,0) width 16: "\x{4E0A}"
          RenderText {#text} at (1823,286) size 17x16
            text run at (1823,286) width 16: "\x{308B}"
          RenderRuby (inline) {RUBY} at (0,0) size 17x32
            RenderRubyRun (anonymous) at (1823,302) size 17x32
              RenderRubyText {RT} at (-9,0) size 9x32
                RenderText {#text} at (0,4) size 9x24
                  text run at (0,4) width 24: "\x{3072}\x{3070}\x{308A}"
              RenderRubyBase (anonymous) at (0,0) size 17x32
                RenderInline {RB} at (0,0) size 17x32
                  RenderText {#text} at (0,0) size 17x32
                    text run at (0,0) width 32: "\x{96F2}\x{96C0}"
          RenderText {#text} at (1823,334) size 43x478
            text run at (1823,334) width 144: "\x{304C}\x{5341}\x{6587}\x{5B57}\x{306B}\x{3059}\x{308C}\x{9055}\x{3046}"
            text run at (1849,0) width 446: "\x{306E}\x{304B}\x{3068}\x{601D}\x{3063}\x{305F}\x{3002}\x{6700}\x{5F8C}\x{306B}\x{3001}\x{843D}\x{3061}\x{308B}\x{6642}\x{3082}\x{3001}\x{4E0A}\x{308B}\x{6642}\x{3082}\x{3001}\x{307E}\x{305F}\x{5341}\x{6587}\x{5B57}\x{306B}"
          RenderRuby (inline) {RUBY} at (0,0) size 17x16
            RenderRubyRun (anonymous) at (1849,446) size 17x16
              RenderRubyText {RT} at (-9,0) size 9x16
                RenderText {#text} at (0,4) size 9x8
                  text run at (0,4) width 8: "\x{3059}"
              RenderRubyBase (anonymous) at (0,0) size 17x16
                RenderInline {RB} at (0,0) size 17x16
                  RenderText {#text} at (0,0) size 17x16
                    text run at (0,0) width 16: "\x{64E6}"
          RenderText {#text} at (1849,462) size 34x478
            text run at (1849,462) width 16: "\x{308C}"
            text run at (1866,0) width 384: "\x{9055}\x{3046}\x{3068}\x{304D}\x{306B}\x{3082}\x{5143}\x{6C17}\x{3088}\x{304F}\x{9CF4}\x{304D}\x{3064}\x{3065}\x{3051}\x{308B}\x{3060}\x{308D}\x{3046}\x{3068}\x{601D}\x{3063}\x{305F}\x{3002}"
          RenderBR {BR} at (1866,384) size 17x0
          RenderText {#text} at (1892,0) size 17x192
            text run at (1892,0) width 192: "\x{3000}\x{6625}\x{306F}\x{7720}\x{304F}\x{306A}\x{308B}\x{3002}\x{732B}\x{306F}\x{9F20}\x{3092}"
          RenderRuby (inline) {RUBY} at (0,0) size 17x16
            RenderRubyRun (anonymous) at (1892,192) size 17x16
              RenderRubyText {RT} at (-9,0) size 9x16
                RenderText {#text} at (0,4) size 9x8
                  text run at (0,4) width 8: "\x{3068}"
              RenderRubyBase (anonymous) at (0,0) size 17x16
                RenderInline {RB} at (0,0) size 17x16
                  RenderText {#text} at (0,0) size 17x16
                    text run at (0,0) width 16: "\x{6355}"
          RenderText {#text} at (1892,208) size 43x478
            text run at (1892,208) width 270: "\x{308B}\x{4E8B}\x{3092}\x{5FD8}\x{308C}\x{3001}\x{4EBA}\x{9593}\x{306F}\x{501F}\x{91D1}\x{306E}\x{3042}\x{308B}\x{4E8B}\x{3092}\x{5FD8}"
            text run at (1918,0) width 142: "\x{308C}\x{308B}\x{3002}\x{6642}\x{306B}\x{306F}\x{81EA}\x{5206}\x{306E}"
          RenderRuby (inline) {RUBY} at (0,0) size 17x24
            RenderRubyRun (anonymous) at (1918,138) size 17x32
              RenderRubyText {RT} at (-9,0) size 9x32
                RenderText {#text} at (0,0) size 9x32
                  text run at (0,0) width 32: "\x{305F}\x{307E}\x{3057}\x{3044}"
              RenderRubyBase (anonymous) at (0,0) size 17x32
                RenderInline {RB} at (0,0) size 17x16
                  RenderText {#text} at (0,8) size 17x16
                    text run at (0,8) width 16: "\x{9B42}"
          RenderText {#text} at (1918,166) size 17x14
            text run at (1918,166) width 14: "\x{306E}"
          RenderRuby (inline) {RUBY} at (0,0) size 17x32
            RenderRubyRun (anonymous) at (1918,180) size 17x32
              RenderRubyText {RT} at (-9,0) size 9x32
                RenderText {#text} at (0,0) size 9x32
                  text run at (0,0) width 32: "\x{3044}\x{3069}\x{3053}\x{308D}"
              RenderRubyBase (anonymous) at (0,0) size 17x32
                RenderInline {RB} at (0,0) size 17x32
                  RenderText {#text} at (0,0) size 17x32
                    text run at (0,0) width 32: "\x{5C45}\x{6240}"
          RenderText {#text} at (1918,212) size 43x482
            text run at (1918,212) width 270: "\x{3055}\x{3048}\x{5FD8}\x{308C}\x{3066}\x{6B63}\x{4F53}\x{306A}\x{304F}\x{306A}\x{308B}\x{3002}\x{305F}\x{3060}\x{83DC}\x{306E}\x{82B1}"
            text run at (1944,0) width 176: "\x{3092}\x{9060}\x{304F}\x{671B}\x{3093}\x{3060}\x{3068}\x{304D}\x{306B}\x{773C}\x{304C}"
          RenderRuby (inline) {RUBY} at (0,0) size 17x16
            RenderRubyRun (anonymous) at (1944,176) size 17x16
              RenderRubyText {RT} at (-9,0) size 9x16
                RenderText {#text} at (0,4) size 9x8
                  text run at (0,4) width 8: "\x{3055}"
              RenderRubyBase (anonymous) at (0,0) size 17x16
                RenderInline {RB} at (0,0) size 17x16
                  RenderText {#text} at (0,0) size 17x16
                    text run at (0,0) width 16: "\x{9192}"
          RenderText {#text} at (1944,192) size 43x476
            text run at (1944,192) width 284: "\x{3081}\x{308B}\x{3002}\x{96F2}\x{96C0}\x{306E}\x{58F0}\x{3092}\x{805E}\x{3044}\x{305F}\x{3068}\x{304D}\x{306B}\x{9B42}\x{306E}\x{3042}\x{308A}"
            text run at (1970,0) width 32: "\x{304B}\x{304C}"
          RenderRuby (inline) {RUBY} at (0,0) size 17x32
            RenderRubyRun (anonymous) at (1970,32) size 17x32
              RenderRubyText {RT} at (-9,0) size 9x32
                RenderText {#text} at (0,0) size 9x32
                  text run at (0,0) width 32: "\x{306F}\x{3093}\x{305C}\x{3093}"
              RenderRubyBase (anonymous) at (0,0) size 17x32
                RenderInline {RB} at (0,0) size 17x32
                  RenderText {#text} at (0,0) size 17x32
                    text run at (0,0) width 32: "\x{5224}\x{7136}"
          RenderText {#text} at (1970,64) size 68x488
            text run at (1970,64) width 424: "\x{3059}\x{308B}\x{3002}\x{96F2}\x{96C0}\x{306E}\x{9CF4}\x{304F}\x{306E}\x{306F}\x{53E3}\x{3067}\x{9CF4}\x{304F}\x{306E}\x{3067}\x{306F}\x{306A}\x{3044}\x{3001}\x{9B42}\x{5168}\x{4F53}\x{304C}\x{9CF4}\x{304F}\x{306E}"
            text run at (1987,0) width 488: "\x{3060}\x{3002}\x{9B42}\x{306E}\x{6D3B}\x{52D5}\x{304C}\x{58F0}\x{306B}\x{3042}\x{3089}\x{308F}\x{308C}\x{305F}\x{3082}\x{306E}\x{306E}\x{3046}\x{3061}\x{3067}\x{3001}\x{3042}\x{308C}\x{307B}\x{3069}\x{5143}\x{6C17}\x{306E}\x{3042}\x{308B}\x{3082}"
            text run at (2004,0) width 476: "\x{306E}\x{306F}\x{306A}\x{3044}\x{3002}\x{3042}\x{3042}\x{6109}\x{5FEB}\x{3060}\x{3002}\x{3053}\x{3046}\x{601D}\x{3063}\x{3066}\x{3001}\x{3053}\x{3046}\x{6109}\x{5FEB}\x{306B}\x{306A}\x{308B}\x{306E}\x{304C}\x{8A69}\x{3067}\x{3042}\x{308B}"
            text run at (2021,0) width 16: "\x{3002}"
          RenderBR {BR} at (2021,16) size 17x0
          RenderText {#text} at (2038,0) size 43x490
            text run at (2038,0) width 490: "\x{3000}\x{305F}\x{3061}\x{307E}\x{3061}\x{30B7}\x{30A7}\x{30EC}\x{30FC}\x{306E}\x{96F2}\x{96C0}\x{306E}\x{8A69}\x{3092}\x{601D}\x{3044}\x{51FA}\x{3057}\x{3066}\x{3001}\x{53E3}\x{306E}\x{3046}\x{3061}\x{3067}\x{899A}\x{3048}\x{305F}\x{3068}\x{3053}"
            text run at (2064,0) width 48: "\x{308D}\x{3060}\x{3051}"
          RenderRuby (inline) {RUBY} at (0,0) size 17x32
            RenderRubyRun (anonymous) at (2064,44) size 17x40
              RenderRubyText {RT} at (-9,0) size 9x40
                RenderText {#text} at (0,0) size 9x40
                  text run at (0,0) width 40: "\x{3042}\x{3093}\x{3057}\x{3087}\x{3046}"
              RenderRubyBase (anonymous) at (0,0) size 17x40
                RenderInline {RB} at (0,0) size 17x32
                  RenderText {#text} at (0,4) size 17x32
                    text run at (0,4) width 32: "\x{6697}\x{8AA6}"
          RenderText {#text} at (2064,80) size 34x480
            text run at (2064,80) width 400: "\x{3057}\x{3066}\x{898B}\x{305F}\x{304C}\x{3001}\x{899A}\x{3048}\x{3066}\x{3044}\x{308B}\x{3068}\x{3053}\x{308D}\x{306F}\x{4E8C}\x{4E09}\x{53E5}\x{3057}\x{304B}\x{306A}\x{304B}\x{3063}\x{305F}\x{3002}"
            text run at (2081,0) width 266: "\x{305D}\x{306E}\x{4E8C}\x{4E09}\x{53E5}\x{306E}\x{306A}\x{304B}\x{306B}\x{3053}\x{3093}\x{306A}\x{306E}\x{304C}\x{3042}\x{308B}\x{3002}"
          RenderBR {BR} at (2081,266) size 17x0
        RenderBlock {DIV} at (2098,32) size 85x460
          RenderText {#text} at (0,0) size 17x189
            text run at (0,0) width 189: "\x{3000}\x{3000}We look before and after"
          RenderBR {BR} at (0,189) size 17x0
          RenderText {#text} at (17,0) size 17x222
            text run at (17,0) width 222: "\x{3000}\x{3000}\x{3000}\x{3000}And pine for what is not:"
          RenderBR {BR} at (17,222) size 17x0
          RenderText {#text} at (34,0) size 17x170
            text run at (34,0) width 170: "\x{3000}\x{3000}Our sincerest laughter"
          RenderBR {BR} at (34,170) size 17x0
          RenderText {#text} at (51,0) size 17x230
            text run at (51,0) width 230: "\x{3000}\x{3000}\x{3000}\x{3000}With some pain is fraught;"
          RenderBR {BR} at (51,230) size 17x0
          RenderText {#text} at (68,0) size 17x355
            text run at (68,0) width 355: "Our sweetest songs are those that tell of saddest thought."
          RenderBR {BR} at (68,355) size 17x0
        RenderBlock (anonymous) at (2183,0) size 1554x492
          RenderText {#text} at (9,0) size 17x112
            text run at (9,0) width 112: "\x{300C}\x{524D}\x{3092}\x{307F}\x{3066}\x{306F}\x{3001}"
          RenderRuby (inline) {RUBY} at (0,0) size 17x16
            RenderRubyRun (anonymous) at (9,112) size 17x16
              RenderRubyText {RT} at (-9,0) size 9x16
                RenderText {#text} at (0,0) size 9x16
                  text run at (0,0) width 16: "\x{3057}\x{308A}"
              RenderRubyBase (anonymous) at (0,0) size 17x16
                RenderInline {RB} at (0,0) size 17x16
                  RenderText {#text} at (0,0) size 17x16
                    text run at (0,0) width 16: "\x{5F8C}"
          RenderText {#text} at (9,128) size 17x96
            text run at (9,128) width 96: "\x{3048}\x{3092}\x{898B}\x{3066}\x{306F}\x{3001}"
          RenderRuby (inline) {RUBY} at (0,0) size 17x32
            RenderRubyRun (anonymous) at (9,224) size 17x32
              RenderRubyText {RT} at (-9,0) size 9x32
                RenderText {#text} at (0,4) size 9x24
                  text run at (0,4) width 23: "\x{3082}\x{306E}\x{307B}"
              RenderRubyBase (anonymous) at (0,0) size 17x32
                RenderInline {RB} at (0,0) size 17x32
                  RenderText {#text} at (0,0) size 17x32
                    text run at (0,0) width 32: "\x{7269}\x{6B32}"
          RenderText {#text} at (9,256) size 43x480
            text run at (9,256) width 224: "\x{3057}\x{3068}\x{3001}\x{3042}\x{3053}\x{304C}\x{308B}\x{308B}\x{304B}\x{306A}\x{308F}\x{308C}\x{3002}\x{8179}"
            text run at (35,0) width 460: "\x{304B}\x{3089}\x{306E}\x{3001}\x{7B11}\x{3068}\x{3044}\x{3048}\x{3069}\x{3001}\x{82E6}\x{3057}\x{307F}\x{306E}\x{3001}\x{305D}\x{3053}\x{306B}\x{3042}\x{308B}\x{3079}\x{3057}\x{3002}\x{3046}\x{3064}\x{304F}\x{3057}\x{304D}\x{3001}"
          RenderRuby (inline) {RUBY} at (0,0) size 17x16
            RenderRubyRun (anonymous) at (35,460) size 17x16
              RenderRubyText {RT} at (-9,0) size 9x16
                RenderText {#text} at (0,0) size 9x16
                  text run at (0,0) width 16: "\x{304D}\x{308F}"
              RenderRubyBase (anonymous) at (0,0) size 17x16
                RenderInline {RB} at (0,0) size 17x16
                  RenderText {#text} at (0,0) size 17x16
                    text run at (0,0) width 16: "\x{6975}"
          RenderText {#text} at (61,0) size 17x202
            text run at (61,0) width 202: "\x{307F}\x{306E}\x{6B4C}\x{306B}\x{3001}\x{60B2}\x{3057}\x{3055}\x{306E}\x{3001}\x{6975}\x{307F}\x{306E}"
          RenderRuby (inline) {RUBY} at (0,0) size 17x16
            RenderRubyRun (anonymous) at (61,198) size 17x24
              RenderRubyText {RT} at (-9,0) size 9x24
                RenderText {#text} at (0,0) size 9x24
                  text run at (0,0) width 24: "\x{304A}\x{3082}\x{3044}"
              RenderRubyBase (anonymous) at (0,0) size 17x24
                RenderInline {RB} at (0,0) size 17x16
                  RenderText {#text} at (0,4) size 17x16
                    text run at (0,4) width 16: "\x{60F3}"
          RenderText {#text} at (61,218) size 17x16
            text run at (61,218) width 16: "\x{3001}"
          RenderRuby (inline) {RUBY} at (0,0) size 17x16
            RenderRubyRun (anonymous) at (61,234) size 17x16
              RenderRubyText {RT} at (-9,0) size 9x16
                RenderText {#text} at (0,0) size 9x16
                  text run at (0,0) width 16: "\x{3053}\x{3082}"
              RenderRubyBase (anonymous) at (0,0) size 17x16
                RenderInline {RB} at (0,0) size 17x16
                  RenderText {#text} at (0,0) size 17x16
                    text run at (0,0) width 16: "\x{7C60}"
          RenderText {#text} at (61,250) size 17x96
            text run at (61,250) width 96: "\x{308B}\x{3068}\x{305E}\x{77E5}\x{308C}\x{300D}"
          RenderBR {BR} at (61,346) size 17x0
          RenderText {#text} at (78,0) size 43x476
            text run at (78,0) width 476: "\x{3000}\x{306A}\x{308B}\x{307B}\x{3069}\x{3044}\x{304F}\x{3089}\x{8A69}\x{4EBA}\x{304C}\x{5E78}\x{798F}\x{3067}\x{3082}\x{3001}\x{3042}\x{306E}\x{96F2}\x{96C0}\x{306E}\x{3088}\x{3046}\x{306B}\x{601D}\x{3044}\x{5207}\x{3063}\x{3066}\x{3001}"
            text run at (104,0) width 336: "\x{4E00}\x{5FC3}\x{4E0D}\x{4E71}\x{306B}\x{3001}\x{524D}\x{5F8C}\x{3092}\x{5FD8}\x{5374}\x{3057}\x{3066}\x{3001}\x{308F}\x{304C}\x{559C}\x{3073}\x{3092}\x{6B4C}\x{3046}"
          RenderRuby (inline) {RUBY} at (0,0) size 17x16
            RenderRubyRun (anonymous) at (104,336) size 17x16
              RenderRubyText {RT} at (-9,0) size 9x16
                RenderText {#text} at (0,0) size 9x16
                  text run at (0,0) width 16: "\x{308F}\x{3051}"
              RenderRubyBase (anonymous) at (0,0) size 17x16
                RenderInline {RB} at (0,0) size 17x16
                  RenderText {#text} at (0,0) size 17x16
                    text run at (0,0) width 16: "\x{8A33}"
          RenderText {#text} at (104,352) size 43x480
            text run at (104,352) width 128: "\x{306B}\x{306F}\x{884C}\x{304F}\x{307E}\x{3044}\x{3002}\x{897F}"
            text run at (130,0) width 282: "\x{6D0B}\x{306E}\x{8A69}\x{306F}\x{7121}\x{8AD6}\x{306E}\x{4E8B}\x{3001}\x{652F}\x{90A3}\x{306E}\x{8A69}\x{306B}\x{3082}\x{3001}\x{3088}\x{304F}"
          RenderRuby (inline) {RUBY} at (0,0) size 17x32
            RenderRubyRun (anonymous) at (130,282) size 17x32
              RenderRubyText {RT} at (-9,0) size 9x32
                RenderText {#text} at (0,0) size 9x32
                  text run at (0,0) width 32: "\x{3070}\x{3093}\x{3053}\x{304F}"
              RenderRubyBase (anonymous) at (0,0) size 17x32
                RenderInline {RB} at (0,0) size 17x32
                  RenderText {#text} at (0,0) size 17x32
                    text run at (0,0) width 32: "\x{4E07}\x{659B}"
          RenderText {#text} at (130,314) size 17x14
            text run at (130,314) width 14: "\x{306E}"
          RenderRuby (inline) {RUBY} at (0,0) size 17x16
            RenderRubyRun (anonymous) at (130,324) size 17x24
              RenderRubyText {RT} at (-9,0) size 9x24
                RenderText {#text} at (0,0) size 9x24
                  text run at (0,0) width 24: "\x{3046}\x{308C}\x{3044}"
              RenderRubyBase (anonymous) at (0,0) size 17x24
                RenderInline {RB} at (0,0) size 17x16
                  RenderText {#text} at (0,4) size 17x16
                    text run at (0,4) width 16: "\x{6101}"
          RenderText {#text} at (130,344) size 43x472
            text run at (130,344) width 128: "\x{306A}\x{3069}\x{3068}\x{4E91}\x{3046}\x{5B57}\x{304C}\x{3042}"
            text run at (156,0) width 160: "\x{308B}\x{3002}\x{8A69}\x{4EBA}\x{3060}\x{304B}\x{3089}\x{4E07}\x{659B}\x{3067}"
          RenderRuby (inline) {RUBY} at (0,0) size 17x32
            RenderRubyRun (anonymous) at (156,160) size 17x32
              RenderRubyText {RT} at (-9,0) size 9x32
                RenderText {#text} at (0,0) size 9x32
                  text run at (0,0) width 32: "\x{3057}\x{308D}\x{3046}\x{3068}"
              RenderRubyBase (anonymous) at (0,0) size 17x32
                RenderInline {RB} at (0,0) size 17x32
                  RenderText {#text} at (0,0) size 17x32
                    text run at (0,0) width 32: "\x{7D20}\x{4EBA}"
          RenderText {#text} at (156,192) size 17x48
            text run at (156,192) width 48: "\x{306A}\x{3089}\x{4E00}"
          RenderRuby (inline) {RUBY} at (0,0) size 17x16
            RenderRubyRun (anonymous) at (156,240) size 17x16
              RenderRubyText {RT} at (-9,0) size 9x16
                RenderText {#text} at (0,0) size 9x16
                  text run at (0,0) width 16: "\x{3054}\x{3046}"
              RenderRubyBase (anonymous) at (0,0) size 17x16
                RenderInline {RB} at (0,0) size 17x16
                  RenderText {#text} at (0,0) size 17x16
                    text run at (0,0) width 16: "\x{5408}"
          RenderText {#text} at (156,256) size 43x480
            text run at (156,256) width 224: "\x{3067}\x{6E08}\x{3080}\x{304B}\x{3082}\x{77E5}\x{308C}\x{306C}\x{3002}\x{3057}\x{3066}\x{898B}\x{308B}\x{3068}"
            text run at (182,0) width 222: "\x{8A69}\x{4EBA}\x{306F}\x{5E38}\x{306E}\x{4EBA}\x{3088}\x{308A}\x{3082}\x{82E6}\x{52B4}\x{6027}\x{3067}\x{3001}"
          RenderRuby (inline) {RUBY} at (0,0) size 17x32
            RenderRubyRun (anonymous) at (182,222) size 17x32
              RenderRubyText {RT} at (-9,0) size 9x32
                RenderText {#text} at (0,0) size 9x32
                  text run at (0,0) width 32: "\x{307C}\x{3093}\x{3053}\x{3064}"
              RenderRubyBase (anonymous) at (0,0) size 17x32
                RenderInline {RB} at (0,0) size 17x32
                  RenderText {#text} at (0,0) size 17x32
                    text run at (0,0) width 32: "\x{51E1}\x{9AA8}"
          RenderText {#text} at (182,254) size 43x490
            text run at (182,254) width 236: "\x{306E}\x{500D}\x{4EE5}\x{4E0A}\x{306B}\x{795E}\x{7D4C}\x{304C}\x{92ED}\x{654F}\x{306A}\x{306E}\x{304B}\x{3082}\x{77E5}"
            text run at (208,0) width 268: "\x{308C}\x{3093}\x{3002}\x{8D85}\x{4FD7}\x{306E}\x{559C}\x{3073}\x{3082}\x{3042}\x{308D}\x{3046}\x{304C}\x{3001}\x{7121}\x{91CF}\x{306E}"
          RenderRuby (inline) {RUBY} at (0,0) size 17x24
            RenderRubyRun (anonymous) at (208,264) size 17x32
              RenderRubyText {RT} at (-9,0) size 9x32
                RenderText {#text} at (0,0) size 9x32
                  text run at (0,0) width 32: "\x{304B}\x{306A}\x{3057}\x{307F}"
              RenderRubyBase (anonymous) at (0,0) size 17x32
                RenderInline {RB} at (0,0) size 17x16
                  RenderText {#text} at (0,8) size 17x16
                    text run at (0,8) width 16: "\x{60B2}"
          RenderText {#text} at (208,292) size 34x484
            text run at (208,292) width 192: "\x{3082}\x{591A}\x{304B}\x{308D}\x{3046}\x{3002}\x{305D}\x{3093}\x{306A}\x{3089}\x{3070}\x{8A69}"
            text run at (225,0) width 174: "\x{4EBA}\x{306B}\x{306A}\x{308B}\x{306E}\x{3082}\x{8003}\x{3048}\x{7269}\x{3060}\x{3002}"
          RenderBR {BR} at (225,174) size 17x0
          RenderText {#text} at (251,0) size 17x128
            text run at (251,0) width 128: "\x{3000}\x{3057}\x{3070}\x{3089}\x{304F}\x{306F}\x{8DEF}\x{304C}"
          RenderRuby (inline) {RUBY} at (0,0) size 17x16
            RenderRubyRun (anonymous) at (251,124) size 17x24
              RenderRubyText {RT} at (-9,0) size 9x24
                RenderText {#text} at (0,0) size 9x24
                  text run at (0,0) width 24: "\x{305F}\x{3044}\x{3089}"
              RenderRubyBase (anonymous) at (0,0) size 17x24
                RenderInline {RB} at (0,0) size 17x16
                  RenderText {#text} at (0,4) size 17x16
                    text run at (0,4) width 16: "\x{5E73}"
          RenderText {#text} at (251,144) size 17x64
            text run at (251,144) width 64: "\x{3067}\x{3001}\x{53F3}\x{306F}"
          RenderRuby (inline) {RUBY} at (0,0) size 17x48
            RenderRubyRun (anonymous) at (251,208) size 17x48
              RenderRubyText {RT} at (-9,0) size 9x48
                RenderText {#text} at (0,4) size 9x40
                  text run at (0,4) width 40: "\x{305E}\x{3046}\x{304D}\x{3084}\x{307E}"
              RenderRubyBase (anonymous) at (0,0) size 17x48
                RenderInline {RB} at (0,0) size 17x48
                  RenderText {#text} at (0,0) size 17x48
                    text run at (0,0) width 48: "\x{96D1}\x{6728}\x{5C71}"
          RenderText {#text} at (251,256) size 43x460
            text run at (251,256) width 204: "\x{3001}\x{5DE6}\x{306F}\x{83DC}\x{306E}\x{82B1}\x{306E}\x{898B}\x{3064}\x{3065}\x{3051}\x{3067}\x{3042}"
            text run at (277,0) width 126: "\x{308B}\x{3002}\x{8DB3}\x{306E}\x{4E0B}\x{306B}\x{6642}\x{3005}"
          RenderRuby (inline) {RUBY} at (0,0) size 17x48
            RenderRubyRun (anonymous) at (277,126) size 17x48
              RenderRubyText {RT} at (-9,0) size 9x48
                RenderText {#text} at (0,8) size 9x32
                  text run at (0,8) width 32: "\x{305F}\x{3093}\x{307D}\x{307D}"
              RenderRubyBase (anonymous) at (0,0) size 17x48
                RenderInline {RB} at (0,0) size 17x48
                  RenderText {#text} at (0,0) size 17x48
                    text run at (0,0) width 48: "\x{84B2}\x{516C}\x{82F1}"
          RenderText {#text} at (277,174) size 17x112
            text run at (277,174) width 112: "\x{3092}\x{8E0F}\x{307F}\x{3064}\x{3051}\x{308B}\x{3002}"
          RenderRuby (inline) {RUBY} at (0,0) size 17x23
            RenderRubyRun (anonymous) at (277,282) size 17x31
              RenderRubyText {RT} at (-9,0) size 9x31
                RenderText {#text} at (0,0) size 9x31
                  text run at (0,0) width 31: "\x{306E}\x{3053}\x{304E}\x{308A}"
              RenderRubyBase (anonymous) at (0,0) size 17x31
                RenderInline {RB} at (0,0) size 17x17
                  RenderText {#text} at (0,7) size 17x17
                    text run at (0,7) width 16: "\x{92F8}"
          RenderText {#text} at (277,309) size 43x483
            text run at (277,309) width 174: "\x{306E}\x{3088}\x{3046}\x{306A}\x{8449}\x{304C}\x{9060}\x{616E}\x{306A}\x{304F}\x{56DB}"
            text run at (303,0) width 174: "\x{65B9}\x{3078}\x{306E}\x{3057}\x{3066}\x{771F}\x{4E2D}\x{306B}\x{9EC4}\x{8272}\x{306A}"
          RenderRuby (inline) {RUBY} at (0,0) size 17x16
            RenderRubyRun (anonymous) at (303,174) size 17x16
              RenderRubyText {RT} at (-9,0) size 9x16
                RenderText {#text} at (0,0) size 9x16
                  text run at (0,0) width 16: "\x{305F}\x{307E}"
              RenderRubyBase (anonymous) at (0,0) size 17x16
                RenderInline {RB} at (0,0) size 17x16
                  RenderText {#text} at (0,0) size 17x16
                    text run at (0,0) width 16: "\x{73E0}"
          RenderText {#text} at (303,190) size 60x478
            text run at (303,190) width 270: "\x{3092}\x{64C1}\x{8B77}\x{3057}\x{3066}\x{3044}\x{308B}\x{3002}\x{83DC}\x{306E}\x{82B1}\x{306B}\x{6C17}\x{3092}\x{3068}\x{3089}\x{308C}"
            text run at (320,0) width 478: "\x{3066}\x{3001}\x{8E0F}\x{307F}\x{3064}\x{3051}\x{305F}\x{3042}\x{3068}\x{3067}\x{3001}\x{6C17}\x{306E}\x{6BD2}\x{306A}\x{4E8B}\x{3092}\x{3057}\x{305F}\x{3068}\x{3001}\x{632F}\x{308A}\x{5411}\x{3044}\x{3066}\x{898B}\x{308B}\x{3068}\x{3001}"
            text run at (346,0) width 238: "\x{9EC4}\x{8272}\x{306A}\x{73E0}\x{306F}\x{4F9D}\x{7136}\x{3068}\x{3057}\x{3066}\x{92F8}\x{306E}\x{306A}\x{304B}\x{306B}"
          RenderRuby (inline) {RUBY} at (0,0) size 17x32
            RenderRubyRun (anonymous) at (346,238) size 17x32
              RenderRubyText {RT} at (-9,0) size 9x32
                RenderText {#text} at (0,4) size 9x24
                  text run at (0,4) width 24: "\x{3061}\x{3093}\x{3056}"
              RenderRubyBase (anonymous) at (0,0) size 17x32
                RenderInline {RB} at (0,0) size 17x32
                  RenderText {#text} at (0,0) size 17x32
                    text run at (0,0) width 32: "\x{93AE}\x{5EA7}"
          RenderText {#text} at (346,270) size 17x80
            text run at (346,270) width 80: "\x{3057}\x{3066}\x{3044}\x{308B}\x{3002}"
          RenderRuby (inline) {RUBY} at (0,0) size 17x32
            RenderRubyRun (anonymous) at (346,350) size 17x32
              RenderRubyText {RT} at (-9,0) size 9x32
                RenderText {#text} at (0,4) size 9x24
                  text run at (0,4) width 23: "\x{306E}\x{3093}\x{304D}"
              RenderRubyBase (anonymous) at (0,0) size 17x32
                RenderInline {RB} at (0,0) size 17x32
                  RenderText {#text} at (0,0) size 17x32
                    text run at (0,0) width 32: "\x{5451}\x{6C17}"
          RenderText {#text} at (346,382) size 34x476
            text run at (346,382) width 94: "\x{306A}\x{3082}\x{306E}\x{3060}\x{3002}\x{307E}"
            text run at (363,0) width 144: "\x{305F}\x{8003}\x{3048}\x{3092}\x{3064}\x{3065}\x{3051}\x{308B}\x{3002}"
          RenderBR {BR} at (363,144) size 17x0
          RenderText {#text} at (389,0) size 17x64
            text run at (389,0) width 64: "\x{3000}\x{8A69}\x{4EBA}\x{306B}"
          RenderRuby (inline) {RUBY} at (0,0) size 17x16
            RenderRubyRun (anonymous) at (389,60) size 17x24
              RenderRubyText {RT} at (-9,0) size 9x24
                RenderText {#text} at (0,0) size 9x24
                  text run at (0,0) width 24: "\x{3046}\x{308C}\x{3044}"
              RenderRubyBase (anonymous) at (0,0) size 17x24
                RenderInline {RB} at (0,0) size 17x16
                  RenderText {#text} at (0,4) size 17x16
                    text run at (0,4) width 16: "\x{6182}"
          RenderText {#text} at (389,80) size 17x236
            text run at (389,80) width 236: "\x{306F}\x{3064}\x{304D}\x{3082}\x{306E}\x{304B}\x{3082}\x{77E5}\x{308C}\x{306A}\x{3044}\x{304C}\x{3001}\x{3042}\x{306E}"
          RenderRuby (inline) {RUBY} at (0,0) size 17x32
            RenderRubyRun (anonymous) at (389,316) size 17x32
              RenderRubyText {RT} at (-9,0) size 9x32
                RenderText {#text} at (0,4) size 9x24
                  text run at (0,4) width 24: "\x{3072}\x{3070}\x{308A}"
              RenderRubyBase (anonymous) at (0,0) size 17x32
                RenderInline {RB} at (0,0) size 17x32
                  RenderText {#text} at (0,0) size 17x32
                    text run at (0,0) width 32: "\x{96F2}\x{96C0}"
          RenderText {#text} at (389,348) size 43x476
            text run at (389,348) width 128: "\x{3092}\x{805E}\x{304F}\x{5FC3}\x{6301}\x{306B}\x{306A}\x{308C}"
            text run at (415,0) width 16: "\x{3070}"
          RenderRuby (inline) {RUBY} at (0,0) size 17x32
            RenderRubyRun (anonymous) at (415,16) size 17x32
              RenderRubyText {RT} at (-9,0) size 9x32
                RenderText {#text} at (0,4) size 9x24
                  text run at (0,4) width 24: "\x{307F}\x{3058}\x{3093}"
              RenderRubyBase (anonymous) at (0,0) size 17x32
                RenderInline {RB} at (0,0) size 17x32
                  RenderText {#text} at (0,0) size 17x32
                    text run at (0,0) width 32: "\x{5FAE}\x{5875}"
          RenderText {#text} at (415,48) size 17x14
            text run at (415,48) width 14: "\x{306E}"
          RenderRuby (inline) {RUBY} at (0,0) size 17x16
            RenderRubyRun (anonymous) at (415,62) size 17x16
              RenderRubyText {RT} at (-9,0) size 9x16
                RenderText {#text} at (0,4) size 9x8
                  text run at (0,4) width 8: "\x{304F}"
              RenderRubyBase (anonymous) at (0,0) size 17x16
                RenderInline {RB} at (0,0) size 17x16
                  RenderText {#text} at (0,0) size 17x16
                    text run at (0,0) width 16: "\x{82E6}"
          RenderText {#text} at (415,78) size 17x334
            text run at (415,78) width 334: "\x{3082}\x{306A}\x{3044}\x{3002}\x{83DC}\x{306E}\x{82B1}\x{3092}\x{898B}\x{3066}\x{3082}\x{3001}\x{305F}\x{3060}\x{3046}\x{308C}\x{3057}\x{304F}\x{3066}\x{80F8}\x{304C}"
          RenderRuby (inline) {RUBY} at (0,0) size 17x16
            RenderRubyRun (anonymous) at (415,412) size 17x16
              RenderRubyText {RT} at (-9,0) size 9x16
                RenderText {#text} at (0,0) size 9x16
                  text run at (0,0) width 16: "\x{304A}\x{3069}"
              RenderRubyBase (anonymous) at (0,0) size 17x16
                RenderInline {RB} at (0,0) size 17x16
                  RenderText {#text} at (0,0) size 17x16
                    text run at (0,0) width 16: "\x{8E8D}"
          RenderText {#text} at (415,428) size 60x476
            text run at (415,428) width 48: "\x{308B}\x{3070}\x{304B}"
            text run at (432,0) width 462: "\x{308A}\x{3060}\x{3002}\x{84B2}\x{516C}\x{82F1}\x{3082}\x{305D}\x{306E}\x{901A}\x{308A}\x{3001}\x{685C}\x{3082}\x{2015}\x{2015}\x{685C}\x{306F}\x{3044}\x{3064}\x{304B}\x{898B}\x{3048}\x{306A}\x{304F}\x{306A}\x{3063}\x{305F}\x{3002}"
            text run at (458,0) width 172: "\x{3053}\x{3046}\x{5C71}\x{306E}\x{4E2D}\x{3078}\x{6765}\x{3066}\x{81EA}\x{7136}\x{306E}"
          RenderRuby (inline) {RUBY} at (0,0) size 17x32
            RenderRubyRun (anonymous) at (458,172) size 17x32
              RenderRubyText {RT} at (-9,0) size 9x32
                RenderText {#text} at (0,0) size 9x32
                  text run at (0,0) width 32: "\x{3051}\x{3044}\x{3076}\x{3064}"
              RenderRubyBase (anonymous) at (0,0) size 17x32
                RenderInline {RB} at (0,0) size 17x32
                  RenderText {#text} at (0,0) size 17x32
                    text run at (0,0) width 32: "\x{666F}\x{7269}"
          RenderText {#text} at (458,204) size 43x488
            text run at (458,204) width 284: "\x{306B}\x{63A5}\x{3059}\x{308C}\x{3070}\x{3001}\x{898B}\x{308B}\x{3082}\x{306E}\x{3082}\x{805E}\x{304F}\x{3082}\x{306E}\x{3082}\x{9762}\x{767D}"
            text run at (484,0) width 430: "\x{3044}\x{3002}\x{9762}\x{767D}\x{3044}\x{3060}\x{3051}\x{3067}\x{5225}\x{6BB5}\x{306E}\x{82E6}\x{3057}\x{307F}\x{3082}\x{8D77}\x{3089}\x{306C}\x{3002}\x{8D77}\x{308B}\x{3068}\x{3059}\x{308C}\x{3070}\x{8DB3}\x{304C}"
          RenderRuby (inline) {RUBY} at (0,0) size 17x32
            RenderRubyRun (anonymous) at (484,430) size 17x32
              RenderRubyText {RT} at (-9,0) size 9x32
                RenderText {#text} at (0,4) size 9x24
                  text run at (0,4) width 24: "\x{304F}\x{305F}\x{3073}"
              RenderRubyBase (anonymous) at (0,0) size 17x32
                RenderInline {RB} at (0,0) size 17x32
                  RenderText {#text} at (0,0) size 17x32
                    text run at (0,0) width 32: "\x{8349}\x{81E5}"
          RenderText {#text} at (484,462) size 43x478
            text run at (484,462) width 16: "\x{308C}"
            text run at (510,0) width 32: "\x{3066}\x{3001}"
          RenderRuby (inline) {RUBY} at (0,0) size 17x16
            RenderRubyRun (anonymous) at (510,32) size 17x16
              RenderRubyText {RT} at (-9,0) size 9x16
                RenderText {#text} at (0,0) size 9x16
                  text run at (0,0) width 16: "\x{3046}\x{307E}"
              RenderRubyBase (anonymous) at (0,0) size 17x16
                RenderInline {RB} at (0,0) size 17x16
                  RenderText {#text} at (0,0) size 17x16
                    text run at (0,0) width 16: "\x{65E8}"
          RenderText {#text} at (510,48) size 17x284
            text run at (510,48) width 284: "\x{3044}\x{3082}\x{306E}\x{304C}\x{98DF}\x{3079}\x{3089}\x{308C}\x{306C}\x{304F}\x{3089}\x{3044}\x{306E}\x{4E8B}\x{3060}\x{308D}\x{3046}\x{3002}"
          RenderBR {BR} at (510,332) size 17x0
          RenderText {#text} at (536,0) size 17x410
            text run at (536,0) width 410: "\x{3000}\x{3057}\x{304B}\x{3057}\x{82E6}\x{3057}\x{307F}\x{306E}\x{306A}\x{3044}\x{306E}\x{306F}\x{306A}\x{305C}\x{3060}\x{308D}\x{3046}\x{3002}\x{305F}\x{3060}\x{3053}\x{306E}\x{666F}\x{8272}\x{3092}\x{4E00}"
          RenderRuby (inline) {RUBY} at (0,0) size 17x16
            RenderRubyRun (anonymous) at (536,410) size 17x16
              RenderRubyText {RT} at (-9,0) size 9x16
                RenderText {#text} at (0,0) size 9x16
                  text run at (0,0) width 16: "\x{3077}\x{304F}"
              RenderRubyBase (anonymous) at (0,0) size 17x16
                RenderInline {RB} at (0,0) size 17x16
                  RenderText {#text} at (0,0) size 17x16
                    text run at (0,0) width 16: "\x{5E45}"
          RenderText {#text} at (536,426) size 17x14
            text run at (536,426) width 14: "\x{306E}"
          RenderRuby (inline) {RUBY} at (0,0) size 17x16
            RenderRubyRun (anonymous) at (536,440) size 17x16
              RenderRubyText {RT} at (-9,0) size 9x16
                RenderText {#text} at (0,4) size 9x8
                  text run at (0,4) width 8: "\x{3048}"
              RenderRubyBase (anonymous) at (0,0) size 17x16
                RenderInline {RB} at (0,0) size 17x16
                  RenderText {#text} at (0,0) size 17x16
                    text run at (0,0) width 16: "\x{753B}"
          RenderText {#text} at (536,456) size 43x488
            text run at (536,456) width 32: "\x{3068}\x{3057}"
            text run at (562,0) width 16: "\x{3066}"
          RenderRuby (inline) {RUBY} at (0,0) size 17x16
            RenderRubyRun (anonymous) at (562,16) size 17x16
              RenderRubyText {RT} at (-9,0) size 9x16
                RenderText {#text} at (0,4) size 9x8
                  text run at (0,4) width 8: "\x{307F}"
              RenderRubyBase (anonymous) at (0,0) size 17x16
                RenderInline {RB} at (0,0) size 17x16
                  RenderText {#text} at (0,0) size 17x16
                    text run at (0,0) width 16: "\x{89B3}"
          RenderText {#text} at (562,32) size 17x32
            text run at (562,32) width 32: "\x{3001}\x{4E00}"
          RenderRuby (inline) {RUBY} at (0,0) size 17x16
            RenderRubyRun (anonymous) at (562,64) size 17x16
              RenderRubyText {RT} at (-9,0) size 9x16
                RenderText {#text} at (0,0) size 9x16
                  text run at (0,0) width 16: "\x{304B}\x{3093}"
              RenderRubyBase (anonymous) at (0,0) size 17x16
                RenderInline {RB} at (0,0) size 17x16
                  RenderText {#text} at (0,0) size 17x16
                    text run at (0,0) width 16: "\x{5DFB}"
          RenderText {#text} at (562,80) size 17x206
            text run at (562,80) width 206: "\x{306E}\x{8A69}\x{3068}\x{3057}\x{3066}\x{8AAD}\x{3080}\x{304B}\x{3089}\x{3067}\x{3042}\x{308B}\x{3002}"
          RenderRuby (inline) {RUBY} at (0,0) size 17x16
            RenderRubyRun (anonymous) at (562,286) size 17x16
              RenderRubyText {RT} at (-9,0) size 9x16
                RenderText {#text} at (0,4) size 9x8
                  text run at (0,4) width 8: "\x{304C}"
              RenderRubyBase (anonymous) at (0,0) size 17x16
                RenderInline {RB} at (0,0) size 17x16
                  RenderText {#text} at (0,0) size 17x16
                    text run at (0,0) width 16: "\x{753B}"
          RenderText {#text} at (562,302) size 17x160
            text run at (562,302) width 160: "\x{3067}\x{3042}\x{308A}\x{8A69}\x{3067}\x{3042}\x{308B}\x{4EE5}\x{4E0A}\x{306F}"
          RenderRuby (inline) {RUBY} at (0,0) size 17x32
            RenderRubyRun (anonymous) at (588,0) size 17x32
              RenderRubyText {RT} at (-9,0) size 9x32
                RenderText {#text} at (0,4) size 9x24
                  text run at (0,4) width 24: "\x{3058}\x{3081}\x{3093}"
              RenderRubyBase (anonymous) at (0,0) size 17x32
                RenderInline {RB} at (0,0) size 17x32
                  RenderText {#text} at (0,0) size 17x32
                    text run at (0,0) width 32: "\x{5730}\x{9762}"
          RenderText {#text} at (588,32) size 17x368
            text run at (588,32) width 368: "\x{3092}\x{8CB0}\x{3063}\x{3066}\x{3001}\x{958B}\x{62D3}\x{3059}\x{308B}\x{6C17}\x{306B}\x{3082}\x{306A}\x{3089}\x{306D}\x{3070}\x{3001}\x{9244}\x{9053}\x{3092}\x{304B}\x{3051}\x{3066}"
          RenderRuby (inline) {RUBY} at (0,0) size 17x32
            RenderRubyRun (anonymous) at (588,400) size 17x32
              RenderRubyText {RT} at (-9,0) size 9x32
                RenderText {#text} at (0,0) size 9x32
                  text run at (0,0) width 32: "\x{3072}\x{3068}\x{3082}\x{3046}"
              RenderRubyBase (anonymous) at (0,0) size 17x32
                RenderInline {RB} at (0,0) size 17x32
                  RenderText {#text} at (0,0) size 17x32
                    text run at (0,0) width 32: "\x{4E00}\x{5132}"
          RenderText {#text} at (588,432) size 17x48
            text run at (588,432) width 48: "\x{3051}\x{3059}\x{308B}"
          RenderRuby (inline) {RUBY} at (0,0) size 17x36
            RenderRubyRun (anonymous) at (614,0) size 17x40
              RenderRubyText {RT} at (-9,0) size 9x40
                RenderText {#text} at (0,0) size 9x40
                  text run at (0,0) width 40: "\x{308A}\x{3087}\x{3046}\x{3051}\x{3093}"
              RenderRubyBase (anonymous) at (0,0) size 17x40
                RenderInline {RB} at (0,0) size 17x32
                  RenderText {#text} at (0,4) size 17x32
                    text run at (0,4) width 32: "\x{4E86}\x{898B}"
          RenderText {#text} at (614,36) size 17x252
            text run at (614,36) width 252: "\x{3082}\x{8D77}\x{3089}\x{306C}\x{3002}\x{305F}\x{3060}\x{3053}\x{306E}\x{666F}\x{8272}\x{304C}\x{2015}\x{2015}\x{8179}\x{306E}"
          RenderRuby (inline) {RUBY} at (0,0) size 17x16
            RenderRubyRun (anonymous) at (614,288) size 17x16
              RenderRubyText {RT} at (-9,0) size 9x16
                RenderText {#text} at (0,4) size 9x8
                  text run at (0,4) width 8: "\x{305F}"
              RenderRubyBase (anonymous) at (0,0) size 17x16
                RenderInline {RB} at (0,0) size 17x16
                  RenderText {#text} at (0,0) size 17x16
                    text run at (0,0) width 16: "\x{8DB3}"
          RenderText {#text} at (614,304) size 60x478
            text run at (614,304) width 174: "\x{3057}\x{306B}\x{3082}\x{306A}\x{3089}\x{306C}\x{3001}\x{6708}\x{7D66}\x{306E}\x{88DC}"
            text run at (631,0) width 476: "\x{3044}\x{306B}\x{3082}\x{306A}\x{3089}\x{306C}\x{3053}\x{306E}\x{666F}\x{8272}\x{304C}\x{666F}\x{8272}\x{3068}\x{3057}\x{3066}\x{306E}\x{307F}\x{3001}\x{4F59}\x{304C}\x{5FC3}\x{3092}\x{697D}\x{307E}\x{305B}\x{3064}\x{3064}\x{3042}\x{308B}"
            text run at (657,0) width 128: "\x{304B}\x{3089}\x{82E6}\x{52B4}\x{3082}\x{5FC3}\x{914D}\x{3082}"
          RenderRuby (inline) {RUBY} at (0,0) size 17x16
            RenderRubyRun (anonymous) at (657,124) size 17x24
              RenderRubyText {RT} at (-9,0) size 9x24
                RenderText {#text} at (0,0) size 9x24
                  text run at (0,0) width 24: "\x{3068}\x{3082}\x{306A}"
              RenderRubyBase (anonymous) at (0,0) size 17x24
                RenderInline {RB} at (0,0) size 17x16
                  RenderText {#text} at (0,4) size 17x16
                    text run at (0,4) width 16: "\x{4F34}"
          RenderText {#text} at (657,144) size 17x284
            text run at (657,144) width 284: "\x{308F}\x{306C}\x{306E}\x{3060}\x{308D}\x{3046}\x{3002}\x{81EA}\x{7136}\x{306E}\x{529B}\x{306F}\x{3053}\x{3053}\x{306B}\x{304A}\x{3044}\x{3066}"
          RenderRuby (inline) {RUBY} at (0,0) size 17x16
            RenderRubyRun (anonymous) at (657,428) size 17x16
              RenderRubyText {RT} at (-9,0) size 9x16
                RenderText {#text} at (0,0) size 9x16
                  text run at (0,0) width 16: "\x{305F}\x{3063}"
              RenderRubyBase (anonymous) at (0,0) size 17x16
                RenderInline {RB} at (0,0) size 17x16
                  RenderText {#text} at (0,0) size 17x16
                    text run at (0,0) width 16: "\x{5C0A}"
          RenderText {#text} at (657,444) size 43x460
            text run at (657,444) width 16: "\x{3068}"
            text run at (683,0) width 174: "\x{3044}\x{3002}\x{543E}\x{4EBA}\x{306E}\x{6027}\x{60C5}\x{3092}\x{77AC}\x{523B}\x{306B}"
          RenderRuby (inline) {RUBY} at (0,0) size 17x32
            RenderRubyRun (anonymous) at (683,174) size 17x32
              RenderRubyText {RT} at (-9,0) size 9x32
                RenderText {#text} at (0,4) size 9x24
                  text run at (0,4) width 24: "\x{3068}\x{3046}\x{3084}"
              RenderRubyBase (anonymous) at (0,0) size 17x32
                RenderInline {RB} at (0,0) size 17x32
                  RenderText {#text} at (0,0) size 17x32
                    text run at (0,0) width 32: "\x{9676}\x{51B6}"
          RenderText {#text} at (683,206) size 17x32
            text run at (683,206) width 32: "\x{3057}\x{3066}"
          RenderRuby (inline) {RUBY} at (0,0) size 17x32
            RenderRubyRun (anonymous) at (683,238) size 17x32
              RenderRubyText {RT} at (-9,0) size 9x32
                RenderText {#text} at (0,0) size 9x32
                  text run at (0,0) width 32: "\x{3058}\x{3085}\x{3093}\x{3053}"
              RenderRubyBase (anonymous) at (0,0) size 17x32
                RenderInline {RB} at (0,0) size 17x32
                  RenderText {#text} at (0,0) size 17x32
                    text run at (0,0) width 32: "\x{9187}\x{4E4E}"
          RenderText {#text} at (683,270) size 34x478
            text run at (683,270) width 208: "\x{3068}\x{3057}\x{3066}\x{9187}\x{306A}\x{308B}\x{8A69}\x{5883}\x{306B}\x{5165}\x{3089}\x{3057}\x{3080}"
            text run at (700,0) width 142: "\x{308B}\x{306E}\x{306F}\x{81EA}\x{7136}\x{3067}\x{3042}\x{308B}\x{3002}"
          RenderBR {BR} at (700,142) size 17x0
          RenderText {#text} at (717,0) size 43x480
            text run at (717,0) width 480: "\x{3000}\x{604B}\x{306F}\x{3046}\x{3064}\x{304F}\x{3057}\x{304B}\x{308D}\x{3001}\x{5B5D}\x{3082}\x{3046}\x{3064}\x{304F}\x{3057}\x{304B}\x{308D}\x{3001}\x{5FE0}\x{541B}\x{611B}\x{56FD}\x{3082}\x{7D50}\x{69CB}\x{3060}\x{308D}\x{3046}\x{3002}"
            text run at (743,0) width 126: "\x{3057}\x{304B}\x{3057}\x{81EA}\x{8EAB}\x{304C}\x{305D}\x{306E}"
          RenderRuby (inline) {RUBY} at (0,0) size 17x16
            RenderRubyRun (anonymous) at (743,122) size 17x24
              RenderRubyText {RT} at (-9,0) size 9x24
                RenderText {#text} at (0,0) size 9x24
                  text run at (0,0) width 24: "\x{304D}\x{3087}\x{304F}"
              RenderRubyBase (anonymous) at (0,0) size 17x24
                RenderInline {RB} at (0,0) size 17x16
                  RenderText {#text} at (0,4) size 17x16
                    text run at (0,4) width 16: "\x{5C40}"
          RenderText {#text} at (743,142) size 17x110
            text run at (743,142) width 110: "\x{306B}\x{5F53}\x{308C}\x{3070}\x{5229}\x{5BB3}\x{306E}"
          RenderRuby (inline) {RUBY} at (0,0) size 17x32
            RenderRubyRun (anonymous) at (743,252) size 17x32
              RenderRubyText {RT} at (-9,0) size 9x32
                RenderText {#text} at (0,4) size 9x24
                  text run at (0,4) width 24: "\x{3064}\x{3080}\x{3058}"
              RenderRubyBase (anonymous) at (0,0) size 17x32
                RenderInline {RB} at (0,0) size 17x32
                  RenderText {#text} at (0,0) size 17x32
                    text run at (0,0) width 32: "\x{65CB}\x{98A8}"
          RenderText {#text} at (743,284) size 17x16
            text run at (743,284) width 16: "\x{306B}"
          RenderRuby (inline) {RUBY} at (0,0) size 17x16
            RenderRubyRun (anonymous) at (743,300) size 17x16
              RenderRubyText {RT} at (-9,0) size 9x16
                RenderText {#text} at (0,4) size 9x8
                  text run at (0,4) width 8: "\x{307E}"
              RenderRubyBase (anonymous) at (0,0) size 17x16
                RenderInline {RB} at (0,0) size 17x16
                  RenderText {#text} at (0,0) size 17x16
                    text run at (0,0) width 16: "\x{6372}"
          RenderText {#text} at (743,316) size 43x476
            text run at (743,316) width 160: "\x{304D}\x{8FBC}\x{307E}\x{308C}\x{3066}\x{3001}\x{3046}\x{3064}\x{304F}\x{3057}"
            text run at (769,0) width 224: "\x{304D}\x{4E8B}\x{306B}\x{3082}\x{3001}\x{7D50}\x{69CB}\x{306A}\x{4E8B}\x{306B}\x{3082}\x{3001}\x{76EE}\x{306F}"
          RenderRuby (inline) {RUBY} at (0,0) size 17x16
            RenderRubyRun (anonymous) at (769,224) size 17x16
              RenderRubyText {RT} at (-9,0) size 9x16
                RenderText {#text} at (0,0) size 9x16
                  text run at (0,0) width 16: "\x{304F}\x{3089}"
              RenderRubyBase (anonymous) at (0,0) size 17x16
                RenderInline {RB} at (0,0) size 17x16
                  RenderText {#text} at (0,0) size 17x16
                    text run at (0,0) width 16: "\x{7729}"
          RenderText {#text} at (769,240) size 43x480
            text run at (769,240) width 240: "\x{3093}\x{3067}\x{3057}\x{307E}\x{3046}\x{3002}\x{3057}\x{305F}\x{304C}\x{3063}\x{3066}\x{3069}\x{3053}\x{306B}\x{8A69}"
            text run at (795,0) width 128: "\x{304C}\x{3042}\x{308B}\x{304B}\x{81EA}\x{8EAB}\x{306B}\x{306F}"
          RenderRuby (inline) {RUBY} at (0,0) size 17x16
            RenderRubyRun (anonymous) at (795,128) size 17x16
              RenderRubyText {RT} at (-9,0) size 9x16
                RenderText {#text} at (0,4) size 9x8
                  text run at (0,4) width 8: "\x{3052}"
              RenderRubyBase (anonymous) at (0,0) size 17x16
                RenderInline {RB} at (0,0) size 17x16
                  RenderText {#text} at (0,0) size 17x16
                    text run at (0,0) width 16: "\x{89E3}"
          RenderText {#text} at (795,144) size 17x80
            text run at (795,144) width 80: "\x{3057}\x{304B}\x{306D}\x{308B}\x{3002}"
          RenderBR {BR} at (795,224) size 17x0
          RenderText {#text} at (812,0) size 43x490
            text run at (812,0) width 490: "\x{3000}\x{3053}\x{308C}\x{304C}\x{308F}\x{304B}\x{308B}\x{305F}\x{3081}\x{306B}\x{306F}\x{3001}\x{308F}\x{304B}\x{308B}\x{3060}\x{3051}\x{306E}\x{4F59}\x{88D5}\x{306E}\x{3042}\x{308B}\x{7B2C}\x{4E09}\x{8005}\x{306E}\x{5730}\x{4F4D}\x{306B}\x{7ACB}"
            text run at (838,0) width 334: "\x{305F}\x{306D}\x{3070}\x{306A}\x{3089}\x{306C}\x{3002}\x{4E09}\x{8005}\x{306E}\x{5730}\x{4F4D}\x{306B}\x{7ACB}\x{3066}\x{3070}\x{3053}\x{305D}\x{829D}\x{5C45}\x{306F}"
          RenderRuby (inline) {RUBY} at (0,0) size 17x16
            RenderRubyRun (anonymous) at (838,334) size 17x16
              RenderRubyText {RT} at (-9,0) size 9x16
                RenderText {#text} at (0,4) size 9x8
                  text run at (0,4) width 8: "\x{307F}"
              RenderRubyBase (anonymous) at (0,0) size 17x16
                RenderInline {RB} at (0,0) size 17x16
                  RenderText {#text} at (0,0) size 17x16
                    text run at (0,0) width 16: "\x{89B3}"
          RenderText {#text} at (838,350) size 60x478
            text run at (838,350) width 128: "\x{3066}\x{9762}\x{767D}\x{3044}\x{3002}\x{5C0F}\x{8AAC}\x{3082}"
            text run at (855,0) width 464: "\x{898B}\x{3066}\x{9762}\x{767D}\x{3044}\x{3002}\x{829D}\x{5C45}\x{3092}\x{898B}\x{3066}\x{9762}\x{767D}\x{3044}\x{4EBA}\x{3082}\x{3001}\x{5C0F}\x{8AAC}\x{3092}\x{8AAD}\x{3093}\x{3067}\x{9762}\x{767D}\x{3044}\x{4EBA}\x{3082}\x{3001}"
            text run at (881,0) width 94: "\x{81EA}\x{5DF1}\x{306E}\x{5229}\x{5BB3}\x{306F}"
          RenderRuby (inline) {RUBY} at (0,0) size 17x16
            RenderRubyRun (anonymous) at (881,94) size 17x16
              RenderRubyText {RT} at (-9,0) size 9x16
                RenderText {#text} at (0,0) size 9x16
                  text run at (0,0) width 16: "\x{305F}\x{306A}"
              RenderRubyBase (anonymous) at (0,0) size 17x16
                RenderInline {RB} at (0,0) size 17x16
                  RenderText {#text} at (0,0) size 17x16
                    text run at (0,0) width 16: "\x{68DA}"
          RenderText {#text} at (881,110) size 34x478
            text run at (881,110) width 368: "\x{3078}\x{4E0A}\x{3052}\x{3066}\x{3044}\x{308B}\x{3002}\x{898B}\x{305F}\x{308A}\x{8AAD}\x{3093}\x{3060}\x{308A}\x{3059}\x{308B}\x{9593}\x{3060}\x{3051}\x{306F}\x{8A69}\x{4EBA}\x{3067}"
            text run at (898,0) width 48: "\x{3042}\x{308B}\x{3002}"
          RenderBR {BR} at (898,48) size 17x0
          RenderText {#text} at (924,0) size 17x302
            text run at (924,0) width 302: "\x{3000}\x{305D}\x{308C}\x{3059}\x{3089}\x{3001}\x{666E}\x{901A}\x{306E}\x{829D}\x{5C45}\x{3084}\x{5C0F}\x{8AAC}\x{3067}\x{306F}\x{4EBA}\x{60C5}\x{3092}"
          RenderRuby (inline) {RUBY} at (0,0) size 17x16
            RenderRubyRun (anonymous) at (924,302) size 17x16
              RenderRubyText {RT} at (-9,0) size 9x16
                RenderText {#text} at (0,0) size 9x16
                  text run at (0,0) width 16: "\x{307E}\x{306C}"
              RenderRubyBase (anonymous) at (0,0) size 17x16
                RenderInline {RB} at (0,0) size 17x16
                  RenderText {#text} at (0,0) size 17x16
                    text run at (0,0) width 16: "\x{514D}"
          RenderText {#text} at (924,318) size 60x478
            text run at (924,318) width 160: "\x{304B}\x{308C}\x{306C}\x{3002}\x{82E6}\x{3057}\x{3093}\x{3060}\x{308A}\x{3001}"
            text run at (941,0) width 476: "\x{6012}\x{3063}\x{305F}\x{308A}\x{3001}\x{9A12}\x{3044}\x{3060}\x{308A}\x{3001}\x{6CE3}\x{3044}\x{305F}\x{308A}\x{3059}\x{308B}\x{3002}\x{898B}\x{308B}\x{3082}\x{306E}\x{3082}\x{3044}\x{3064}\x{304B}\x{305D}\x{306E}\x{4E2D}\x{306B}\x{540C}"
            text run at (967,0) width 416: "\x{5316}\x{3057}\x{3066}\x{82E6}\x{3057}\x{3093}\x{3060}\x{308A}\x{3001}\x{6012}\x{3063}\x{305F}\x{308A}\x{3001}\x{9A12}\x{3044}\x{3060}\x{308A}\x{3001}\x{6CE3}\x{3044}\x{305F}\x{308A}\x{3059}\x{308B}\x{3002}"
          RenderRuby (inline) {RUBY} at (0,0) size 17x32
            RenderRubyRun (anonymous) at (967,416) size 17x32
              RenderRubyText {RT} at (-9,0) size 9x32
                RenderText {#text} at (0,4) size 9x24
                  text run at (0,4) width 24: "\x{3068}\x{308A}\x{3048}"
              RenderRubyBase (anonymous) at (0,0) size 17x32
                RenderInline {RB} at (0,0) size 17x32
                  RenderText {#text} at (0,0) size 17x32
                    text run at (0,0) width 32: "\x{53D6}\x{67C4}"
          RenderText {#text} at (967,448) size 43x480
            text run at (967,448) width 32: "\x{306F}\x{5229}"
            text run at (993,0) width 32: "\x{617E}\x{304C}"
          RenderRuby (inline) {RUBY} at (0,0) size 17x16
            RenderRubyRun (anonymous) at (993,32) size 17x16
              RenderRubyText {RT} at (-9,0) size 9x16
                RenderText {#text} at (0,0) size 9x16
                  text run at (0,0) width 16: "\x{307E}\x{3058}"
              RenderRubyBase (anonymous) at (0,0) size 17x16
                RenderInline {RB} at (0,0) size 17x16
                  RenderText {#text} at (0,0) size 17x16
                    text run at (0,0) width 16: "\x{4EA4}"
          RenderText {#text} at (993,48) size 17x112
            text run at (993,48) width 112: "\x{3089}\x{306C}\x{3068}\x{4E91}\x{3046}\x{70B9}\x{306B}"
          RenderRuby (inline) {RUBY} at (0,0) size 17x16
            RenderRubyRun (anonymous) at (993,160) size 17x16
              RenderRubyText {RT} at (-9,0) size 9x16
                RenderText {#text} at (0,0) size 9x16
                  text run at (0,0) width 16: "\x{305D}\x{3093}"
              RenderRubyBase (anonymous) at (0,0) size 17x16
                RenderInline {RB} at (0,0) size 17x16
                  RenderText {#text} at (0,0) size 17x16
                    text run at (0,0) width 16: "\x{5B58}"
          RenderText {#text} at (993,176) size 17x300
            text run at (993,176) width 300: "\x{3059}\x{308B}\x{304B}\x{3082}\x{77E5}\x{308C}\x{306C}\x{304C}\x{3001}\x{4EA4}\x{3089}\x{306C}\x{3060}\x{3051}\x{306B}\x{305D}\x{306E}\x{4ED6}\x{306E}"
          RenderRuby (inline) {RUBY} at (0,0) size 17x36
            RenderRubyRun (anonymous) at (1019,0) size 17x40
              RenderRubyText {RT} at (-9,0) size 9x40
                RenderText {#text} at (0,0) size 9x40
                  text run at (0,0) width 40: "\x{3058}\x{3087}\x{3046}\x{3057}\x{3087}"
              RenderRubyBase (anonymous) at (0,0) size 17x40
                RenderInline {RB} at (0,0) size 17x32
                  RenderText {#text} at (0,4) size 17x32
                    text run at (0,4) width 32: "\x{60C5}\x{7DD2}"
          RenderText {#text} at (1019,36) size 17x304
            text run at (1019,36) width 304: "\x{306F}\x{5E38}\x{3088}\x{308A}\x{306F}\x{4F59}\x{8A08}\x{306B}\x{6D3B}\x{52D5}\x{3059}\x{308B}\x{3060}\x{308D}\x{3046}\x{3002}\x{305D}\x{308C}\x{304C}"
          RenderRuby (inline) {RUBY} at (0,0) size 17x16
            RenderRubyRun (anonymous) at (1019,340) size 17x16
              RenderRubyText {RT} at (-9,0) size 9x16
                RenderText {#text} at (0,0) size 9x16
                  text run at (0,0) width 16: "\x{3044}\x{3084}"
              RenderRubyBase (anonymous) at (0,0) size 17x16
                RenderInline {RB} at (0,0) size 17x16
                  RenderText {#text} at (0,0) size 17x16
                    text run at (0,0) width 16: "\x{5ACC}"
          RenderText {#text} at (1019,356) size 17x32
            text run at (1019,356) width 32: "\x{3060}\x{3002}"
          RenderBR {BR} at (1019,388) size 17x0
          RenderText {#text} at (1036,0) size 43x476
            text run at (1036,0) width 476: "\x{3000}\x{82E6}\x{3057}\x{3093}\x{3060}\x{308A}\x{3001}\x{6012}\x{3063}\x{305F}\x{308A}\x{3001}\x{9A12}\x{3044}\x{3060}\x{308A}\x{3001}\x{6CE3}\x{3044}\x{305F}\x{308A}\x{306F}\x{4EBA}\x{306E}\x{4E16}\x{306B}\x{3064}\x{304D}\x{3082}\x{306E}"
            text run at (1062,0) width 190: "\x{3060}\x{3002}\x{4F59}\x{3082}\x{4E09}\x{5341}\x{5E74}\x{306E}\x{9593}\x{305D}\x{308C}\x{3092}"
          RenderRuby (inline) {RUBY} at (0,0) size 17x32
            RenderRubyRun (anonymous) at (1062,190) size 17x32
              RenderRubyText {RT} at (-9,0) size 9x32
                RenderText {#text} at (0,4) size 9x24
                  text run at (0,4) width 24: "\x{3057}\x{3068}\x{304A}"
              RenderRubyBase (anonymous) at (0,0) size 17x32
                RenderInline {RB} at (0,0) size 17x32
                  RenderText {#text} at (0,0) size 17x32
                    text run at (0,0) width 32: "\x{4ED5}\x{901A}"
          RenderText {#text} at (1062,222) size 17x48
            text run at (1062,222) width 48: "\x{3057}\x{3066}\x{3001}"
          RenderRuby (inline) {RUBY} at (0,0) size 17x32
            RenderRubyRun (anonymous) at (1062,270) size 17x32
              RenderRubyText {RT} at (-9,0) size 9x32
                RenderText {#text} at (0,0) size 9x32
                  text run at (0,0) width 32: "\x{3042}\x{304D}\x{3042}\x{304D}"
              RenderRubyBase (anonymous) at (0,0) size 17x32
                RenderInline {RB} at (0,0) size 17x32
                  RenderText {#text} at (0,0) size 17x32
                    text run at (0,0) width 32: "\x{98FD}\x{3005}"
          RenderText {#text} at (1062,302) size 17x48
            text run at (1062,302) width 48: "\x{3057}\x{305F}\x{3002}"
          RenderRuby (inline) {RUBY} at (0,0) size 17x16
            RenderRubyRun (anonymous) at (1062,350) size 17x16
              RenderRubyText {RT} at (-9,0) size 9x16
                RenderText {#text} at (0,4) size 9x8
                  text run at (0,4) width 8: "\x{3042}"
              RenderRubyBase (anonymous) at (0,0) size 17x16
                RenderInline {RB} at (0,0) size 17x16
                  RenderText {#text} at (0,0) size 17x16
                    text run at (0,0) width 16: "\x{98FD}"
          RenderText {#text} at (1062,366) size 60x480
            text run at (1062,366) width 112: "\x{304D}\x{98FD}\x{304D}\x{3057}\x{305F}\x{4E0A}\x{306B}"
            text run at (1079,0) width 480: "\x{829D}\x{5C45}\x{3084}\x{5C0F}\x{8AAC}\x{3067}\x{540C}\x{3058}\x{523A}\x{6FC0}\x{3092}\x{7E70}\x{308A}\x{8FD4}\x{3057}\x{3066}\x{306F}\x{5927}\x{5909}\x{3060}\x{3002}\x{4F59}\x{304C}\x{6B32}\x{3059}\x{308B}\x{8A69}\x{306F}\x{305D}\x{3093}"
            text run at (1105,0) width 126: "\x{306A}\x{4E16}\x{9593}\x{7684}\x{306E}\x{4EBA}\x{60C5}\x{3092}"
          RenderRuby (inline) {RUBY} at (0,0) size 17x32
            RenderRubyRun (anonymous) at (1105,126) size 17x32
              RenderRubyText {RT} at (-9,0) size 9x32
                RenderText {#text} at (0,8) size 9x16
                  text run at (0,8) width 16: "\x{3053}\x{3076}"
              RenderRubyBase (anonymous) at (0,0) size 17x32
                RenderInline {RB} at (0,0) size 17x32
                  RenderText {#text} at (0,0) size 17x32
                    text run at (0,0) width 32: "\x{9F13}\x{821E}"
          RenderText {#text} at (1105,158) size 43x476
            text run at (1105,158) width 318: "\x{3059}\x{308B}\x{3088}\x{3046}\x{306A}\x{3082}\x{306E}\x{3067}\x{306F}\x{306A}\x{3044}\x{3002}\x{4FD7}\x{5FF5}\x{3092}\x{653E}\x{68C4}\x{3057}\x{3066}\x{3001}"
            text run at (1131,0) width 96: "\x{3057}\x{3070}\x{3089}\x{304F}\x{3067}\x{3082}"
          RenderRuby (inline) {RUBY} at (0,0) size 17x32
            RenderRubyRun (anonymous) at (1131,96) size 17x32
              RenderRubyText {RT} at (-9,0) size 9x32
                RenderText {#text} at (0,0) size 9x32
                  text run at (0,0) width 32: "\x{3058}\x{3093}\x{304B}\x{3044}"
              RenderRubyBase (anonymous) at (0,0) size 17x32
                RenderInline {RB} at (0,0) size 17x32
                  RenderText {#text} at (0,0) size 17x32
                    text run at (0,0) width 32: "\x{5875}\x{754C}"
          RenderText {#text} at (1131,128) size 77x490
            text run at (1131,128) width 352: "\x{3092}\x{96E2}\x{308C}\x{305F}\x{5FC3}\x{6301}\x{3061}\x{306B}\x{306A}\x{308C}\x{308B}\x{8A69}\x{3067}\x{3042}\x{308B}\x{3002}\x{3044}\x{304F}\x{3089}\x{5091}\x{4F5C}\x{3067}"
            text run at (1148,0) width 480: "\x{3082}\x{4EBA}\x{60C5}\x{3092}\x{96E2}\x{308C}\x{305F}\x{829D}\x{5C45}\x{306F}\x{306A}\x{3044}\x{3001}\x{7406}\x{975E}\x{3092}\x{7D76}\x{3057}\x{305F}\x{5C0F}\x{8AAC}\x{306F}\x{5C11}\x{304B}\x{308D}\x{3046}\x{3002}\x{3069}\x{3053}\x{307E}"
            text run at (1165,0) width 490: "\x{3067}\x{3082}\x{4E16}\x{9593}\x{3092}\x{51FA}\x{308B}\x{4E8B}\x{304C}\x{51FA}\x{6765}\x{306C}\x{306E}\x{304C}\x{5F7C}\x{3089}\x{306E}\x{7279}\x{8272}\x{3067}\x{3042}\x{308B}\x{3002}\x{3053}\x{3068}\x{306B}\x{897F}\x{6D0B}\x{306E}\x{8A69}\x{306B}"
            text run at (1191,0) width 288: "\x{306A}\x{308B}\x{3068}\x{3001}\x{4EBA}\x{4E8B}\x{304C}\x{6839}\x{672C}\x{306B}\x{306A}\x{308B}\x{304B}\x{3089}\x{3044}\x{308F}\x{3086}\x{308B}"
          RenderRuby (inline) {RUBY} at (0,0) size 17x32
            RenderRubyRun (anonymous) at (1191,288) size 17x32
              RenderRubyText {RT} at (-9,0) size 9x32
                RenderText {#text} at (0,4) size 9x24
                  text run at (0,4) width 24: "\x{3057}\x{3044}\x{304B}"
              RenderRubyBase (anonymous) at (0,0) size 17x32
                RenderInline {RB} at (0,0) size 17x32
                  RenderText {#text} at (0,0) size 17x32
                    text run at (0,0) width 32: "\x{8A69}\x{6B4C}"
          RenderText {#text} at (1191,320) size 17x154
            text run at (1191,320) width 154: "\x{306E}\x{7D14}\x{7C8B}\x{306A}\x{308B}\x{3082}\x{306E}\x{3082}\x{3053}\x{306E}"
          RenderRuby (inline) {RUBY} at (0,0) size 17x20
            RenderRubyRun (anonymous) at (1217,0) size 17x24
              RenderRubyText {RT} at (-9,0) size 9x24
                RenderText {#text} at (0,0) size 9x24
                  text run at (0,0) width 24: "\x{304D}\x{3087}\x{3046}"
              RenderRubyBase (anonymous) at (0,0) size 17x24
                RenderInline {RB} at (0,0) size 17x16
                  RenderText {#text} at (0,4) size 17x16
                    text run at (0,4) width 16: "\x{5883}"
          RenderText {#text} at (1217,20) size 17x16
            text run at (1217,20) width 16: "\x{3092}"
          RenderRuby (inline) {RUBY} at (0,0) size 17x32
            RenderRubyRun (anonymous) at (1217,36) size 17x32
              RenderRubyText {RT} at (-9,0) size 9x32
                RenderText {#text} at (0,4) size 9x24
                  text run at (0,4) width 24: "\x{3052}\x{3060}\x{3064}"
              RenderRubyBase (anonymous) at (0,0) size 17x32
                RenderInline {RB} at (0,0) size 17x32
                  RenderText {#text} at (0,0) size 17x32
                    text run at (0,0) width 32: "\x{89E3}\x{8131}"
          RenderText {#text} at (1217,68) size 43x484
            text run at (1217,68) width 416: "\x{3059}\x{308B}\x{4E8B}\x{3092}\x{77E5}\x{3089}\x{306C}\x{3002}\x{3069}\x{3053}\x{307E}\x{3067}\x{3082}\x{540C}\x{60C5}\x{3060}\x{3068}\x{304B}\x{3001}\x{611B}\x{3060}\x{3068}\x{304B}\x{3001}\x{6B63}\x{7FA9}"
            text run at (1243,0) width 160: "\x{3060}\x{3068}\x{304B}\x{3001}\x{81EA}\x{7531}\x{3060}\x{3068}\x{304B}\x{3001}"
          RenderRuby (inline) {RUBY} at (0,0) size 17x32
            RenderRubyRun (anonymous) at (1243,160) size 17x32
              RenderRubyText {RT} at (-9,0) size 9x32
                RenderText {#text} at (0,4) size 9x24
                  text run at (0,4) width 24: "\x{3046}\x{304D}\x{3088}"
              RenderRubyBase (anonymous) at (0,0) size 17x32
                RenderInline {RB} at (0,0) size 17x32
                  RenderText {#text} at (0,0) size 17x32
                    text run at (0,0) width 32: "\x{6D6E}\x{4E16}"
          RenderText {#text} at (1243,192) size 17x14
            text run at (1243,192) width 14: "\x{306E}"
          RenderRuby (inline) {RUBY} at (0,0) size 17x48
            RenderRubyRun (anonymous) at (1243,206) size 17x48
              RenderRubyText {RT} at (-9,0) size 9x48
                RenderText {#text} at (0,4) size 9x40
                  text run at (0,4) width 40: "\x{304B}\x{3093}\x{3053}\x{3046}\x{3070}"
              RenderRubyBase (anonymous) at (0,0) size 17x48
                RenderInline {RB} at (0,0) size 17x48
                  RenderText {#text} at (0,0) size 17x48
                    text run at (0,0) width 48: "\x{52E7}\x{5DE5}\x{5834}"
          RenderText {#text} at (1243,254) size 17x158
            text run at (1243,254) width 158: "\x{306B}\x{3042}\x{308B}\x{3082}\x{306E}\x{3060}\x{3051}\x{3067}\x{7528}\x{3092}"
          RenderRuby (inline) {RUBY} at (0,0) size 17x16
            RenderRubyRun (anonymous) at (1243,412) size 17x16
              RenderRubyText {RT} at (-9,0) size 9x16
                RenderText {#text} at (0,0) size 9x16
                  text run at (0,0) width 16: "\x{3079}\x{3093}"
              RenderRubyBase (anonymous) at (0,0) size 17x16
                RenderInline {RB} at (0,0) size 17x16
                  RenderText {#text} at (0,0) size 17x16
                    text run at (0,0) width 16: "\x{5F01}"
          RenderText {#text} at (1243,428) size 43x476
            text run at (1243,428) width 48: "\x{3058}\x{3066}\x{3044}"
            text run at (1269,0) width 270: "\x{308B}\x{3002}\x{3044}\x{304F}\x{3089}\x{8A69}\x{7684}\x{306B}\x{306A}\x{3063}\x{3066}\x{3082}\x{5730}\x{9762}\x{306E}\x{4E0A}\x{3092}"
          RenderRuby (inline) {RUBY} at (0,0) size 17x16
            RenderRubyRun (anonymous) at (1269,270) size 17x16
              RenderRubyText {RT} at (-9,0) size 9x16
                RenderText {#text} at (0,4) size 9x8
                  text run at (0,4) width 8: "\x{304B}"
              RenderRubyBase (anonymous) at (0,0) size 17x16
                RenderInline {RB} at (0,0) size 17x16
                  RenderText {#text} at (0,0) size 17x16
                    text run at (0,0) width 16: "\x{99B3}"
          RenderText {#text} at (1269,286) size 17x112
            text run at (1269,286) width 112: "\x{3051}\x{3066}\x{3042}\x{308B}\x{3044}\x{3066}\x{3001}"
          RenderRuby (inline) {RUBY} at (0,0) size 17x16
            RenderRubyRun (anonymous) at (1269,398) size 17x16
              RenderRubyText {RT} at (-9,0) size 9x16
                RenderText {#text} at (0,0) size 9x16
                  text run at (0,0) width 16: "\x{305C}\x{306B}"
              RenderRubyBase (anonymous) at (0,0) size 17x16
                RenderInline {RB} at (0,0) size 17x16
                  RenderText {#text} at (0,0) size 17x16
                    text run at (0,0) width 16: "\x{92AD}"
          RenderText {#text} at (1269,414) size 43x476
            text run at (1269,414) width 62: "\x{306E}\x{52D8}\x{5B9A}\x{3092}"
            text run at (1295,0) width 224: "\x{5FD8}\x{308C}\x{308B}\x{3072}\x{307E}\x{304C}\x{306A}\x{3044}\x{3002}\x{30B7}\x{30A7}\x{30EC}\x{30FC}\x{304C}"
          RenderRuby (inline) {RUBY} at (0,0) size 17x32
            RenderRubyRun (anonymous) at (1295,224) size 17x32
              RenderRubyText {RT} at (-9,0) size 9x32
                RenderText {#text} at (0,4) size 9x24
                  text run at (0,4) width 24: "\x{3072}\x{3070}\x{308A}"
              RenderRubyBase (anonymous) at (0,0) size 17x32
                RenderInline {RB} at (0,0) size 17x32
                  RenderText {#text} at (0,0) size 17x32
                    text run at (0,0) width 32: "\x{96F2}\x{96C0}"
          RenderText {#text} at (1295,256) size 34x478
            text run at (1295,256) width 222: "\x{3092}\x{805E}\x{3044}\x{3066}\x{5606}\x{606F}\x{3057}\x{305F}\x{306E}\x{3082}\x{7121}\x{7406}\x{306F}\x{306A}"
            text run at (1312,0) width 32: "\x{3044}\x{3002}"
          RenderBR {BR} at (1312,32) size 17x0
          RenderText {#text} at (1338,0) size 17x158
            text run at (1338,0) width 158: "\x{3000}\x{3046}\x{308C}\x{3057}\x{3044}\x{4E8B}\x{306B}\x{6771}\x{6D0B}\x{306E}"
          RenderRuby (inline) {RUBY} at (0,0) size 17x32
            RenderRubyRun (anonymous) at (1338,158) size 17x32
              RenderRubyText {RT} at (-9,0) size 9x32
                RenderText {#text} at (0,4) size 9x24
                  text run at (0,4) width 24: "\x{3057}\x{3044}\x{304B}"
              RenderRubyBase (anonymous) at (0,0) size 17x32
                RenderInline {RB} at (0,0) size 17x32
                  RenderText {#text} at (0,0) size 17x32
                    text run at (0,0) width 32: "\x{8A69}\x{6B4C}"
          RenderText {#text} at (1338,190) size 17x64
            text run at (1338,190) width 64: "\x{306F}\x{305D}\x{3053}\x{3092}"
          RenderRuby (inline) {RUBY} at (0,0) size 17x32
            RenderRubyRun (anonymous) at (1338,254) size 17x32
              RenderRubyText {RT} at (-9,0) size 9x32
                RenderText {#text} at (0,4) size 9x24
                  text run at (0,4) width 24: "\x{3052}\x{3060}\x{3064}"
              RenderRubyBase (anonymous) at (0,0) size 17x32
                RenderInline {RB} at (0,0) size 17x32
                  RenderText {#text} at (0,0) size 17x32
                    text run at (0,0) width 32: "\x{89E3}\x{8131}"
          RenderText {#text} at (1338,286) size 17x110
            text run at (1338,286) width 110: "\x{3057}\x{305F}\x{306E}\x{304C}\x{3042}\x{308B}\x{3002}"
          RenderRuby (inline) {RUBY} at (0,0) size 17x36
            RenderRubyRun (anonymous) at (1338,392) size 17x40
              RenderRubyText {RT} at (-9,0) size 9x40
                RenderText {#text} at (0,0) size 9x40
                  text run at (0,0) width 40: "\x{304D}\x{304F}\x{3092}\x{3068}\x{308B}"
              RenderRubyBase (anonymous) at (0,0) size 17x40
                RenderInline {RB} at (0,0) size 17x32
                  RenderText {#text} at (0,4) size 17x32
                    text run at (0,4) width 32: "\x{63A1}\x{83CA}"
          RenderRuby (inline) {RUBY} at (0,0) size 17x48
            RenderRubyRun (anonymous) at (1338,432) size 17x48
              RenderRubyText {RT} at (-9,0) size 9x48
                RenderText {#text} at (0,0) size 9x48
                  text run at (0,0) width 47: "\x{3068}\x{3046}\x{308A}\x{306E}\x{3082}\x{3068}"
              RenderRubyBase (anonymous) at (0,0) size 17x48
                RenderInline {RB} at (0,0) size 17x48
                  RenderText {#text} at (0,0) size 17x48
                    text run at (0,0) width 48: "\x{6771}\x{7C6C}\x{4E0B}"
          RenderText {#text} at (1364,0) size 17x16
            text run at (1364,0) width 16: "\x{3001}"
          RenderRuby (inline) {RUBY} at (0,0) size 17x52
            RenderRubyRun (anonymous) at (1364,12) size 17x56
              RenderRubyText {RT} at (-9,0) size 9x56
                RenderText {#text} at (0,0) size 9x56
                  text run at (0,0) width 56: "\x{3086}\x{3046}\x{305C}\x{3093}\x{3068}\x{3057}\x{3066}"
              RenderRubyBase (anonymous) at (0,0) size 17x56
                RenderInline {RB} at (0,0) size 17x32
                  RenderText {#text} at (0,12) size 17x32
                    text run at (0,12) width 32: "\x{60A0}\x{7136}"
          RenderRuby (inline) {RUBY} at (0,0) size 17x52
            RenderRubyRun (anonymous) at (1364,68) size 17x56
              RenderRubyText {RT} at (-9,0) size 9x56
                RenderText {#text} at (0,0) size 9x56
                  text run at (0,0) width 56: "\x{306A}\x{3093}\x{3056}\x{3093}\x{3092}\x{307F}\x{308B}"
              RenderRubyBase (anonymous) at (0,0) size 17x56
                RenderInline {RB} at (0,0) size 17x48
                  RenderText {#text} at (0,4) size 17x48
                    text run at (0,4) width 48: "\x{898B}\x{5357}\x{5C71}"
          RenderText {#text} at (1364,120) size 17x126
            text run at (1364,120) width 126: "\x{3002}\x{305F}\x{3060}\x{305D}\x{308C}\x{304E}\x{308A}\x{306E}"
          RenderRuby (inline) {RUBY} at (0,0) size 17x16
            RenderRubyRun (anonymous) at (1364,246) size 17x16
              RenderRubyText {RT} at (-9,0) size 9x16
                RenderText {#text} at (0,0) size 9x16
                  text run at (0,0) width 16: "\x{3046}\x{3061}"
              RenderRubyBase (anonymous) at (0,0) size 17x16
                RenderInline {RB} at (0,0) size 17x16
                  RenderText {#text} at (0,0) size 17x16
                    text run at (0,0) width 16: "\x{88CF}"
          RenderText {#text} at (1364,262) size 43x484
            text run at (1364,262) width 222: "\x{306B}\x{6691}\x{82E6}\x{3057}\x{3044}\x{4E16}\x{306E}\x{4E2D}\x{3092}\x{307E}\x{308B}\x{3067}\x{5FD8}\x{308C}"
            text run at (1390,0) width 300: "\x{305F}\x{5149}\x{666F}\x{304C}\x{51FA}\x{3066}\x{304F}\x{308B}\x{3002}\x{57A3}\x{306E}\x{5411}\x{3046}\x{306B}\x{96A3}\x{308A}\x{306E}\x{5A18}\x{304C}"
          RenderRuby (inline) {RUBY} at (0,0) size 17x16
            RenderRubyRun (anonymous) at (1390,300) size 17x16
              RenderRubyText {RT} at (-9,0) size 9x16
                RenderText {#text} at (0,0) size 9x16
                  text run at (0,0) width 15: "\x{306E}\x{305E}"
              RenderRubyBase (anonymous) at (0,0) size 17x16
                RenderInline {RB} at (0,0) size 17x16
                  RenderText {#text} at (0,0) size 17x16
                    text run at (0,0) width 16: "\x{8997}"
          RenderText {#text} at (1390,316) size 43x460
            text run at (1390,316) width 144: "\x{3044}\x{3066}\x{308B}\x{8A33}\x{3067}\x{3082}\x{306A}\x{3051}\x{308C}"
            text run at (1416,0) width 32: "\x{3070}\x{3001}"
          RenderRuby (inline) {RUBY} at (0,0) size 17x32
            RenderRubyRun (anonymous) at (1416,32) size 17x32
              RenderRubyText {RT} at (-9,0) size 9x32
                RenderText {#text} at (0,0) size 9x32
                  text run at (0,0) width 32: "\x{306A}\x{3093}\x{3056}\x{3093}"
              RenderRubyBase (anonymous) at (0,0) size 17x32
                RenderInline {RB} at (0,0) size 17x32
                  RenderText {#text} at (0,0) size 17x32
                    text run at (0,0) width 32: "\x{5357}\x{5C71}"
          RenderText {#text} at (1416,64) size 17x320
            text run at (1416,64) width 320: "\x{306B}\x{89AA}\x{53CB}\x{304C}\x{5949}\x{8077}\x{3057}\x{3066}\x{3044}\x{308B}\x{6B21}\x{7B2C}\x{3067}\x{3082}\x{306A}\x{3044}\x{3002}\x{8D85}\x{7136}\x{3068}"
          RenderRuby (inline) {RUBY} at (0,0) size 17x64
            RenderRubyRun (anonymous) at (1416,384) size 17x64
              RenderRubyText {RT} at (-9,0) size 9x64
                RenderText {#text} at (0,0) size 9x64
                  text run at (0,0) width 64: "\x{3057}\x{3085}\x{3063}\x{305B}\x{3051}\x{3093}\x{3066}\x{304D}"
              RenderRubyBase (anonymous) at (0,0) size 17x64
                RenderInline {RB} at (0,0) size 17x64
                  RenderText {#text} at (0,0) size 17x64
                    text run at (0,0) width 64: "\x{51FA}\x{4E16}\x{9593}\x{7684}"
          RenderText {#text} at (1416,448) size 43x480
            text run at (1416,448) width 32: "\x{306B}\x{5229}"
            text run at (1442,0) width 302: "\x{5BB3}\x{640D}\x{5F97}\x{306E}\x{6C57}\x{3092}\x{6D41}\x{3057}\x{53BB}\x{3063}\x{305F}\x{5FC3}\x{6301}\x{3061}\x{306B}\x{306A}\x{308C}\x{308B}\x{3002}"
          RenderRuby (inline) {RUBY} at (0,0) size 17x20
            RenderRubyRun (anonymous) at (1442,298) size 17x24
              RenderRubyText {RT} at (-9,0) size 9x24
                RenderText {#text} at (0,0) size 9x24
                  text run at (0,0) width 24: "\x{3072}\x{3068}\x{308A}"
              RenderRubyBase (anonymous) at (0,0) size 17x24
                RenderInline {RB} at (0,0) size 17x16
                  RenderText {#text} at (0,4) size 17x16
                    text run at (0,4) width 16: "\x{72EC}"
          RenderRuby (inline) {RUBY} at (0,0) size 17x75
            RenderRubyRun (anonymous) at (1442,322) size 17x79
              RenderRubyText {RT} at (-9,0) size 9x79
                RenderText {#text} at (0,0) size 9x79
                  text run at (0,0) width 79: "\x{3086}\x{3046}\x{3053}\x{3046}\x{306E}\x{3046}\x{3061}\x{306B}\x{3056}\x{3057}"
              RenderRubyBase (anonymous) at (0,0) size 17x79
                RenderInline {RB} at (0,0) size 17x65
                  RenderText {#text} at (0,7) size 17x65
                    text run at (0,7) width 64: "\x{5750}\x{5E7D}\x{7BC1}\x{88CF}"
          RenderText {#text} at (1442,397) size 17x16
            text run at (1442,397) width 16: "\x{3001}"
          RenderRuby (inline) {RUBY} at (0,0) size 17x52
            RenderRubyRun (anonymous) at (1442,409) size 17x56
              RenderRubyText {RT} at (-9,0) size 9x56
                RenderText {#text} at (0,0) size 9x56
                  text run at (0,0) width 56: "\x{304D}\x{3093}\x{3092}\x{3060}\x{3093}\x{3058}\x{3066}"
              RenderRubyBase (anonymous) at (0,0) size 17x56
                RenderInline {RB} at (0,0) size 17x32
                  RenderText {#text} at (0,12) size 17x32
                    text run at (0,12) width 32: "\x{5F3E}\x{7434}"
          RenderRuby (inline) {RUBY} at (0,0) size 17x68
            RenderRubyRun (anonymous) at (1468,0) size 17x72
              RenderRubyText {RT} at (-9,0) size 9x72
                RenderText {#text} at (0,0) size 9x72
                  text run at (0,0) width 72: "\x{307E}\x{305F}\x{3061}\x{3087}\x{3046}\x{3057}\x{3087}\x{3046}\x{3059}"
              RenderRubyBase (anonymous) at (0,0) size 17x72
                RenderInline {RB} at (0,0) size 17x48
                  RenderText {#text} at (0,12) size 17x48
                    text run at (0,12) width 48: "\x{5FA9}\x{9577}\x{562F}"
          RenderText {#text} at (1468,68) size 17x16
            text run at (1468,68) width 16: "\x{3001}"
          RenderRuby (inline) {RUBY} at (0,0) size 17x32
            RenderRubyRun (anonymous) at (1468,84) size 17x32
              RenderRubyText {RT} at (-9,0) size 9x32
                RenderText {#text} at (0,0) size 9x32
                  text run at (0,0) width 32: "\x{3057}\x{3093}\x{308A}\x{3093}"
              RenderRubyBase (anonymous) at (0,0) size 17x32
                RenderInline {RB} at (0,0) size 17x32
                  RenderText {#text} at (0,0) size 17x32
                    text run at (0,0) width 32: "\x{6DF1}\x{6797}"
          RenderRuby (inline) {RUBY} at (0,0) size 17x48
            RenderRubyRun (anonymous) at (1468,116) size 17x48
              RenderRubyText {RT} at (-9,0) size 9x48
                RenderText {#text} at (0,4) size 9x40
                  text run at (0,4) width 40: "\x{3072}\x{3068}\x{3057}\x{3089}\x{305A}"
              RenderRubyBase (anonymous) at (0,0) size 17x48
                RenderInline {RB} at (0,0) size 17x48
                  RenderText {#text} at (0,0) size 17x48
                    text run at (0,0) width 48: "\x{4EBA}\x{4E0D}\x{77E5}"
          RenderText {#text} at (1468,164) size 17x16
            text run at (1468,164) width 16: "\x{3001}"
          RenderRuby (inline) {RUBY} at (0,0) size 17x60
            RenderRubyRun (anonymous) at (1468,176) size 17x64
              RenderRubyText {RT} at (-9,0) size 9x64
                RenderText {#text} at (0,0) size 9x64
                  text run at (0,0) width 64: "\x{3081}\x{3044}\x{3052}\x{3064}\x{304D}\x{305F}\x{308A}\x{3066}"
              RenderRubyBase (anonymous) at (0,0) size 17x64
                RenderInline {RB} at (0,0) size 17x48
                  RenderText {#text} at (0,8) size 17x48
                    text run at (0,8) width 48: "\x{660E}\x{6708}\x{6765}"
          RenderRuby (inline) {RUBY} at (0,0) size 17x36
            RenderRubyRun (anonymous) at (1468,240) size 17x40
              RenderRubyText {RT} at (-9,0) size 9x40
                RenderText {#text} at (0,0) size 9x40
                  text run at (0,0) width 40: "\x{3042}\x{3044}\x{3066}\x{3089}\x{3059}"
              RenderRubyBase (anonymous) at (0,0) size 17x40
                RenderInline {RB} at (0,0) size 17x32
                  RenderText {#text} at (0,4) size 17x32
                    text run at (0,4) width 32: "\x{76F8}\x{7167}"
          RenderText {#text} at (1468,276) size 17x158
            text run at (1468,276) width 158: "\x{3002}\x{305F}\x{3060}\x{4E8C}\x{5341}\x{5B57}\x{306E}\x{3046}\x{3061}\x{306B}"
          RenderRuby (inline) {RUBY} at (0,0) size 17x16
            RenderRubyRun (anonymous) at (1468,434) size 17x16
              RenderRubyText {RT} at (-9,0) size 9x16
                RenderText {#text} at (0,0) size 9x16
                  text run at (0,0) width 16: "\x{3086}\x{3046}"
              RenderRubyBase (anonymous) at (0,0) size 17x16
                RenderInline {RB} at (0,0) size 17x16
                  RenderText {#text} at (0,0) size 17x16
                    text run at (0,0) width 16: "\x{512A}"
          RenderText {#text} at (1468,450) size 17x16
            text run at (1468,450) width 16: "\x{306B}"
          RenderRuby (inline) {RUBY} at (0,0) size 17x48
            RenderRubyRun (anonymous) at (1494,0) size 17x48
              RenderRubyText {RT} at (-9,0) size 9x48
                RenderText {#text} at (0,0) size 9x48
                  text run at (0,0) width 48: "\x{3079}\x{3064}\x{3051}\x{3093}\x{3053}\x{3093}"
              RenderRubyBase (anonymous) at (0,0) size 17x48
                RenderInline {RB} at (0,0) size 17x48
                  RenderText {#text} at (0,0) size 17x48
                    text run at (0,0) width 48: "\x{5225}\x{4E7E}\x{5764}"
          RenderText {#text} at (1494,48) size 17x16
            text run at (1494,48) width 16: "\x{3092}"
          RenderRuby (inline) {RUBY} at (0,0) size 17x32
            RenderRubyRun (anonymous) at (1494,60) size 17x40
              RenderRubyText {RT} at (-9,0) size 9x40
                RenderText {#text} at (0,0) size 9x40
                  text run at (0,0) width 40: "\x{3053}\x{3093}\x{308A}\x{3085}\x{3046}"
              RenderRubyBase (anonymous) at (0,0) size 17x40
                RenderInline {RB} at (0,0) size 17x32
                  RenderText {#text} at (0,4) size 17x32
                    text run at (0,4) width 32: "\x{5EFA}\x{7ACB}"
          RenderText {#text} at (1494,96) size 17x156
            text run at (1494,96) width 156: "\x{3057}\x{3066}\x{3044}\x{308B}\x{3002}\x{3053}\x{306E}\x{4E7E}\x{5764}\x{306E}"
          RenderRuby (inline) {RUBY} at (0,0) size 17x32
            RenderRubyRun (anonymous) at (1494,252) size 17x32
              RenderRubyText {RT} at (-9,0) size 9x32
                RenderText {#text} at (0,4) size 9x24
                  text run at (0,4) width 24: "\x{304F}\x{3069}\x{304F}"
              RenderRubyBase (anonymous) at (0,0) size 17x32
                RenderInline {RB} at (0,0) size 17x32
                  RenderText {#text} at (0,0) size 17x32
                    text run at (0,0) width 32: "\x{529F}\x{5FB3}"
          RenderText {#text} at (1494,284) size 17x32
            text run at (1494,284) width 32: "\x{306F}\x{300C}"
          RenderRuby (inline) {RUBY} at (0,0) size 17x48
            RenderRubyRun (anonymous) at (1494,316) size 17x48
              RenderRubyText {RT} at (-9,0) size 9x48
                RenderText {#text} at (0,4) size 9x40
                  text run at (0,4) width 40: "\x{307B}\x{3068}\x{3068}\x{304E}\x{3059}"
              RenderRubyBase (anonymous) at (0,0) size 17x48
                RenderInline {RB} at (0,0) size 17x48
                  RenderText {#text} at (0,0) size 17x48
                    text run at (0,0) width 48: "\x{4E0D}\x{5982}\x{5E30}"
          RenderText {#text} at (1494,364) size 17x48
            text run at (1494,364) width 48: "\x{300D}\x{3084}\x{300C}"
          RenderRuby (inline) {RUBY} at (0,0) size 17x64
            RenderRubyRun (anonymous) at (1494,412) size 17x64
              RenderRubyText {RT} at (-9,0) size 9x64
                RenderText {#text} at (0,4) size 9x56
                  text run at (0,4) width 56: "\x{3053}\x{3093}\x{3058}\x{304D}\x{3084}\x{3057}\x{3083}"
              RenderRubyBase (anonymous) at (0,0) size 17x64
                RenderInline {RB} at (0,0) size 17x64
                  RenderText {#text} at (0,0) size 17x64
                    text run at (0,0) width 64: "\x{91D1}\x{8272}\x{591C}\x{53C9}"
          RenderText {#text} at (1511,0) size 43x478
            text run at (1511,0) width 478: "\x{300D}\x{306E}\x{529F}\x{5FB3}\x{3067}\x{306F}\x{306A}\x{3044}\x{3002}\x{6C7D}\x{8239}\x{3001}\x{6C7D}\x{8ECA}\x{3001}\x{6A29}\x{5229}\x{3001}\x{7FA9}\x{52D9}\x{3001}\x{9053}\x{5FB3}\x{3001}\x{793C}\x{7FA9}\x{3067}\x{75B2}\x{308C}\x{679C}"
            text run at (1537,0) width 32: "\x{3066}\x{305F}"
          RenderRuby (inline) {RUBY} at (0,0) size 17x16
            RenderRubyRun (anonymous) at (1537,32) size 17x16
              RenderRubyText {RT} at (-9,0) size 9x16
                RenderText {#text} at (0,0) size 9x16
                  text run at (0,0) width 15: "\x{306E}\x{3061}"
              RenderRubyBase (anonymous) at (0,0) size 17x16
                RenderInline {RB} at (0,0) size 17x16
                  RenderText {#text} at (0,0) size 17x16
                    text run at (0,0) width 16: "\x{5F8C}"
          RenderText {#text} at (1537,48) size 17x416
            text run at (1537,48) width 416: "\x{306B}\x{3001}\x{3059}\x{3079}\x{3066}\x{3092}\x{5FD8}\x{5374}\x{3057}\x{3066}\x{3050}\x{3063}\x{3059}\x{308A}\x{5BDD}\x{8FBC}\x{3080}\x{3088}\x{3046}\x{306A}\x{529F}\x{5FB3}\x{3067}\x{3042}\x{308B}\x{3002}"
          RenderBR {BR} at (1537,464) size 17x0
