layer at (0,0) size 785x912
  RenderView at (0,0) size 785x600
layer at (0,0) size 785x912
  RenderBlock {HTML} at (0,0) size 785x913
    RenderBody {BODY} at (8,8) size 769x897
      RenderBlock (anonymous) at (0,0) size 769x19
        RenderText {#text} at (0,0) size 355x19
          text run at (0,0) width 355: "All of the boxes below should be 20x20 and look identical."
      RenderBlock {H1} at (0,40) size 769x38
        RenderText {#text} at (0,0) size 203x36
          text run at (0,0) width 203: "Normal Blocks"
      RenderBlock {DIV} at (5,98) size 20x21 [color=#FFFFFF] [bgcolor=#FFA500] [border: (2px solid #000000)]
      RenderBlock {DIV} at (5,128) size 20x21 [color=#FFFFFF] [bgcolor=#FFA500] [border: (2px solid #000000)]
      RenderBlock {DIV} at (5,158) size 20x21 [color=#FFFFFF] [bgcolor=#FFA500] [border: (2px solid #000000)]
      RenderBlock {DIV} at (5,188) size 20x21 [color=#FFFFFF] [bgcolor=#FFA500] [border: (2px solid #000000)]
        RenderBR {BR} at (6,6) size 0x19
        RenderBR {BR} at (6,25) size 0x19
        RenderBR {BR} at (6,44) size 0x19
      RenderBlock {H1} at (0,230) size 769x38
        RenderText {#text} at (0,0) size 177x36
          text run at (0,0) width 177: "Inline Blocks"
      RenderBlock (anonymous) at (0,288) size 769x41
        RenderBlock {DIV} at (5,10) size 20x20 [color=#FFFFFF] [bgcolor=#FFA500] [border: (2px solid #000000)]
        RenderBlock {DIV} at (35,10) size 20x20 [color=#FFFFFF] [bgcolor=#FFA500] [border: (2px solid #000000)]
        RenderBlock {DIV} at (65,10) size 20x20 [color=#FFFFFF] [bgcolor=#FFA500] [border: (2px solid #000000)]
        RenderBlock {DIV} at (95,10) size 20x20 [color=#FFFFFF] [bgcolor=#FFA500] [border: (2px solid #000000)]
          RenderBR {BR} at (6,6) size 0x19
          RenderBR {BR} at (6,25) size 0x19
          RenderBR {BR} at (6,44) size 0x19
        RenderText {#text} at (0,0) size 0x0
      RenderBlock {H1} at (0,350) size 769x38
        RenderText {#text} at (0,0) size 241x36
          text run at (0,0) width 241: "Positioned Blocks"
      RenderBlock (anonymous) at (0,408) size 769x20
        RenderBR {BR} at (0,0) size 0x19
      RenderBlock {H1} at (0,449) size 769x38
        RenderText {#text} at (0,0) size 209x36
          text run at (0,0) width 209: "Floating blocks"
      RenderBlock (floating) {DIV} at (5,517) size 20x21 [color=#FFFFFF] [bgcolor=#FFA500] [border: (2px solid #000000)]
      RenderBlock (floating) {DIV} at (35,517) size 20x21 [color=#FFFFFF] [bgcolor=#FFA500] [border: (2px solid #000000)]
      RenderBlock (floating) {DIV} at (65,517) size 20x21 [color=#FFFFFF] [bgcolor=#FFA500] [border: (2px solid #000000)]
      RenderBlock (floating) {DIV} at (95,517) size 20x21 [color=#FFFFFF] [bgcolor=#FFA500] [border: (2px solid #000000)]
        RenderBR {BR} at (6,6) size 0x19
        RenderBR {BR} at (6,25) size 0x19
        RenderBR {BR} at (6,44) size 0x19
      RenderBlock (anonymous) at (0,507) size 769x41
        RenderBR {BR} at (120,0) size 0x19
      RenderBlock {H1} at (0,568) size 769x38
        RenderText {#text} at (0,0) size 209x36
          text run at (0,0) width 209: "Normal Images"
      RenderBlock (anonymous) at (0,627) size 769x41
        RenderImage {IMG} at (5,10) size 20x20 [color=#FFFFFF] [bgcolor=#FFA500] [border: (2px solid #000000)]
        RenderImage {IMG} at (35,10) size 20x20 [color=#FFFFFF] [bgcolor=#FFA500] [border: (2px solid #000000)]
        RenderImage {IMG} at (65,10) size 20x20 [color=#FFFFFF] [bgcolor=#FFA500] [border: (2px solid #000000)]
        RenderImage {IMG} at (95,10) size 20x20 [color=#FFFFFF] [bgcolor=#FFA500] [border: (2px solid #000000)]
        RenderText {#text} at (0,0) size 0x0
      RenderBlock {H1} at (0,688) size 769x38
        RenderText {#text} at (0,0) size 247x36
          text run at (0,0) width 247: "Positioned Images"
      RenderBlock (anonymous) at (0,747) size 769x20
        RenderBR {BR} at (0,0) size 0x19
      RenderBlock {H1} at (0,787) size 769x38
        RenderText {#text} at (0,0) size 219x36
          text run at (0,0) width 219: "Floating Images"
      RenderImage {IMG} at (5,856) size 20x21 [color=#FFFFFF] [bgcolor=#FFA500] [border: (2px solid #000000)]
      RenderImage {IMG} at (35,856) size 20x21 [color=#FFFFFF] [bgcolor=#FFA500] [border: (2px solid #000000)]
      RenderImage {IMG} at (65,856) size 20x21 [color=#FFFFFF] [bgcolor=#FFA500] [border: (2px solid #000000)]
      RenderImage {IMG} at (95,856) size 20x21 [color=#FFFFFF] [bgcolor=#FFA500] [border: (2px solid #000000)]
      RenderBlock (anonymous) at (0,846) size 769x41
        RenderBR {BR} at (120,0) size 0x19
      RenderBlock {HR} at (0,894) size 769x3 [border: (1px inset #000000)]
layer at (13,427) size 20x20
  RenderBlock (positioned) {DIV} at (13,426) size 20x21 [color=#FFFFFF] [bgcolor=#FFA500] [border: (2px solid #000000)]
layer at (43,427) size 20x20
  RenderBlock (positioned) {DIV} at (43,426) size 20x21 [color=#FFFFFF] [bgcolor=#FFA500] [border: (2px solid #000000)]
layer at (73,427) size 20x20
  RenderBlock (positioned) {DIV} at (73,426) size 20x21 [color=#FFFFFF] [bgcolor=#FFA500] [border: (2px solid #000000)]
layer at (103,427) size 20x20
  RenderBlock (positioned) {DIV} at (103,426) size 20x21 [color=#FFFFFF] [bgcolor=#FFA500] [border: (2px solid #000000)]
    RenderBR {BR} at (6,6) size 0x19
    RenderBR {BR} at (6,25) size 0x19
    RenderBR {BR} at (6,44) size 0x19
layer at (13,765) size 20x20
  RenderImage {IMG} at (13,765) size 20x21 [color=#FFFFFF] [bgcolor=#FFA500] [border: (2px solid #000000)]
layer at (43,765) size 20x20
  RenderImage {IMG} at (43,765) size 20x21 [color=#FFFFFF] [bgcolor=#FFA500] [border: (2px solid #000000)]
layer at (73,765) size 20x20
  RenderImage {IMG} at (73,765) size 20x21 [color=#FFFFFF] [bgcolor=#FFA500] [border: (2px solid #000000)]
layer at (103,765) size 20x20
  RenderImage {IMG} at (103,765) size 20x21 [color=#FFFFFF] [bgcolor=#FFA500] [border: (2px solid #000000)]
