layer at (0,0) size 785x1807
  RenderView at (0,0) size 785x600
layer at (0,0) size 785x1807
  RenderBlock {HTML} at (0,0) size 785x1808 [border: (1px solid #000000)]
    RenderBody {BODY} at (9,9) size 767x1790 [bgcolor=#FFFFFF] [border: (1px solid #000000)]
      RenderBlock {H1} at (1,1) size 765x39 [border: (1px solid #000000)]
        RenderText {#text} at (1,1) size 289x36
          text run at (1,1) width 289: "Caption Margin Test"
      RenderBlock {DIV} at (1,61) size 102x22 [border: (1px solid #008000)]
        RenderText {#text} at (1,1) size 39x19
          text run at (1,1) width 39: "100px"
      RenderBlock {DIV} at (1,82) size 52x22 [border: (1px solid #FF0000)]
        RenderText {#text} at (1,1) size 31x19
          text run at (1,1) width 31: "50px"
      RenderBlock {H2} at (1,123) size 765x31 [border: (1px solid #000000)]
        RenderText {#text} at (1,1) size 80x28
          text run at (1,1) width 80: "Control"
      RenderTable {TABLE} at (1,173) size 164x51 [border: (1px solid #000000)]
        RenderBlock {CAPTION} at (0,0) size 164x21 [border: (1px solid #000000)]
          RenderText {#text} at (72,1) size 20x19
            text run at (72,1) width 20: "TA"
        RenderTableSection {TBODY} at (1,22) size 162x27 [border: (1px solid #000000)]
          RenderTableRow {TR} at (0,2) size 162x23 [border: (1px solid #000000)]
            RenderTableCell {TD} at (2,2) size 78x23 [border: (1px solid #000000)] [r=0 c=0 rs=1 cs=1]
              RenderText {#text} at (2,2) size 74x19
                text run at (2,2) width 74: "Table Cell 1"
            RenderTableCell {TD} at (82,2) size 78x23 [border: (1px solid #000000)] [r=0 c=1 rs=1 cs=1]
              RenderText {#text} at (2,2) size 74x19
                text run at (2,2) width 74: "Table Cell 2"
      RenderTable {TABLE} at (1,223) size 320x51 [border: (1px solid #000000)]
        RenderBlock {CAPTION} at (0,0) size 320x21 [border: (1px solid #000000)]
          RenderText {#text} at (150,1) size 20x19
            text run at (150,1) width 20: "TB"
        RenderTableSection {TBODY} at (1,22) size 318x27 [border: (1px solid #000000)]
          RenderTableRow {TR} at (0,2) size 318x23 [border: (1px solid #000000)]
            RenderTableCell {TD} at (2,2) size 156x23 [border: (1px solid #000000)] [r=0 c=0 rs=1 cs=1]
              RenderText {#text} at (2,2) size 152x19
                text run at (2,2) width 152: "Table Cell 1 Table Cell 1"
            RenderTableCell {TD} at (160,2) size 156x23 [border: (1px solid #000000)] [r=0 c=1 rs=1 cs=1]
              RenderText {#text} at (2,2) size 152x19
                text run at (2,2) width 152: "Table Cell 2 Table Cell 2"
      RenderBlock {H2} at (1,293) size 765x31 [border: (1px solid #000000)]
        RenderText {#text} at (1,1) size 285x28
          text run at (1,1) width 285: "Test 1 - \"margin-left: 50px\""
      RenderTable {TABLE} at (1,343) size 164x51 [border: (1px solid #000000)]
        RenderBlock {CAPTION} at (50,0) size 114x21 [border: (1px solid #000000)]
          RenderText {#text} at (47,1) size 20x19
            text run at (47,1) width 20: "TA"
        RenderTableSection {TBODY} at (1,22) size 162x27 [border: (1px solid #000000)]
          RenderTableRow {TR} at (0,2) size 162x23 [border: (1px solid #000000)]
            RenderTableCell {TD} at (2,2) size 78x23 [border: (1px solid #000000)] [r=0 c=0 rs=1 cs=1]
              RenderText {#text} at (2,2) size 74x19
                text run at (2,2) width 74: "Table Cell 1"
            RenderTableCell {TD} at (82,2) size 78x23 [border: (1px solid #000000)] [r=0 c=1 rs=1 cs=1]
              RenderText {#text} at (2,2) size 74x19
                text run at (2,2) width 74: "Table Cell 2"
      RenderTable {TABLE} at (1,393) size 320x51 [border: (1px solid #000000)]
        RenderBlock {CAPTION} at (50,0) size 270x21 [border: (1px solid #000000)]
          RenderText {#text} at (125,1) size 20x19
            text run at (125,1) width 20: "TB"
        RenderTableSection {TBODY} at (1,22) size 318x27 [border: (1px solid #000000)]
          RenderTableRow {TR} at (0,2) size 318x23 [border: (1px solid #000000)]
            RenderTableCell {TD} at (2,2) size 156x23 [border: (1px solid #000000)] [r=0 c=0 rs=1 cs=1]
              RenderText {#text} at (2,2) size 152x19
                text run at (2,2) width 152: "Table Cell 1 Table Cell 1"
            RenderTableCell {TD} at (160,2) size 156x23 [border: (1px solid #000000)] [r=0 c=1 rs=1 cs=1]
              RenderText {#text} at (2,2) size 152x19
                text run at (2,2) width 152: "Table Cell 2 Table Cell 2"
      RenderBlock {H2} at (1,462) size 765x31 [border: (1px solid #000000)]
        RenderText {#text} at (1,1) size 303x28
          text run at (1,1) width 303: "Test 2 - \"margin-right: 50px\""
      RenderTable {TABLE} at (1,512) size 164x51 [border: (1px solid #000000)]
        RenderBlock {CAPTION} at (0,0) size 114x21 [border: (1px solid #000000)]
          RenderText {#text} at (47,1) size 20x19
            text run at (47,1) width 20: "TA"
        RenderTableSection {TBODY} at (1,22) size 162x27 [border: (1px solid #000000)]
          RenderTableRow {TR} at (0,2) size 162x23 [border: (1px solid #000000)]
            RenderTableCell {TD} at (2,2) size 78x23 [border: (1px solid #000000)] [r=0 c=0 rs=1 cs=1]
              RenderText {#text} at (2,2) size 74x19
                text run at (2,2) width 74: "Table Cell 1"
            RenderTableCell {TD} at (82,2) size 78x23 [border: (1px solid #000000)] [r=0 c=1 rs=1 cs=1]
              RenderText {#text} at (2,2) size 74x19
                text run at (2,2) width 74: "Table Cell 2"
      RenderTable {TABLE} at (1,562) size 320x51 [border: (1px solid #000000)]
        RenderBlock {CAPTION} at (0,0) size 270x21 [border: (1px solid #000000)]
          RenderText {#text} at (125,1) size 20x19
            text run at (125,1) width 20: "TB"
        RenderTableSection {TBODY} at (1,22) size 318x27 [border: (1px solid #000000)]
          RenderTableRow {TR} at (0,2) size 318x23 [border: (1px solid #000000)]
            RenderTableCell {TD} at (2,2) size 156x23 [border: (1px solid #000000)] [r=0 c=0 rs=1 cs=1]
              RenderText {#text} at (2,2) size 152x19
                text run at (2,2) width 152: "Table Cell 1 Table Cell 1"
            RenderTableCell {TD} at (160,2) size 156x23 [border: (1px solid #000000)] [r=0 c=1 rs=1 cs=1]
              RenderText {#text} at (2,2) size 152x19
                text run at (2,2) width 152: "Table Cell 2 Table Cell 2"
      RenderBlock {H2} at (1,632) size 765x31 [border: (1px solid #000000)]
        RenderText {#text} at (1,1) size 244x28
          text run at (1,1) width 244: "Test 3 - \"margin: 50px\""
      RenderTable {TABLE} at (1,682) size 164x151 [border: (1px solid #000000)]
        RenderBlock {CAPTION} at (50,50) size 64x21 [border: (1px solid #000000)]
          RenderText {#text} at (22,1) size 20x19
            text run at (22,1) width 20: "TA"
        RenderTableSection {TBODY} at (1,122) size 162x27 [border: (1px solid #000000)]
          RenderTableRow {TR} at (0,2) size 162x23 [border: (1px solid #000000)]
            RenderTableCell {TD} at (2,2) size 78x23 [border: (1px solid #000000)] [r=0 c=0 rs=1 cs=1]
              RenderText {#text} at (2,2) size 74x19
                text run at (2,2) width 74: "Table Cell 1"
            RenderTableCell {TD} at (82,2) size 78x23 [border: (1px solid #000000)] [r=0 c=1 rs=1 cs=1]
              RenderText {#text} at (2,2) size 74x19
                text run at (2,2) width 74: "Table Cell 2"
      RenderTable {TABLE} at (1,832) size 320x151 [border: (1px solid #000000)]
        RenderBlock {CAPTION} at (50,50) size 220x21 [border: (1px solid #000000)]
          RenderText {#text} at (100,1) size 20x19
            text run at (100,1) width 20: "TB"
        RenderTableSection {TBODY} at (1,122) size 318x27 [border: (1px solid #000000)]
          RenderTableRow {TR} at (0,2) size 318x23 [border: (1px solid #000000)]
            RenderTableCell {TD} at (2,2) size 156x23 [border: (1px solid #000000)] [r=0 c=0 rs=1 cs=1]
              RenderText {#text} at (2,2) size 152x19
                text run at (2,2) width 152: "Table Cell 1 Table Cell 1"
            RenderTableCell {TD} at (160,2) size 156x23 [border: (1px solid #000000)] [r=0 c=1 rs=1 cs=1]
              RenderText {#text} at (2,2) size 152x19
                text run at (2,2) width 152: "Table Cell 2 Table Cell 2"
      RenderTable {TABLE} at (1,982) size 476x151 [border: (1px solid #000000)]
        RenderBlock {CAPTION} at (50,50) size 376x21 [border: (1px solid #000000)]
          RenderText {#text} at (178,1) size 20x19
            text run at (178,1) width 20: "TC"
        RenderTableSection {TBODY} at (1,122) size 474x27 [border: (1px solid #000000)]
          RenderTableRow {TR} at (0,2) size 474x23 [border: (1px solid #000000)]
            RenderTableCell {TD} at (2,2) size 234x23 [border: (1px solid #000000)] [r=0 c=0 rs=1 cs=1]
              RenderText {#text} at (2,2) size 230x19
                text run at (2,2) width 230: "Table Cell 1 Table Cell 1 Table Cell 1"
            RenderTableCell {TD} at (238,2) size 234x23 [border: (1px solid #000000)] [r=0 c=1 rs=1 cs=1]
              RenderText {#text} at (2,2) size 230x19
                text run at (2,2) width 230: "Table Cell 2 Table Cell 2 Table Cell 2"
      RenderBlock {H2} at (1,1152) size 765x31 [border: (1px solid #000000)]
        RenderText {#text} at (1,1) size 273x28
          text run at (1,1) width 273: "Test 4 - \"margin-left: 5%\""
      RenderTable {TABLE} at (1,1202) size 164x51 [border: (1px solid #000000)]
        RenderBlock {CAPTION} at (8,0) size 156x21 [border: (1px solid #000000)]
          RenderText {#text} at (67,1) size 21x19
            text run at (67,1) width 21: "TA"
        RenderTableSection {TBODY} at (1,22) size 162x27 [border: (1px solid #000000)]
          RenderTableRow {TR} at (0,2) size 162x23 [border: (1px solid #000000)]
            RenderTableCell {TD} at (2,2) size 78x23 [border: (1px solid #000000)] [r=0 c=0 rs=1 cs=1]
              RenderText {#text} at (2,2) size 74x19
                text run at (2,2) width 74: "Table Cell 1"
            RenderTableCell {TD} at (82,2) size 78x23 [border: (1px solid #000000)] [r=0 c=1 rs=1 cs=1]
              RenderText {#text} at (2,2) size 74x19
                text run at (2,2) width 74: "Table Cell 2"
      RenderTable {TABLE} at (1,1252) size 320x51 [border: (1px solid #000000)]
        RenderBlock {CAPTION} at (16,0) size 304x21 [border: (1px solid #000000)]
          RenderText {#text} at (142,1) size 20x19
            text run at (142,1) width 20: "TB"
        RenderTableSection {TBODY} at (1,22) size 318x27 [border: (1px solid #000000)]
          RenderTableRow {TR} at (0,2) size 318x23 [border: (1px solid #000000)]
            RenderTableCell {TD} at (2,2) size 156x23 [border: (1px solid #000000)] [r=0 c=0 rs=1 cs=1]
              RenderText {#text} at (2,2) size 152x19
                text run at (2,2) width 152: "Table Cell 1 Table Cell 1"
            RenderTableCell {TD} at (160,2) size 156x23 [border: (1px solid #000000)] [r=0 c=1 rs=1 cs=1]
              RenderText {#text} at (2,2) size 152x19
                text run at (2,2) width 152: "Table Cell 2 Table Cell 2"
      RenderBlock {H2} at (1,1322) size 765x31 [border: (1px solid #000000)]
        RenderText {#text} at (1,1) size 291x28
          text run at (1,1) width 291: "Test 5 - \"margin-right: 5%\""
      RenderTable {TABLE} at (1,1372) size 164x51 [border: (1px solid #000000)]
        RenderBlock {CAPTION} at (0,0) size 156x21 [border: (1px solid #000000)]
          RenderText {#text} at (67,1) size 21x19
            text run at (67,1) width 21: "TA"
        RenderTableSection {TBODY} at (1,22) size 162x27 [border: (1px solid #000000)]
          RenderTableRow {TR} at (0,2) size 162x23 [border: (1px solid #000000)]
            RenderTableCell {TD} at (2,2) size 78x23 [border: (1px solid #000000)] [r=0 c=0 rs=1 cs=1]
              RenderText {#text} at (2,2) size 74x19
                text run at (2,2) width 74: "Table Cell 1"
            RenderTableCell {TD} at (82,2) size 78x23 [border: (1px solid #000000)] [r=0 c=1 rs=1 cs=1]
              RenderText {#text} at (2,2) size 74x19
                text run at (2,2) width 74: "Table Cell 2"
      RenderTable {TABLE} at (1,1422) size 320x51 [border: (1px solid #000000)]
        RenderBlock {CAPTION} at (0,0) size 304x21 [border: (1px solid #000000)]
          RenderText {#text} at (142,1) size 20x19
            text run at (142,1) width 20: "TB"
        RenderTableSection {TBODY} at (1,22) size 318x27 [border: (1px solid #000000)]
          RenderTableRow {TR} at (0,2) size 318x23 [border: (1px solid #000000)]
            RenderTableCell {TD} at (2,2) size 156x23 [border: (1px solid #000000)] [r=0 c=0 rs=1 cs=1]
              RenderText {#text} at (2,2) size 152x19
                text run at (2,2) width 152: "Table Cell 1 Table Cell 1"
            RenderTableCell {TD} at (160,2) size 156x23 [border: (1px solid #000000)] [r=0 c=1 rs=1 cs=1]
              RenderText {#text} at (2,2) size 152x19
                text run at (2,2) width 152: "Table Cell 2 Table Cell 2"
      RenderBlock {H2} at (1,1492) size 765x31 [border: (1px solid #000000)]
        RenderText {#text} at (1,1) size 232x28
          text run at (1,1) width 232: "Test 6 - \"margin: 5%\""
      RenderTable {TABLE} at (1,1542) size 164x67 [border: (1px solid #000000)]
        RenderBlock {CAPTION} at (8,8) size 148x22 [border: (1px solid #000000)]
          RenderText {#text} at (63,1) size 21x19
            text run at (63,1) width 21: "TA"
        RenderTableSection {TBODY} at (1,38) size 162x28 [border: (1px solid #000000)]
          RenderTableRow {TR} at (0,2) size 162x23 [border: (1px solid #000000)]
            RenderTableCell {TD} at (2,2) size 78x23 [border: (1px solid #000000)] [r=0 c=0 rs=1 cs=1]
              RenderText {#text} at (2,2) size 74x19
                text run at (2,2) width 74: "Table Cell 1"
            RenderTableCell {TD} at (82,2) size 78x23 [border: (1px solid #000000)] [r=0 c=1 rs=1 cs=1]
              RenderText {#text} at (2,2) size 74x19
                text run at (2,2) width 74: "Table Cell 2"
      RenderTable {TABLE} at (1,1608) size 320x83 [border: (1px solid #000000)]
        RenderBlock {CAPTION} at (16,16) size 288x21 [border: (1px solid #000000)]
          RenderText {#text} at (134,1) size 20x19
            text run at (134,1) width 20: "TB"
        RenderTableSection {TBODY} at (1,54) size 318x27 [border: (1px solid #000000)]
          RenderTableRow {TR} at (0,2) size 318x23 [border: (1px solid #000000)]
            RenderTableCell {TD} at (2,2) size 156x23 [border: (1px solid #000000)] [r=0 c=0 rs=1 cs=1]
              RenderText {#text} at (2,2) size 152x19
                text run at (2,2) width 152: "Table Cell 1 Table Cell 1"
            RenderTableCell {TD} at (160,2) size 156x23 [border: (1px solid #000000)] [r=0 c=1 rs=1 cs=1]
              RenderText {#text} at (2,2) size 152x19
                text run at (2,2) width 152: "Table Cell 2 Table Cell 2"
      RenderTable {TABLE} at (1,1690) size 476x99 [border: (1px solid #000000)]
        RenderBlock {CAPTION} at (23,23) size 430x22 [border: (1px solid #000000)]
          RenderText {#text} at (204,1) size 20x19
            text run at (204,1) width 20: "TB"
        RenderTableSection {TBODY} at (1,69) size 474x28 [border: (1px solid #000000)]
          RenderTableRow {TR} at (0,2) size 474x23 [border: (1px solid #000000)]
            RenderTableCell {TD} at (2,2) size 234x23 [border: (1px solid #000000)] [r=0 c=0 rs=1 cs=1]
              RenderText {#text} at (2,2) size 230x19
                text run at (2,2) width 230: "Table Cell 1 Table Cell 1 Table Cell 1"
            RenderTableCell {TD} at (238,2) size 234x23 [border: (1px solid #000000)] [r=0 c=1 rs=1 cs=1]
              RenderText {#text} at (2,2) size 230x19
                text run at (2,2) width 230: "Table Cell 2 Table Cell 2 Table Cell 2"
