layer at (0,0) size 800x600
  RenderView at (0,0) size 800x600
layer at (0,0) size 800x600
  RenderBlock {HTML} at (0,0) size 800x600
    RenderBody {BODY} at (8,8) size 784x584
      RenderBlock {INPUT} at (3,4) size 14x13
      RenderText {#text} at (20,0) size 210x19
        text run at (20,0) width 210: "This checkbox should be checked."
