layer at (0,0) size 800x600
  RenderView at (0,0) size 800x600
layer at (0,0) size 800x600
  RenderBlock {HTML} at (0,0) size 800x600
    RenderBody {BODY} at (8,8) size 784x576
      RenderBlock {P} at (0,0) size 784x19
        RenderText {#text} at (0,0) size 538x19
          text run at (0,0) width 538: "The following is a test for DOM manipulation within <ruby>: Inserting a new <rt> element"
      RenderBlock {P} at (0,35) size 784x19
        RenderText {#text} at (0,0) size 409x19
          text run at (0,0) width 409: "Both lines should look identical (the first line is the one manipulated)."
      RenderBlock (anonymous) at (0,70) size 784x38
        RenderBR {BR} at (0,0) size 0x19
        RenderBR {BR} at (0,19) size 0x19
      RenderBlock {P} at (0,124) size 784x30
        RenderText {#text} at (0,11) size 146x19
          text run at (0,11) width 146: "<ruby> is defined in the "
        RenderRuby (inline) {RUBY} at (0,0) size 115x19
          RenderRubyRun (anonymous) at (142,11) size 41x19
            RenderRubyText {RT} at (0,-11) size 41x11
              RenderText {#text} at (0,0) size 41x11
                text run at (0,0) width 41: "Hyper-text"
            RenderRubyBase (anonymous) at (0,0) size 41x19
              RenderInline {SPAN} at (0,0) size 21x19
                RenderText {#text} at (10,0) size 21x19
                  text run at (10,0) width 21: "HT"
          RenderRubyRun (anonymous) at (183,11) size 70x19
            RenderRubyText {RT} at (0,-11) size 70x11
              RenderText {#text} at (0,0) size 70x11
                text run at (0,0) width 70: "Markup Language"
            RenderRubyBase (anonymous) at (0,0) size 70x19
              RenderInline {SPAN} at (0,0) size 24x19
                RenderText {#text} at (23,0) size 24x19
                  text run at (23,0) width 24: "ML"
          RenderRubyRun (anonymous) at (253,11) size 8x19
            RenderRubyBase (anonymous) at (0,0) size 8x19
              RenderText {#text} at (0,0) size 8x19
                text run at (0,0) width 8: "5"
        RenderText {#text} at (261,11) size 36x19
          text run at (261,11) width 36: " spec."
      RenderBlock {P} at (0,170) size 784x30
        RenderText {#text} at (0,11) size 146x19
          text run at (0,11) width 146: "<ruby> is defined in the "
        RenderRuby (inline) {RUBY} at (0,0) size 115x19
          RenderRubyRun (anonymous) at (142,11) size 41x19
            RenderRubyText {RT} at (0,-11) size 41x11
              RenderText {#text} at (0,0) size 41x11
                text run at (0,0) width 41: "Hyper-text"
            RenderRubyBase (anonymous) at (0,0) size 41x19
              RenderInline {SPAN} at (0,0) size 21x19
                RenderText {#text} at (10,0) size 21x19
                  text run at (10,0) width 21: "HT"
          RenderRubyRun (anonymous) at (183,11) size 70x19
            RenderRubyText {RT} at (0,-11) size 70x11
              RenderText {#text} at (0,0) size 70x11
                text run at (0,0) width 70: "Markup Language"
            RenderRubyBase (anonymous) at (0,0) size 70x19
              RenderInline {SPAN} at (0,0) size 24x19
                RenderText {#text} at (23,0) size 24x19
                  text run at (23,0) width 24: "ML"
          RenderRubyRun (anonymous) at (253,11) size 8x19
            RenderRubyBase (anonymous) at (0,0) size 8x19
              RenderText {#text} at (0,0) size 8x19
                text run at (0,0) width 8: "5"
        RenderText {#text} at (261,11) size 36x19
          text run at (261,11) width 36: " spec."
