layer at (0,0) size 785x2792
  RenderView at (0,0) size 785x600
layer at (0,0) size 785x2792
  RenderBlock {HTML} at (0,0) size 785x2792
    RenderBody {BODY} at (8,16) size 769x2760
layer at (8,16) size 760x421
  RenderBlock {DIV} at (0,0) size 760x421 [border: (5px solid #800000)]
    RenderBlock (anonymous multi-column span) at (5,24) size 750x68
      RenderBlock {H2} at (0,19) size 750x29 [bgcolor=#EEEEEE]
        RenderText {#text} at (0,0) size 274x28
          text run at (0,0) width 274: "This is a spanning element."
layer at (13,21) size 750x19
  RenderBlock (anonymous multi-column) at (5,5) size 750x19
    RenderBlock (generated) at (0,0) size 367x19 [bgcolor=#FFFF00]
      RenderText at (0,0) size 160x19
        text run at (0,0) width 160: "Before Generated Content"
layer at (13,108) size 750x324
  RenderBlock (anonymous multi-column) at (5,91) size 750x325
    RenderBlock (anonymous) at (0,0) size 367x609
      RenderText {#text} at (0,0) size 367x609
        text run at (0,0) width 337: "Lorem ipsum dolor sit amet, consectetuer adipiscing elit."
        text run at (0,19) width 367: "Nulla varius enim ac mi. Curabitur sollicitudin felis quis lectus."
        text run at (0,38) width 362: "Quisque adipiscing rhoncus sem. Proin nulla purus, vulputate"
        text run at (0,57) width 358: "vel, varius ut, euismod et, nisi. Sed vitae felis vel orci sagittis"
        text run at (0,76) width 365: "aliquam. Cras convallis adipiscing sem. Nam nonummy enim."
        text run at (0,95) width 329: "Nullam bibendum lobortis neque. Vestibulum velit orci,"
        text run at (0,114) width 309: "tempus euismod, pretium quis, interdum vitae, nulla."
        text run at (0,133) width 321: "Phasellus eget ante et tortor condimentum vestibulum."
        text run at (0,152) width 360: "Suspendisse hendrerit quam nec felis. Sed varius turpis vitae"
        text run at (0,171) width 350: "pede. Lorem ipsum dolor sit amet, consectetuer adipiscing"
        text run at (0,190) width 25: "elit. "
        text run at (25,190) width 337: "Lorem ipsum dolor sit amet, consectetuer adipiscing elit."
        text run at (0,209) width 367: "Nulla varius enim ac mi. Curabitur sollicitudin felis quis lectus."
        text run at (0,228) width 362: "Quisque adipiscing rhoncus sem. Proin nulla purus, vulputate"
        text run at (0,247) width 358: "vel, varius ut, euismod et, nisi. Sed vitae felis vel orci sagittis"
        text run at (0,266) width 365: "aliquam. Cras convallis adipiscing sem. Nam nonummy enim."
        text run at (0,285) width 329: "Nullam bibendum lobortis neque. Vestibulum velit orci,"
        text run at (0,304) width 309: "tempus euismod, pretium quis, interdum vitae, nulla."
        text run at (0,324) width 321: "Phasellus eget ante et tortor condimentum vestibulum."
        text run at (0,343) width 360: "Suspendisse hendrerit quam nec felis. Sed varius turpis vitae"
        text run at (0,362) width 350: "pede. Lorem ipsum dolor sit amet, consectetuer adipiscing"
        text run at (0,381) width 25: "elit. "
        text run at (25,381) width 337: "Lorem ipsum dolor sit amet, consectetuer adipiscing elit."
        text run at (0,400) width 367: "Nulla varius enim ac mi. Curabitur sollicitudin felis quis lectus."
        text run at (0,419) width 362: "Quisque adipiscing rhoncus sem. Proin nulla purus, vulputate"
        text run at (0,438) width 358: "vel, varius ut, euismod et, nisi. Sed vitae felis vel orci sagittis"
        text run at (0,457) width 365: "aliquam. Cras convallis adipiscing sem. Nam nonummy enim."
        text run at (0,476) width 329: "Nullam bibendum lobortis neque. Vestibulum velit orci,"
        text run at (0,495) width 309: "tempus euismod, pretium quis, interdum vitae, nulla."
        text run at (0,514) width 321: "Phasellus eget ante et tortor condimentum vestibulum."
        text run at (0,533) width 360: "Suspendisse hendrerit quam nec felis. Sed varius turpis vitae"
        text run at (0,552) width 350: "pede. Lorem ipsum dolor sit amet, consectetuer adipiscing"
        text run at (0,571) width 25: "elit. "
        text run at (25,571) width 337: "Lorem ipsum dolor sit amet, consectetuer adipiscing elit."
        text run at (0,590) width 143: "Nulla varius enim ac mi."
    RenderBlock (generated) at (0,609) size 367x20 [bgcolor=#FFFF00]
      RenderText at (0,0) size 150x19
        text run at (0,0) width 150: "After Generated Content"
layer at (8,453) size 760x421
  RenderBlock {DIV} at (0,436) size 760x422 [border: (5px solid #800000)]
    RenderBlock (anonymous multi-column span) at (5,329) size 750x68
      RenderBlock {H2} at (0,19) size 750x29 [bgcolor=#EEEEEE]
        RenderText {#text} at (0,0) size 274x28
          text run at (0,0) width 274: "This is a spanning element."
layer at (13,458) size 750x324
  RenderBlock (anonymous multi-column) at (5,5) size 750x324
    RenderBlock (generated) at (0,0) size 367x19 [bgcolor=#FFFF00]
      RenderText at (0,0) size 160x19
        text run at (0,0) width 160: "Before Generated Content"
    RenderBlock (anonymous) at (0,19) size 367x609
      RenderText {#text} at (0,0) size 367x609
        text run at (0,0) width 337: "Lorem ipsum dolor sit amet, consectetuer adipiscing elit."
        text run at (0,19) width 367: "Nulla varius enim ac mi. Curabitur sollicitudin felis quis lectus."
        text run at (0,38) width 362: "Quisque adipiscing rhoncus sem. Proin nulla purus, vulputate"
        text run at (0,57) width 358: "vel, varius ut, euismod et, nisi. Sed vitae felis vel orci sagittis"
        text run at (0,76) width 365: "aliquam. Cras convallis adipiscing sem. Nam nonummy enim."
        text run at (0,95) width 329: "Nullam bibendum lobortis neque. Vestibulum velit orci,"
        text run at (0,114) width 309: "tempus euismod, pretium quis, interdum vitae, nulla."
        text run at (0,133) width 321: "Phasellus eget ante et tortor condimentum vestibulum."
        text run at (0,152) width 360: "Suspendisse hendrerit quam nec felis. Sed varius turpis vitae"
        text run at (0,171) width 350: "pede. Lorem ipsum dolor sit amet, consectetuer adipiscing"
        text run at (0,190) width 25: "elit. "
        text run at (25,190) width 337: "Lorem ipsum dolor sit amet, consectetuer adipiscing elit."
        text run at (0,209) width 367: "Nulla varius enim ac mi. Curabitur sollicitudin felis quis lectus."
        text run at (0,228) width 362: "Quisque adipiscing rhoncus sem. Proin nulla purus, vulputate"
        text run at (0,247) width 358: "vel, varius ut, euismod et, nisi. Sed vitae felis vel orci sagittis"
        text run at (0,266) width 365: "aliquam. Cras convallis adipiscing sem. Nam nonummy enim."
        text run at (0,285) width 329: "Nullam bibendum lobortis neque. Vestibulum velit orci,"
        text run at (0,305) width 309: "tempus euismod, pretium quis, interdum vitae, nulla."
        text run at (0,324) width 321: "Phasellus eget ante et tortor condimentum vestibulum."
        text run at (0,343) width 360: "Suspendisse hendrerit quam nec felis. Sed varius turpis vitae"
        text run at (0,362) width 350: "pede. Lorem ipsum dolor sit amet, consectetuer adipiscing"
        text run at (0,381) width 25: "elit. "
        text run at (25,381) width 337: "Lorem ipsum dolor sit amet, consectetuer adipiscing elit."
        text run at (0,400) width 367: "Nulla varius enim ac mi. Curabitur sollicitudin felis quis lectus."
        text run at (0,419) width 362: "Quisque adipiscing rhoncus sem. Proin nulla purus, vulputate"
        text run at (0,438) width 358: "vel, varius ut, euismod et, nisi. Sed vitae felis vel orci sagittis"
        text run at (0,457) width 365: "aliquam. Cras convallis adipiscing sem. Nam nonummy enim."
        text run at (0,476) width 329: "Nullam bibendum lobortis neque. Vestibulum velit orci,"
        text run at (0,495) width 309: "tempus euismod, pretium quis, interdum vitae, nulla."
        text run at (0,514) width 321: "Phasellus eget ante et tortor condimentum vestibulum."
        text run at (0,533) width 360: "Suspendisse hendrerit quam nec felis. Sed varius turpis vitae"
        text run at (0,552) width 350: "pede. Lorem ipsum dolor sit amet, consectetuer adipiscing"
        text run at (0,571) width 25: "elit. "
        text run at (25,571) width 337: "Lorem ipsum dolor sit amet, consectetuer adipiscing elit."
        text run at (0,590) width 143: "Nulla varius enim ac mi."
layer at (13,850) size 750x19
  RenderBlock (anonymous multi-column) at (5,396) size 750x20
    RenderBlock (generated) at (0,0) size 367x20 [bgcolor=#FFFF00]
      RenderText at (0,0) size 150x19
        text run at (0,0) width 150: "After Generated Content"
layer at (8,890) size 760x452
  RenderBlock {DIV} at (0,873) size 760x454 [border: (5px solid #800000)]
    RenderBlock (anonymous multi-column span) at (5,154) size 750x68
      RenderBlock {H2} at (0,19) size 750x29 [bgcolor=#EEEEEE]
        RenderText {#text} at (0,0) size 274x28
          text run at (0,0) width 274: "This is a spanning element."
layer at (13,895) size 750x149
  RenderBlock (anonymous multi-column) at (5,5) size 750x149
    RenderBlock (generated) at (0,0) size 367x19 [bgcolor=#FFFF00]
      RenderText at (0,0) size 160x19
        text run at (0,0) width 160: "Before Generated Content"
    RenderBlock {P} at (0,35) size 367x228
      RenderText {#text} at (0,0) size 367x228
        text run at (0,0) width 337: "Lorem ipsum dolor sit amet, consectetuer adipiscing elit."
        text run at (0,19) width 367: "Nulla varius enim ac mi. Curabitur sollicitudin felis quis lectus."
        text run at (0,38) width 362: "Quisque adipiscing rhoncus sem. Proin nulla purus, vulputate"
        text run at (0,57) width 358: "vel, varius ut, euismod et, nisi. Sed vitae felis vel orci sagittis"
        text run at (0,76) width 365: "aliquam. Cras convallis adipiscing sem. Nam nonummy enim."
        text run at (0,95) width 329: "Nullam bibendum lobortis neque. Vestibulum velit orci,"
        text run at (0,114) width 309: "tempus euismod, pretium quis, interdum vitae, nulla."
        text run at (0,133) width 321: "Phasellus eget ante et tortor condimentum vestibulum."
        text run at (0,152) width 360: "Suspendisse hendrerit quam nec felis. Sed varius turpis vitae"
        text run at (0,171) width 350: "pede. Lorem ipsum dolor sit amet, consectetuer adipiscing"
        text run at (0,190) width 25: "elit. "
        text run at (25,190) width 337: "Lorem ipsum dolor sit amet, consectetuer adipiscing elit."
        text run at (0,209) width 143: "Nulla varius enim ac mi."
layer at (13,1111) size 750x226
  RenderBlock (anonymous multi-column) at (5,221) size 750x227
    RenderBlock {P} at (0,16) size 367x400
      RenderText {#text} at (0,0) size 367x400
        text run at (0,0) width 337: "Lorem ipsum dolor sit amet, consectetuer adipiscing elit."
        text run at (0,19) width 367: "Nulla varius enim ac mi. Curabitur sollicitudin felis quis lectus."
        text run at (0,38) width 362: "Quisque adipiscing rhoncus sem. Proin nulla purus, vulputate"
        text run at (0,57) width 358: "vel, varius ut, euismod et, nisi. Sed vitae felis vel orci sagittis"
        text run at (0,76) width 365: "aliquam. Cras convallis adipiscing sem. Nam nonummy enim."
        text run at (0,95) width 329: "Nullam bibendum lobortis neque. Vestibulum velit orci,"
        text run at (0,114) width 309: "tempus euismod, pretium quis, interdum vitae, nulla."
        text run at (0,133) width 321: "Phasellus eget ante et tortor condimentum vestibulum."
        text run at (0,152) width 360: "Suspendisse hendrerit quam nec felis. Sed varius turpis vitae"
        text run at (0,171) width 350: "pede. Lorem ipsum dolor sit amet, consectetuer adipiscing"
        text run at (0,190) width 25: "elit. "
        text run at (25,190) width 337: "Lorem ipsum dolor sit amet, consectetuer adipiscing elit."
        text run at (0,210) width 367: "Nulla varius enim ac mi. Curabitur sollicitudin felis quis lectus."
        text run at (0,229) width 362: "Quisque adipiscing rhoncus sem. Proin nulla purus, vulputate"
        text run at (0,248) width 358: "vel, varius ut, euismod et, nisi. Sed vitae felis vel orci sagittis"
        text run at (0,267) width 365: "aliquam. Cras convallis adipiscing sem. Nam nonummy enim."
        text run at (0,286) width 329: "Nullam bibendum lobortis neque. Vestibulum velit orci,"
        text run at (0,305) width 309: "tempus euismod, pretium quis, interdum vitae, nulla."
        text run at (0,324) width 321: "Phasellus eget ante et tortor condimentum vestibulum."
        text run at (0,343) width 360: "Suspendisse hendrerit quam nec felis. Sed varius turpis vitae"
        text run at (0,362) width 350: "pede. Lorem ipsum dolor sit amet, consectetuer adipiscing"
        text run at (0,381) width 21: "elit."
    RenderBlock (generated) at (0,432) size 367x20 [bgcolor=#FFFF00]
      RenderText at (0,0) size 150x19
        text run at (0,0) width 150: "After Generated Content"
layer at (8,1358) size 760x457
  RenderBlock {DIV} at (0,1342) size 760x458 [border: (5px solid #800000)]
    RenderBlock (anonymous multi-column span) at (5,139) size 750x68
      RenderBlock {H2} at (0,19) size 750x29 [bgcolor=#EEEEEE]
        RenderText {#text} at (0,0) size 274x28
          text run at (0,0) width 274: "This is a spanning element."
layer at (13,1363) size 750x134
  RenderBlock (anonymous multi-column) at (5,5) size 750x134
    RenderBlock (generated) at (0,0) size 367x19 [bgcolor=#FFFF00]
      RenderText at (0,0) size 160x19
        text run at (0,0) width 160: "Before Generated Content"
    RenderBlock (anonymous) at (0,19) size 367x229
      RenderText {#text} at (0,0) size 367x229
        text run at (0,0) width 337: "Lorem ipsum dolor sit amet, consectetuer adipiscing elit."
        text run at (0,19) width 367: "Nulla varius enim ac mi. Curabitur sollicitudin felis quis lectus."
        text run at (0,38) width 362: "Quisque adipiscing rhoncus sem. Proin nulla purus, vulputate"
        text run at (0,57) width 358: "vel, varius ut, euismod et, nisi. Sed vitae felis vel orci sagittis"
        text run at (0,76) width 365: "aliquam. Cras convallis adipiscing sem. Nam nonummy enim."
        text run at (0,95) width 329: "Nullam bibendum lobortis neque. Vestibulum velit orci,"
        text run at (0,115) width 309: "tempus euismod, pretium quis, interdum vitae, nulla."
        text run at (0,134) width 321: "Phasellus eget ante et tortor condimentum vestibulum."
        text run at (0,153) width 360: "Suspendisse hendrerit quam nec felis. Sed varius turpis vitae"
        text run at (0,172) width 350: "pede. Lorem ipsum dolor sit amet, consectetuer adipiscing"
        text run at (0,191) width 25: "elit. "
        text run at (25,191) width 337: "Lorem ipsum dolor sit amet, consectetuer adipiscing elit."
        text run at (0,210) width 143: "Nulla varius enim ac mi."
layer at (13,1565) size 750x245
  RenderBlock (anonymous multi-column) at (5,206) size 750x246
    RenderBlock (anonymous) at (0,0) size 367x209
      RenderInline {SPAN} at (0,0) size 40x19
        RenderText {#text} at (0,0) size 40x19
          text run at (0,0) width 40: "Lorem"
      RenderText {#text} at (40,0) size 367x209
        text run at (40,0) width 297: " ipsum dolor sit amet, consectetuer adipiscing elit."
        text run at (0,19) width 367: "Nulla varius enim ac mi. Curabitur sollicitudin felis quis lectus."
        text run at (0,38) width 362: "Quisque adipiscing rhoncus sem. Proin nulla purus, vulputate"
        text run at (0,57) width 358: "vel, varius ut, euismod et, nisi. Sed vitae felis vel orci sagittis"
        text run at (0,76) width 365: "aliquam. Cras convallis adipiscing sem. Nam nonummy enim."
        text run at (0,95) width 329: "Nullam bibendum lobortis neque. Vestibulum velit orci,"
        text run at (0,114) width 309: "tempus euismod, pretium quis, interdum vitae, nulla."
        text run at (0,133) width 321: "Phasellus eget ante et tortor condimentum vestibulum."
        text run at (0,152) width 360: "Suspendisse hendrerit quam nec felis. Sed varius turpis vitae"
        text run at (0,171) width 350: "pede. Lorem ipsum dolor sit amet, consectetuer adipiscing"
        text run at (0,190) width 21: "elit."
    RenderBlock {P} at (0,225) size 367x210
      RenderText {#text} at (0,0) size 367x210
        text run at (0,0) width 337: "Lorem ipsum dolor sit amet, consectetuer adipiscing elit."
        text run at (0,20) width 367: "Nulla varius enim ac mi. Curabitur sollicitudin felis quis lectus."
        text run at (0,39) width 362: "Quisque adipiscing rhoncus sem. Proin nulla purus, vulputate"
        text run at (0,58) width 358: "vel, varius ut, euismod et, nisi. Sed vitae felis vel orci sagittis"
        text run at (0,77) width 365: "aliquam. Cras convallis adipiscing sem. Nam nonummy enim."
        text run at (0,96) width 329: "Nullam bibendum lobortis neque. Vestibulum velit orci,"
        text run at (0,115) width 309: "tempus euismod, pretium quis, interdum vitae, nulla."
        text run at (0,134) width 321: "Phasellus eget ante et tortor condimentum vestibulum."
        text run at (0,153) width 360: "Suspendisse hendrerit quam nec felis. Sed varius turpis vitae"
        text run at (0,172) width 350: "pede. Lorem ipsum dolor sit amet, consectetuer adipiscing"
        text run at (0,191) width 21: "elit."
    RenderBlock (generated) at (0,451) size 367x20 [bgcolor=#FFFF00]
      RenderText at (0,0) size 150x19
        text run at (0,0) width 150: "After Generated Content"
layer at (8,1831) size 760x457
  RenderBlock {DIV} at (0,1815) size 760x458 [border: (5px solid #800000)]
    RenderBlock (anonymous multi-column span) at (5,253) size 750x68
      RenderBlock {H2} at (0,19) size 750x29 [bgcolor=#EEEEEE]
        RenderText {#text} at (0,0) size 274x28
          text run at (0,0) width 274: "This is a spanning element."
layer at (13,1836) size 750x248
  RenderBlock (anonymous multi-column) at (5,5) size 750x248
    RenderBlock (generated) at (0,0) size 367x19 [bgcolor=#FFFF00]
      RenderText at (0,0) size 160x19
        text run at (0,0) width 160: "Before Generated Content"
    RenderBlock (anonymous) at (0,19) size 367x209
      RenderInline {SPAN} at (0,0) size 367x209
        RenderText {#text} at (0,0) size 367x209
          text run at (0,0) width 337: "Lorem ipsum dolor sit amet, consectetuer adipiscing elit."
          text run at (0,19) width 367: "Nulla varius enim ac mi. Curabitur sollicitudin felis quis lectus."
          text run at (0,38) width 362: "Quisque adipiscing rhoncus sem. Proin nulla purus, vulputate"
          text run at (0,57) width 358: "vel, varius ut, euismod et, nisi. Sed vitae felis vel orci sagittis"
          text run at (0,76) width 365: "aliquam. Cras convallis adipiscing sem. Nam nonummy enim."
          text run at (0,95) width 329: "Nullam bibendum lobortis neque. Vestibulum velit orci,"
          text run at (0,114) width 309: "tempus euismod, pretium quis, interdum vitae, nulla."
          text run at (0,133) width 321: "Phasellus eget ante et tortor condimentum vestibulum."
          text run at (0,152) width 360: "Suspendisse hendrerit quam nec felis. Sed varius turpis vitae"
          text run at (0,171) width 350: "pede. Lorem ipsum dolor sit amet, consectetuer adipiscing"
          text run at (0,190) width 21: "elit."
    RenderBlock (anonymous) at (0,228) size 367x39
      RenderBlock {SPAN} at (0,0) size 367x39
        RenderText {#text} at (0,0) size 337x39
          text run at (0,0) width 337: "Lorem ipsum dolor sit amet, consectetuer adipiscing elit."
          text run at (0,20) width 143: "Nulla varius enim ac mi."
    RenderBlock (anonymous) at (0,267) size 367x209
      RenderInline {SPAN} at (0,0) size 40x19
        RenderText {#text} at (0,0) size 40x19
          text run at (0,0) width 40: "Lorem"
      RenderText {#text} at (40,0) size 367x209
        text run at (40,0) width 297: " ipsum dolor sit amet, consectetuer adipiscing elit."
        text run at (0,19) width 367: "Nulla varius enim ac mi. Curabitur sollicitudin felis quis lectus."
        text run at (0,38) width 362: "Quisque adipiscing rhoncus sem. Proin nulla purus, vulputate"
        text run at (0,57) width 358: "vel, varius ut, euismod et, nisi. Sed vitae felis vel orci sagittis"
        text run at (0,76) width 365: "aliquam. Cras convallis adipiscing sem. Nam nonummy enim."
        text run at (0,95) width 329: "Nullam bibendum lobortis neque. Vestibulum velit orci,"
        text run at (0,114) width 309: "tempus euismod, pretium quis, interdum vitae, nulla."
        text run at (0,133) width 321: "Phasellus eget ante et tortor condimentum vestibulum."
        text run at (0,152) width 360: "Suspendisse hendrerit quam nec felis. Sed varius turpis vitae"
        text run at (0,171) width 350: "pede. Lorem ipsum dolor sit amet, consectetuer adipiscing"
        text run at (0,190) width 21: "elit."
layer at (13,2152) size 750x131
  RenderBlock (anonymous multi-column) at (5,320) size 750x132
    RenderBlock {P} at (0,16) size 367x210
      RenderText {#text} at (0,0) size 367x210
        text run at (0,0) width 337: "Lorem ipsum dolor sit amet, consectetuer adipiscing elit."
        text run at (0,19) width 367: "Nulla varius enim ac mi. Curabitur sollicitudin felis quis lectus."
        text run at (0,38) width 362: "Quisque adipiscing rhoncus sem. Proin nulla purus, vulputate"
        text run at (0,57) width 358: "vel, varius ut, euismod et, nisi. Sed vitae felis vel orci sagittis"
        text run at (0,76) width 365: "aliquam. Cras convallis adipiscing sem. Nam nonummy enim."
        text run at (0,95) width 329: "Nullam bibendum lobortis neque. Vestibulum velit orci,"
        text run at (0,115) width 309: "tempus euismod, pretium quis, interdum vitae, nulla."
        text run at (0,134) width 321: "Phasellus eget ante et tortor condimentum vestibulum."
        text run at (0,153) width 360: "Suspendisse hendrerit quam nec felis. Sed varius turpis vitae"
        text run at (0,172) width 350: "pede. Lorem ipsum dolor sit amet, consectetuer adipiscing"
        text run at (0,191) width 21: "elit."
    RenderBlock (generated) at (0,242) size 367x20 [bgcolor=#FFFF00]
      RenderText at (0,0) size 150x19
        text run at (0,0) width 150: "After Generated Content"
layer at (8,2304) size 760x472
  RenderBlock {DIV} at (0,2288) size 760x472 [border: (5px solid #800000)]
    RenderBlock (anonymous multi-column span) at (5,284) size 750x68
      RenderBlock {H2} at (0,19) size 750x29 [bgcolor=#EEEEEE]
        RenderText {#text} at (0,0) size 274x28
          text run at (0,0) width 274: "This is a spanning element."
layer at (13,2309) size 750x279
  RenderBlock (anonymous multi-column) at (5,5) size 750x279
    RenderBlock (generated) at (0,0) size 367x19 [bgcolor=#FFFF00]
      RenderText at (0,0) size 160x19
        text run at (0,0) width 160: "Before Generated Content"
    RenderBlock {P} at (0,35) size 367x209
      RenderText {#text} at (0,0) size 367x209
        text run at (0,0) width 337: "Lorem ipsum dolor sit amet, consectetuer adipiscing elit."
        text run at (0,19) width 367: "Nulla varius enim ac mi. Curabitur sollicitudin felis quis lectus."
        text run at (0,38) width 362: "Quisque adipiscing rhoncus sem. Proin nulla purus, vulputate"
        text run at (0,57) width 358: "vel, varius ut, euismod et, nisi. Sed vitae felis vel orci sagittis"
        text run at (0,76) width 365: "aliquam. Cras convallis adipiscing sem. Nam nonummy enim."
        text run at (0,95) width 329: "Nullam bibendum lobortis neque. Vestibulum velit orci,"
        text run at (0,114) width 309: "tempus euismod, pretium quis, interdum vitae, nulla."
        text run at (0,133) width 321: "Phasellus eget ante et tortor condimentum vestibulum."
        text run at (0,152) width 360: "Suspendisse hendrerit quam nec felis. Sed varius turpis vitae"
        text run at (0,171) width 350: "pede. Lorem ipsum dolor sit amet, consectetuer adipiscing"
        text run at (0,190) width 21: "elit."
    RenderBlock {P} at (0,260) size 367x38
      RenderText {#text} at (0,0) size 337x38
        text run at (0,0) width 337: "Lorem ipsum dolor sit amet, consectetuer adipiscing elit."
        text run at (0,19) width 143: "Nulla varius enim ac mi."
    RenderBlock {P} at (0,314) size 367x209
      RenderText {#text} at (0,0) size 367x209
        text run at (0,0) width 337: "Lorem ipsum dolor sit amet, consectetuer adipiscing elit."
        text run at (0,19) width 367: "Nulla varius enim ac mi. Curabitur sollicitudin felis quis lectus."
        text run at (0,38) width 362: "Quisque adipiscing rhoncus sem. Proin nulla purus, vulputate"
        text run at (0,57) width 358: "vel, varius ut, euismod et, nisi. Sed vitae felis vel orci sagittis"
        text run at (0,76) width 365: "aliquam. Cras convallis adipiscing sem. Nam nonummy enim."
        text run at (0,95) width 329: "Nullam bibendum lobortis neque. Vestibulum velit orci,"
        text run at (0,114) width 309: "tempus euismod, pretium quis, interdum vitae, nulla."
        text run at (0,133) width 321: "Phasellus eget ante et tortor condimentum vestibulum."
        text run at (0,152) width 360: "Suspendisse hendrerit quam nec felis. Sed varius turpis vitae"
        text run at (0,171) width 350: "pede. Lorem ipsum dolor sit amet, consectetuer adipiscing"
        text run at (0,190) width 21: "elit."
layer at (13,2656) size 750x115
  RenderBlock (anonymous multi-column) at (5,351) size 750x116
    RenderBlock (anonymous) at (0,0) size 367x19
      RenderInline {SPAN} at (0,0) size 337x19
        RenderText {#text} at (0,0) size 337x19
          text run at (0,0) width 337: "Lorem ipsum dolor sit amet, consectetuer adipiscing elit."
    RenderBlock (anonymous) at (0,19) size 367x19
      RenderBlock {SPAN} at (0,0) size 367x19
        RenderText {#text} at (0,0) size 143x19
          text run at (0,0) width 143: "Nulla varius enim ac mi."
    RenderBlock (anonymous) at (0,38) size 367x172
      RenderInline {SPAN} at (0,0) size 364x172
        RenderText {#text} at (0,0) size 364x172
          text run at (0,0) width 337: "Curabitur sollicitudin felis quis lectus. Quisque adipiscing"
          text run at (0,19) width 328: "rhoncus sem. Proin nulla purus, vulputate vel, varius ut,"
          text run at (0,38) width 362: "euismod et, nisi. Sed vitae felis vel orci sagittis aliquam. Cras"
          text run at (0,57) width 325: "convallis adipiscing sem. Nam nonummy enim. Nullam"
          text run at (0,77) width 329: "bibendum lobortis neque. Vestibulum velit orci, tempus"
          text run at (0,96) width 350: "euismod, pretium quis, interdum vitae, nulla. Phasellus eget"
          text run at (0,115) width 311: "ante et tortor condimentum vestibulum. Suspendisse"
          text run at (0,134) width 364: "hendrerit quam nec felis. Sed varius turpis vitae pede. Lorem"
          text run at (0,153) width 293: "ipsum dolor sit amet, consectetuer adipiscing elit."
      RenderText {#text} at (0,0) size 0x0
    RenderBlock (generated) at (0,210) size 367x20 [bgcolor=#FFFF00]
      RenderText at (0,0) size 150x19
        text run at (0,0) width 150: "After Generated Content"
