layer at (0,0) size 785x2411
  RenderView at (0,0) size 785x600
layer at (0,0) size 785x2411
  RenderBlock {HTML} at (0,0) size 785x2411
    RenderBody {BODY} at (8,8) size 769x2387
      RenderBlock (anonymous) at (0,0) size 769x19
        RenderText {#text} at (0,0) size 749x19
          text run at (0,0) width 749: "In this test, all of the spanning elements have their spans turned off dynamically, and so they should just be in the column flow."
        RenderText {#text} at (0,0) size 0x0
layer at (8,43) size 760x358
  RenderBlock {DIV} at (0,35) size 760x358 [border: (5px solid #800000)]
    RenderBlock {H2} at (5,24) size 367x29 [bgcolor=#EEEEEE]
      RenderText {#text} at (0,0) size 274x28
        text run at (0,0) width 274: "This is a spanning element."
    RenderBlock (anonymous) at (5,72) size 367x623
      RenderText {#text} at (0,0) size 367x622
        text run at (0,0) width 337: "Lorem ipsum dolor sit amet, consectetuer adipiscing elit."
        text run at (0,19) width 367: "Nulla varius enim ac mi. Curabitur sollicitudin felis quis lectus."
        text run at (0,38) width 362: "Quisque adipiscing rhoncus sem. Proin nulla purus, vulputate"
        text run at (0,57) width 358: "vel, varius ut, euismod et, nisi. Sed vitae felis vel orci sagittis"
        text run at (0,76) width 365: "aliquam. Cras convallis adipiscing sem. Nam nonummy enim."
        text run at (0,95) width 329: "Nullam bibendum lobortis neque. Vestibulum velit orci,"
        text run at (0,114) width 309: "tempus euismod, pretium quis, interdum vitae, nulla."
        text run at (0,133) width 321: "Phasellus eget ante et tortor condimentum vestibulum."
        text run at (0,152) width 360: "Suspendisse hendrerit quam nec felis. Sed varius turpis vitae"
        text run at (0,171) width 350: "pede. Lorem ipsum dolor sit amet, consectetuer adipiscing"
        text run at (0,190) width 25: "elit. "
        text run at (25,190) width 337: "Lorem ipsum dolor sit amet, consectetuer adipiscing elit."
        text run at (0,209) width 367: "Nulla varius enim ac mi. Curabitur sollicitudin felis quis lectus."
        text run at (0,228) width 362: "Quisque adipiscing rhoncus sem. Proin nulla purus, vulputate"
        text run at (0,247) width 358: "vel, varius ut, euismod et, nisi. Sed vitae felis vel orci sagittis"
        text run at (0,280) width 365: "aliquam. Cras convallis adipiscing sem. Nam nonummy enim."
        text run at (0,299) width 329: "Nullam bibendum lobortis neque. Vestibulum velit orci,"
        text run at (0,318) width 309: "tempus euismod, pretium quis, interdum vitae, nulla."
        text run at (0,337) width 321: "Phasellus eget ante et tortor condimentum vestibulum."
        text run at (0,356) width 360: "Suspendisse hendrerit quam nec felis. Sed varius turpis vitae"
        text run at (0,375) width 350: "pede. Lorem ipsum dolor sit amet, consectetuer adipiscing"
        text run at (0,394) width 25: "elit. "
        text run at (25,394) width 337: "Lorem ipsum dolor sit amet, consectetuer adipiscing elit."
        text run at (0,413) width 367: "Nulla varius enim ac mi. Curabitur sollicitudin felis quis lectus."
        text run at (0,432) width 362: "Quisque adipiscing rhoncus sem. Proin nulla purus, vulputate"
        text run at (0,451) width 358: "vel, varius ut, euismod et, nisi. Sed vitae felis vel orci sagittis"
        text run at (0,470) width 365: "aliquam. Cras convallis adipiscing sem. Nam nonummy enim."
        text run at (0,489) width 329: "Nullam bibendum lobortis neque. Vestibulum velit orci,"
        text run at (0,508) width 309: "tempus euismod, pretium quis, interdum vitae, nulla."
        text run at (0,527) width 321: "Phasellus eget ante et tortor condimentum vestibulum."
        text run at (0,546) width 360: "Suspendisse hendrerit quam nec felis. Sed varius turpis vitae"
        text run at (0,565) width 350: "pede. Lorem ipsum dolor sit amet, consectetuer adipiscing"
        text run at (0,584) width 25: "elit. "
        text run at (25,584) width 337: "Lorem ipsum dolor sit amet, consectetuer adipiscing elit."
        text run at (0,603) width 143: "Nulla varius enim ac mi."
layer at (8,417) size 760x356
  RenderBlock {DIV} at (0,409) size 760x356 [border: (5px solid #800000)]
    RenderBlock (anonymous) at (5,5) size 367x612
      RenderText {#text} at (0,0) size 367x612
        text run at (0,0) width 337: "Lorem ipsum dolor sit amet, consectetuer adipiscing elit."
        text run at (0,19) width 367: "Nulla varius enim ac mi. Curabitur sollicitudin felis quis lectus."
        text run at (0,38) width 362: "Quisque adipiscing rhoncus sem. Proin nulla purus, vulputate"
        text run at (0,57) width 358: "vel, varius ut, euismod et, nisi. Sed vitae felis vel orci sagittis"
        text run at (0,76) width 365: "aliquam. Cras convallis adipiscing sem. Nam nonummy enim."
        text run at (0,95) width 329: "Nullam bibendum lobortis neque. Vestibulum velit orci,"
        text run at (0,114) width 309: "tempus euismod, pretium quis, interdum vitae, nulla."
        text run at (0,133) width 321: "Phasellus eget ante et tortor condimentum vestibulum."
        text run at (0,152) width 360: "Suspendisse hendrerit quam nec felis. Sed varius turpis vitae"
        text run at (0,171) width 350: "pede. Lorem ipsum dolor sit amet, consectetuer adipiscing"
        text run at (0,190) width 25: "elit. "
        text run at (25,190) width 337: "Lorem ipsum dolor sit amet, consectetuer adipiscing elit."
        text run at (0,209) width 367: "Nulla varius enim ac mi. Curabitur sollicitudin felis quis lectus."
        text run at (0,228) width 362: "Quisque adipiscing rhoncus sem. Proin nulla purus, vulputate"
        text run at (0,247) width 358: "vel, varius ut, euismod et, nisi. Sed vitae felis vel orci sagittis"
        text run at (0,266) width 365: "aliquam. Cras convallis adipiscing sem. Nam nonummy enim."
        text run at (0,285) width 329: "Nullam bibendum lobortis neque. Vestibulum velit orci,"
        text run at (0,304) width 309: "tempus euismod, pretium quis, interdum vitae, nulla."
        text run at (0,323) width 321: "Phasellus eget ante et tortor condimentum vestibulum."
        text run at (0,346) width 360: "Suspendisse hendrerit quam nec felis. Sed varius turpis vitae"
        text run at (0,365) width 350: "pede. Lorem ipsum dolor sit amet, consectetuer adipiscing"
        text run at (0,384) width 25: "elit. "
        text run at (25,384) width 337: "Lorem ipsum dolor sit amet, consectetuer adipiscing elit."
        text run at (0,403) width 367: "Nulla varius enim ac mi. Curabitur sollicitudin felis quis lectus."
        text run at (0,422) width 362: "Quisque adipiscing rhoncus sem. Proin nulla purus, vulputate"
        text run at (0,441) width 358: "vel, varius ut, euismod et, nisi. Sed vitae felis vel orci sagittis"
        text run at (0,460) width 365: "aliquam. Cras convallis adipiscing sem. Nam nonummy enim."
        text run at (0,479) width 329: "Nullam bibendum lobortis neque. Vestibulum velit orci,"
        text run at (0,498) width 309: "tempus euismod, pretium quis, interdum vitae, nulla."
        text run at (0,517) width 321: "Phasellus eget ante et tortor condimentum vestibulum."
        text run at (0,536) width 360: "Suspendisse hendrerit quam nec felis. Sed varius turpis vitae"
        text run at (0,555) width 350: "pede. Lorem ipsum dolor sit amet, consectetuer adipiscing"
        text run at (0,574) width 25: "elit. "
        text run at (25,574) width 337: "Lorem ipsum dolor sit amet, consectetuer adipiscing elit."
        text run at (0,593) width 143: "Nulla varius enim ac mi."
    RenderBlock {H2} at (5,636) size 367x29 [bgcolor=#EEEEEE]
      RenderText {#text} at (0,0) size 274x28
        text run at (0,0) width 274: "This is a spanning element."
layer at (8,789) size 760x381
  RenderBlock {DIV} at (0,781) size 760x381 [border: (5px solid #800000)]
    RenderBlock {P} at (5,21) size 367x228
      RenderText {#text} at (0,0) size 367x228
        text run at (0,0) width 337: "Lorem ipsum dolor sit amet, consectetuer adipiscing elit."
        text run at (0,19) width 367: "Nulla varius enim ac mi. Curabitur sollicitudin felis quis lectus."
        text run at (0,38) width 362: "Quisque adipiscing rhoncus sem. Proin nulla purus, vulputate"
        text run at (0,57) width 358: "vel, varius ut, euismod et, nisi. Sed vitae felis vel orci sagittis"
        text run at (0,76) width 365: "aliquam. Cras convallis adipiscing sem. Nam nonummy enim."
        text run at (0,95) width 329: "Nullam bibendum lobortis neque. Vestibulum velit orci,"
        text run at (0,114) width 309: "tempus euismod, pretium quis, interdum vitae, nulla."
        text run at (0,133) width 321: "Phasellus eget ante et tortor condimentum vestibulum."
        text run at (0,152) width 360: "Suspendisse hendrerit quam nec felis. Sed varius turpis vitae"
        text run at (0,171) width 350: "pede. Lorem ipsum dolor sit amet, consectetuer adipiscing"
        text run at (0,190) width 25: "elit. "
        text run at (25,190) width 337: "Lorem ipsum dolor sit amet, consectetuer adipiscing elit."
        text run at (0,209) width 143: "Nulla varius enim ac mi."
    RenderBlock {H2} at (5,268) size 367x29 [bgcolor=#EEEEEE]
      RenderText {#text} at (0,0) size 274x28
        text run at (0,0) width 274: "This is a spanning element."
    RenderBlock {P} at (5,316) size 367x402
      RenderText {#text} at (0,0) size 367x401
        text run at (0,0) width 337: "Lorem ipsum dolor sit amet, consectetuer adipiscing elit."
        text run at (0,19) width 367: "Nulla varius enim ac mi. Curabitur sollicitudin felis quis lectus."
        text run at (0,38) width 362: "Quisque adipiscing rhoncus sem. Proin nulla purus, vulputate"
        text run at (0,59) width 358: "vel, varius ut, euismod et, nisi. Sed vitae felis vel orci sagittis"
        text run at (0,78) width 365: "aliquam. Cras convallis adipiscing sem. Nam nonummy enim."
        text run at (0,97) width 329: "Nullam bibendum lobortis neque. Vestibulum velit orci,"
        text run at (0,116) width 309: "tempus euismod, pretium quis, interdum vitae, nulla."
        text run at (0,135) width 321: "Phasellus eget ante et tortor condimentum vestibulum."
        text run at (0,154) width 360: "Suspendisse hendrerit quam nec felis. Sed varius turpis vitae"
        text run at (0,173) width 350: "pede. Lorem ipsum dolor sit amet, consectetuer adipiscing"
        text run at (0,192) width 25: "elit. "
        text run at (25,192) width 337: "Lorem ipsum dolor sit amet, consectetuer adipiscing elit."
        text run at (0,211) width 367: "Nulla varius enim ac mi. Curabitur sollicitudin felis quis lectus."
        text run at (0,230) width 362: "Quisque adipiscing rhoncus sem. Proin nulla purus, vulputate"
        text run at (0,249) width 358: "vel, varius ut, euismod et, nisi. Sed vitae felis vel orci sagittis"
        text run at (0,268) width 365: "aliquam. Cras convallis adipiscing sem. Nam nonummy enim."
        text run at (0,287) width 329: "Nullam bibendum lobortis neque. Vestibulum velit orci,"
        text run at (0,306) width 309: "tempus euismod, pretium quis, interdum vitae, nulla."
        text run at (0,325) width 321: "Phasellus eget ante et tortor condimentum vestibulum."
        text run at (0,344) width 360: "Suspendisse hendrerit quam nec felis. Sed varius turpis vitae"
        text run at (0,363) width 350: "pede. Lorem ipsum dolor sit amet, consectetuer adipiscing"
        text run at (0,382) width 21: "elit."
layer at (8,1186) size 760x384
  RenderBlock {DIV} at (0,1178) size 760x384 [border: (5px solid #800000)]
    RenderBlock (anonymous) at (5,5) size 367x228
      RenderText {#text} at (0,0) size 367x228
        text run at (0,0) width 337: "Lorem ipsum dolor sit amet, consectetuer adipiscing elit."
        text run at (0,19) width 367: "Nulla varius enim ac mi. Curabitur sollicitudin felis quis lectus."
        text run at (0,38) width 362: "Quisque adipiscing rhoncus sem. Proin nulla purus, vulputate"
        text run at (0,57) width 358: "vel, varius ut, euismod et, nisi. Sed vitae felis vel orci sagittis"
        text run at (0,76) width 365: "aliquam. Cras convallis adipiscing sem. Nam nonummy enim."
        text run at (0,95) width 329: "Nullam bibendum lobortis neque. Vestibulum velit orci,"
        text run at (0,114) width 309: "tempus euismod, pretium quis, interdum vitae, nulla."
        text run at (0,133) width 321: "Phasellus eget ante et tortor condimentum vestibulum."
        text run at (0,152) width 360: "Suspendisse hendrerit quam nec felis. Sed varius turpis vitae"
        text run at (0,171) width 350: "pede. Lorem ipsum dolor sit amet, consectetuer adipiscing"
        text run at (0,190) width 25: "elit. "
        text run at (25,190) width 337: "Lorem ipsum dolor sit amet, consectetuer adipiscing elit."
        text run at (0,209) width 143: "Nulla varius enim ac mi."
    RenderBlock {H2} at (5,252) size 367x29 [bgcolor=#EEEEEE]
      RenderText {#text} at (0,0) size 274x28
        text run at (0,0) width 274: "This is a spanning element."
    RenderBlock (anonymous) at (5,300) size 367x212
      RenderInline {SPAN} at (0,0) size 40x19
        RenderText {#text} at (0,0) size 40x19
          text run at (0,0) width 40: "Lorem"
      RenderText {#text} at (40,0) size 367x211
        text run at (40,0) width 297: " ipsum dolor sit amet, consectetuer adipiscing elit."
        text run at (0,19) width 367: "Nulla varius enim ac mi. Curabitur sollicitudin felis quis lectus."
        text run at (0,38) width 362: "Quisque adipiscing rhoncus sem. Proin nulla purus, vulputate"
        text run at (0,57) width 358: "vel, varius ut, euismod et, nisi. Sed vitae felis vel orci sagittis"
        text run at (0,78) width 365: "aliquam. Cras convallis adipiscing sem. Nam nonummy enim."
        text run at (0,97) width 329: "Nullam bibendum lobortis neque. Vestibulum velit orci,"
        text run at (0,116) width 309: "tempus euismod, pretium quis, interdum vitae, nulla."
        text run at (0,135) width 321: "Phasellus eget ante et tortor condimentum vestibulum."
        text run at (0,154) width 360: "Suspendisse hendrerit quam nec felis. Sed varius turpis vitae"
        text run at (0,173) width 350: "pede. Lorem ipsum dolor sit amet, consectetuer adipiscing"
        text run at (0,192) width 21: "elit."
    RenderBlock {P} at (5,528) size 367x209
      RenderText {#text} at (0,0) size 367x209
        text run at (0,0) width 337: "Lorem ipsum dolor sit amet, consectetuer adipiscing elit."
        text run at (0,19) width 367: "Nulla varius enim ac mi. Curabitur sollicitudin felis quis lectus."
        text run at (0,38) width 362: "Quisque adipiscing rhoncus sem. Proin nulla purus, vulputate"
        text run at (0,57) width 358: "vel, varius ut, euismod et, nisi. Sed vitae felis vel orci sagittis"
        text run at (0,76) width 365: "aliquam. Cras convallis adipiscing sem. Nam nonummy enim."
        text run at (0,95) width 329: "Nullam bibendum lobortis neque. Vestibulum velit orci,"
        text run at (0,114) width 309: "tempus euismod, pretium quis, interdum vitae, nulla."
        text run at (0,133) width 321: "Phasellus eget ante et tortor condimentum vestibulum."
        text run at (0,152) width 360: "Suspendisse hendrerit quam nec felis. Sed varius turpis vitae"
        text run at (0,171) width 350: "pede. Lorem ipsum dolor sit amet, consectetuer adipiscing"
        text run at (0,190) width 21: "elit."
layer at (8,1586) size 760x392
  RenderBlock {DIV} at (0,1578) size 760x392 [border: (5px solid #800000)]
    RenderBlock (anonymous) at (5,5) size 367x209
      RenderInline {SPAN} at (0,0) size 367x209
        RenderText {#text} at (0,0) size 367x209
          text run at (0,0) width 337: "Lorem ipsum dolor sit amet, consectetuer adipiscing elit."
          text run at (0,19) width 367: "Nulla varius enim ac mi. Curabitur sollicitudin felis quis lectus."
          text run at (0,38) width 362: "Quisque adipiscing rhoncus sem. Proin nulla purus, vulputate"
          text run at (0,57) width 358: "vel, varius ut, euismod et, nisi. Sed vitae felis vel orci sagittis"
          text run at (0,76) width 365: "aliquam. Cras convallis adipiscing sem. Nam nonummy enim."
          text run at (0,95) width 329: "Nullam bibendum lobortis neque. Vestibulum velit orci,"
          text run at (0,114) width 309: "tempus euismod, pretium quis, interdum vitae, nulla."
          text run at (0,133) width 321: "Phasellus eget ante et tortor condimentum vestibulum."
          text run at (0,152) width 360: "Suspendisse hendrerit quam nec felis. Sed varius turpis vitae"
          text run at (0,171) width 350: "pede. Lorem ipsum dolor sit amet, consectetuer adipiscing"
          text run at (0,190) width 21: "elit."
    RenderBlock (anonymous) at (5,214) size 367x38
      RenderBlock {SPAN} at (0,0) size 367x38
        RenderText {#text} at (0,0) size 337x38
          text run at (0,0) width 337: "Lorem ipsum dolor sit amet, consectetuer adipiscing elit."
          text run at (0,19) width 143: "Nulla varius enim ac mi."
    RenderBlock (anonymous) at (5,252) size 367x211
      RenderInline {SPAN} at (0,0) size 40x19
        RenderText {#text} at (0,0) size 40x19
          text run at (0,0) width 40: "Lorem"
      RenderText {#text} at (40,0) size 367x211
        text run at (40,0) width 297: " ipsum dolor sit amet, consectetuer adipiscing elit."
        text run at (0,19) width 367: "Nulla varius enim ac mi. Curabitur sollicitudin felis quis lectus."
        text run at (0,38) width 362: "Quisque adipiscing rhoncus sem. Proin nulla purus, vulputate"
        text run at (0,57) width 358: "vel, varius ut, euismod et, nisi. Sed vitae felis vel orci sagittis"
        text run at (0,76) width 365: "aliquam. Cras convallis adipiscing sem. Nam nonummy enim."
        text run at (0,95) width 329: "Nullam bibendum lobortis neque. Vestibulum velit orci,"
        text run at (0,114) width 309: "tempus euismod, pretium quis, interdum vitae, nulla."
        text run at (0,135) width 321: "Phasellus eget ante et tortor condimentum vestibulum."
        text run at (0,154) width 360: "Suspendisse hendrerit quam nec felis. Sed varius turpis vitae"
        text run at (0,173) width 350: "pede. Lorem ipsum dolor sit amet, consectetuer adipiscing"
        text run at (0,192) width 21: "elit."
    RenderBlock {H2} at (5,482) size 367x29 [bgcolor=#EEEEEE]
      RenderText {#text} at (0,0) size 274x28
        text run at (0,0) width 274: "This is a spanning element."
    RenderBlock {P} at (5,530) size 367x210
      RenderText {#text} at (0,0) size 367x209
        text run at (0,0) width 337: "Lorem ipsum dolor sit amet, consectetuer adipiscing elit."
        text run at (0,19) width 367: "Nulla varius enim ac mi. Curabitur sollicitudin felis quis lectus."
        text run at (0,38) width 362: "Quisque adipiscing rhoncus sem. Proin nulla purus, vulputate"
        text run at (0,57) width 358: "vel, varius ut, euismod et, nisi. Sed vitae felis vel orci sagittis"
        text run at (0,76) width 365: "aliquam. Cras convallis adipiscing sem. Nam nonummy enim."
        text run at (0,95) width 329: "Nullam bibendum lobortis neque. Vestibulum velit orci,"
        text run at (0,114) width 309: "tempus euismod, pretium quis, interdum vitae, nulla."
        text run at (0,133) width 321: "Phasellus eget ante et tortor condimentum vestibulum."
        text run at (0,152) width 360: "Suspendisse hendrerit quam nec felis. Sed varius turpis vitae"
        text run at (0,171) width 350: "pede. Lorem ipsum dolor sit amet, consectetuer adipiscing"
        text run at (0,190) width 21: "elit."
layer at (8,1994) size 760x401
  RenderBlock {DIV} at (0,1986) size 760x401 [border: (5px solid #800000)]
    RenderBlock {P} at (5,21) size 367x209
      RenderText {#text} at (0,0) size 367x209
        text run at (0,0) width 337: "Lorem ipsum dolor sit amet, consectetuer adipiscing elit."
        text run at (0,19) width 367: "Nulla varius enim ac mi. Curabitur sollicitudin felis quis lectus."
        text run at (0,38) width 362: "Quisque adipiscing rhoncus sem. Proin nulla purus, vulputate"
        text run at (0,57) width 358: "vel, varius ut, euismod et, nisi. Sed vitae felis vel orci sagittis"
        text run at (0,76) width 365: "aliquam. Cras convallis adipiscing sem. Nam nonummy enim."
        text run at (0,95) width 329: "Nullam bibendum lobortis neque. Vestibulum velit orci,"
        text run at (0,114) width 309: "tempus euismod, pretium quis, interdum vitae, nulla."
        text run at (0,133) width 321: "Phasellus eget ante et tortor condimentum vestibulum."
        text run at (0,152) width 360: "Suspendisse hendrerit quam nec felis. Sed varius turpis vitae"
        text run at (0,171) width 350: "pede. Lorem ipsum dolor sit amet, consectetuer adipiscing"
        text run at (0,190) width 21: "elit."
    RenderBlock {P} at (5,246) size 367x38
      RenderText {#text} at (0,0) size 337x38
        text run at (0,0) width 337: "Lorem ipsum dolor sit amet, consectetuer adipiscing elit."
        text run at (0,19) width 143: "Nulla varius enim ac mi."
    RenderBlock {P} at (5,300) size 367x210
      RenderText {#text} at (0,0) size 367x210
        text run at (0,0) width 337: "Lorem ipsum dolor sit amet, consectetuer adipiscing elit."
        text run at (0,19) width 367: "Nulla varius enim ac mi. Curabitur sollicitudin felis quis lectus."
        text run at (0,38) width 362: "Quisque adipiscing rhoncus sem. Proin nulla purus, vulputate"
        text run at (0,57) width 358: "vel, varius ut, euismod et, nisi. Sed vitae felis vel orci sagittis"
        text run at (0,76) width 365: "aliquam. Cras convallis adipiscing sem. Nam nonummy enim."
        text run at (0,96) width 329: "Nullam bibendum lobortis neque. Vestibulum velit orci,"
        text run at (0,115) width 309: "tempus euismod, pretium quis, interdum vitae, nulla."
        text run at (0,134) width 321: "Phasellus eget ante et tortor condimentum vestibulum."
        text run at (0,153) width 360: "Suspendisse hendrerit quam nec felis. Sed varius turpis vitae"
        text run at (0,172) width 350: "pede. Lorem ipsum dolor sit amet, consectetuer adipiscing"
        text run at (0,191) width 21: "elit."
    RenderBlock {H2} at (5,529) size 367x29 [bgcolor=#EEEEEE]
      RenderText {#text} at (0,0) size 274x28
        text run at (0,0) width 274: "This is a spanning element."
    RenderBlock (anonymous) at (5,577) size 367x20
      RenderInline {SPAN} at (0,0) size 337x19
        RenderText {#text} at (0,0) size 337x19
          text run at (0,0) width 337: "Lorem ipsum dolor sit amet, consectetuer adipiscing elit."
    RenderBlock (anonymous) at (5,596) size 367x20
      RenderBlock {SPAN} at (0,0) size 367x19
        RenderText {#text} at (0,0) size 143x19
          text run at (0,0) width 143: "Nulla varius enim ac mi."
    RenderBlock (anonymous) at (5,615) size 367x172
      RenderInline {SPAN} at (0,0) size 364x171
        RenderText {#text} at (0,0) size 364x171
          text run at (0,0) width 337: "Curabitur sollicitudin felis quis lectus. Quisque adipiscing"
          text run at (0,19) width 328: "rhoncus sem. Proin nulla purus, vulputate vel, varius ut,"
          text run at (0,38) width 362: "euismod et, nisi. Sed vitae felis vel orci sagittis aliquam. Cras"
          text run at (0,57) width 325: "convallis adipiscing sem. Nam nonummy enim. Nullam"
          text run at (0,76) width 329: "bibendum lobortis neque. Vestibulum velit orci, tempus"
          text run at (0,95) width 350: "euismod, pretium quis, interdum vitae, nulla. Phasellus eget"
          text run at (0,114) width 311: "ante et tortor condimentum vestibulum. Suspendisse"
          text run at (0,133) width 364: "hendrerit quam nec felis. Sed varius turpis vitae pede. Lorem"
          text run at (0,152) width 293: "ipsum dolor sit amet, consectetuer adipiscing elit."
      RenderText {#text} at (0,0) size 0x0
