layer at (0,0) size 785x2614
  RenderView at (0,0) size 785x600
layer at (0,0) size 785x2614
  RenderBlock {HTML} at (0,0) size 785x2614
    RenderBody {BODY} at (8,16) size 769x2582
layer at (8,16) size 760x382
  RenderBlock {DIV} at (0,0) size 760x382 [border: (5px solid #800000)]
    RenderBlock (anonymous multi-column span) at (5,5) size 750x68
      RenderBlock {H2} at (0,19) size 750x29 [bgcolor=#EEEEEE]
        RenderText {#text} at (0,0) size 274x28
          text run at (0,0) width 274: "This is a spanning element."
layer at (13,89) size 750x304
  RenderBlock (anonymous multi-column) at (5,72) size 750x305
    RenderText {#text} at (0,0) size 367x608
      text run at (0,0) width 337: "Lorem ipsum dolor sit amet, consectetuer adipiscing elit."
      text run at (0,19) width 367: "Nulla varius enim ac mi. Curabitur sollicitudin felis quis lectus."
      text run at (0,38) width 362: "Quisque adipiscing rhoncus sem. Proin nulla purus, vulputate"
      text run at (0,57) width 358: "vel, varius ut, euismod et, nisi. Sed vitae felis vel orci sagittis"
      text run at (0,76) width 365: "aliquam. Cras convallis adipiscing sem. Nam nonummy enim."
      text run at (0,95) width 329: "Nullam bibendum lobortis neque. Vestibulum velit orci,"
      text run at (0,114) width 309: "tempus euismod, pretium quis, interdum vitae, nulla."
      text run at (0,133) width 321: "Phasellus eget ante et tortor condimentum vestibulum."
      text run at (0,152) width 360: "Suspendisse hendrerit quam nec felis. Sed varius turpis vitae"
      text run at (0,171) width 350: "pede. Lorem ipsum dolor sit amet, consectetuer adipiscing"
      text run at (0,190) width 25: "elit. "
      text run at (25,190) width 337: "Lorem ipsum dolor sit amet, consectetuer adipiscing elit."
      text run at (0,209) width 367: "Nulla varius enim ac mi. Curabitur sollicitudin felis quis lectus."
      text run at (0,228) width 362: "Quisque adipiscing rhoncus sem. Proin nulla purus, vulputate"
      text run at (0,247) width 358: "vel, varius ut, euismod et, nisi. Sed vitae felis vel orci sagittis"
      text run at (0,266) width 365: "aliquam. Cras convallis adipiscing sem. Nam nonummy enim."
      text run at (0,285) width 329: "Nullam bibendum lobortis neque. Vestibulum velit orci,"
      text run at (0,304) width 309: "tempus euismod, pretium quis, interdum vitae, nulla."
      text run at (0,323) width 321: "Phasellus eget ante et tortor condimentum vestibulum."
      text run at (0,342) width 360: "Suspendisse hendrerit quam nec felis. Sed varius turpis vitae"
      text run at (0,361) width 350: "pede. Lorem ipsum dolor sit amet, consectetuer adipiscing"
      text run at (0,380) width 25: "elit. "
      text run at (25,380) width 337: "Lorem ipsum dolor sit amet, consectetuer adipiscing elit."
      text run at (0,399) width 367: "Nulla varius enim ac mi. Curabitur sollicitudin felis quis lectus."
      text run at (0,418) width 362: "Quisque adipiscing rhoncus sem. Proin nulla purus, vulputate"
      text run at (0,437) width 358: "vel, varius ut, euismod et, nisi. Sed vitae felis vel orci sagittis"
      text run at (0,456) width 365: "aliquam. Cras convallis adipiscing sem. Nam nonummy enim."
      text run at (0,475) width 329: "Nullam bibendum lobortis neque. Vestibulum velit orci,"
      text run at (0,494) width 309: "tempus euismod, pretium quis, interdum vitae, nulla."
      text run at (0,513) width 321: "Phasellus eget ante et tortor condimentum vestibulum."
      text run at (0,532) width 360: "Suspendisse hendrerit quam nec felis. Sed varius turpis vitae"
      text run at (0,551) width 350: "pede. Lorem ipsum dolor sit amet, consectetuer adipiscing"
      text run at (0,570) width 25: "elit. "
      text run at (25,570) width 337: "Lorem ipsum dolor sit amet, consectetuer adipiscing elit."
      text run at (0,589) width 143: "Nulla varius enim ac mi."
layer at (8,414) size 760x382
  RenderBlock {DIV} at (0,397) size 760x383 [border: (5px solid #800000)]
    RenderBlock (anonymous multi-column span) at (5,309) size 750x68
      RenderBlock {H2} at (0,19) size 750x29 [bgcolor=#EEEEEE]
        RenderText {#text} at (0,0) size 274x28
          text run at (0,0) width 274: "This is a spanning element."
layer at (13,419) size 750x304
  RenderBlock (anonymous multi-column) at (5,5) size 750x304
    RenderText {#text} at (0,0) size 367x608
      text run at (0,0) width 337: "Lorem ipsum dolor sit amet, consectetuer adipiscing elit."
      text run at (0,19) width 367: "Nulla varius enim ac mi. Curabitur sollicitudin felis quis lectus."
      text run at (0,38) width 362: "Quisque adipiscing rhoncus sem. Proin nulla purus, vulputate"
      text run at (0,57) width 358: "vel, varius ut, euismod et, nisi. Sed vitae felis vel orci sagittis"
      text run at (0,76) width 365: "aliquam. Cras convallis adipiscing sem. Nam nonummy enim."
      text run at (0,95) width 329: "Nullam bibendum lobortis neque. Vestibulum velit orci,"
      text run at (0,114) width 309: "tempus euismod, pretium quis, interdum vitae, nulla."
      text run at (0,133) width 321: "Phasellus eget ante et tortor condimentum vestibulum."
      text run at (0,152) width 360: "Suspendisse hendrerit quam nec felis. Sed varius turpis vitae"
      text run at (0,171) width 350: "pede. Lorem ipsum dolor sit amet, consectetuer adipiscing"
      text run at (0,190) width 25: "elit. "
      text run at (25,190) width 337: "Lorem ipsum dolor sit amet, consectetuer adipiscing elit."
      text run at (0,209) width 367: "Nulla varius enim ac mi. Curabitur sollicitudin felis quis lectus."
      text run at (0,228) width 362: "Quisque adipiscing rhoncus sem. Proin nulla purus, vulputate"
      text run at (0,247) width 358: "vel, varius ut, euismod et, nisi. Sed vitae felis vel orci sagittis"
      text run at (0,266) width 365: "aliquam. Cras convallis adipiscing sem. Nam nonummy enim."
      text run at (0,285) width 329: "Nullam bibendum lobortis neque. Vestibulum velit orci,"
      text run at (0,304) width 309: "tempus euismod, pretium quis, interdum vitae, nulla."
      text run at (0,323) width 321: "Phasellus eget ante et tortor condimentum vestibulum."
      text run at (0,342) width 360: "Suspendisse hendrerit quam nec felis. Sed varius turpis vitae"
      text run at (0,361) width 350: "pede. Lorem ipsum dolor sit amet, consectetuer adipiscing"
      text run at (0,380) width 25: "elit. "
      text run at (25,380) width 337: "Lorem ipsum dolor sit amet, consectetuer adipiscing elit."
      text run at (0,399) width 367: "Nulla varius enim ac mi. Curabitur sollicitudin felis quis lectus."
      text run at (0,418) width 362: "Quisque adipiscing rhoncus sem. Proin nulla purus, vulputate"
      text run at (0,437) width 358: "vel, varius ut, euismod et, nisi. Sed vitae felis vel orci sagittis"
      text run at (0,456) width 365: "aliquam. Cras convallis adipiscing sem. Nam nonummy enim."
      text run at (0,475) width 329: "Nullam bibendum lobortis neque. Vestibulum velit orci,"
      text run at (0,494) width 309: "tempus euismod, pretium quis, interdum vitae, nulla."
      text run at (0,513) width 321: "Phasellus eget ante et tortor condimentum vestibulum."
      text run at (0,532) width 360: "Suspendisse hendrerit quam nec felis. Sed varius turpis vitae"
      text run at (0,551) width 350: "pede. Lorem ipsum dolor sit amet, consectetuer adipiscing"
      text run at (0,570) width 25: "elit. "
      text run at (25,570) width 337: "Lorem ipsum dolor sit amet, consectetuer adipiscing elit."
      text run at (0,589) width 143: "Nulla varius enim ac mi."
layer at (8,812) size 760x432
  RenderBlock {DIV} at (0,795) size 760x434 [border: (5px solid #800000)]
    RenderBlock (anonymous multi-column span) at (5,135) size 750x68
      RenderBlock {H2} at (0,19) size 750x29 [bgcolor=#EEEEEE]
        RenderText {#text} at (0,0) size 274x28
          text run at (0,0) width 274: "This is a spanning element."
layer at (13,817) size 750x130
  RenderBlock (anonymous multi-column) at (5,5) size 750x130
    RenderBlock {P} at (0,16) size 367x228
      RenderText {#text} at (0,0) size 367x228
        text run at (0,0) width 337: "Lorem ipsum dolor sit amet, consectetuer adipiscing elit."
        text run at (0,19) width 367: "Nulla varius enim ac mi. Curabitur sollicitudin felis quis lectus."
        text run at (0,38) width 362: "Quisque adipiscing rhoncus sem. Proin nulla purus, vulputate"
        text run at (0,57) width 358: "vel, varius ut, euismod et, nisi. Sed vitae felis vel orci sagittis"
        text run at (0,76) width 365: "aliquam. Cras convallis adipiscing sem. Nam nonummy enim."
        text run at (0,95) width 329: "Nullam bibendum lobortis neque. Vestibulum velit orci,"
        text run at (0,114) width 309: "tempus euismod, pretium quis, interdum vitae, nulla."
        text run at (0,133) width 321: "Phasellus eget ante et tortor condimentum vestibulum."
        text run at (0,152) width 360: "Suspendisse hendrerit quam nec felis. Sed varius turpis vitae"
        text run at (0,171) width 350: "pede. Lorem ipsum dolor sit amet, consectetuer adipiscing"
        text run at (0,190) width 25: "elit. "
        text run at (25,190) width 337: "Lorem ipsum dolor sit amet, consectetuer adipiscing elit."
        text run at (0,209) width 143: "Nulla varius enim ac mi."
layer at (13,1014) size 750x225
  RenderBlock (anonymous multi-column) at (5,202) size 750x226
    RenderBlock {P} at (0,16) size 367x399
      RenderText {#text} at (0,0) size 367x399
        text run at (0,0) width 337: "Lorem ipsum dolor sit amet, consectetuer adipiscing elit."
        text run at (0,19) width 367: "Nulla varius enim ac mi. Curabitur sollicitudin felis quis lectus."
        text run at (0,38) width 362: "Quisque adipiscing rhoncus sem. Proin nulla purus, vulputate"
        text run at (0,57) width 358: "vel, varius ut, euismod et, nisi. Sed vitae felis vel orci sagittis"
        text run at (0,76) width 365: "aliquam. Cras convallis adipiscing sem. Nam nonummy enim."
        text run at (0,95) width 329: "Nullam bibendum lobortis neque. Vestibulum velit orci,"
        text run at (0,114) width 309: "tempus euismod, pretium quis, interdum vitae, nulla."
        text run at (0,133) width 321: "Phasellus eget ante et tortor condimentum vestibulum."
        text run at (0,152) width 360: "Suspendisse hendrerit quam nec felis. Sed varius turpis vitae"
        text run at (0,171) width 350: "pede. Lorem ipsum dolor sit amet, consectetuer adipiscing"
        text run at (0,190) width 25: "elit. "
        text run at (25,190) width 337: "Lorem ipsum dolor sit amet, consectetuer adipiscing elit."
        text run at (0,209) width 367: "Nulla varius enim ac mi. Curabitur sollicitudin felis quis lectus."
        text run at (0,228) width 362: "Quisque adipiscing rhoncus sem. Proin nulla purus, vulputate"
        text run at (0,247) width 358: "vel, varius ut, euismod et, nisi. Sed vitae felis vel orci sagittis"
        text run at (0,266) width 365: "aliquam. Cras convallis adipiscing sem. Nam nonummy enim."
        text run at (0,285) width 329: "Nullam bibendum lobortis neque. Vestibulum velit orci,"
        text run at (0,304) width 309: "tempus euismod, pretium quis, interdum vitae, nulla."
        text run at (0,323) width 321: "Phasellus eget ante et tortor condimentum vestibulum."
        text run at (0,342) width 360: "Suspendisse hendrerit quam nec felis. Sed varius turpis vitae"
        text run at (0,361) width 350: "pede. Lorem ipsum dolor sit amet, consectetuer adipiscing"
        text run at (0,380) width 21: "elit."
layer at (8,1260) size 760x417
  RenderBlock {DIV} at (0,1244) size 760x418 [border: (5px solid #800000)]
    RenderBlock (anonymous multi-column span) at (5,119) size 750x68
      RenderBlock {H2} at (0,19) size 750x29 [bgcolor=#EEEEEE]
        RenderText {#text} at (0,0) size 274x28
          text run at (0,0) width 274: "This is a spanning element."
layer at (13,1265) size 750x114
  RenderBlock (anonymous multi-column) at (5,5) size 750x114
    RenderBlock (anonymous) at (0,0) size 367x228
      RenderText {#text} at (0,0) size 367x228
        text run at (0,0) width 337: "Lorem ipsum dolor sit amet, consectetuer adipiscing elit."
        text run at (0,19) width 367: "Nulla varius enim ac mi. Curabitur sollicitudin felis quis lectus."
        text run at (0,38) width 362: "Quisque adipiscing rhoncus sem. Proin nulla purus, vulputate"
        text run at (0,57) width 358: "vel, varius ut, euismod et, nisi. Sed vitae felis vel orci sagittis"
        text run at (0,76) width 365: "aliquam. Cras convallis adipiscing sem. Nam nonummy enim."
        text run at (0,95) width 329: "Nullam bibendum lobortis neque. Vestibulum velit orci,"
        text run at (0,114) width 309: "tempus euismod, pretium quis, interdum vitae, nulla."
        text run at (0,133) width 321: "Phasellus eget ante et tortor condimentum vestibulum."
        text run at (0,152) width 360: "Suspendisse hendrerit quam nec felis. Sed varius turpis vitae"
        text run at (0,171) width 350: "pede. Lorem ipsum dolor sit amet, consectetuer adipiscing"
        text run at (0,190) width 25: "elit. "
        text run at (25,190) width 337: "Lorem ipsum dolor sit amet, consectetuer adipiscing elit."
        text run at (0,209) width 143: "Nulla varius enim ac mi."
layer at (13,1447) size 750x225
  RenderBlock (anonymous multi-column) at (5,186) size 750x226
    RenderBlock (anonymous) at (0,0) size 367x209
      RenderInline {SPAN} at (0,0) size 40x19
        RenderText {#text} at (0,0) size 40x19
          text run at (0,0) width 40: "Lorem"
      RenderText {#text} at (40,0) size 367x209
        text run at (40,0) width 297: " ipsum dolor sit amet, consectetuer adipiscing elit."
        text run at (0,19) width 367: "Nulla varius enim ac mi. Curabitur sollicitudin felis quis lectus."
        text run at (0,38) width 362: "Quisque adipiscing rhoncus sem. Proin nulla purus, vulputate"
        text run at (0,57) width 358: "vel, varius ut, euismod et, nisi. Sed vitae felis vel orci sagittis"
        text run at (0,76) width 365: "aliquam. Cras convallis adipiscing sem. Nam nonummy enim."
        text run at (0,95) width 329: "Nullam bibendum lobortis neque. Vestibulum velit orci,"
        text run at (0,114) width 309: "tempus euismod, pretium quis, interdum vitae, nulla."
        text run at (0,133) width 321: "Phasellus eget ante et tortor condimentum vestibulum."
        text run at (0,152) width 360: "Suspendisse hendrerit quam nec felis. Sed varius turpis vitae"
        text run at (0,171) width 350: "pede. Lorem ipsum dolor sit amet, consectetuer adipiscing"
        text run at (0,190) width 21: "elit."
    RenderBlock {P} at (0,225) size 367x209
      RenderText {#text} at (0,0) size 367x209
        text run at (0,0) width 337: "Lorem ipsum dolor sit amet, consectetuer adipiscing elit."
        text run at (0,19) width 367: "Nulla varius enim ac mi. Curabitur sollicitudin felis quis lectus."
        text run at (0,38) width 362: "Quisque adipiscing rhoncus sem. Proin nulla purus, vulputate"
        text run at (0,57) width 358: "vel, varius ut, euismod et, nisi. Sed vitae felis vel orci sagittis"
        text run at (0,76) width 365: "aliquam. Cras convallis adipiscing sem. Nam nonummy enim."
        text run at (0,95) width 329: "Nullam bibendum lobortis neque. Vestibulum velit orci,"
        text run at (0,114) width 309: "tempus euismod, pretium quis, interdum vitae, nulla."
        text run at (0,133) width 321: "Phasellus eget ante et tortor condimentum vestibulum."
        text run at (0,152) width 360: "Suspendisse hendrerit quam nec felis. Sed varius turpis vitae"
        text run at (0,171) width 350: "pede. Lorem ipsum dolor sit amet, consectetuer adipiscing"
        text run at (0,190) width 21: "elit."
layer at (8,1693) size 760x436
  RenderBlock {DIV} at (0,1677) size 760x437 [border: (5px solid #800000)]
    RenderBlock (anonymous multi-column span) at (5,233) size 750x68
      RenderBlock {H2} at (0,19) size 750x29 [bgcolor=#EEEEEE]
        RenderText {#text} at (0,0) size 274x28
          text run at (0,0) width 274: "This is a spanning element."
layer at (13,1698) size 750x228
  RenderBlock (anonymous multi-column) at (5,5) size 750x228
    RenderBlock (anonymous) at (0,0) size 367x209
      RenderInline {SPAN} at (0,0) size 367x209
        RenderText {#text} at (0,0) size 367x209
          text run at (0,0) width 337: "Lorem ipsum dolor sit amet, consectetuer adipiscing elit."
          text run at (0,19) width 367: "Nulla varius enim ac mi. Curabitur sollicitudin felis quis lectus."
          text run at (0,38) width 362: "Quisque adipiscing rhoncus sem. Proin nulla purus, vulputate"
          text run at (0,57) width 358: "vel, varius ut, euismod et, nisi. Sed vitae felis vel orci sagittis"
          text run at (0,76) width 365: "aliquam. Cras convallis adipiscing sem. Nam nonummy enim."
          text run at (0,95) width 329: "Nullam bibendum lobortis neque. Vestibulum velit orci,"
          text run at (0,114) width 309: "tempus euismod, pretium quis, interdum vitae, nulla."
          text run at (0,133) width 321: "Phasellus eget ante et tortor condimentum vestibulum."
          text run at (0,152) width 360: "Suspendisse hendrerit quam nec felis. Sed varius turpis vitae"
          text run at (0,171) width 350: "pede. Lorem ipsum dolor sit amet, consectetuer adipiscing"
          text run at (0,190) width 21: "elit."
    RenderBlock (anonymous) at (0,209) size 367x38
      RenderBlock {SPAN} at (0,0) size 367x38
        RenderText {#text} at (0,0) size 337x38
          text run at (0,0) width 337: "Lorem ipsum dolor sit amet, consectetuer adipiscing elit."
          text run at (0,19) width 143: "Nulla varius enim ac mi."
    RenderBlock (anonymous) at (0,247) size 367x209
      RenderInline {SPAN} at (0,0) size 40x19
        RenderText {#text} at (0,0) size 40x19
          text run at (0,0) width 40: "Lorem"
      RenderText {#text} at (40,0) size 367x209
        text run at (40,0) width 297: " ipsum dolor sit amet, consectetuer adipiscing elit."
        text run at (0,19) width 367: "Nulla varius enim ac mi. Curabitur sollicitudin felis quis lectus."
        text run at (0,38) width 362: "Quisque adipiscing rhoncus sem. Proin nulla purus, vulputate"
        text run at (0,57) width 358: "vel, varius ut, euismod et, nisi. Sed vitae felis vel orci sagittis"
        text run at (0,76) width 365: "aliquam. Cras convallis adipiscing sem. Nam nonummy enim."
        text run at (0,95) width 329: "Nullam bibendum lobortis neque. Vestibulum velit orci,"
        text run at (0,114) width 309: "tempus euismod, pretium quis, interdum vitae, nulla."
        text run at (0,133) width 321: "Phasellus eget ante et tortor condimentum vestibulum."
        text run at (0,152) width 360: "Suspendisse hendrerit quam nec felis. Sed varius turpis vitae"
        text run at (0,171) width 350: "pede. Lorem ipsum dolor sit amet, consectetuer adipiscing"
        text run at (0,190) width 21: "elit."
layer at (13,1994) size 750x130
  RenderBlock (anonymous multi-column) at (5,300) size 750x131
    RenderBlock {P} at (0,16) size 367x209
      RenderText {#text} at (0,0) size 367x209
        text run at (0,0) width 337: "Lorem ipsum dolor sit amet, consectetuer adipiscing elit."
        text run at (0,19) width 367: "Nulla varius enim ac mi. Curabitur sollicitudin felis quis lectus."
        text run at (0,38) width 362: "Quisque adipiscing rhoncus sem. Proin nulla purus, vulputate"
        text run at (0,57) width 358: "vel, varius ut, euismod et, nisi. Sed vitae felis vel orci sagittis"
        text run at (0,76) width 365: "aliquam. Cras convallis adipiscing sem. Nam nonummy enim."
        text run at (0,95) width 329: "Nullam bibendum lobortis neque. Vestibulum velit orci,"
        text run at (0,114) width 309: "tempus euismod, pretium quis, interdum vitae, nulla."
        text run at (0,133) width 321: "Phasellus eget ante et tortor condimentum vestibulum."
        text run at (0,152) width 360: "Suspendisse hendrerit quam nec felis. Sed varius turpis vitae"
        text run at (0,171) width 350: "pede. Lorem ipsum dolor sit amet, consectetuer adipiscing"
        text run at (0,190) width 21: "elit."
layer at (8,2145) size 760x453
  RenderBlock {DIV} at (0,2129) size 760x453 [border: (5px solid #800000)]
    RenderBlock (anonymous multi-column span) at (5,265) size 750x68
      RenderBlock {H2} at (0,19) size 750x29 [bgcolor=#EEEEEE]
        RenderText {#text} at (0,0) size 274x28
          text run at (0,0) width 274: "This is a spanning element."
layer at (13,2150) size 750x260
  RenderBlock (anonymous multi-column) at (5,5) size 750x260
    RenderBlock {P} at (0,16) size 367x209
      RenderText {#text} at (0,0) size 367x209
        text run at (0,0) width 337: "Lorem ipsum dolor sit amet, consectetuer adipiscing elit."
        text run at (0,19) width 367: "Nulla varius enim ac mi. Curabitur sollicitudin felis quis lectus."
        text run at (0,38) width 362: "Quisque adipiscing rhoncus sem. Proin nulla purus, vulputate"
        text run at (0,57) width 358: "vel, varius ut, euismod et, nisi. Sed vitae felis vel orci sagittis"
        text run at (0,76) width 365: "aliquam. Cras convallis adipiscing sem. Nam nonummy enim."
        text run at (0,95) width 329: "Nullam bibendum lobortis neque. Vestibulum velit orci,"
        text run at (0,114) width 309: "tempus euismod, pretium quis, interdum vitae, nulla."
        text run at (0,133) width 321: "Phasellus eget ante et tortor condimentum vestibulum."
        text run at (0,152) width 360: "Suspendisse hendrerit quam nec felis. Sed varius turpis vitae"
        text run at (0,171) width 350: "pede. Lorem ipsum dolor sit amet, consectetuer adipiscing"
        text run at (0,190) width 21: "elit."
    RenderBlock {P} at (0,241) size 367x38
      RenderText {#text} at (0,0) size 337x38
        text run at (0,0) width 337: "Lorem ipsum dolor sit amet, consectetuer adipiscing elit."
        text run at (0,19) width 143: "Nulla varius enim ac mi."
    RenderBlock {P} at (0,295) size 367x209
      RenderText {#text} at (0,0) size 367x209
        text run at (0,0) width 337: "Lorem ipsum dolor sit amet, consectetuer adipiscing elit."
        text run at (0,19) width 367: "Nulla varius enim ac mi. Curabitur sollicitudin felis quis lectus."
        text run at (0,38) width 362: "Quisque adipiscing rhoncus sem. Proin nulla purus, vulputate"
        text run at (0,57) width 358: "vel, varius ut, euismod et, nisi. Sed vitae felis vel orci sagittis"
        text run at (0,76) width 365: "aliquam. Cras convallis adipiscing sem. Nam nonummy enim."
        text run at (0,95) width 329: "Nullam bibendum lobortis neque. Vestibulum velit orci,"
        text run at (0,114) width 309: "tempus euismod, pretium quis, interdum vitae, nulla."
        text run at (0,133) width 321: "Phasellus eget ante et tortor condimentum vestibulum."
        text run at (0,152) width 360: "Suspendisse hendrerit quam nec felis. Sed varius turpis vitae"
        text run at (0,171) width 350: "pede. Lorem ipsum dolor sit amet, consectetuer adipiscing"
        text run at (0,190) width 21: "elit."
layer at (13,2478) size 750x115
  RenderBlock (anonymous multi-column) at (5,332) size 750x116
    RenderBlock (anonymous) at (0,0) size 367x19
      RenderInline {SPAN} at (0,0) size 337x19
        RenderText {#text} at (0,0) size 337x19
          text run at (0,0) width 337: "Lorem ipsum dolor sit amet, consectetuer adipiscing elit."
    RenderBlock (anonymous) at (0,19) size 367x19
      RenderBlock {SPAN} at (0,0) size 367x19
        RenderText {#text} at (0,0) size 143x19
          text run at (0,0) width 143: "Nulla varius enim ac mi."
    RenderBlock (anonymous) at (0,38) size 367x172
      RenderInline {SPAN} at (0,0) size 364x172
        RenderText {#text} at (0,0) size 364x172
          text run at (0,0) width 337: "Curabitur sollicitudin felis quis lectus. Quisque adipiscing"
          text run at (0,19) width 328: "rhoncus sem. Proin nulla purus, vulputate vel, varius ut,"
          text run at (0,38) width 362: "euismod et, nisi. Sed vitae felis vel orci sagittis aliquam. Cras"
          text run at (0,57) width 325: "convallis adipiscing sem. Nam nonummy enim. Nullam"
          text run at (0,77) width 329: "bibendum lobortis neque. Vestibulum velit orci, tempus"
          text run at (0,96) width 350: "euismod, pretium quis, interdum vitae, nulla. Phasellus eget"
          text run at (0,115) width 311: "ante et tortor condimentum vestibulum. Suspendisse"
          text run at (0,134) width 364: "hendrerit quam nec felis. Sed varius turpis vitae pede. Lorem"
          text run at (0,153) width 293: "ipsum dolor sit amet, consectetuer adipiscing elit."
      RenderText {#text} at (0,0) size 0x0
