layer at (0,0) size 820x585
  RenderView at (0,0) size 800x585
layer at (0,0) size 800x320
  RenderBlock {html} at (0,0) size 800x320
    RenderBody {body} at (48,8) size 772x304
      RenderBlock {h1} at (10,40) size 692x31
        RenderText {#text} at (0,0) size 318x30
          text run at (0,0) width 318: "scalable CSS background"
      RenderBlock {h4} at (10,70) size 752x17
        RenderText {#text} at (0,0) size 125x16
          text run at (0,0) width 125: "WICD Core 1.0 #11"
      RenderBlock {p} at (10,105) size 712x38
        RenderText {#text} at (10,10) size 465x17
          text run at (10,10) width 465: "This text paragraph, as well as all following, must have a SVG background image."
      RenderBlock {p} at (10,148) size 712x38
        RenderText {#text} at (10,10) size 621x17
          text run at (10,10) width 621: "This background image (grey color-gradient and rounded corners) must always exactly fit the text paragraph."
      RenderBlock {p} at (10,191) size 712x55
        RenderText {#text} at (10,10) size 634x34
          text run at (10,10) width 634: "This test has failed, if you don't see any graphics on the background. (your user agent does not support SVG as"
          text run at (10,27) width 113: "background image)."
      RenderBlock {p} at (10,251) size 712x38
        RenderInline {a} at (0,0) size 28x17 [color=#000066]
          RenderText {#text} at (10,10) size 28x17
            text run at (10,10) width 28: "Back"
