layer at (0,0) size 800x600
  RenderView at (0,0) size 800x600
layer at (0,0) size 800x448
  RenderBlock {HTML} at (0,0) size 800x448
    RenderBody {BODY} at (8,8) size 784x432
      RenderBlock (anonymous) at (0,0) size 784x19
        RenderText {#text} at (0,0) size 286x19
          text run at (0,0) width 286: "Table 1: border=1 cellspacing=0 cellpadding=0"
      RenderTable {TABLE} at (0,19) size 64x23 [border: (1px outset #808080)]
        RenderTableSection {TBODY} at (1,1) size 62x21
          RenderTableRow {TR} at (0,0) size 62x21
            RenderTableCell {TD} at (0,0) size 62x21 [border: (1px inset #808080)] [r=0 c=0 rs=2 cs=1]
              RenderText {#text} at (1,1) size 60x19
                text run at (1,1) width 60: "First Row"
          RenderTableRow {TR} at (0,21) size 62x0
      RenderBlock (anonymous) at (0,42) size 784x19
        RenderText {#text} at (0,0) size 286x19
          text run at (0,0) width 286: "Table 2: border=1 cellspacing=1 cellpadding=0"
      RenderTable {TABLE} at (0,61) size 66x26 [border: (1px outset #808080)]
        RenderTableSection {TBODY} at (1,1) size 64x24
          RenderTableRow {TR} at (0,1) size 64x21
            RenderTableCell {TD} at (1,1) size 62x21 [border: (1px inset #808080)] [r=0 c=0 rs=2 cs=1]
              RenderText {#text} at (1,1) size 60x19
                text run at (1,1) width 60: "First Row"
          RenderTableRow {TR} at (0,23) size 64x0
      RenderBlock (anonymous) at (0,87) size 784x19
        RenderText {#text} at (0,0) size 286x19
          text run at (0,0) width 286: "Table 3: border=1 cellspacing=0 cellpadding=1"
      RenderTable {TABLE} at (0,106) size 66x25 [border: (1px outset #808080)]
        RenderTableSection {TBODY} at (1,1) size 64x23
          RenderTableRow {TR} at (0,0) size 64x23
            RenderTableCell {TD} at (0,0) size 64x23 [border: (1px inset #808080)] [r=0 c=0 rs=2 cs=1]
              RenderText {#text} at (2,2) size 60x19
                text run at (2,2) width 60: "First Row"
          RenderTableRow {TR} at (0,23) size 64x0
      RenderBlock (anonymous) at (0,131) size 784x19
        RenderText {#text} at (0,0) size 286x19
          text run at (0,0) width 286: "Table 4: border=1 cellspacing=1 cellpadding=1"
      RenderTable {TABLE} at (0,150) size 68x28 [border: (1px outset #808080)]
        RenderTableSection {TBODY} at (1,1) size 66x26
          RenderTableRow {TR} at (0,1) size 66x23
            RenderTableCell {TD} at (1,1) size 64x23 [border: (1px inset #808080)] [r=0 c=0 rs=2 cs=1]
              RenderText {#text} at (2,2) size 60x19
                text run at (2,2) width 60: "First Row"
          RenderTableRow {TR} at (0,25) size 66x0
      RenderBlock (anonymous) at (0,178) size 784x95
        RenderBR {BR} at (0,0) size 0x19
        RenderBR {BR} at (0,19) size 0x19
        RenderText {#text} at (0,38) size 432x19
          text run at (0,38) width 432: "Same tables as above but removing height=\"50%\" from the second row:"
        RenderBR {BR} at (432,38) size 0x19
        RenderBR {BR} at (0,57) size 0x19
        RenderText {#text} at (0,76) size 286x19
          text run at (0,76) width 286: "Table 5: border=1 cellspacing=0 cellpadding=0"
      RenderTable {TABLE} at (0,273) size 64x23 [border: (1px outset #808080)]
        RenderTableSection {TBODY} at (1,1) size 62x21
          RenderTableRow {TR} at (0,0) size 62x21
            RenderTableCell {TD} at (0,0) size 62x21 [border: (1px inset #808080)] [r=0 c=0 rs=2 cs=1]
              RenderText {#text} at (1,1) size 60x19
                text run at (1,1) width 60: "First Row"
          RenderTableRow {TR} at (0,21) size 62x0
      RenderBlock (anonymous) at (0,296) size 784x19
        RenderText {#text} at (0,0) size 286x19
          text run at (0,0) width 286: "Table 6: border=1 cellspacing=1 cellpadding=0"
      RenderTable {TABLE} at (0,315) size 66x26 [border: (1px outset #808080)]
        RenderTableSection {TBODY} at (1,1) size 64x24
          RenderTableRow {TR} at (0,1) size 64x21
            RenderTableCell {TD} at (1,1) size 62x21 [border: (1px inset #808080)] [r=0 c=0 rs=2 cs=1]
              RenderText {#text} at (1,1) size 60x19
                text run at (1,1) width 60: "First Row"
          RenderTableRow {TR} at (0,23) size 64x0
      RenderBlock (anonymous) at (0,341) size 784x19
        RenderText {#text} at (0,0) size 286x19
          text run at (0,0) width 286: "Table 7: border=1 cellspacing=0 cellpadding=1"
      RenderTable {TABLE} at (0,360) size 66x25 [border: (1px outset #808080)]
        RenderTableSection {TBODY} at (1,1) size 64x23
          RenderTableRow {TR} at (0,0) size 64x23
            RenderTableCell {TD} at (0,0) size 64x23 [border: (1px inset #808080)] [r=0 c=0 rs=2 cs=1]
              RenderText {#text} at (2,2) size 60x19
                text run at (2,2) width 60: "First Row"
          RenderTableRow {TR} at (0,23) size 64x0
      RenderBlock (anonymous) at (0,385) size 784x19
        RenderText {#text} at (0,0) size 286x19
          text run at (0,0) width 286: "Table 8: border=1 cellspacing=1 cellpadding=1"
      RenderTable {TABLE} at (0,404) size 68x28 [border: (1px outset #808080)]
        RenderTableSection {TBODY} at (1,1) size 66x26
          RenderTableRow {TR} at (0,1) size 66x23
            RenderTableCell {TD} at (1,1) size 64x23 [border: (1px inset #808080)] [r=0 c=0 rs=2 cs=1]
              RenderText {#text} at (2,2) size 60x19
                text run at (2,2) width 60: "First Row"
          RenderTableRow {TR} at (0,25) size 66x0
