layer at (0,0) size 800x600
  RenderView at (0,0) size 800x600
layer at (0,0) size 800x600
  RenderBlock {HTML} at (0,0) size 800x600
    RenderBody {BODY} at (8,8) size 784x584
      RenderBlock {CENTER} at (0,0) size 784x370
        RenderTable {TABLE} at (0,0) size 784x370
          RenderTableSection {TBODY} at (0,0) size 784x370
            RenderTableRow {TR} at (0,0) size 784x63
              RenderTableCell {TD} at (0,7) size 784x48 [r=0 c=0 rs=1 cs=1]
                RenderBlock {H2} at (0,0) size 784x28
                  RenderInline {FONT} at (0,0) size 90x28
                    RenderText {#text} at (347,0) size 90x28
                      text run at (347,0) width 90: "EET 304"
            RenderTableRow {TR} at (0,63) size 784x19
              RenderTableCell {TD} at (0,65) size 784x15 [r=1 c=0 rs=1 cs=1]
                RenderBlock {P} at (0,0) size 784x15
                  RenderInline {FONT} at (0,0) size 32x15
                    RenderInline {A} at (0,0) size 32x15 [color=#0000EE]
                      RenderText {#text} at (376,0) size 32x15
                        text run at (376,0) width 32: "Home"
            RenderTableRow {TR} at (0,82) size 784x32
              RenderTableCell {TD} at (0,90) size 784x15 [r=2 c=0 rs=1 cs=1]
                RenderInline {A} at (0,0) size 104x19 [color=#0000EE]
                  RenderInline {FONT} at (0,0) size 104x15
                    RenderText {#text} at (340,0) size 104x15
                      text run at (340,0) width 104: "Course Information"
            RenderTableRow {TR} at (0,114) size 784x32
              RenderTableCell {TD} at (0,122) size 784x15 [r=3 c=0 rs=1 cs=1]
                RenderInline {A} at (0,0) size 40x19 [color=#0000EE]
                  RenderInline {FONT} at (0,0) size 40x15
                    RenderText {#text} at (372,0) size 40x15
                      text run at (372,0) width 40: "Lecture"
            RenderTableRow {TR} at (0,146) size 784x32
              RenderTableCell {TD} at (0,154) size 784x15 [r=4 c=0 rs=1 cs=1]
                RenderInline {A} at (0,0) size 0x0 [color=#0000EE]
                  RenderInline {FONT} at (0,0) size 0x0
                RenderInline {A} at (0,0) size 58x19 [color=#0000EE]
                  RenderInline {FONT} at (0,0) size 58x15
                    RenderText {#text} at (363,0) size 58x15
                      text run at (363,0) width 58: "Homework"
            RenderTableRow {TR} at (0,178) size 784x32
              RenderTableCell {TD} at (0,186) size 784x15 [r=5 c=0 rs=1 cs=1]
                RenderInline {A} at (0,0) size 42x19 [color=#0000EE]
                  RenderInline {FONT} at (0,0) size 42x15
                    RenderText {#text} at (371,0) size 42x15
                      text run at (371,0) width 42: "Quizzes"
            RenderTableRow {TR} at (0,210) size 784x32
              RenderTableCell {TD} at (0,218) size 784x15 [r=6 c=0 rs=1 cs=1]
                RenderInline {FONT} at (0,0) size 34x15 [color=#0000FF]
                  RenderInline {A} at (0,0) size 34x15 [color=#0000EE]
                    RenderText {#text} at (375,0) size 34x15
                      text run at (375,0) width 34: "Exams"
            RenderTableRow {TR} at (0,242) size 784x32
              RenderTableCell {TD} at (0,250) size 784x15 [r=7 c=0 rs=1 cs=1]
                RenderInline {A} at (0,0) size 0x0 [color=#0000EE]
                  RenderInline {FONT} at (0,0) size 0x0
                RenderInline {A} at (0,0) size 60x19 [color=#0000EE]
                  RenderInline {FONT} at (0,0) size 60x15
                    RenderText {#text} at (362,0) size 21x15
                      text run at (362,0) width 21: "Lab"
                    RenderInline {U} at (0,0) size 40x15
                      RenderText {#text} at (382,0) size 40x15
                        text run at (382,0) width 40: "oratory"
            RenderTableRow {TR} at (0,274) size 784x32
              RenderTableCell {TD} at (0,282) size 784x15 [r=8 c=0 rs=1 cs=1]
                RenderInline {A} at (0,0) size 38x19 [color=#0000EE]
                  RenderInline {U} at (0,0) size 38x19
                    RenderInline {FONT} at (0,0) size 38x15
                      RenderText {#text} at (373,0) size 38x15
                        text run at (373,0) width 38: "Grades"
            RenderTableRow {TR} at (0,306) size 784x32
              RenderTableCell {TD} at (0,314) size 784x15 [r=9 c=0 rs=1 cs=1]
                RenderInline {FONT} at (0,0) size 68x15
                  RenderInline {A} at (0,0) size 68x15 [color=#0000EE]
                    RenderText {#text} at (358,0) size 68x15
                      text run at (358,0) width 30: "Filter "
                      text run at (388,0) width 38: "Design"
            RenderTableRow {TR} at (0,338) size 784x32
              RenderTableCell {TD} at (0,346) size 784x15 [r=10 c=0 rs=1 cs=1]
                RenderInline {FONT} at (0,0) size 68x15
                  RenderInline {U} at (0,0) size 68x15
                    RenderInline {A} at (0,0) size 68x15 [color=#0000EE]
                      RenderText {#text} at (358,0) size 68x15
                        text run at (358,0) width 35: "Office "
                        text run at (393,0) width 33: "Hours"
