layer at (0,0) size 785x1329
  RenderView at (0,0) size 785x600
layer at (0,0) size 785x1329
  RenderBlock {HTML} at (0,0) size 785x1329
    RenderBody {BODY} at (8,8) size 769x1313 [bgcolor=#555555]
      RenderBlock {H1} at (16,37) size 737x102 [bgcolor=#CCCCCC]
        RenderText {#text} at (85,32) size 165x36
          text run at (85,32) width 165: "Simplified "
        RenderInline {A} at (0,0) size 160x36 [color=#0000EE]
          RenderText {#text} at (250,32) size 160x36
            text run at (250,32) width 160: "Linux.com"
        RenderText {#text} at (410,32) size 242x36
          text run at (410,32) width 242: " Table Testcase"
      RenderTable {TABLE} at (16,159) size 737x1138
        RenderTableSection {TBODY} at (0,0) size 737x1137
          RenderTableRow {TR} at (0,2) size 737x385
            RenderTableCell {TD} at (2,2) size 135x691 [bgcolor=#FFFFFF] [r=0 c=0 rs=2 cs=1]
              RenderBlock {H2} at (5,18) size 125x20
                RenderText {#text} at (0,0) size 116x19
                  text run at (0,0) width 116: "Weekly Feature"
              RenderBlock {P} at (5,50) size 125x106
                RenderText {#text} at (0,0) size 108x105
                  text run at (0,0) width 108: "blah blah blah blah"
                  text run at (0,15) width 108: "blah blah blah blah"
                  text run at (0,30) width 108: "blah blah blah blah"
                  text run at (0,45) width 108: "blah blah blah blah"
                  text run at (0,60) width 108: "blah blah blah blah"
                  text run at (0,75) width 108: "blah blah blah blah"
                  text run at (0,90) width 108: "blah blah blah blah"
              RenderBlock {H2} at (5,168) size 125x20
                RenderText {#text} at (0,0) size 80x19
                  text run at (0,0) width 80: "Contribute"
              RenderBlock {P} at (5,201) size 125x106
                RenderText {#text} at (0,0) size 108x105
                  text run at (0,0) width 108: "blah blah blah blah"
                  text run at (0,15) width 108: "blah blah blah blah"
                  text run at (0,30) width 108: "blah blah blah blah"
                  text run at (0,45) width 108: "blah blah blah blah"
                  text run at (0,60) width 108: "blah blah blah blah"
                  text run at (0,75) width 108: "blah blah blah blah"
                  text run at (0,90) width 108: "blah blah blah blah"
              RenderBlock {H2} at (5,319) size 125x20
                RenderText {#text} at (0,0) size 82x19
                  text run at (0,0) width 82: "Newsforge"
              RenderBlock {P} at (5,351) size 125x31
                RenderText {#text} at (0,0) size 108x30
                  text run at (0,0) width 108: "blah blah blah blah"
                  text run at (0,15) width 108: "blah blah blah blah"
              RenderBlock {P} at (5,394) size 125x31
                RenderText {#text} at (0,0) size 108x30
                  text run at (0,0) width 108: "blah blah blah blah"
                  text run at (0,15) width 108: "blah blah blah blah"
              RenderBlock {P} at (5,437) size 125x31
                RenderText {#text} at (0,0) size 108x30
                  text run at (0,0) width 108: "blah blah blah blah"
                  text run at (0,15) width 108: "blah blah blah blah"
              RenderBlock {P} at (5,480) size 125x31
                RenderText {#text} at (0,0) size 108x30
                  text run at (0,0) width 108: "blah blah blah blah"
                  text run at (0,15) width 108: "blah blah blah blah"
              RenderBlock {P} at (5,523) size 125x31
                RenderText {#text} at (0,0) size 108x30
                  text run at (0,0) width 108: "blah blah blah blah"
                  text run at (0,15) width 108: "blah blah blah blah"
              RenderBlock {P} at (5,566) size 125x31
                RenderText {#text} at (0,0) size 108x30
                  text run at (0,0) width 108: "blah blah blah blah"
                  text run at (0,15) width 108: "blah blah blah blah"
              RenderBlock {H2} at (5,609) size 125x20
                RenderText {#text} at (0,0) size 82x19
                  text run at (0,0) width 82: "Resources"
              RenderBlock {P} at (5,642) size 125x31
                RenderText {#text} at (0,0) size 108x30
                  text run at (0,0) width 108: "blah blah blah blah"
                  text run at (0,15) width 108: "blah blah blah blah"
            RenderTableCell {TD} at (139,2) size 459x1134 [bgcolor=#FFFFFF] [r=0 c=1 rs=2 cs=1]
              RenderBlock {H2} at (5,18) size 449x20
                RenderText {#text} at (0,0) size 186x19
                  text run at (0,0) width 186: "The Latest of Linux.com!"
              RenderBlock {P} at (5,50) size 449x226
                RenderText {#text} at (0,0) size 444x225
                  text run at (0,0) width 444: "blah blah blah blah blah blah blah blah blah blah blah blah blah blah blah blah"
                  text run at (0,15) width 444: "blah blah blah blah blah blah blah blah blah blah blah blah blah blah blah blah"
                  text run at (0,30) width 444: "blah blah blah blah blah blah blah blah blah blah blah blah blah blah blah blah"
                  text run at (0,45) width 444: "blah blah blah blah blah blah blah blah blah blah blah blah blah blah blah blah"
                  text run at (0,60) width 444: "blah blah blah blah blah blah blah blah blah blah blah blah blah blah blah blah"
                  text run at (0,75) width 444: "blah blah blah blah blah blah blah blah blah blah blah blah blah blah blah blah"
                  text run at (0,90) width 444: "blah blah blah blah blah blah blah blah blah blah blah blah blah blah blah blah"
                  text run at (0,105) width 444: "blah blah blah blah blah blah blah blah blah blah blah blah blah blah blah blah"
                  text run at (0,120) width 444: "blah blah blah blah blah blah blah blah blah blah blah blah blah blah blah blah"
                  text run at (0,135) width 444: "blah blah blah blah blah blah blah blah blah blah blah blah blah blah blah blah"
                  text run at (0,150) width 444: "blah blah blah blah blah blah blah blah blah blah blah blah blah blah blah blah"
                  text run at (0,165) width 444: "blah blah blah blah blah blah blah blah blah blah blah blah blah blah blah blah"
                  text run at (0,180) width 444: "blah blah blah blah blah blah blah blah blah blah blah blah blah blah blah blah"
                  text run at (0,195) width 444: "blah blah blah blah blah blah blah blah blah blah blah blah blah blah blah blah"
                  text run at (0,210) width 108: "blah blah blah blah"
              RenderBlock {P} at (5,288) size 449x226
                RenderText {#text} at (0,0) size 444x225
                  text run at (0,0) width 444: "blah blah blah blah blah blah blah blah blah blah blah blah blah blah blah blah"
                  text run at (0,15) width 444: "blah blah blah blah blah blah blah blah blah blah blah blah blah blah blah blah"
                  text run at (0,30) width 444: "blah blah blah blah blah blah blah blah blah blah blah blah blah blah blah blah"
                  text run at (0,45) width 444: "blah blah blah blah blah blah blah blah blah blah blah blah blah blah blah blah"
                  text run at (0,60) width 444: "blah blah blah blah blah blah blah blah blah blah blah blah blah blah blah blah"
                  text run at (0,75) width 444: "blah blah blah blah blah blah blah blah blah blah blah blah blah blah blah blah"
                  text run at (0,90) width 444: "blah blah blah blah blah blah blah blah blah blah blah blah blah blah blah blah"
                  text run at (0,105) width 444: "blah blah blah blah blah blah blah blah blah blah blah blah blah blah blah blah"
                  text run at (0,120) width 444: "blah blah blah blah blah blah blah blah blah blah blah blah blah blah blah blah"
                  text run at (0,135) width 444: "blah blah blah blah blah blah blah blah blah blah blah blah blah blah blah blah"
                  text run at (0,150) width 444: "blah blah blah blah blah blah blah blah blah blah blah blah blah blah blah blah"
                  text run at (0,165) width 444: "blah blah blah blah blah blah blah blah blah blah blah blah blah blah blah blah"
                  text run at (0,180) width 444: "blah blah blah blah blah blah blah blah blah blah blah blah blah blah blah blah"
                  text run at (0,195) width 444: "blah blah blah blah blah blah blah blah blah blah blah blah blah blah blah blah"
                  text run at (0,210) width 108: "blah blah blah blah"
              RenderBlock {H2} at (5,526) size 449x20
                RenderText {#text} at (0,0) size 119x19
                  text run at (0,0) width 119: "Linux.com Live!"
              RenderBlock {P} at (5,559) size 449x226
                RenderText {#text} at (0,0) size 444x225
                  text run at (0,0) width 444: "blah blah blah blah blah blah blah blah blah blah blah blah blah blah blah blah"
                  text run at (0,15) width 444: "blah blah blah blah blah blah blah blah blah blah blah blah blah blah blah blah"
                  text run at (0,30) width 444: "blah blah blah blah blah blah blah blah blah blah blah blah blah blah blah blah"
                  text run at (0,45) width 444: "blah blah blah blah blah blah blah blah blah blah blah blah blah blah blah blah"
                  text run at (0,60) width 444: "blah blah blah blah blah blah blah blah blah blah blah blah blah blah blah blah"
                  text run at (0,75) width 444: "blah blah blah blah blah blah blah blah blah blah blah blah blah blah blah blah"
                  text run at (0,90) width 444: "blah blah blah blah blah blah blah blah blah blah blah blah blah blah blah blah"
                  text run at (0,105) width 444: "blah blah blah blah blah blah blah blah blah blah blah blah blah blah blah blah"
                  text run at (0,120) width 444: "blah blah blah blah blah blah blah blah blah blah blah blah blah blah blah blah"
                  text run at (0,135) width 444: "blah blah blah blah blah blah blah blah blah blah blah blah blah blah blah blah"
                  text run at (0,150) width 444: "blah blah blah blah blah blah blah blah blah blah blah blah blah blah blah blah"
                  text run at (0,165) width 444: "blah blah blah blah blah blah blah blah blah blah blah blah blah blah blah blah"
                  text run at (0,180) width 444: "blah blah blah blah blah blah blah blah blah blah blah blah blah blah blah blah"
                  text run at (0,195) width 444: "blah blah blah blah blah blah blah blah blah blah blah blah blah blah blah blah"
                  text run at (0,210) width 108: "blah blah blah blah"
              RenderBlock {H2} at (5,797) size 449x20
                RenderText {#text} at (0,0) size 57x19
                  text run at (0,0) width 57: "Tuneup"
              RenderBlock {P} at (5,829) size 449x226
                RenderText {#text} at (0,0) size 444x225
                  text run at (0,0) width 444: "blah blah blah blah blah blah blah blah blah blah blah blah blah blah blah blah"
                  text run at (0,15) width 444: "blah blah blah blah blah blah blah blah blah blah blah blah blah blah blah blah"
                  text run at (0,30) width 444: "blah blah blah blah blah blah blah blah blah blah blah blah blah blah blah blah"
                  text run at (0,45) width 444: "blah blah blah blah blah blah blah blah blah blah blah blah blah blah blah blah"
                  text run at (0,60) width 444: "blah blah blah blah blah blah blah blah blah blah blah blah blah blah blah blah"
                  text run at (0,75) width 444: "blah blah blah blah blah blah blah blah blah blah blah blah blah blah blah blah"
                  text run at (0,90) width 444: "blah blah blah blah blah blah blah blah blah blah blah blah blah blah blah blah"
                  text run at (0,105) width 444: "blah blah blah blah blah blah blah blah blah blah blah blah blah blah blah blah"
                  text run at (0,120) width 444: "blah blah blah blah blah blah blah blah blah blah blah blah blah blah blah blah"
                  text run at (0,135) width 444: "blah blah blah blah blah blah blah blah blah blah blah blah blah blah blah blah"
                  text run at (0,150) width 444: "blah blah blah blah blah blah blah blah blah blah blah blah blah blah blah blah"
                  text run at (0,165) width 444: "blah blah blah blah blah blah blah blah blah blah blah blah blah blah blah blah"
                  text run at (0,180) width 444: "blah blah blah blah blah blah blah blah blah blah blah blah blah blah blah blah"
                  text run at (0,195) width 444: "blah blah blah blah blah blah blah blah blah blah blah blah blah blah blah blah"
                  text run at (0,210) width 108: "blah blah blah blah"
              RenderBlock {H2} at (5,1067) size 449x20
                RenderText {#text} at (0,0) size 29x19
                  text run at (0,0) width 29: "Poll"
              RenderBlock {P} at (5,1100) size 449x16
                RenderText {#text} at (0,0) size 307x15
                  text run at (0,0) width 307: "This stuff is cropped off in Mozilla for whatever reason"
            RenderTableCell {TD} at (600,2) size 135x385 [bgcolor=#FFFFFF] [r=0 c=2 rs=1 cs=1]
              RenderBlock {H2} at (5,18) size 125x20
                RenderText {#text} at (0,0) size 47x19
                  text run at (0,0) width 47: "OSDN"
              RenderBlock {P} at (5,50) size 125x76
                RenderText {#text} at (0,0) size 108x75
                  text run at (0,0) width 108: "blah blah blah blah"
                  text run at (0,15) width 108: "blah blah blah blah"
                  text run at (0,30) width 108: "blah blah blah blah"
                  text run at (0,45) width 108: "blah blah blah blah"
                  text run at (0,60) width 52: "blah blah"
              RenderBlock {H2} at (5,138) size 125x20
                RenderText {#text} at (0,0) size 45x19
                  text run at (0,0) width 45: "POTD"
              RenderBlock {P} at (5,171) size 125x76
                RenderText {#text} at (0,0) size 108x75
                  text run at (0,0) width 108: "blah blah blah blah"
                  text run at (0,15) width 108: "blah blah blah blah"
                  text run at (0,30) width 108: "blah blah blah blah"
                  text run at (0,45) width 108: "blah blah blah blah"
                  text run at (0,60) width 52: "blah blah"
              RenderBlock {H2} at (5,259) size 125x20
                RenderText {#text} at (0,0) size 48x19
                  text run at (0,0) width 48: "Log In"
              RenderBlock {P} at (5,291) size 125x76
                RenderText {#text} at (0,0) size 108x75
                  text run at (0,0) width 108: "blah blah blah blah"
                  text run at (0,15) width 108: "blah blah blah blah"
                  text run at (0,30) width 108: "blah blah blah blah"
                  text run at (0,45) width 108: "blah blah blah blah"
                  text run at (0,60) width 52: "blah blah"
          RenderTableRow {TR} at (0,389) size 737x746
            RenderTableCell {TD} at (600,972) size 135x163 [bgcolor=#FFFFFF] [r=1 c=2 rs=1 cs=1]
              RenderBlock {H2} at (5,18) size 125x39
                RenderText {#text} at (0,0) size 87x38
                  text run at (0,0) width 87: "Community"
                  text run at (0,19) width 56: "Banner"
              RenderBlock {P} at (5,69) size 125x76
                RenderText {#text} at (0,0) size 108x75
                  text run at (0,0) width 108: "blah blah blah blah"
                  text run at (0,15) width 108: "blah blah blah blah"
                  text run at (0,30) width 108: "blah blah blah blah"
                  text run at (0,45) width 108: "blah blah blah blah"
                  text run at (0,60) width 52: "blah blah"
