layer at (0,0) size 800x600
  RenderView at (0,0) size 800x600
layer at (0,0) size 800x52
  RenderBlock {test} at (0,0) size 800x52
    RenderBlock {p} at (0,16) size 800x20
      RenderBlock {input} at (3,4) size 14x13 [bgcolor=#00FF00]
      RenderText {#text} at (20,0) size 5x19
        text run at (20,0) width 5: " "
      RenderInline {span} at (0,0) size 366x19 [bgcolor=#00FF00]
        RenderText {#text} at (24,0) size 366x19
          text run at (24,0) width 366: "Everything in this paragraph should have a green background"
